
> get-shit-done-cc@1.36.0 test
> node scripts/run-tests.cjs --grep tune-skill-integration

Γû╢ HDOC: anti-heredoc instruction
  Γ£ö gsd-ai-researcher has anti-heredoc instruction (2.0905ms)
  Γ£ö gsd-code-fixer has anti-heredoc instruction (0.9325ms)
  Γ£ö gsd-code-reviewer has anti-heredoc instruction (0.7202ms)
  Γ£ö gsd-codebase-mapper has anti-heredoc instruction (0.6441ms)
  Γ£ö gsd-debug-session-manager has anti-heredoc instruction (0.5596ms)
  Γ£ö gsd-debugger has anti-heredoc instruction (0.7632ms)
  Γ£ö gsd-doc-verifier has anti-heredoc instruction (0.5338ms)
  Γ£ö gsd-doc-writer has anti-heredoc instruction (0.947ms)
  Γ£ö gsd-domain-researcher has anti-heredoc instruction (0.7624ms)
  Γ£ö gsd-eval-auditor has anti-heredoc instruction (0.8409ms)
  Γ£ö gsd-eval-planner has anti-heredoc instruction (0.6271ms)
  Γ£ö gsd-executor has anti-heredoc instruction (0.7234ms)
  Γ£ö gsd-intel-updater has anti-heredoc instruction (0.6493ms)
  Γ£ö gsd-pattern-mapper has anti-heredoc instruction (0.5593ms)
  Γ£ö gsd-phase-researcher has anti-heredoc instruction (0.6412ms)
  Γ£ö gsd-planner has anti-heredoc instruction (0.6961ms)
  Γ£ö gsd-project-researcher has anti-heredoc instruction (0.5398ms)
  Γ£ö gsd-research-synthesizer has anti-heredoc instruction (0.5901ms)
  Γ£ö gsd-roadmapper has anti-heredoc instruction (0.833ms)
  Γ£ö gsd-skill-auditor has anti-heredoc instruction (2.1233ms)
  Γ£û gsd-skill-scaffolder has anti-heredoc instruction (1.67ms)
  Γ£û gsd-skill-tuner has anti-heredoc instruction (0.7864ms)
  Γ£ö gsd-ui-auditor has anti-heredoc instruction (0.5694ms)
  Γ£ö gsd-ui-researcher has anti-heredoc instruction (0.5101ms)
  Γ£ö gsd-verifier has anti-heredoc instruction (0.6301ms)
  Γ£ö no active heredoc patterns in any agent file (21.5918ms)
Γ£û HDOC: anti-heredoc instruction (46.4773ms)
Γû╢ SKILL: skills frontmatter absent
  Γ£ö gsd-advisor-researcher does not have skills: in frontmatter (1.0236ms)
  Γ£ö gsd-ai-researcher does not have skills: in frontmatter (0.6375ms)
  Γ£ö gsd-assumptions-analyzer does not have skills: in frontmatter (0.9245ms)
  Γ£ö gsd-code-fixer does not have skills: in frontmatter (0.6861ms)
  Γ£ö gsd-code-reviewer does not have skills: in frontmatter (0.531ms)
  Γ£ö gsd-codebase-mapper does not have skills: in frontmatter (0.5394ms)
  Γ£ö gsd-debug-session-manager does not have skills: in frontmatter (0.5175ms)
  Γ£ö gsd-debugger does not have skills: in frontmatter (0.7402ms)
  Γ£ö gsd-doc-verifier does not have skills: in frontmatter (0.5264ms)
  Γ£ö gsd-doc-writer does not have skills: in frontmatter (0.7045ms)
  Γ£ö gsd-domain-researcher does not have skills: in frontmatter (0.5327ms)
  Γ£ö gsd-eval-auditor does not have skills: in frontmatter (0.4612ms)
  Γ£ö gsd-eval-planner does not have skills: in frontmatter (0.4561ms)
  Γ£ö gsd-executor does not have skills: in frontmatter (0.5491ms)
  Γ£ö gsd-framework-selector does not have skills: in frontmatter (0.4547ms)
  Γ£ö gsd-integration-checker does not have skills: in frontmatter (0.4765ms)
  Γ£ö gsd-intel-updater does not have skills: in frontmatter (0.471ms)
  Γ£ö gsd-nyquist-auditor does not have skills: in frontmatter (0.4858ms)
  Γ£ö gsd-pattern-mapper does not have skills: in frontmatter (0.5377ms)
  Γ£ö gsd-phase-researcher does not have skills: in frontmatter (1.0667ms)
  Γ£ö gsd-plan-checker does not have skills: in frontmatter (0.5785ms)
  Γ£ö gsd-planner does not have skills: in frontmatter (0.6303ms)
  Γ£ö gsd-project-researcher does not have skills: in frontmatter (0.4789ms)
  Γ£ö gsd-research-synthesizer does not have skills: in frontmatter (0.4014ms)
  Γ£ö gsd-roadmapper does not have skills: in frontmatter (0.4817ms)
  Γ£ö gsd-security-auditor does not have skills: in frontmatter (0.5483ms)
  Γ£ö gsd-security-scanner does not have skills: in frontmatter (0.5051ms)
  Γ£ö gsd-skill-auditor does not have skills: in frontmatter (0.5052ms)
  Γ£ö gsd-skill-scaffolder does not have skills: in frontmatter (0.4251ms)
  Γ£ö gsd-skill-tuner does not have skills: in frontmatter (0.3665ms)
  Γ£ö gsd-threat-scanner does not have skills: in frontmatter (1.1336ms)
  Γ£ö gsd-ui-auditor does not have skills: in frontmatter (0.8247ms)
  Γ£ö gsd-ui-checker does not have skills: in frontmatter (0.4506ms)
  Γ£ö gsd-ui-researcher does not have skills: in frontmatter (0.4205ms)
  Γ£ö gsd-user-profiler does not have skills: in frontmatter (0.3943ms)
  Γ£ö gsd-verifier does not have skills: in frontmatter (0.5143ms)
Γ£ö SKILL: skills frontmatter absent (22.9257ms)
Γû╢ HOOK: hooks frontmatter pattern
  Γ£ö gsd-ai-researcher has commented hooks pattern (1.063ms)
  Γ£ö gsd-code-fixer has commented hooks pattern (0.5367ms)
  Γ£ö gsd-code-reviewer has commented hooks pattern (0.4605ms)
  Γ£ö gsd-codebase-mapper has commented hooks pattern (0.502ms)
  Γ£ö gsd-debug-session-manager has commented hooks pattern (0.4674ms)
  Γ£ö gsd-debugger has commented hooks pattern (0.6368ms)
  Γ£ö gsd-doc-verifier has commented hooks pattern (0.4924ms)
  Γ£ö gsd-doc-writer has commented hooks pattern (1.3402ms)
  Γ£ö gsd-domain-researcher has commented hooks pattern (0.4955ms)
  Γ£ö gsd-eval-auditor has commented hooks pattern (0.5625ms)
  Γ£ö gsd-eval-planner has commented hooks pattern (0.5711ms)
  Γ£ö gsd-executor has commented hooks pattern (0.6366ms)
  Γ£ö gsd-intel-updater has commented hooks pattern (0.4717ms)
  Γ£ö gsd-pattern-mapper has commented hooks pattern (0.4464ms)
  Γ£ö gsd-phase-researcher has commented hooks pattern (0.5968ms)
  Γ£ö gsd-planner has commented hooks pattern (0.6794ms)
  Γ£ö gsd-project-researcher has commented hooks pattern (0.4948ms)
  Γ£ö gsd-research-synthesizer has commented hooks pattern (0.4139ms)
  Γ£ö gsd-roadmapper has commented hooks pattern (0.4807ms)
  Γ£ö gsd-skill-auditor has commented hooks pattern (0.422ms)
  Γ£û gsd-skill-scaffolder has commented hooks pattern (0.548ms)
  Γ£û gsd-skill-tuner has commented hooks pattern (0.4883ms)
  Γ£ö gsd-ui-auditor has commented hooks pattern (0.4677ms)
  Γ£ö gsd-ui-researcher has commented hooks pattern (0.4847ms)
  Γ£ö gsd-verifier has commented hooks pattern (1.2641ms)
  Γ£ö gsd-advisor-researcher (read-only) does not need hooks (0.5833ms)
  Γ£ö gsd-assumptions-analyzer (read-only) does not need hooks (0.4336ms)
  Γ£ö gsd-framework-selector (read-only) does not need hooks (0.467ms)
  Γ£ö gsd-integration-checker (read-only) does not need hooks (0.4745ms)
  Γ£ö gsd-nyquist-auditor (read-only) does not need hooks (0.4553ms)
  Γ£ö gsd-plan-checker (read-only) does not need hooks (0.5245ms)
  Γ£ö gsd-security-auditor (read-only) does not need hooks (0.3855ms)
  Γ£ö gsd-security-scanner (read-only) does not need hooks (0.4222ms)
  Γ£ö gsd-threat-scanner (read-only) does not need hooks (0.516ms)
  Γ£ö gsd-ui-checker (read-only) does not need hooks (0.3702ms)
  Γ£ö gsd-user-profiler (read-only) does not need hooks (0.4276ms)
Γ£û HOOK: hooks frontmatter pattern (22.1841ms)
Γû╢ SPAWN: spawn type consistency
  Γ£ö no "First, read agent .md" workaround pattern remains (39.6872ms)
  Γ£ö named agent spawns use correct agent names (38.5949ms)
  Γ£ö diagnose-issues uses gsd-debugger (not general-purpose) (0.5346ms)
  Γ£ö workflows spawning named agents have <available_agent_types> listing (#1357) (40.3063ms)
  Γ£ö execute-phase has Copilot sequential fallback in runtime_compatibility (0.9208ms)
Γ£ö SPAWN: spawn type consistency (120.409ms)
Γû╢ AGENT: required frontmatter fields
  Γ£ö gsd-advisor-researcher has name, description, tools, color (0.9491ms)
  Γ£ö gsd-ai-researcher has name, description, tools, color (0.4596ms)
  Γ£ö gsd-assumptions-analyzer has name, description, tools, color (0.4069ms)
  Γ£ö gsd-code-fixer has name, description, tools, color (0.4436ms)
  Γ£ö gsd-code-reviewer has name, description, tools, color (0.406ms)
  Γ£ö gsd-codebase-mapper has name, description, tools, color (0.4434ms)
  Γ£ö gsd-debug-session-manager has name, description, tools, color (0.3719ms)
  Γ£ö gsd-debugger has name, description, tools, color (0.4554ms)
  Γ£ö gsd-doc-verifier has name, description, tools, color (0.5321ms)
  Γ£ö gsd-doc-writer has name, description, tools, color (0.5477ms)
  Γ£ö gsd-domain-researcher has name, description, tools, color (0.3943ms)
  Γ£ö gsd-eval-auditor has name, description, tools, color (0.3514ms)
  Γ£ö gsd-eval-planner has name, description, tools, color (0.3132ms)
  Γ£ö gsd-executor has name, description, tools, color (0.8538ms)
  Γ£ö gsd-framework-selector has name, description, tools, color (0.4019ms)
  Γ£ö gsd-integration-checker has name, description, tools, color (0.5918ms)
  Γ£ö gsd-intel-updater has name, description, tools, color (0.5346ms)
  Γ£ö gsd-nyquist-auditor has name, description, tools, color (0.532ms)
  Γ£ö gsd-pattern-mapper has name, description, tools, color (0.5123ms)
  Γ£ö gsd-phase-researcher has name, description, tools, color (0.4754ms)
  Γ£ö gsd-plan-checker has name, description, tools, color (0.5804ms)
  Γ£ö gsd-planner has name, description, tools, color (0.7229ms)
  Γ£ö gsd-project-researcher has name, description, tools, color (0.4184ms)
  Γ£ö gsd-research-synthesizer has name, description, tools, color (0.3906ms)
  Γ£ö gsd-roadmapper has name, description, tools, color (0.4096ms)
  Γ£ö gsd-security-auditor has name, description, tools, color (0.3469ms)
  Γ£ö gsd-security-scanner has name, description, tools, color (0.3902ms)
  Γ£ö gsd-skill-auditor has name, description, tools, color (0.3817ms)
  Γ£ö gsd-skill-scaffolder has name, description, tools, color (0.3596ms)
  Γ£ö gsd-skill-tuner has name, description, tools, color (0.3027ms)
  Γ£ö gsd-threat-scanner has name, description, tools, color (0.3187ms)
  Γ£ö gsd-ui-auditor has name, description, tools, color (0.3969ms)
  Γ£ö gsd-ui-checker has name, description, tools, color (0.3804ms)
  Γ£ö gsd-ui-researcher has name, description, tools, color (0.3344ms)
  Γ£ö gsd-user-profiler has name, description, tools, color (0.3112ms)
  Γ£ö gsd-verifier has name, description, tools, color (0.3625ms)
Γ£ö AGENT: required frontmatter fields (17.9036ms)
Γû╢ CLAUDEMD: CLAUDE.md compliance enforcement
  Γ£ö gsd-plan-checker has Dimension 10: CLAUDE.md Compliance (0.5571ms)
  Γ£ö gsd-phase-researcher has CLAUDE.md enforcement directive (0.4926ms)
  Γ£ö gsd-executor has CLAUDE.md enforcement directive (0.508ms)
  Γ£ö all three agents read CLAUDE.md in project_context (1.1309ms)
Γ£ö CLAUDEMD: CLAUDE.md compliance enforcement (2.9123ms)
Γû╢ VERIFY: data-flow trace, environment audit, and behavioral spot-checks
  Γ£ö gsd-verifier has Step 4b: Data-Flow Trace (0.6343ms)
  Γ£ö gsd-verifier has Step 7b: Behavioral Spot-Checks (1.6255ms)
  Γ£ö gsd-verifier VERIFICATION.md template includes data-flow and spot-check sections (0.565ms)
  Γ£ö gsd-verifier success criteria include data-flow and spot-checks (0.5203ms)
  Γ£ö gsd-phase-researcher has Step 2.6: Environment Availability Audit (0.4541ms)
  Γ£ö gsd-phase-researcher success criteria include environment audit (0.438ms)
Γ£ö VERIFY: data-flow trace, environment audit, and behavioral spot-checks (4.5161ms)
Γû╢ DISCUSS: discussion log generation
  Γ£ö discuss-phase workflow references DISCUSSION-LOG.md generation (0.6013ms)
  Γ£ö discussion-log template exists (0.4446ms)
Γ£ö DISCUSS: discussion log generation (1.156ms)
Γû╢ COMPAT: agents must not use runtime-specific frontmatter keys
  Γ£ö gsd-executor does not have permissionMode (breaks Gemini CLI) (0.4961ms)
  Γ£ö gsd-debugger does not have permissionMode (breaks Gemini CLI) (0.5281ms)
Γ£ö COMPAT: agents must not use runtime-specific frontmatter keys (1.1396ms)
Γû╢ init commands: agents_installed field (#1371)
  Γ£ö init execute-phase includes agents_installed=true when agents exist (283.0771ms)
  Γ£ö init plan-phase includes agents_installed=true when agents exist (224.9277ms)
  Γ£ö init execute-phase includes missing_agents list when agents are missing (193.7924ms)
  Γ£ö init quick includes agents_installed field (243.9127ms)
Γ£ö init commands: agents_installed field (#1371) (949.9254ms)
Γû╢ validate health: agent installation check W010 (#1371)
  Γ£ö health check reports healthy when agents are installed (repo layout) (382.4651ms)
Γ£ö validate health: agent installation check W010 (#1371) (382.7328ms)
Γû╢ checkAgentsInstalled: Copilot .agent.md format (#1512)
  Γ£ö agents_installed=true when agents exist as .agent.md (Copilot format) (231.1982ms)
  Γ£ö agents_installed=false when .agent.md files exist for only some agents (291.5409ms)
  Γ£ö init new-workspace includes agents_installed=true with Copilot .agent.md files (534.9974ms)
  Γ£ö GSD_AGENTS_DIR env var overrides default agents directory (194.6948ms)
Γ£ö checkAgentsInstalled: Copilot .agent.md format (#1512) (1253.1947ms)
Γû╢ validate agents subcommand (#1371)
  Γ£ö validate agents returns status with agent list (255.3096ms)
  Γ£ö validate agents lists all expected agent types (311.0926ms)
Γ£ö validate agents subcommand (#1371) (566.7861ms)
Γû╢ READING: no legacy <files_to_read> blocks remain
  Γ£ö gsd-advisor-researcher does not contain <files_to_read> (4.3901ms)
  Γ£ö gsd-ai-researcher does not contain <files_to_read> (0.6743ms)
  Γ£ö gsd-assumptions-analyzer does not contain <files_to_read> (0.5596ms)
  Γ£ö gsd-code-fixer does not contain <files_to_read> (0.556ms)
  Γ£ö gsd-code-reviewer does not contain <files_to_read> (0.5614ms)
  Γ£ö gsd-codebase-mapper does not contain <files_to_read> (0.5351ms)
  Γ£ö gsd-debug-session-manager does not contain <files_to_read> (0.5362ms)
  Γ£ö gsd-debugger does not contain <files_to_read> (0.9388ms)
  Γ£ö gsd-doc-verifier does not contain <files_to_read> (0.7532ms)
  Γ£ö gsd-doc-writer does not contain <files_to_read> (0.8547ms)
  Γ£ö gsd-domain-researcher does not contain <files_to_read> (0.4916ms)
  Γ£ö gsd-eval-auditor does not contain <files_to_read> (0.3821ms)
  Γ£ö gsd-eval-planner does not contain <files_to_read> (0.4181ms)
  Γ£ö gsd-executor does not contain <files_to_read> (0.5016ms)
  Γ£ö gsd-framework-selector does not contain <files_to_read> (0.4071ms)
  Γ£ö gsd-integration-checker does not contain <files_to_read> (0.4505ms)
  Γ£ö gsd-intel-updater does not contain <files_to_read> (0.4287ms)
  Γ£ö gsd-nyquist-auditor does not contain <files_to_read> (0.377ms)
  Γ£ö gsd-pattern-mapper does not contain <files_to_read> (0.3964ms)
  Γ£ö gsd-phase-researcher does not contain <files_to_read> (0.5143ms)
  Γ£ö gsd-plan-checker does not contain <files_to_read> (0.5333ms)
  Γ£ö gsd-planner does not contain <files_to_read> (0.7304ms)
  Γ£ö gsd-project-researcher does not contain <files_to_read> (0.453ms)
  Γ£ö gsd-research-synthesizer does not contain <files_to_read> (0.4258ms)
  Γ£ö gsd-roadmapper does not contain <files_to_read> (0.4195ms)
  Γ£ö gsd-security-auditor does not contain <files_to_read> (0.4221ms)
  Γ£ö gsd-security-scanner does not contain <files_to_read> (0.4206ms)
  Γ£ö gsd-skill-auditor does not contain <files_to_read> (0.4254ms)
  Γ£ö gsd-skill-scaffolder does not contain <files_to_read> (0.3992ms)
  Γ£ö gsd-skill-tuner does not contain <files_to_read> (0.3646ms)
  Γ£ö gsd-threat-scanner does not contain <files_to_read> (0.44ms)
  Γ£ö gsd-ui-auditor does not contain <files_to_read> (0.4728ms)
  Γ£ö gsd-ui-checker does not contain <files_to_read> (0.4345ms)
  Γ£ö gsd-ui-researcher does not contain <files_to_read> (1.1842ms)
  Γ£ö gsd-user-profiler does not contain <files_to_read> (0.4088ms)
  Γ£ö gsd-verifier does not contain <files_to_read> (0.448ms)
  Γ£ö no backtick references to files_to_read in any agent (13.01ms)
Γ£ö READING: no legacy <files_to_read> blocks remain (39.803ms)
Γû╢ READING: agents with reading blocks use <required_reading>
  Γ£ö at least 20 agents have reading instructions (0.5285ms)
  Γ£ö gsd-ai-researcher uses required_reading (not files_to_read) (0.6663ms)
  Γ£ö gsd-code-fixer uses required_reading (not files_to_read) (0.5915ms)
  Γ£ö gsd-code-reviewer uses required_reading (not files_to_read) (0.5101ms)
  Γ£ö gsd-codebase-mapper uses required_reading (not files_to_read) (0.5378ms)
  Γ£ö gsd-debug-session-manager uses required_reading (not files_to_read) (0.5218ms)
  Γ£ö gsd-debugger uses required_reading (not files_to_read) (1.4205ms)
  Γ£ö gsd-doc-verifier uses required_reading (not files_to_read) (0.5241ms)
  Γ£ö gsd-doc-writer uses required_reading (not files_to_read) (0.5782ms)
  Γ£ö gsd-domain-researcher uses required_reading (not files_to_read) (0.5174ms)
  Γ£ö gsd-eval-auditor uses required_reading (not files_to_read) (0.5183ms)
  Γ£ö gsd-eval-planner uses required_reading (not files_to_read) (0.5464ms)
  Γ£ö gsd-executor uses required_reading (not files_to_read) (0.6834ms)
  Γ£ö gsd-framework-selector uses required_reading (not files_to_read) (0.4464ms)
  Γ£ö gsd-integration-checker uses required_reading (not files_to_read) (0.4707ms)
  Γ£ö gsd-intel-updater uses required_reading (not files_to_read) (0.4577ms)
  Γ£ö gsd-nyquist-auditor uses required_reading (not files_to_read) (0.4894ms)
  Γ£ö gsd-pattern-mapper uses required_reading (not files_to_read) (0.4509ms)
  Γ£ö gsd-phase-researcher uses required_reading (not files_to_read) (0.657ms)
  Γ£ö gsd-plan-checker uses required_reading (not files_to_read) (0.6884ms)
  Γ£ö gsd-planner uses required_reading (not files_to_read) (0.6408ms)
  Γ£ö gsd-project-researcher uses required_reading (not files_to_read) (0.4729ms)
  Γ£ö gsd-research-synthesizer uses required_reading (not files_to_read) (0.4253ms)
  Γ£ö gsd-roadmapper uses required_reading (not files_to_read) (0.5919ms)
  Γ£ö gsd-security-auditor uses required_reading (not files_to_read) (0.3873ms)
  Γ£ö gsd-security-scanner uses required_reading (not files_to_read) (0.3886ms)
  Γ£ö gsd-skill-auditor uses required_reading (not files_to_read) (0.3652ms)
  Γ£ö gsd-skill-scaffolder uses required_reading (not files_to_read) (0.3924ms)
  Γ£ö gsd-skill-tuner uses required_reading (not files_to_read) (0.3706ms)
  Γ£ö gsd-threat-scanner uses required_reading (not files_to_read) (0.4387ms)
  Γ£ö gsd-ui-auditor uses required_reading (not files_to_read) (0.4259ms)
  Γ£ö gsd-ui-checker uses required_reading (not files_to_read) (1.1291ms)
  Γ£ö gsd-ui-researcher uses required_reading (not files_to_read) (0.4898ms)
  Γ£ö gsd-verifier uses required_reading (not files_to_read) (0.5926ms)
Γ£ö READING: agents with reading blocks use <required_reading> (20.7074ms)
Γû╢ project skills awareness
  Γ£ö gsd-debugger has Project skills block (4.4078ms)
  Γ£ö gsd-debugger does not load full AGENTS.md (0.8637ms)
  Γ£ö gsd-integration-checker has Project skills block (0.5388ms)
  Γ£ö gsd-integration-checker does not load full AGENTS.md (0.5437ms)
  Γ£ö gsd-security-auditor has Project skills block (0.6174ms)
  Γ£ö gsd-security-auditor does not load full AGENTS.md (0.6259ms)
  Γ£ö gsd-nyquist-auditor has Project skills block (0.6515ms)
  Γ£ö gsd-nyquist-auditor does not load full AGENTS.md (0.5766ms)
  Γ£ö gsd-codebase-mapper has Project skills block (0.654ms)
  Γ£ö gsd-codebase-mapper does not load full AGENTS.md (1.8042ms)
  Γ£ö gsd-roadmapper has Project skills block (0.6022ms)
  Γ£ö gsd-roadmapper does not load full AGENTS.md (0.6188ms)
  Γ£ö gsd-eval-auditor has Project skills block (0.5522ms)
  Γ£ö gsd-eval-auditor does not load full AGENTS.md (0.5181ms)
  Γ£ö gsd-intel-updater has Project skills block (0.5104ms)
  Γ£ö gsd-intel-updater does not load full AGENTS.md (0.6317ms)
  Γ£ö gsd-doc-writer has Project skills block (0.5941ms)
  Γ£ö gsd-doc-writer does not load full AGENTS.md (0.6477ms)
  Γ£ö gsd-doc-writer has security note about doc_assignment user data (0.6637ms)
Γ£ö project skills awareness (19.6909ms)
Γû╢ agent-skills command
  Γ£ö returns empty when no config exists (217.3568ms)
  Γ£ö returns empty when config has no agent_skills section (324.8828ms)
  Γ£ö returns empty for unconfigured agent type (365.6233ms)
  Γ£ö returns formatted block for configured agent with array of paths (351.7041ms)
  Γ£ö returns formatted block for configured agent with single string path (429.9663ms)
  Γ£ö handles multiple skill paths (388.3734ms)
  Γ£ö warns for nonexistent skill path but does not error (310.5126ms)
  Γ£ö validates path safety ΓÇö rejects traversal attempts (474.0745ms)
  Γ£ö returns empty when no agent type argument provided (332.1579ms)
Γ£ö agent-skills command (3199.1605ms)
Γû╢ config-ensure-section with agent_skills
  Γ£ö new configs include agent_skills key (286.9099ms)
Γ£ö config-ensure-section with agent_skills (287.3466ms)
Γû╢ config-set agent_skills
  Γ£ö can set agent_skills via dot notation (598.6483ms)
Γ£ö config-set agent_skills (598.9178ms)
Γû╢ agent-skills global: prefix
  Γ£ö global:valid-skill resolves to $HOME/.claude/skills/valid-skill/SKILL.md (464.0041ms)
  Γ£ö global:invalid!name is rejected by regex and skipped (408.9337ms)
  Γ£ö global:missing-skill is skipped when directory is absent (530.6072ms)
  Γ£ö mix of global: and project-relative paths both resolve correctly (465.8196ms)
  Γ£ö global: with empty name produces clear warning and skips (411.4857ms)
Γ£ö agent-skills global: prefix (2290.3999ms)
Γû╢ CONFIG: workflow.ai_integration_phase default
  Γ£ö config-ensure-section includes workflow.ai_integration_phase as boolean (252.6277ms)
  Γ£ö workflow.ai_integration_phase defaults to true (258.3901ms)
Γ£ö CONFIG: workflow.ai_integration_phase default (512.856ms)
Γû╢ CONFIG: config-set / config-get workflow.ai_integration_phase
  Γ£ö config-set workflow.ai_integration_phase false persists as boolean false (477.6437ms)
  Γ£ö config-set workflow.ai_integration_phase true persists as boolean true (745.8944ms)
  Γ£ö config-get workflow.ai_integration_phase returns the stored value (702.0364ms)
Γ£ö CONFIG: config-set / config-get workflow.ai_integration_phase (1926.0622ms)
Γû╢ HEALTH: W016 ΓÇö workflow.ai_integration_phase absent
  Γ£ö emits W016 when workflow.ai_integration_phase absent from config (483.8281ms)
  Γ£ö does not emit W016 when workflow.ai_integration_phase is explicitly set (520.6974ms)
  Γ£ö does not emit W016 when workflow.ai_integration_phase is false (explicit opt-out) (480.3908ms)
Γ£ö HEALTH: W016 ΓÇö workflow.ai_integration_phase absent (1485.7377ms)
Γû╢ HEALTH --repair: addAiIntegrationPhaseKey
  Γ£ö adds workflow.ai_integration_phase via addAiIntegrationPhaseKey repair (445.3559ms)
Γ£ö HEALTH --repair: addAiIntegrationPhaseKey (445.7234ms)
Γû╢ TEMPLATE: AI-SPEC.md section completeness
  Γ£ö AI-SPEC.md template exists (17.7539ms)
  Γ£ö template contains Section 1 (System Classification) (0.9471ms)
  Γ£ö template contains Section 1b (Domain Context) (0.5583ms)
  Γ£ö template contains Section 2 (Framework Decision) (1.0697ms)
  Γ£ö template contains Section 3 (Framework Quick Reference) (0.6866ms)
  Γ£ö template contains Section 4 (Implementation Guidance) (13.2671ms)
  Γ£ö template contains Section 4b (AI Systems Best Practices) (0.9002ms)
  Γ£ö template contains Section 5 (Evaluation Strategy) (0.6547ms)
  Γ£ö template contains Section 6 (Guardrails) (0.5371ms)
  Γ£ö template contains Section 7 (Production Monitoring) (8.6417ms)
  Γ£ö template contains Checklist section (0.6411ms)
  Γ£ö template checklist has at least 10 items (9.4308ms)
  Γ£ö template Section 1b has domain rubric table columns (Good/Bad/Stakes) (0.8414ms)
  Γ£ö template Section 4b has Pydantic structured outputs guidance (14.7986ms)
  Γ£ö template Section 6 has online guardrails and offline flywheel tables (1.3131ms)
Γ£ö TEMPLATE: AI-SPEC.md section completeness (87.9055ms)
Γû╢ COMMAND: ai-integration-phase and eval-review frontmatter
  Γ£ö ai-integration-phase.md exists (0.7308ms)
  Γ£ö ai-integration-phase.md has name, description, argument-hint (3.872ms)
  Γ£ö eval-review.md exists (1.3138ms)
  Γ£ö eval-review.md has name, description, argument-hint (15.848ms)
  Γ£ö ai-integration-phase.md name is gsd:ai-integration-phase (1.5883ms)
  Γ£ö eval-review.md name is gsd:eval-review (4.4138ms)
Γ£ö COMMAND: ai-integration-phase and eval-review frontmatter (28.8558ms)
Γû╢ AGENTS: new AI-evals agents exist
  Γ£ö gsd-framework-selector.md exists (9.017ms)
  Γ£ö gsd-ai-researcher.md exists (0.4702ms)
  Γ£ö gsd-domain-researcher.md exists (0.3703ms)
  Γ£ö gsd-eval-planner.md exists (0.3848ms)
  Γ£ö gsd-eval-auditor.md exists (11.6597ms)
Γ£ö AGENTS: new AI-evals agents exist (22.6879ms)
Γû╢ REFERENCES: ai-frameworks.md and ai-evals.md
  Γ£ö ai-frameworks.md exists and is non-empty (1.1909ms)
  Γ£ö ai-evals.md exists and is non-empty (0.7457ms)
  Γ£ö ai-frameworks.md covers key frameworks (10.9709ms)
  Γ£ö ai-evals.md covers eval tooling defaults (0.8736ms)
Γ£ö REFERENCES: ai-frameworks.md and ai-evals.md (14.217ms)
Γû╢ WORKFLOW: plan-phase.md AI nudge integration
  Γ£ö plan-phase.md exists (0.4972ms)
  Γ£ö plan-phase.md contains AI keyword detection for LLM/agent/RAG terms (16.5215ms)
  Γ£ö plan-phase.md references /gsd-ai-integration-phase nudge (17.6814ms)
  Γ£ö plan-phase.md references workflow.ai_integration_phase config toggle (1.5592ms)
Γ£ö WORKFLOW: plan-phase.md AI nudge integration (36.8196ms)
Γû╢ WORKFLOW: ai-integration-phase and eval-review workflow files
  Γ£ö ai-integration-phase.md workflow exists (9.9675ms)
  Γ£ö eval-review.md workflow exists (1.1878ms)
  Γ£ö ai-integration-phase.md orchestrates 4 agents (0.8216ms)
  Γ£ö eval-review.md references gsd-eval-auditor (0.8642ms)
  Γ£ö select-framework.md does NOT exist (removed per design) (0.4893ms)
Γ£ö WORKFLOW: ai-integration-phase and eval-review workflow files (19.7673ms)
Γû╢ analyze-dependencies command
  Γ£ö command file exists (2.033ms)
  Γ£ö command file has description frontmatter (0.7227ms)
  Γ£ö workflow file exists (0.5127ms)
  Γ£ö workflow describes dependency analysis approach (0.7248ms)
  Γ£ö workflow mentions file overlap detection (0.5975ms)
  Γ£ö docs/COMMANDS.md references analyze-dependencies (1.8656ms)
Γ£ö analyze-dependencies command (8.7732ms)
Γû╢ pause-work.md ΓÇö severity column in Critical Anti-Patterns template
  Γ£ö template includes a Severity column header in the anti-patterns table (1.8707ms)
  Γ£ö template documents "blocking" as a valid severity value (0.6404ms)
  Γ£ö template documents "advisory" as a valid severity value (1.7968ms)
  Γ£ö template explains that blocking anti-patterns trigger understanding check at resume (0.8207ms)
Γ£ö pause-work.md ΓÇö severity column in Critical Anti-Patterns template (7.0769ms)
Γû╢ discuss-phase.md ΓÇö blocking anti-pattern understanding check
  Γ£ö workflow checks for .continue-here.md with blocking anti-patterns (1.3039ms)
  Γ£ö workflow includes mandatory understanding verification for blocking anti-patterns (1.0082ms)
  Γ£ö workflow specifies the three understanding check questions (1.0664ms)
  Γ£ö understanding check cannot be skipped (must be mandatory) (2.3058ms)
Γ£ö discuss-phase.md ΓÇö blocking anti-pattern understanding check (6.3611ms)
Γû╢ execute-phase.md ΓÇö blocking anti-pattern understanding check
  Γ£ö workflow checks for .continue-here.md with blocking anti-patterns (1.1977ms)
  Γ£ö workflow includes mandatory understanding verification for blocking anti-patterns (1.3657ms)
  Γ£ö workflow specifies the three understanding check questions (0.9189ms)
  Γ£ö understanding check cannot be skipped (must be mandatory) (0.8586ms)
Γ£ö execute-phase.md ΓÇö blocking anti-pattern understanding check (4.9839ms)

[36m   ΓûêΓûêΓûêΓûêΓûêΓûêΓòù ΓûêΓûêΓûêΓûêΓûêΓûêΓûêΓòùΓûêΓûêΓûêΓûêΓûêΓûêΓòù
  ΓûêΓûêΓòöΓòÉΓòÉΓòÉΓòÉΓò¥ ΓûêΓûêΓòöΓòÉΓòÉΓòÉΓòÉΓò¥ΓûêΓûêΓòöΓòÉΓòÉΓûêΓûêΓòù
  ΓûêΓûêΓòæ  ΓûêΓûêΓûêΓòùΓûêΓûêΓûêΓûêΓûêΓûêΓûêΓòùΓûêΓûêΓòæ  ΓûêΓûêΓòæ
  ΓûêΓûêΓòæ   ΓûêΓûêΓòæΓòÜΓòÉΓòÉΓòÉΓòÉΓûêΓûêΓòæΓûêΓûêΓòæ  ΓûêΓûêΓòæ
  ΓòÜΓûêΓûêΓûêΓûêΓûêΓûêΓòöΓò¥ΓûêΓûêΓûêΓûêΓûêΓûêΓûêΓòæΓûêΓûêΓûêΓûêΓûêΓûêΓòöΓò¥
   ΓòÜΓòÉΓòÉΓòÉΓòÉΓòÉΓò¥ ΓòÜΓòÉΓòÉΓòÉΓòÉΓòÉΓòÉΓò¥ΓòÜΓòÉΓòÉΓòÉΓòÉΓòÉΓò¥[0m

  Get Shit Done [2mv1.36.0[0m
  A meta-prompting, context engineering and spec-driven
  development system for Claude Code, OpenCode, Gemini, Kilo, Codex, Copilot, Antigravity, Cursor, Windsurf, Augment, Trae, Qwen Code, Cline and CodeBuddy by T├éCHES.

Γû╢ getDirName (Antigravity)
  Γ£ö returns .agent for antigravity (1.194ms)
  Γ£ö does not break existing runtimes (0.2989ms)
Γ£ö getDirName (Antigravity) (3.0713ms)
Γû╢ getGlobalDir (Antigravity)
  Γ£ö returns ~/.gemini/antigravity by default (1.3547ms)
  Γ£ö respects ANTIGRAVITY_CONFIG_DIR env var (1.255ms)
  Γ£ö explicit config-dir overrides env var (1.1684ms)
  Γ£ö does not change Claude Code global dir (0.9316ms)
Γ£ö getGlobalDir (Antigravity) (5.5391ms)
Γû╢ getConfigDirFromHome (Antigravity)
  Γ£ö returns .agent for local installs (0.3994ms)
  Γ£ö returns .gemini, antigravity for global installs (0.2278ms)
  Γ£ö does not change other runtimes (0.1871ms)
Γ£ö getConfigDirFromHome (Antigravity) (1.3158ms)
Γû╢ convertClaudeToAntigravityContent
  Γû╢ global install path replacements
    Γ£ö replaces ~/. claude/ with ~/.gemini/antigravity/ (0.7885ms)
    Γ£ö replaces $HOME/.claude/ with $HOME/.gemini/antigravity/ (0.2367ms)
  Γ£ö global install path replacements (1.2079ms)
  Γû╢ local install path replacements
    Γ£ö replaces ~/.claude/ with .agent/ for local installs (0.2562ms)
    Γ£ö replaces ./.claude/ with ./.agent/ (0.2587ms)
    Γ£ö replaces .claude/ with .agent/ (0.219ms)
  Γ£ö local install path replacements (0.9495ms)
  Γû╢ command name conversion
    Γ£ö converts /gsd:command to /gsd-command (0.2593ms)
    Γ£ö converts all gsd: references (0.1772ms)
  Γ£ö command name conversion (0.5796ms)
  Γ£ö does not modify unrelated content (0.2182ms)
Γ£ö convertClaudeToAntigravityContent (3.2817ms)
Γû╢ convertClaudeCommandToAntigravitySkill
  Γ£ö produces name and description only in frontmatter (0.5649ms)
  Γ£ö applies path replacement in body (0.2564ms)
  Γ£ö uses provided skillName for name field (0.1641ms)
  Γ£ö converts gsd: command references in body (0.175ms)
  Γ£ö returns unchanged content when no frontmatter (0.3177ms)
Γ£ö convertClaudeCommandToAntigravitySkill (1.8858ms)
Γû╢ convertClaudeAgentToAntigravityAgent
  Γ£ö preserves name and description (0.6812ms)
  Γ£ö maps Claude tools to Gemini tool names (0.3418ms)
  Γ£ö preserves color field (0.1662ms)
  Γ£ö applies path replacement in body (0.1363ms)
  Γ£ö uses global path for global installs (0.1547ms)
  Γ£ö excludes Task tool (filtered by convertGeminiToolName) (1.411ms)
Γ£ö convertClaudeAgentToAntigravityAgent (3.1922ms)
Γû╢ copyCommandsAsAntigravitySkills
  Γ£ö creates skills directory (18.2538ms)
  Γ£ö creates one skill directory per command with SKILL.md (18.1481ms)
  Γ£ö handles subdirectory commands with prefixed names (15.4026ms)
  Γ£ö SKILL.md has minimal frontmatter (name + description only) (17.6707ms)
  Γ£ö SKILL.md body has paths converted for local install (19.2678ms)
  Γ£ö removes old gsd-* skill dirs before reinstalling (20.2064ms)
  Γ£ö does not remove non-gsd skill dirs (18.9555ms)
Γ£ö copyCommandsAsAntigravitySkills (128.5549ms)
Γû╢ writeManifest (Antigravity)
  Γ£ö writes manifest JSON file (22.3076ms)
  Γ£ö manifest includes skills in skills/ directory (18.7126ms)
  Γ£ö manifest includes agent files (17.4586ms)
Γ£ö writeManifest (Antigravity) (58.8301ms)
Γû╢ ARCHITECTURE.md component counts
  Γ£û Total commands matches commands/gsd/*.md file count (4.8809ms)
  Γ£û Total workflows matches get-shit-done/workflows/*.md file count (1.0847ms)
  Γ£û Total agents matches agents/*.md file count (0.8084ms)
Γ£û ARCHITECTURE.md component counts (8.9834ms)
Γû╢ AskUserQuestion text-mode fallback (#2012)
  Γ£û every workflow that uses AskUserQuestion includes a TEXT_MODE plain-text fallback (33.3352ms)
Γ£û AskUserQuestion text-mode fallback (#2012) (35.0687ms)
Γû╢ atomic write coverage (#1972)
  Γ£ö milestone.cjs: all fs.writeFileSync calls target allowed exceptions (3.5533ms)
  Γ£ö milestone.cjs: imports atomicWriteFileSync from core.cjs (1.0814ms)
  Γ£ö phase.cjs: all fs.writeFileSync calls target allowed exceptions (2.6277ms)
  Γ£ö phase.cjs: imports atomicWriteFileSync from core.cjs (0.8963ms)
  Γ£ö frontmatter.cjs: all fs.writeFileSync calls target allowed exceptions (0.9879ms)
  Γ£ö frontmatter.cjs: imports atomicWriteFileSync from core.cjs (0.7458ms)
  Γ£ö all three files use atomicWriteFileSync at least once (2.9836ms)
Γ£ö atomic write coverage (#1972) (15.4333ms)
Γû╢ atomicWriteFileSync
  Γ£ö is exported from core.cjs (16.2461ms)
  Γ£ö writes correct content to the target file (5.2199ms)
  Γ£ö does not leave .tmp.* files after successful write (7.9605ms)
  Γ£ö overwrites an existing file with new content (6.0018ms)
  Γ£ö cleans up stale tmp file if present before write (6.5804ms)
Γ£ö atomicWriteFileSync (44.5755ms)
Γû╢ AUDIT-FIX: command file
  Γ£ö command file exists (2.664ms)
  Γ£ö has valid frontmatter with name gsd:audit-fix (0.7035ms)
  Γ£ö has description in frontmatter (0.5924ms)
  Γ£ö has allowed-tools list including Agent (0.6597ms)
  Γ£ö has argument-hint in frontmatter for /gsd-help discoverability (0.6219ms)
  Γ£ö has type: prompt in frontmatter (0.6389ms)
  Γ£ö argument-hint reflects supported source values (0.5798ms)
  Γ£ö references audit-fix.md workflow (0.7961ms)
  Γ£ö has <objective> section (1.3583ms)
Γ£ö AUDIT-FIX: command file (11.4901ms)
Γû╢ AUDIT-FIX: workflow file
  Γ£ö workflow file exists (0.5939ms)
  Γ£ö has <purpose> section (0.5293ms)
  Γ£ö has <process> section with steps (1.9275ms)
  Γ£ö has <success_criteria> section (0.71ms)
  Γ£ö has <available_agent_types> listing gsd-executor (0.651ms)
Γ£ö AUDIT-FIX: workflow file (4.9217ms)
Γû╢ AUDIT-FIX: all 4 flags documented
  Γ£ö --max flag documented in command (0.7067ms)
  Γ£ö --severity flag documented in command (0.5654ms)
  Γ£ö --dry-run flag documented in command (0.8017ms)
  Γ£ö --source flag documented in command (0.651ms)
  Γ£ö --max flag documented in workflow with default 5 (0.6662ms)
  Γ£ö --severity flag documented in workflow with default medium (0.5552ms)
  Γ£ö --dry-run flag documented in workflow (0.514ms)
  Γ£ö --source flag documented in workflow with default audit-uat (0.5258ms)
Γ£ö AUDIT-FIX: all 4 flags documented (5.7314ms)
Γû╢ AUDIT-FIX: classification heuristics documented
  Γ£ö documents auto-fixable classification (0.5722ms)
  Γ£ö documents manual-only classification (0.3981ms)
  Γ£ö errs on manual-only when uncertain (0.4826ms)
  Γ£ö lists auto-fixable signals (file path, missing test) (0.4469ms)
  Γ£ö lists manual-only signals (design decisions, architecture) (0.3997ms)
Γ£ö AUDIT-FIX: classification heuristics documented (2.5732ms)
Γû╢ AUDIT-FIX: --dry-run stops before fixing
  Γ£ö dry-run explicitly stops after classification (0.6404ms)
  Γ£ö dry-run does not proceed to fix loop (0.5435ms)
Γ£ö AUDIT-FIX: --dry-run stops before fixing (1.3531ms)
Γû╢ AUDIT-FIX: atomic commit with finding ID
  Γ£ö commit message pattern includes finding ID (0.7608ms)
  Γ£ö commit is atomic per finding (one commit per fix) (0.5457ms)
  Γ£ö mentions finding ID traceability (0.5078ms)
Γ£ö AUDIT-FIX: atomic commit with finding ID (2.0222ms)
Γû╢ AUDIT-FIX: test-then-commit pattern
  Γ£ö runs tests before committing (0.5174ms)
  Γ£ö tests appear before commit in workflow order (0.4275ms)
  Γ£ö commit is conditional on tests passing (0.5231ms)
Γ£ö AUDIT-FIX: test-then-commit pattern (1.6639ms)
Γû╢ AUDIT-FIX: revert on test failure
  Γ£ö reverts changes when tests fail (0.5771ms)
  Γ£ö marks failed fixes as fix-failed (0.5139ms)
  Γ£ö stops pipeline after first test failure (0.5196ms)
  Γ£ö test failure does not leave partial changes (0.5303ms)
Γ£ö AUDIT-FIX: revert on test failure (2.4674ms)

[36m   ΓûêΓûêΓûêΓûêΓûêΓûêΓòù ΓûêΓûêΓûêΓûêΓûêΓûêΓûêΓòùΓûêΓûêΓûêΓûêΓûêΓûêΓòù
  ΓûêΓûêΓòöΓòÉΓòÉΓòÉΓòÉΓò¥ ΓûêΓûêΓòöΓòÉΓòÉΓòÉΓòÉΓò¥ΓûêΓûêΓòöΓòÉΓòÉΓûêΓûêΓòù
  ΓûêΓûêΓòæ  ΓûêΓûêΓûêΓòùΓûêΓûêΓûêΓûêΓûêΓûêΓûêΓòùΓûêΓûêΓòæ  ΓûêΓûêΓòæ
  ΓûêΓûêΓòæ   ΓûêΓûêΓòæΓòÜΓòÉΓòÉΓòÉΓòÉΓûêΓûêΓòæΓûêΓûêΓòæ  ΓûêΓûêΓòæ
  ΓòÜΓûêΓûêΓûêΓûêΓûêΓûêΓòöΓò¥ΓûêΓûêΓûêΓûêΓûêΓûêΓûêΓòæΓûêΓûêΓûêΓûêΓûêΓûêΓòöΓò¥
   ΓòÜΓòÉΓòÉΓòÉΓòÉΓòÉΓò¥ ΓòÜΓòÉΓòÉΓòÉΓòÉΓòÉΓòÉΓò¥ΓòÜΓòÉΓòÉΓòÉΓòÉΓòÉΓò¥[0m

  Get Shit Done [2mv1.36.0[0m
  A meta-prompting, context engineering and spec-driven
  development system for Claude Code, OpenCode, Gemini, Kilo, Codex, Copilot, Antigravity, Cursor, Windsurf, Augment, Trae, Qwen Code, Cline and CodeBuddy by T├éCHES.

Γû╢ convertClaudeCommandToAugmentSkill
  Γ£ö writes unquoted Augment skill name in frontmatter (2.6838ms)
  Γ£ö preserves slash for slash commands in markdown body (0.7329ms)
  Γ£ö includes augment_skill_adapter block (0.4545ms)
  Γ£ö converts tool names to Augment format (0.3995ms)
Γ£ö convertClaudeCommandToAugmentSkill (7.0426ms)
Γû╢ convertClaudeAgentToAugmentAgent
  Γ£ö converts agent frontmatter with unquoted name (0.8158ms)
  Γ£ö removes color and skills from frontmatter (0.2649ms)
  Γ£ö replaces CLAUDE.md with .augment/rules/ (0.2492ms)
Γ£ö convertClaudeAgentToAugmentAgent (1.7242ms)
Γû╢ convertClaudeToAugmentMarkdown
  Γ£ö replaces Claude Code with Augment (0.3309ms)
  Γ£ö replaces .claude/skills/ with .augment/skills/ (1.763ms)
  Γ£ö normalizes gsd: to gsd- (0.446ms)
Γ£ö convertClaudeToAugmentMarkdown (2.9816ms)
Γû╢ commands/gsd/autonomous.md allowed-tools
  Γ£û includes Agent in allowed-tools list (3.3038ms)
Γ£û commands/gsd/autonomous.md allowed-tools (5.5233ms)
Γû╢ autonomous --interactive flag (#1413)
  Γ£ö command definition includes --interactive in argument-hint (2.0274ms)
  Γ£ö command definition describes interactive mode behavior (0.626ms)
  Γ£ö workflow parses --interactive flag (2.3548ms)
  Γ£ö workflow uses discuss-phase skill in interactive mode (1.1068ms)
  Γ£ö workflow dispatches plan as background agent in interactive mode (0.9638ms)
  Γ£ö workflow dispatches execute as background agent in interactive mode (1.0997ms)
  Γ£ö workflow describes pipeline parallelism in interactive mode (2.0812ms)
  Γ£ö success criteria include --interactive requirements (1.1451ms)
Γ£ö autonomous --interactive flag (#1413) (14.4761ms)
Γû╢ autonomous --to N flag (#1644)
  Γ£ö command definition includes --to N in argument-hint (2.2519ms)
  Γ£ö command definition describes --to N behavior in context (0.6651ms)
  Γ£ö workflow parses --to N flag into TO_PHASE variable (2.1729ms)
  Γ£ö workflow parsing handles --to with numeric argument (0.8468ms)
  Γ£ö workflow iterate step checks TO_PHASE to halt after target phase (0.9187ms)
  Γ£ö workflow validates --to requires a numeric argument (0.9834ms)
  Γ£ö workflow defaults TO_PHASE to empty when --to not provided (2.0036ms)
  Γ£ö workflow only halts at iterate when TO_PHASE is set (0.881ms)
  Γ£ö workflow handles --to N where target is already passed (0.8889ms)
  Γ£ö workflow displays --to target in startup banner (0.9924ms)
  Γ£ö workflow displays completion message when --to target reached (0.8ms)
  Γ£ö success criteria include --to N requirements (0.873ms)
  Γ£ö --to is compatible with --from (documented or implied) (0.8858ms)
  Γ£ö --to flag does not interfere with --only flag parsing (0.6488ms)
Γ£ö autonomous --to N flag (#1644) (19.0219ms)
Γû╢ autonomous workflow ui-phase and ui-review integration (#1375)
  Γû╢ step 3a.5 ΓÇö UI design contract before planning
    Γ£ö autonomous.md contains a UI design contract step between discuss and plan (3.6249ms)
    Γ£ö UI design contract step detects frontend indicators via grep pattern (1.0413ms)
    Γ£ö UI design contract step checks for existing UI-SPEC.md (0.935ms)
    Γ£ö UI design contract step respects workflow.ui_phase config toggle (0.8292ms)
    Γ£ö UI design contract step invokes gsd:ui-phase skill (2.0407ms)
    Γ£ö UI design contract step appears before plan step (3b) (1.1496ms)
  Γ£ö step 3a.5 ΓÇö UI design contract before planning (11.1389ms)
  Γû╢ step 3d.5 ΓÇö UI review after execution
    Γ£ö autonomous.md contains a UI review step after execution (1.3764ms)
    Γ£ö UI review step checks for UI-SPEC existence before running (1.2112ms)
    Γ£ö UI review step respects workflow.ui_review config toggle (0.7693ms)
    Γ£ö UI review step invokes gsd:ui-review skill (0.8151ms)
    Γ£ö UI review is advisory (non-blocking) (0.7087ms)
    Γ£ö UI review step appears after execution routing (3d) (0.7007ms)
  Γ£ö step 3d.5 ΓÇö UI review after execution (6.2244ms)
  Γû╢ success criteria updated
    Γ£ö success criteria includes UI-aware flow (0.8874ms)
    Γ£ö success criteria mentions frontend phases get UI-SPEC before planning (3.5432ms)
    Γ£ö success criteria notes UI review is advisory (1.0532ms)
  Γ£ö success criteria updated (5.7135ms)
Γ£ö autonomous workflow ui-phase and ui-review integration (#1375) (23.9837ms)

[36m   ΓûêΓûêΓûêΓûêΓûêΓûêΓòù ΓûêΓûêΓûêΓûêΓûêΓûêΓûêΓòùΓûêΓûêΓûêΓûêΓûêΓûêΓòù
  ΓûêΓûêΓòöΓòÉΓòÉΓòÉΓòÉΓò¥ ΓûêΓûêΓòöΓòÉΓòÉΓòÉΓòÉΓò¥ΓûêΓûêΓòöΓòÉΓòÉΓûêΓûêΓòù
  ΓûêΓûêΓòæ  ΓûêΓûêΓûêΓòùΓûêΓûêΓûêΓûêΓûêΓûêΓûêΓòùΓûêΓûêΓòæ  ΓûêΓûêΓòæ
  ΓûêΓûêΓòæ   ΓûêΓûêΓòæΓòÜΓòÉΓòÉΓòÉΓòÉΓûêΓûêΓòæΓûêΓûêΓòæ  ΓûêΓûêΓòæ
  ΓòÜΓûêΓûêΓûêΓûêΓûêΓûêΓòöΓò¥ΓûêΓûêΓûêΓûêΓûêΓûêΓûêΓòæΓûêΓûêΓûêΓûêΓûêΓûêΓòöΓò¥
   ΓòÜΓòÉΓòÉΓòÉΓòÉΓòÉΓò¥ ΓòÜΓòÉΓòÉΓòÉΓòÉΓòÉΓòÉΓò¥ΓòÜΓòÉΓòÉΓòÉΓòÉΓòÉΓò¥[0m

  Get Shit Done [2mv1.36.0[0m
  A meta-prompting, context engineering and spec-driven
  development system for Claude Code, OpenCode, Gemini, Kilo, Codex, Copilot, Antigravity, Cursor, Windsurf, Augment, Trae, Qwen Code, Cline and CodeBuddy by T├éCHES.

  Installing for [36mClaude Code[0m to [36m.\.claude[0m

  [32mΓ£ô[0m Installed 78 commands to commands/gsd/
  [32mΓ£ô[0m Installed get-shit-done
  [32mΓ£ô[0m Installed agents
  [32mΓ£ô[0m Installed CHANGELOG.md
  [32mΓ£ô[0m Wrote VERSION (1.36.0)
  [32mΓ£ô[0m Wrote package.json (CommonJS mode)
  [32mΓ£ô[0m Installed hooks (bundled)
  [32mΓ£ô[0m Wrote file manifest (gsd-file-manifest.json)
  [32mΓ£ô[0m Configured update check hook
  [32mΓ£ô[0m Configured context window monitor hook
  [32mΓ£ô[0m Configured prompt injection guard hook
  [32mΓ£ô[0m Configured read-before-edit guard hook
  [32mΓ£ô[0m Configured workflow guard hook (opt-in via hooks.workflow_guard)
  [32mΓ£ô[0m Configured commit validation hook (opt-in via config)
  [32mΓ£ô[0m Configured session state orientation hook (opt-in via config)
  [32mΓ£ô[0m Configured phase boundary detection hook (opt-in via config)
  Installing for [36mClaude Code[0m to [36m.\.claude[0m

  [32mΓ£ô[0m Installed 78 commands to commands/gsd/
  [32mΓ£ô[0m Installed get-shit-done
  [32mΓ£ô[0m Installed agents
  [32mΓ£ô[0m Installed CHANGELOG.md
  [32mΓ£ô[0m Wrote VERSION (1.36.0)
  [32mΓ£ô[0m Wrote package.json (CommonJS mode)
  [32mΓ£ô[0m Installed hooks (bundled)
  [32mΓ£ô[0m Wrote file manifest (gsd-file-manifest.json)
  [32mΓ£ô[0m Configured update check hook
  [32mΓ£ô[0m Configured context window monitor hook
  [32mΓ£ô[0m Configured prompt injection guard hook
  [32mΓ£ô[0m Configured read-before-edit guard hook
  [32mΓ£ô[0m Configured workflow guard hook (opt-in via hooks.workflow_guard)
  [32mΓ£ô[0m Configured commit validation hook (opt-in via config)
  [32mΓ£ô[0m Configured session state orientation hook (opt-in via config)
  [32mΓ£ô[0m Configured phase boundary detection hook (opt-in via config)
  Installing for [36mClaude Code[0m to [36m.\.claude[0m

  [32mΓ£ô[0m Installed 78 commands to commands/gsd/
  [32mΓ£ô[0m Installed get-shit-done
  [32mΓ£ô[0m Installed agents
  [32mΓ£ô[0m Installed CHANGELOG.md
  [32mΓ£ô[0m Wrote VERSION (1.36.0)
  [32mΓ£ô[0m Wrote package.json (CommonJS mode)
  [32mΓ£ô[0m Installed hooks (bundled)
  [32mΓ£ô[0m Wrote file manifest (gsd-file-manifest.json)
  [32mΓ£ô[0m Configured update check hook
  [32mΓ£ô[0m Configured context window monitor hook
  [32mΓ£ô[0m Configured prompt injection guard hook
  [32mΓ£ô[0m Configured read-before-edit guard hook
  [32mΓ£ô[0m Configured workflow guard hook (opt-in via hooks.workflow_guard)
  [32mΓ£ô[0m Configured commit validation hook (opt-in via config)
  [32mΓ£ô[0m Configured session state orientation hook (opt-in via config)
  [32mΓ£ô[0m Configured phase boundary detection hook (opt-in via config)
Γû╢ #1736: local Claude install populates .claude/commands/gsd/
  Γ£û local install creates .claude/commands/gsd/ directory (1312.9025ms)
  Γ£û local install deploys at least one .md command file to .claude/commands/gsd/ (1240.1035ms)
  Γ£û local install deploys quick.md to .claude/commands/gsd/ (3474.2107ms)
Γ£û #1736: local Claude install populates .claude/commands/gsd/ (6028.5862ms)
Γû╢ bug #1754: .js hook registration guards
  Γû╢ gsd-check-update.js registration
    Γ£ö install.js checks file existence before registering gsd-check-update.js (1.1394ms)
    Γ£ö install.js emits a warning when gsd-check-update.js is missing (2.0915ms)
  Γ£ö gsd-check-update.js registration (4.2777ms)
  Γû╢ gsd-context-monitor.js registration
    Γ£ö install.js checks file existence before registering gsd-context-monitor.js (0.5754ms)
    Γ£ö install.js emits a warning when gsd-context-monitor.js is missing (0.4115ms)
  Γ£ö gsd-context-monitor.js registration (1.4372ms)
  Γû╢ gsd-prompt-guard.js registration
    Γ£ö install.js checks file existence before registering gsd-prompt-guard.js (0.5048ms)
    Γ£ö install.js emits a warning when gsd-prompt-guard.js is missing (0.4826ms)
  Γ£ö gsd-prompt-guard.js registration (1.6878ms)
  Γû╢ gsd-read-guard.js registration
    Γ£ö install.js checks file existence before registering gsd-read-guard.js (0.5497ms)
    Γ£ö install.js emits a warning when gsd-read-guard.js is missing (0.5562ms)
  Γ£ö gsd-read-guard.js registration (1.8655ms)
  Γû╢ gsd-workflow-guard.js registration
    Γ£ö install.js checks file existence before registering gsd-workflow-guard.js (0.7239ms)
    Γ£ö install.js emits a warning when gsd-workflow-guard.js is missing (0.8675ms)
  Γ£ö gsd-workflow-guard.js registration (1.9184ms)
  Γ£ö all .js hooks use the same guard pattern as .sh hooks (0.859ms)
Γ£ö bug #1754: .js hook registration guards (15.3483ms)
Γû╢ bug #1817: .sh hook registration guards
  Γû╢ gsd-validate-commit.sh registration
    Γ£ö install.js checks file existence before registering gsd-validate-commit.sh (2.1264ms)
  Γ£ö gsd-validate-commit.sh registration (3.6921ms)
  Γû╢ gsd-session-state.sh registration
    Γ£ö install.js checks file existence before registering gsd-session-state.sh (0.4128ms)
  Γ£ö gsd-session-state.sh registration (0.6265ms)
  Γû╢ gsd-phase-boundary.sh registration
    Γ£ö install.js checks file existence before registering gsd-phase-boundary.sh (0.3523ms)
  Γ£ö gsd-phase-boundary.sh registration (1.7652ms)
Γ£ö bug #1817: .sh hook registration guards (7.6342ms)
Γû╢ unknown flag guard (bug #1818)
  Γ£ö phases clear --help is rejected with non-zero exit (258.871ms)
  Γ£ö generate-slug hello --help is rejected (655.2476ms)
  Γ£ö phase complete --help is rejected (288.8339ms)
  Γ£ö state load --help is rejected (213.8214ms)
  Γ£ö phases clear -h is rejected (254.7085ms)
  Γ£ö generate-slug hello -h is rejected (228.3558ms)
  Γ£ö generate-slug hello --version is rejected (257.7978ms)
  Γ£ö current-timestamp --help is rejected (206.5716ms)
Γ£ö unknown flag guard (bug #1818) (2366.87ms)
Γû╢ bug #1826: phases clear --confirm guard
  Γ£ö phases clear without --confirm is rejected when phase dirs exist (277.4413ms)
  Γ£ö phases clear --confirm deletes dirs and reports count (261.6662ms)
  Γ£ö phases clear without --confirm succeeds when no phase dirs exist (239.9246ms)
Γ£ö bug #1826: phases clear --confirm guard (781.7337ms)
Γû╢ bug #1829: model_profile "inherit" ΓÇö resolveModelInternal
  Γ£ö returns "inherit" for gsd-planner when model_profile is "inherit" (133.6207ms)
  Γ£ö returns "inherit" for gsd-executor when model_profile is "inherit" (136.8858ms)
  Γ£ö returns "inherit" for gsd-phase-researcher when model_profile is "inherit" (145.9519ms)
  Γ£ö returns "inherit" for gsd-codebase-mapper when model_profile is "inherit" (125.1622ms)
  Γ£ö returns "inherit" for gsd-verifier when model_profile is "inherit" (123.398ms)
  Γ£ö returns "sonnet" (default) for unknown agent even with inherit profile (135.0597ms)
  Γ£ö per-agent override takes precedence over inherit profile (128.5226ms)
  Γ£ö does not silently fall back to "sonnet" (the original bug) (116.185ms)
Γ£ö bug #1829: model_profile "inherit" ΓÇö resolveModelInternal (1047.4699ms)
Γû╢ bug #1829: model_profile "inherit" ΓÇö resolve-model CLI
  Γ£ö CLI resolve-model returns "inherit" for gsd-executor with inherit profile (379.5396ms)
  Γ£ö CLI resolve-model returns "inherit" for gsd-planner with inherit profile (345.7713ms)
Γ£ö bug #1829: model_profile "inherit" ΓÇö resolve-model CLI (725.7247ms)
Γû╢ bug #1829: model_profile "inherit" ΓÇö validate health does not warn W004
  Γ£ö does not emit W004 for model_profile "inherit" (739.4625ms)
  Γ£ö still emits W004 for genuinely invalid model_profile values (468.2276ms)
Γ£ö bug #1829: model_profile "inherit" ΓÇö validate health does not warn W004 (1209.136ms)
Γû╢ #1834: installer deploys .sh hooks alongside .js hooks
  Γ£ö gsd-session-state.sh is present after install (2426.5552ms)
  Γ£ö gsd-validate-commit.sh is present after install (2470.5996ms)
  Γ£ö gsd-phase-boundary.sh is present after install (2897.2926ms)
  Γ£ö all three .sh hooks are present after a single install (2478.53ms)
  ∩╣ú .sh hooks are executable after install (0.213ms) # Windows does not support POSIX file permissions
Γ£ö #1834: installer deploys .sh hooks alongside .js hooks (10275.5101ms)
Γû╢ #1834: install.js source handles .sh files in the hook copy loop
  Γ£ö hook copy loop has an else branch for non-.js files (0.8594ms)
  Γ£ö .sh chmod is applied in the non-.js branch (0.4105ms)
  Γ£ö .sh hooks are listed in expectedShHooks warning check (0.6584ms)
Γ£ö #1834: install.js source handles .sh files in the hook copy loop (6.972ms)
Γû╢ bug #1891: @file: resolution in gsd-tools.cjs
  Γ£ö main() intercepts stdout and resolves @file: references (1.5986ms)
  Γ£ö @file: resolution reads file content via readFileSync (0.3343ms)
  Γ£ö stdout interception wraps runCommand in the non-pick path (0.3854ms)
Γ£ö bug #1891: @file: resolution in gsd-tools.cjs (7.0844ms)
Γû╢ bug #1906: local hook commands use $CLAUDE_PROJECT_DIR
  Γ£ö localPrefix variable is defined with $CLAUDE_PROJECT_DIR (2.8888ms)
  Γ£ö gsd-statusline.js local command uses localPrefix (not bare dirName) (1.1135ms)
  Γ£ö gsd-check-update.js local command uses localPrefix (not bare dirName) (0.7614ms)
  Γ£ö gsd-context-monitor.js local command uses localPrefix (not bare dirName) (2.2384ms)
  Γ£ö gsd-prompt-guard.js local command uses localPrefix (not bare dirName) (0.8792ms)
  Γ£ö gsd-read-guard.js local command uses localPrefix (not bare dirName) (0.7331ms)
  Γ£ö gsd-workflow-guard.js local command uses localPrefix (not bare dirName) (0.6687ms)
  Γ£ö gsd-validate-commit.sh local command uses localPrefix (not bare dirName) (0.7758ms)
  Γ£ö gsd-session-state.sh local command uses localPrefix (not bare dirName) (0.7234ms)
  Γ£ö gsd-phase-boundary.sh local command uses localPrefix (not bare dirName) (0.9305ms)
  Γ£ö no local hook command uses bare dirName + /hooks/ (4.8032ms)
Γ£ö bug #1906: local hook commands use $CLAUDE_PROJECT_DIR (21.333ms)

[36m   ΓûêΓûêΓûêΓûêΓûêΓûêΓòù ΓûêΓûêΓûêΓûêΓûêΓûêΓûêΓòùΓûêΓûêΓûêΓûêΓûêΓûêΓòù
  ΓûêΓûêΓòöΓòÉΓòÉΓòÉΓòÉΓò¥ ΓûêΓûêΓòöΓòÉΓòÉΓòÉΓòÉΓò¥ΓûêΓûêΓòöΓòÉΓòÉΓûêΓûêΓòù
  ΓûêΓûêΓòæ  ΓûêΓûêΓûêΓòùΓûêΓûêΓûêΓûêΓûêΓûêΓûêΓòùΓûêΓûêΓòæ  ΓûêΓûêΓòæ
  ΓûêΓûêΓòæ   ΓûêΓûêΓòæΓòÜΓòÉΓòÉΓòÉΓòÉΓûêΓûêΓòæΓûêΓûêΓòæ  ΓûêΓûêΓòæ
  ΓòÜΓûêΓûêΓûêΓûêΓûêΓûêΓòöΓò¥ΓûêΓûêΓûêΓûêΓûêΓûêΓûêΓòæΓûêΓûêΓûêΓûêΓûêΓûêΓòöΓò¥
   ΓòÜΓòÉΓòÉΓòÉΓòÉΓòÉΓò¥ ΓòÜΓòÉΓòÉΓòÉΓòÉΓòÉΓòÉΓò¥ΓòÜΓòÉΓòÉΓòÉΓòÉΓòÉΓò¥[0m

  Get Shit Done [2mv1.36.0[0m
  A meta-prompting, context engineering and spec-driven
  development system for Claude Code, OpenCode, Gemini, Kilo, Codex, Copilot, Antigravity, Cursor, Windsurf, Augment, Trae, Qwen Code, Cline and CodeBuddy by T├éCHES.

  Uninstalling GSD from [36mClaude Code[0m at [36m~\AppData\Local\Temp\gsd-uninstall-test-WavOaw[0m

  [32mΓ£ô[0m Removed get-shit-done/
  [32mΓ£ô[0m Removed 1 GSD agents
  [32mΓ£ô[0m Removed gsd-file-manifest.json

  [32mDone![0m GSD has been uninstalled from Claude Code.
  Your other files and settings have been preserved.

  Uninstalling GSD from [36mClaude Code[0m at [36m.\.claude[0m

  [32mΓ£ô[0m Removed get-shit-done/
  [32mΓ£ô[0m Removed gsd-file-manifest.json

  [32mDone![0m GSD has been uninstalled from Claude Code.
  Your other files and settings have been preserved.

Γû╢ uninstall ΓÇö manifest cleanup (#1908)
  Γ£ö gsd-file-manifest.json is removed after global uninstall (20.274ms)
  Γ£ö gsd-file-manifest.json is removed after local uninstall (21.1046ms)
Γ£ö uninstall ΓÇö manifest cleanup (#1908) (44.2035ms)

[36m   ΓûêΓûêΓûêΓûêΓûêΓûêΓòù ΓûêΓûêΓûêΓûêΓûêΓûêΓûêΓòùΓûêΓûêΓûêΓûêΓûêΓûêΓòù
  ΓûêΓûêΓòöΓòÉΓòÉΓòÉΓòÉΓò¥ ΓûêΓûêΓòöΓòÉΓòÉΓòÉΓòÉΓò¥ΓûêΓûêΓòöΓòÉΓòÉΓûêΓûêΓòù
  ΓûêΓûêΓòæ  ΓûêΓûêΓûêΓòùΓûêΓûêΓûêΓûêΓûêΓûêΓûêΓòùΓûêΓûêΓòæ  ΓûêΓûêΓòæ
  ΓûêΓûêΓòæ   ΓûêΓûêΓòæΓòÜΓòÉΓòÉΓòÉΓòÉΓûêΓûêΓòæΓûêΓûêΓòæ  ΓûêΓûêΓòæ
  ΓòÜΓûêΓûêΓûêΓûêΓûêΓûêΓòöΓò¥ΓûêΓûêΓûêΓûêΓûêΓûêΓûêΓòæΓûêΓûêΓûêΓûêΓûêΓûêΓòöΓò¥
   ΓòÜΓòÉΓòÉΓòÉΓòÉΓòÉΓò¥ ΓòÜΓòÉΓòÉΓòÉΓòÉΓòÉΓòÉΓò¥ΓòÜΓòÉΓòÉΓòÉΓòÉΓòÉΓò¥[0m

  Get Shit Done [2mv1.36.0[0m
  A meta-prompting, context engineering and spec-driven
  development system for Claude Code, OpenCode, Gemini, Kilo, Codex, Copilot, Antigravity, Cursor, Windsurf, Augment, Trae, Qwen Code, Cline and CodeBuddy by T├éCHES.

Γû╢ #1924: USER-PROFILE.md preserved across re-install (global Claude)
  Γ£ö USER-PROFILE.md exists after initial install + user creation (2539.1187ms)
  Γ£ö USER-PROFILE.md is preserved after re-install (5561.4291ms)
  Γ£ö USER-PROFILE.md is preserved even when get-shit-done/ is wiped and recreated (5503.7492ms)
Γ£ö #1924: USER-PROFILE.md preserved across re-install (global Claude) (13605.8586ms)
Γû╢ #1924: dev-preferences.md preserved across re-install (global Claude)
  Γ£ö dev-preferences.md is preserved when commands/gsd/ is cleaned up during re-install (6893.3645ms)
  Γ£ö legacy non-user GSD commands are still cleaned up during re-install (5400.0382ms)
Γ£ö #1924: dev-preferences.md preserved across re-install (global Claude) (12293.8841ms)
Γû╢ #1924: profile-user.md backup path must be outside get-shit-done/
  Γ£ö profile-user.md backup uses ~/.claude/USER-PROFILE.backup.md not ~/.claude/get-shit-done/USER-PROFILE.backup.md (0.9048ms)
Γ£ö #1924: profile-user.md backup path must be outside get-shit-done/ (1.2295ms)
Γû╢ #1924: preserveUserArtifacts helper exists in install.js
  Γ£ö install.js exports preserveUserArtifacts function (18.9012ms)
Γ£ö #1924: preserveUserArtifacts helper exists in install.js (19.181ms)
Γû╢ bug #1962: normalizePhaseName preserves letter suffix case
  Γ£ö lowercase suffix preserved: 16c ΓåÆ 16c (3.8335ms)
  Γ£ö uppercase suffix preserved: 16C ΓåÆ 16C (0.779ms)
  Γ£ö single digit padded with lowercase suffix: 1a ΓåÆ 01a (0.3766ms)
  Γ£ö single digit padded with uppercase suffix: 1A ΓåÆ 01A (0.3139ms)
  Γ£ö no suffix unchanged: 16 ΓåÆ 16 (0.2888ms)
  Γ£ö decimal suffix preserved: 16.1 ΓåÆ 16.1 (2.276ms)
  Γ£ö letter + decimal preserved: 16c.2 ΓåÆ 16c.2 (0.411ms)
  Γ£ö project code prefix stripped, suffix case preserved: CK-01a ΓåÆ 01a (0.3657ms)
Γ£ö bug #1962: normalizePhaseName preserves letter suffix case (12.8165ms)
Γû╢ buildStateFrontmatter cache invalidation (#1967)
  Γ£ö writeStateMd invalidates cache so subsequent reads see new disk state (46.4593ms)
Γ£ö buildStateFrontmatter cache invalidation (#1967) (48.5599ms)
Γû╢ #1974 context exhaustion auto-record
  Γ£ö spawns subprocess and writes Stopped At field on CRITICAL with active GSD (1060.5986ms)
  Γ£ö does NOT spawn subprocess when .planning/STATE.md is absent (767.2761ms)
  Γ£ö sentinel prevents repeated firing within same session (1441.9069ms)
  Γ£ö hook uses __dirname-based path (runtime-agnostic) (10.6919ms)
Γ£ö #1974 context exhaustion auto-record (3283.1469ms)
[gsd-tools] WARNING: STATE.md field "Current Phase" (fallback: "Phase") not found ΓÇö update skipped. This may indicate STATE.md was externally modified or uses an unexpected format.
[gsd-tools] WARNING: STATE.md field "Current Plan" (fallback: "Plan") not found ΓÇö update skipped. This may indicate STATE.md was externally modified or uses an unexpected format.
[gsd-tools] WARNING: STATE.md field "Last Activity" (fallback: "Last activity") not found ΓÇö update skipped. This may indicate STATE.md was externally modified or uses an unexpected format.
[gsd-tools] WARNING: STATE.md field "Last Activity Description" not found ΓÇö update skipped. This may indicate STATE.md was externally modified or uses an unexpected format.
[gsd-tools] WARNING: STATE.md field "Current Phase" (fallback: "Phase") not found ΓÇö update skipped. This may indicate STATE.md was externally modified or uses an unexpected format.
[gsd-tools] WARNING: STATE.md field "Current Plan" (fallback: "Plan") not found ΓÇö update skipped. This may indicate STATE.md was externally modified or uses an unexpected format.
[gsd-tools] WARNING: STATE.md field "Last Activity" (fallback: "Last activity") not found ΓÇö update skipped. This may indicate STATE.md was externally modified or uses an unexpected format.
[gsd-tools] WARNING: STATE.md field "Last Activity Description" not found ΓÇö update skipped. This may indicate STATE.md was externally modified or uses an unexpected format.
Γû╢ bug #1998: phase complete updates overview checkbox
  Γ£ö checkbox updated when no archived milestones exist (338.202ms)
  Γ£ö checkbox updated when archived milestones exist in <details> (262.4969ms)
Γ£ö bug #1998: phase complete updates overview checkbox (602.9377ms)
Γû╢ bug #2002: offer_next checks CONTEXT.md before suggesting next step
  Γ£ö setup: workflow file is readable (3.1387ms)
  Γ£ö offer_next section checks for CONTEXT.md existence (0.8616ms)
  Γ£ö offer_next presents /gsd-discuss-phase when CONTEXT.md does not exist (0.85ms)
  Γ£ö offer_next presents /gsd-plan-phase when CONTEXT.md exists (0.5062ms)
  Γ£ö offer_next section contains at least one conditional guard before listing commands (0.4773ms)
Γ£ö bug #2002: offer_next checks CONTEXT.md before suggesting next step (9.1335ms)
Γû╢ bug #2004: pr-branch preserves structural planning commits
  Γ£ö setup: pr-branch workflow is readable (2.9126ms)
  Γ£ö workflow distinguishes structural vs transient planning commits (0.6464ms)
  Γ£ö workflow lists STATE.md and ROADMAP.md as structural files to preserve (0.2827ms)
  Γ£ö workflow lists MILESTONES.md or milestones/ as structural files to preserve (0.6261ms)
  Γ£ö workflow has four commit categories (code, planning-only, mixed, structural) (2.0798ms)
  Γ£ö create_pr_branch step does not rm -r --cached all of .planning/ (1.0017ms)
Γ£ö bug #2004: pr-branch preserves structural planning commits (10.6139ms)
[gsd-tools] WARNING: STATE.md field "Current Phase" (fallback: "Phase") not found ΓÇö update skipped. This may indicate STATE.md was externally modified or uses an unexpected format.
[gsd-tools] WARNING: STATE.md field "Current Phase Name" not found ΓÇö update skipped. This may indicate STATE.md was externally modified or uses an unexpected format.
[gsd-tools] WARNING: STATE.md field "Current Plan" (fallback: "Plan") not found ΓÇö update skipped. This may indicate STATE.md was externally modified or uses an unexpected format.
[gsd-tools] WARNING: STATE.md field "Last Activity" (fallback: "Last activity") not found ΓÇö update skipped. This may indicate STATE.md was externally modified or uses an unexpected format.
[gsd-tools] WARNING: STATE.md field "Last Activity Description" not found ΓÇö update skipped. This may indicate STATE.md was externally modified or uses an unexpected format.
[gsd-tools] WARNING: STATE.md field "Current Phase" (fallback: "Phase") not found ΓÇö update skipped. This may indicate STATE.md was externally modified or uses an unexpected format.
[gsd-tools] WARNING: STATE.md field "Current Phase Name" not found ΓÇö update skipped. This may indicate STATE.md was externally modified or uses an unexpected format.
[gsd-tools] WARNING: STATE.md field "Current Plan" (fallback: "Plan") not found ΓÇö update skipped. This may indicate STATE.md was externally modified or uses an unexpected format.
[gsd-tools] WARNING: STATE.md field "Last Activity" (fallback: "Last activity") not found ΓÇö update skipped. This may indicate STATE.md was externally modified or uses an unexpected format.
[gsd-tools] WARNING: STATE.md field "Last Activity Description" not found ΓÇö update skipped. This may indicate STATE.md was externally modified or uses an unexpected format.
Γû╢ bug #2005: phase complete updates plan count when milestone is inside <details>
  Γ£ö plan count is updated when current milestone is wrapped in <details> (335.2213ms)
  Γ£ö phase complete with all milestones in <details> does not corrupt phase 2 plan count (308.9632ms)
Γ£ö bug #2005: phase complete updates plan count when milestone is inside <details> (646.5364ms)
Γû╢ worktree_branch_check must use reset --hard not reset --soft (#2015)
  Γ£ö execute-phase.md worktree_branch_check does not use reset --soft (3.0567ms)
  Γ£ö execute-phase.md worktree_branch_check uses reset --hard for base correction (1.2439ms)
  Γ£ö quick.md worktree_branch_check does not use reset --soft (0.9726ms)
  Γ£ö quick.md worktree_branch_check uses reset --hard for base correction (2.6612ms)
Γ£ö worktree_branch_check must use reset --hard not reset --soft (#2015) (10.5515ms)
Γû╢ bug-2075: worktree deletion safeguards
  Γû╢ Failure Mode B: git clean prohibition in executor agent
    Γ£ö gsd-executor.md explicitly prohibits git clean in worktree context (4.0456ms)
    Γ£ö gsd-executor.md git clean prohibition explains the worktree data-loss risk (1.2868ms)
  Γ£ö Failure Mode B: git clean prohibition in executor agent (7.365ms)
  Γû╢ Failure Mode A: worktree_branch_check audit across all worktree-spawning workflows
    Γ£ö execute-phase.md has worktree_branch_check block with --hard reset (1.8234ms)
    Γ£ö quick.md has worktree_branch_check block with --hard reset (1.0101ms)
    Γ£ö diagnose-issues.md has worktree_branch_check instruction for spawned agents (0.7249ms)
  Γ£ö Failure Mode A: worktree_branch_check audit across all worktree-spawning workflows (4.061ms)
  Γû╢ Defense-in-depth: post-commit deletion check (from #1977)
    Γ£ö gsd-executor.md task_commit_protocol has post-commit deletion verification (0.8194ms)
  Γ£ö Defense-in-depth: post-commit deletion check (from #1977) (1.1262ms)
  Γû╢ Defense-in-depth: pre-merge deletion check (from #1977)
    Γ£ö execute-phase.md worktree merge section has pre-merge deletion check (1.2167ms)
    Γ£ö quick.md worktree merge section has pre-merge deletion check (3.1873ms)
  Γ£ö Defense-in-depth: pre-merge deletion check (from #1977) (4.7971ms)
Γ£ö bug-2075: worktree deletion safeguards (18.7682ms)
Γû╢ bug #2136 part 1: bash hook sources carry gsd-hook-version placeholder
  Γ£ö gsd-phase-boundary.sh contains "# gsd-hook-version: {{GSD_VERSION}}" (2.0978ms)
  Γ£ö gsd-session-state.sh contains "# gsd-hook-version: {{GSD_VERSION}}" (0.7744ms)
  Γ£ö gsd-validate-commit.sh contains "# gsd-hook-version: {{GSD_VERSION}}" (0.7877ms)
  Γ£û version header is on line 2 (immediately after shebang) (2.9048ms)
Γ£û bug #2136 part 1: bash hook sources carry gsd-hook-version placeholder (8.399ms)
Γû╢ bug #2136 part 2: stale-hook detector handles bash comment syntax
  Γ£ö version regex in source matches "#" comment syntax in addition to "//" (0.6121ms)
  Γ£ö version regex does not use the old JS-only form as the sole pattern (0.4094ms)
  Γ£ö version regex correctly matches both bash and JS hook version headers (0.6265ms)
Γ£ö bug #2136 part 2: stale-hook detector handles bash comment syntax (2.9744ms)
Γû╢ bug #2136 part 3a: install.js bundled path substitutes {{GSD_VERSION}} in .sh hooks
  Γ£ö .sh branch in bundled hook copy loop reads file and substitutes GSD_VERSION (0.917ms)
Γ£ö bug #2136 part 3a: install.js bundled path substitutes {{GSD_VERSION}} in .sh hooks (4.2024ms)
Γû╢ bug #2136 part 3b: install.js Codex path substitutes {{GSD_VERSION}} in .sh hooks
  Γ£ö .sh branch in Codex hook copy block substitutes GSD_VERSION (2.6911ms)
Γ£ö bug #2136 part 3b: install.js Codex path substitutes {{GSD_VERSION}} in .sh hooks (5.7494ms)
Γû╢ bug #2136 part 4: installed .sh hooks contain stamped concrete version
  Γ£ö installed .sh hooks contain a concrete version string, not the template placeholder (3088.0445ms)
  Γ£ö stale-hook detector reports zero stale bash hooks immediately after fresh install (2648.3882ms)
Γ£ö bug #2136 part 4: installed .sh hooks contain stamped concrete version (5736.8066ms)
Γû╢ common-bug-patterns.md reference
  Γ£ö reference file exists (1.9907ms)
  Γ£ö has title and intro (0.8701ms)
  Γ£ö contains at least 5 of 10 expected categories (4.2201ms)
  Γ£ö each pattern category has at least one bold bullet item (1.2082ms)
Γ£ö common-bug-patterns.md reference (10.8564ms)
Γû╢ debugger agent references bug patterns
  Γ£ö gsd-debugger.md exists (0.7314ms)
  Γ£ö gsd-debugger.md references common-bug-patterns.md (1.1718ms)
  Γ£ö reference is inside <required_reading> block (1.2972ms)
Γ£ö debugger agent references bug patterns (4.146ms)
Γû╢ #1656: community .sh hooks must be present in hooks/dist
  Γ£ö gsd-session-state.sh exists in hooks/dist (2.6895ms)
  Γ£ö gsd-validate-commit.sh exists in hooks/dist (0.5561ms)
  Γ£ö gsd-phase-boundary.sh exists in hooks/dist (2.5477ms)
Γ£ö #1656: community .sh hooks must be present in hooks/dist (242.7202ms)
Γû╢ #1657: SDK prompt must not appear in installer source
  Γ£ö install.js does not contain promptSdk call (4.0891ms)
  Γ£ö install.js does not contain --sdk flag handling (0.5324ms)
Γ£ö #1657: SDK prompt must not appear in installer source (5.0671ms)
Γû╢ plan-phase chain flag preservation (#1620)
  Γ£ö plan-phase sync-flag guard checks both --auto AND --chain (2.6904ms)
  Γ£ö plan-phase persists chain flag to config before auto-advancing (2.1466ms)
  Γ£ö plan-phase and discuss-phase use the same guard pattern for clearing _auto_chain_active (1.5635ms)
  Γ£ö plan-phase auto-advance trigger includes --chain flag (1.1447ms)
  Γ£ö plan-phase parses both --auto and --chain flags (2.6049ms)
Γ£ö plan-phase chain flag preservation (#1620) (12.8353ms)
Γû╢ detectConfigDir search order (#1860)
  Γ£ö .claude appears before .config/opencode in the search array (2.4104ms)
Γ£ö detectConfigDir search order (#1860) (5.1972ms)
Γû╢ detectConfigDir runtime behavior (#1860)
  Γ£ö returns .claude config dir when both .claude and .config/opencode exist (244.0911ms)
  Γ£ö falls back to .config/opencode when .claude does not exist (244.8634ms)
Γ£ö detectConfigDir runtime behavior (#1860) (489.5029ms)
Γû╢ claude_md_path config key
  Γ£ö claude_md_path is in VALID_CONFIG_KEYS (32.9331ms)
  Γ£ö config template includes claude_md_path (9.9344ms)
  Γ£ö config-get claude_md_path returns default value when not set (280.6814ms)
  Γ£ö config-set claude_md_path works (556.1404ms)
  Γ£ö buildNewProjectConfig includes claude_md_path default (250.6861ms)
Γ£ö claude_md_path config key (1133.5267ms)
Γû╢ cmdGenerateClaudeProfile reads claude_md_path from config
  Γ£ö uses claude_md_path from config when no --output or --global (366.5743ms)
  Γ£ö --output flag overrides claude_md_path from config (224.7703ms)
Γ£ö cmdGenerateClaudeProfile reads claude_md_path from config (592.0838ms)
Γû╢ cmdGenerateClaudeMd reads claude_md_path from config
  Γ£ö uses claude_md_path from config when no --output (386.6994ms)
  Γ£ö --output flag overrides claude_md_path from config (241.0867ms)
  Γ£ö defaults to ./CLAUDE.md when config has no claude_md_path (373.9006ms)
Γ£ö cmdGenerateClaudeMd reads claude_md_path from config (1002.4234ms)
Γû╢ generate-claude-md
  Γ£ö creates CLAUDE.md with workflow enforcement section (378.5696ms)
  Γ£ö adds workflow enforcement section when updating an existing CLAUDE.md (281.2146ms)
Γ£ö generate-claude-md (662.0133ms)
Γû╢ new-project workflow includes CLAUDE.md generation
  Γ£ö new-project workflow generates instruction file before final commit (1.2046ms)
  Γ£ö new-project artifacts reference instruction file variable (2.9582ms)
Γ£ö new-project workflow includes CLAUDE.md generation (4.6452ms)
Γû╢ generate-claude-md skills section
  Γ£ö includes skills fallback when no skills directories exist (240.3192ms)
  Γ£ö discovers skills from .claude/skills/ directory (312.2008ms)
  Γ£ö discovers skills from .agents/skills/ directory (374.8776ms)
  Γ£ö discovers skills from .codex/skills/ directory and ignores deprecated import-only roots (342.929ms)
  Γ£ö skips gsd- prefixed skill directories (637.5152ms)
  Γ£ö handles multi-line description in frontmatter (285.8174ms)
  Γ£ö deduplicates skills found in multiple directories (350.2557ms)
  Γ£ö updates existing skills section on regeneration (601.1865ms)
  Γ£ö skills section appears between architecture and workflow (266.4133ms)
Γ£ö generate-claude-md skills section (3413.312ms)

[36m   ΓûêΓûêΓûêΓûêΓûêΓûêΓòù ΓûêΓûêΓûêΓûêΓûêΓûêΓûêΓòùΓûêΓûêΓûêΓûêΓûêΓûêΓòù
  ΓûêΓûêΓòöΓòÉΓòÉΓòÉΓòÉΓò¥ ΓûêΓûêΓòöΓòÉΓòÉΓòÉΓòÉΓò¥ΓûêΓûêΓòöΓòÉΓòÉΓûêΓûêΓòù
  ΓûêΓûêΓòæ  ΓûêΓûêΓûêΓòùΓûêΓûêΓûêΓûêΓûêΓûêΓûêΓòùΓûêΓûêΓòæ  ΓûêΓûêΓòæ
  ΓûêΓûêΓòæ   ΓûêΓûêΓòæΓòÜΓòÉΓòÉΓòÉΓòÉΓûêΓûêΓòæΓûêΓûêΓòæ  ΓûêΓûêΓòæ
  ΓòÜΓûêΓûêΓûêΓûêΓûêΓûêΓòöΓò¥ΓûêΓûêΓûêΓûêΓûêΓûêΓûêΓòæΓûêΓûêΓûêΓûêΓûêΓûêΓòöΓò¥
   ΓòÜΓòÉΓòÉΓòÉΓòÉΓòÉΓò¥ ΓòÜΓòÉΓòÉΓòÉΓòÉΓòÉΓòÉΓò¥ΓòÜΓòÉΓòÉΓòÉΓòÉΓòÉΓò¥[0m

  Get Shit Done [2mv1.36.0[0m
  A meta-prompting, context engineering and spec-driven
  development system for Claude Code, OpenCode, Gemini, Kilo, Codex, Copilot, Antigravity, Cursor, Windsurf, Augment, Trae, Qwen Code, Cline and CodeBuddy by T├éCHES.

Γû╢ convertClaudeCommandToClaudeSkill
  Γ£ö preserves allowed-tools multiline YAML list (2.2878ms)
  Γ£ö preserves argument-hint (0.9256ms)
  Γ£ö converts name format from gsd:xxx to skill naming (1.434ms)
  Γ£ö preserves body content unchanged (0.6343ms)
  Γ£ö preserves agent field (0.4764ms)
  Γ£ö handles content with no frontmatter (0.3665ms)
  Γ£ö preserves allowed-tools as multiline YAML list (not flattened) (0.5948ms)
Γ£ö convertClaudeCommandToClaudeSkill (12.7102ms)
Γû╢ copyCommandsAsClaudeSkills
  Γ£ö creates correct directory structure skills/gsd-xxx/SKILL.md (21.8196ms)
  Γ£ö cleans up old skills before installing new ones (15.0967ms)
  Γ£ö does not remove non-GSD skills (15.928ms)
  Γ£ö handles recursive subdirectories (14.3843ms)
  Γ£ö no-ops when source directory does not exist (2.1173ms)
Γ£ö copyCommandsAsClaudeSkills (70.1481ms)
Γû╢ copyCommandsAsClaudeSkills path replacement (#1653)
  Γ£ö replaces ~/.claude/ paths with pathPrefix on local install (15.6018ms)
  Γ£ö replaces $HOME/.claude/ paths with pathPrefix (13.76ms)
  Γ£ö global install preserves $HOME/.claude/ when pathPrefix matches (15.372ms)
Γ£ö copyCommandsAsClaudeSkills path replacement (#1653) (45.148ms)
Γû╢ Legacy commands/gsd/ cleanup
  Γ£ö install removes legacy commands/gsd/ directory when present (41.2304ms)
Γ£ö Legacy commands/gsd/ cleanup (41.5233ms)
Γû╢ writeManifest tracks skills/ for Claude
  Γ£ö manifest includes skills/gsd-xxx/SKILL.md entries for Claude runtime (50.9477ms)
Γ£ö writeManifest tracks skills/ for Claude (51.2449ms)
Γû╢ Claude skills migration exports
  Γ£ö convertClaudeCommandToClaudeSkill is exported (0.3933ms)
  Γ£ö copyCommandsAsClaudeSkills is exported (0.2144ms)
Γ£ö Claude skills migration exports (0.8226ms)

[36m   ΓûêΓûêΓûêΓûêΓûêΓûêΓòù ΓûêΓûêΓûêΓûêΓûêΓûêΓûêΓòùΓûêΓûêΓûêΓûêΓûêΓûêΓòù
  ΓûêΓûêΓòöΓòÉΓòÉΓòÉΓòÉΓò¥ ΓûêΓûêΓòöΓòÉΓòÉΓòÉΓòÉΓò¥ΓûêΓûêΓòöΓòÉΓòÉΓûêΓûêΓòù
  ΓûêΓûêΓòæ  ΓûêΓûêΓûêΓòùΓûêΓûêΓûêΓûêΓûêΓûêΓûêΓòùΓûêΓûêΓòæ  ΓûêΓûêΓòæ
  ΓûêΓûêΓòæ   ΓûêΓûêΓòæΓòÜΓòÉΓòÉΓòÉΓòÉΓûêΓûêΓòæΓûêΓûêΓòæ  ΓûêΓûêΓòæ
  ΓòÜΓûêΓûêΓûêΓûêΓûêΓûêΓòöΓò¥ΓûêΓûêΓûêΓûêΓûêΓûêΓûêΓòæΓûêΓûêΓûêΓûêΓûêΓûêΓòöΓò¥
   ΓòÜΓòÉΓòÉΓòÉΓòÉΓòÉΓò¥ ΓòÜΓòÉΓòÉΓòÉΓòÉΓòÉΓòÉΓò¥ΓòÜΓòÉΓòÉΓòÉΓòÉΓòÉΓò¥[0m

  Get Shit Done [2mv1.36.0[0m
  A meta-prompting, context engineering and spec-driven
  development system for Claude Code, OpenCode, Gemini, Kilo, Codex, Copilot, Antigravity, Cursor, Windsurf, Augment, Trae, Qwen Code, Cline and CodeBuddy by T├éCHES.

  Installing for [36mCline[0m to [36m.[0m

  [32mΓ£ô[0m Cline: commands will be available via .clinerules
  [32mΓ£ô[0m Installed get-shit-done
  [32mΓ£ô[0m Installed agents
  [32mΓ£ô[0m Installed CHANGELOG.md
  [32mΓ£ô[0m Wrote VERSION (1.36.0)
  [32mΓ£ô[0m Wrote file manifest (gsd-file-manifest.json)

  [33mΓÜá[0m  Found 1 unreplaced .claude path reference(s) in 1 file(s):
     [2mC:\Users\akriz\AppData\Local\Temp\gsd-cline-test-L2PVsy\get-shit-done\workflows\update.md[0m (1)
  [2mThese paths may not resolve correctly for Cline.[0m
  [32mΓ£ô[0m Wrote .clinerules
  Installing for [36mCline[0m to [36m.[0m

  [32mΓ£ô[0m Cline: commands will be available via .clinerules
  [32mΓ£ô[0m Installed get-shit-done
  [32mΓ£ô[0m Installed agents
  [32mΓ£ô[0m Installed CHANGELOG.md
  [32mΓ£ô[0m Wrote VERSION (1.36.0)
  [32mΓ£ô[0m Wrote file manifest (gsd-file-manifest.json)

  [33mΓÜá[0m  Found 1 unreplaced .claude path reference(s) in 1 file(s):
     [2mC:\Users\akriz\AppData\Local\Temp\gsd-cline-test-X7NAy5\get-shit-done\workflows\update.md[0m (1)
  [2mThese paths may not resolve correctly for Cline.[0m
  [32mΓ£ô[0m Wrote .clinerules
  Installing for [36mCline[0m to [36m.[0m

  [32mΓ£ô[0m Cline: commands will be available via .clinerules
  [32mΓ£ô[0m Installed get-shit-done
  [32mΓ£ô[0m Installed agents
  [32mΓ£ô[0m Installed CHANGELOG.md
  [32mΓ£ô[0m Wrote VERSION (1.36.0)
  [32mΓ£ô[0m Wrote file manifest (gsd-file-manifest.json)

  [33mΓÜá[0m  Found 1 unreplaced .claude path reference(s) in 1 file(s):
     [2mC:\Users\akriz\AppData\Local\Temp\gsd-cline-test-oAEEl5\get-shit-done\workflows\update.md[0m (1)
  [2mThese paths may not resolve correctly for Cline.[0m
  [32mΓ£ô[0m Wrote .clinerules

  [32mDone![0m Open a blank directory in Cline and run [36m/gsd-new-project[0m.

  [36mJoin the community:[0m https://discord.gg/mYgfVNfA2r


  [32mDone![0m Open a blank directory in Cline and run [36m/gsd-new-project[0m.

  [36mJoin the community:[0m https://discord.gg/mYgfVNfA2r

  Installing for [36mCline[0m to [36m.[0m

  [32mΓ£ô[0m Cline: commands will be available via .clinerules
  [32mΓ£ô[0m Installed get-shit-done
  [32mΓ£ô[0m Installed agents
  [32mΓ£ô[0m Installed CHANGELOG.md
  [32mΓ£ô[0m Wrote VERSION (1.36.0)
  [32mΓ£ô[0m Wrote file manifest (gsd-file-manifest.json)

  [33mΓÜá[0m  Found 1 unreplaced .claude path reference(s) in 1 file(s):
     [2mC:\Users\akriz\AppData\Local\Temp\gsd-cline-test-uvutkS\get-shit-done\workflows\update.md[0m (1)
  [2mThese paths may not resolve correctly for Cline.[0m
  [32mΓ£ô[0m Wrote .clinerules
Γû╢ Cline runtime directory mapping
  Γ£ö getDirName returns .cline for local installs (2.374ms)
  Γ£ö getGlobalDir returns ~/.cline for global installs (0.7318ms)
  Γ£ö getConfigDirFromHome returns .cline fragment (0.4908ms)
Γ£ö Cline runtime directory mapping (6.2978ms)
Γû╢ getGlobalDir (Cline)
  Γ£ö returns ~/.cline with no env var or explicit dir (3.0561ms)
  Γ£ö returns explicit dir when provided (1.0258ms)
  Γ£ö respects CLINE_CONFIG_DIR env var (1.7081ms)
  Γ£ö explicit dir takes priority over CLINE_CONFIG_DIR (1.3579ms)
  Γ£ö does not break other runtimes (1.1882ms)
Γ£ö getGlobalDir (Cline) (10.2833ms)
Γû╢ Cline markdown conversion
  Γ£ö convertClaudeToCliineMarkdown exists and is a function (0.4703ms)
  Γ£ö replaces Claude Code brand with Cline (0.9377ms)
  Γ£ö replaces .claude/ paths with .cline/ (0.4808ms)
  Γ£ö replaces CLAUDE.md references (0.2856ms)
  Γ£ö replaces .claude/skills/ with .cline/skills/ (0.1778ms)
Γ£ö Cline markdown conversion (2.8611ms)
Γû╢ Cline install (local)
  Γ£ö install creates .clinerules file (2101.6762ms)
  Γ£ö .clinerules contains GSD instructions (1850.1416ms)
  Γ£ö install creates get-shit-done engine directory (2490.3183ms)
  Γ£ö finishInstall does not throw ERR_INVALID_ARG_TYPE for cline runtime (regression: null settingsPath guard) (4.3054ms)
  Γ£ö settings.json is not written for cline runtime (3.1858ms)
  Γ£ö installed engine files have no leaked .claude paths (2248.344ms)
Γ£ö Cline install (local) (8698.6782ms)
Γû╢ Cline runtime support
  Γ£ö .clinerules file exists at repo root (2.3902ms)
  Γ£ö .clinerules references GSD workflow enforcement (0.7937ms)
  Γ£ö .clinerules includes coding standards (0.8268ms)
  Γ£ö .clinerules includes architecture overview (0.7882ms)
Γ£ö Cline runtime support (7.2241ms)
Γû╢ code_review_command config key
  Γ£ö workflow.code_review_command is in VALID_CONFIG_KEYS (19.3811ms)
  Γ£ö config-set accepts workflow.code_review_command (304.856ms)
Γ£ö code_review_command config key (326.7651ms)
Γû╢ config template
  Γ£ö config.json template has code_review_command under workflow section (0.8325ms)
Γ£ö config template (1.1229ms)
Γû╢ ship workflow code_review_command integration
  Γ£ö ship.md contains code_review_command config check (0.6549ms)
  Γ£ö ship.md has external review sub-step that reads config (0.3209ms)
  Γ£ö ship.md generates diff against base branch for review (0.3057ms)
  Γ£ö ship.md has JSON parsing for external review output (0.3794ms)
  Γ£ö ship.md has timeout handling for external review command (120s) (0.3083ms)
  Γ£ö ship.md has stderr capture on failure (0.3266ms)
  Γ£ö ship.md pipes review prompt to command via stdin (0.4036ms)
  Γ£ö ship.md includes diff stats in review prompt (0.2476ms)
  Γ£ö ship.md falls through to existing review flow on failure (0.4886ms)
Γ£ö ship workflow code_review_command integration (4.339ms)
Γû╢ code-review SUMMARY.md YAML parser
  Γ£ö RED: buggy parser mis-classifies decisions entries as files (demonstrates the bug) (2.5041ms)
  Γ£ö GREEN: fixed parser returns only the actual file paths (2.2416ms)
  Γ£ö fixed parser: modified-only frontmatter with top-level sibling keys (0.3733ms)
  Γ£ö fixed parser: created-only frontmatter with top-level sibling keys (0.3115ms)
  Γ£ö fixed parser: no key_files section returns empty array (0.2298ms)
Γ£ö code-review SUMMARY.md YAML parser (8.983ms)
Γû╢ CR-AGENT: code review agent frontmatter
  Γ£ö gsd-code-reviewer.md has required frontmatter fields (2.6697ms)
  Γ£ö gsd-code-fixer.md has required frontmatter fields (1.0056ms)
  Γ£ö gsd-code-reviewer.md has Read, Bash, Glob, Grep, Write tools (0.9055ms)
  Γ£ö gsd-code-fixer.md has Read, Edit, Write, Bash, Grep, Glob tools (1.0465ms)
  Γ£ö gsd-code-reviewer.md does not have skills: in frontmatter (1.0933ms)
  Γ£ö gsd-code-fixer.md does not have skills: in frontmatter (2.515ms)
  Γ£ö gsd-code-fixer.md rollback uses git checkout (not Write tool) (0.7614ms)
  Γ£ö gsd-code-fixer.md success_criteria consistent with rollback strategy (git checkout) (0.8252ms)
  Γ£ö gsd-code-fixer.md flags logic-bug fixes for human review (0.7647ms)
  Γ£ö gsd-code-reviewer.md REVIEW.md spec includes files_reviewed_list field (0.8034ms)
Γ£ö CR-AGENT: code review agent frontmatter (15.4528ms)
Γû╢ CR-CMD: code review command structure
  Γ£ö code-review.md has correct frontmatter name: gsd:code-review (0.7997ms)
  Γ£ö code-review-fix.md has correct frontmatter name: gsd:code-review-fix (0.5606ms)
  Γ£ö code-review.md references workflow: code-review.md (0.58ms)
  Γ£ö code-review-fix.md references workflow: code-review-fix.md (0.5188ms)
  Γ£ö code-review.md has argument-hint in frontmatter (0.5105ms)
  Γ£ö code-review-fix.md has argument-hint in frontmatter (0.5456ms)
  Γ£ö code-review.md has allowed-tools in frontmatter (0.512ms)
  Γ£ö code-review-fix.md has allowed-tools in frontmatter (0.5276ms)
Γ£ö CR-CMD: code review command structure (5.1141ms)
Γû╢ CR-WORKFLOW: code review workflow structure
  Γ£ö code-review.md workflow has <step name="initialize"> (0.6725ms)
  Γ£ö code-review.md workflow has <step name="check_config_gate"> (0.7654ms)
  Γ£ö code-review.md workflow references gsd-code-reviewer agent (0.704ms)
  Γ£ö code-review-fix.md workflow has <step name="initialize"> (0.7879ms)
  Γ£ö code-review-fix.md workflow references gsd-code-fixer agent (0.7938ms)
  Γ£ö code-review-fix.md workflow has iteration cap (0.8086ms)
  Γ£ö code-review.md --files path traversal guard rejects paths outside repo (0.7808ms)
  Γ£ö code-review.md uses portable while-read loop for array dedup (not mapfile) (0.9808ms)
  Γ£ö code-review-fix.md uses portable while-read loop for array construction (not mapfile) (0.8685ms)
Γ£ö CR-WORKFLOW: code review workflow structure (7.8998ms)
Γû╢ CR-CONFIG: config key registration
  Γ£ö config.cjs contains workflow.code_review key (0.9285ms)
  Γ£ö config.cjs contains workflow.code_review_depth key (0.5639ms)
  Γ£ö gsd-tools config-get workflow.code_review succeeds (269.7253ms)
  Γ£ö gsd-tools config-get workflow.code_review_depth succeeds (242.718ms)
Γ£ö CR-CONFIG: config key registration (514.4882ms)
Γû╢ CR-INTEGRATION: workflow integration points
  Γ£ö execute-phase.md contains code_review_gate step (1.4136ms)
  Γ£ö execute-phase.md contains config-get workflow.code_review (1.4394ms)
  Γ£ö execute-phase.md does NOT contain ls.*REVIEW.md.*head pattern (1.2414ms)
  Γ£ö quick.md contains code-review invocation (1.0011ms)
  Γ£ö quick.md contains config-get workflow.code_review (1.1357ms)
  Γ£ö autonomous.md contains gsd:code-review skill invocation (0.9244ms)
  Γ£ö autonomous.md contains gsd:code-review-fix skill invocation (1.9031ms)
  Γ£ö autonomous.md contains --auto flag for code-review-fix (0.7655ms)
Γ£ö CR-INTEGRATION: workflow integration points (10.533ms)

[36m   ΓûêΓûêΓûêΓûêΓûêΓûêΓòù ΓûêΓûêΓûêΓûêΓûêΓûêΓûêΓòùΓûêΓûêΓûêΓûêΓûêΓûêΓòù
  ΓûêΓûêΓòöΓòÉΓòÉΓòÉΓòÉΓò¥ ΓûêΓûêΓòöΓòÉΓòÉΓòÉΓòÉΓò¥ΓûêΓûêΓòöΓòÉΓòÉΓûêΓûêΓòù
  ΓûêΓûêΓòæ  ΓûêΓûêΓûêΓòùΓûêΓûêΓûêΓûêΓûêΓûêΓûêΓòùΓûêΓûêΓòæ  ΓûêΓûêΓòæ
  ΓûêΓûêΓòæ   ΓûêΓûêΓòæΓòÜΓòÉΓòÉΓòÉΓòÉΓûêΓûêΓòæΓûêΓûêΓòæ  ΓûêΓûêΓòæ
  ΓòÜΓûêΓûêΓûêΓûêΓûêΓûêΓòöΓò¥ΓûêΓûêΓûêΓûêΓûêΓûêΓûêΓòæΓûêΓûêΓûêΓûêΓûêΓûêΓòöΓò¥
   ΓòÜΓòÉΓòÉΓòÉΓòÉΓòÉΓò¥ ΓòÜΓòÉΓòÉΓòÉΓòÉΓòÉΓòÉΓò¥ΓòÜΓòÉΓòÉΓòÉΓòÉΓòÉΓò¥[0m

  Get Shit Done [2mv1.36.0[0m
  A meta-prompting, context engineering and spec-driven
  development system for Claude Code, OpenCode, Gemini, Kilo, Codex, Copilot, Antigravity, Cursor, Windsurf, Augment, Trae, Qwen Code, Cline and CodeBuddy by T├éCHES.

  Installing for [36mCodeBuddy[0m to [36m.\.codebuddy[0m

  [32mΓ£ô[0m Installed 78 skills to skills/
  [32mΓ£ô[0m Installed get-shit-done
  [32mΓ£ô[0m Installed agents
  [32mΓ£ô[0m Installed CHANGELOG.md
  [32mΓ£ô[0m Wrote VERSION (1.36.0)
  [32mΓ£ô[0m Wrote package.json (CommonJS mode)
  [32mΓ£ô[0m Installed hooks (bundled)
  [32mΓ£ô[0m Wrote file manifest (gsd-file-manifest.json)

  [33mΓÜá[0m  Found 1 unreplaced .claude path reference(s) in 1 file(s):
     [2mC:\Users\akriz\AppData\Local\Temp\gsd-codebuddy-install-BgHUM9\.codebuddy\get-shit-done\workflows\update.md[0m (1)
  [2mThese paths may not resolve correctly for CodeBuddy.[0m
  [32mΓ£ô[0m Configured update check hook
  [32mΓ£ô[0m Configured context window monitor hook
  [32mΓ£ô[0m Configured prompt injection guard hook
  [32mΓ£ô[0m Configured read-before-edit guard hook
  [32mΓ£ô[0m Configured workflow guard hook (opt-in via hooks.workflow_guard)
  [32mΓ£ô[0m Configured commit validation hook (opt-in via config)
  [32mΓ£ô[0m Configured session state orientation hook (opt-in via config)
  [32mΓ£ô[0m Configured phase boundary detection hook (opt-in via config)
  Uninstalling GSD from [36mCodeBuddy[0m at [36m.\.codebuddy[0m

  [32mΓ£ô[0m Removed 78 CodeBuddy skills
  [32mΓ£ô[0m Removed get-shit-done/
  [32mΓ£ô[0m Removed 36 GSD agents
  [32mΓ£ô[0m Removed 9 GSD hooks
  [32mΓ£ô[0m Removed GSD package.json
  [32mΓ£ô[0m Removed gsd-file-manifest.json

  [32mDone![0m GSD has been uninstalled from CodeBuddy.
  Your other files and settings have been preserved.

  Installing for [36mCodeBuddy[0m to [36m.\.codebuddy[0m

  [32mΓ£ô[0m Installed 78 skills to skills/
  [32mΓ£ô[0m Installed get-shit-done
  [32mΓ£ô[0m Installed agents
  [32mΓ£ô[0m Installed CHANGELOG.md
  [32mΓ£ô[0m Wrote VERSION (1.36.0)
  [32mΓ£ô[0m Wrote package.json (CommonJS mode)
  [32mΓ£ô[0m Installed hooks (bundled)
  [32mΓ£ô[0m Wrote file manifest (gsd-file-manifest.json)

  [33mΓÜá[0m  Found 1 unreplaced .claude path reference(s) in 1 file(s):
     [2mC:\Users\akriz\AppData\Local\Temp\gsd-codebuddy-uninstall-BAYIYE\.codebuddy\get-shit-done\workflows\update.md[0m (1)
  [2mThese paths may not resolve correctly for CodeBuddy.[0m
  [32mΓ£ô[0m Configured update check hook
  [32mΓ£ô[0m Configured context window monitor hook
  [32mΓ£ô[0m Configured prompt injection guard hook
  [32mΓ£ô[0m Configured read-before-edit guard hook
  [32mΓ£ô[0m Configured workflow guard hook (opt-in via hooks.workflow_guard)
  [32mΓ£ô[0m Configured commit validation hook (opt-in via config)
  [32mΓ£ô[0m Configured session state orientation hook (opt-in via config)
  [32mΓ£ô[0m Configured phase boundary detection hook (opt-in via config)
  Uninstalling GSD from [36mCodeBuddy[0m at [36m.\.codebuddy[0m

  [32mΓ£ô[0m Removed 78 CodeBuddy skills
  [32mΓ£ô[0m Removed get-shit-done/
  [32mΓ£ô[0m Removed 36 GSD agents
  [32mΓ£ô[0m Removed 9 GSD hooks
  [32mΓ£ô[0m Removed GSD package.json
  [32mΓ£ô[0m Removed gsd-file-manifest.json

  [32mDone![0m GSD has been uninstalled from CodeBuddy.
  Your other files and settings have been preserved.

  Installing for [36mCodeBuddy[0m to [36m.\.codebuddy[0m

  [32mΓ£ô[0m Installed 78 skills to skills/
  [32mΓ£ô[0m Installed get-shit-done
  [32mΓ£ô[0m Installed agents
  [32mΓ£ô[0m Installed CHANGELOG.md
  [32mΓ£ô[0m Wrote VERSION (1.36.0)
  [32mΓ£ô[0m Wrote package.json (CommonJS mode)
  [32mΓ£ô[0m Installed hooks (bundled)
  [32mΓ£ô[0m Wrote file manifest (gsd-file-manifest.json)

  [33mΓÜá[0m  Found 1 unreplaced .claude path reference(s) in 1 file(s):
     [2mC:\Users\akriz\AppData\Local\Temp\gsd-codebuddy-uninstall-CdcsaK\.codebuddy\get-shit-done\workflows\update.md[0m (1)
  [2mThese paths may not resolve correctly for CodeBuddy.[0m
  [32mΓ£ô[0m Configured update check hook
  [32mΓ£ô[0m Configured context window monitor hook
  [32mΓ£ô[0m Configured prompt injection guard hook
  [32mΓ£ô[0m Configured read-before-edit guard hook
  [32mΓ£ô[0m Configured workflow guard hook (opt-in via hooks.workflow_guard)
  [32mΓ£ô[0m Configured commit validation hook (opt-in via config)
  [32mΓ£ô[0m Configured session state orientation hook (opt-in via config)
  [32mΓ£ô[0m Configured phase boundary detection hook (opt-in via config)
  Uninstalling GSD from [36mCodeBuddy[0m at [36m.\.codebuddy[0m

  [32mΓ£ô[0m Removed 78 CodeBuddy skills
  [32mΓ£ô[0m Removed get-shit-done/
  [32mΓ£ô[0m Removed 36 GSD agents
  [32mΓ£ô[0m Removed 9 GSD hooks
  [32mΓ£ô[0m Removed GSD package.json
  [32mΓ£ô[0m Removed gsd-file-manifest.json

  [32mDone![0m GSD has been uninstalled from CodeBuddy.
  Your other files and settings have been preserved.

  Installing for [36mCodeBuddy[0m to [36m.\.codebuddy[0m

  [32mΓ£ô[0m Installed 78 skills to skills/
  [32mΓ£ô[0m Installed get-shit-done
  [32mΓ£ô[0m Installed agents
  [32mΓ£ô[0m Installed CHANGELOG.md
  [32mΓ£ô[0m Wrote VERSION (1.36.0)
  [32mΓ£ô[0m Wrote package.json (CommonJS mode)
  [32mΓ£ô[0m Installed hooks (bundled)
  [32mΓ£ô[0m Wrote file manifest (gsd-file-manifest.json)

  [33mΓÜá[0m  Found 1 unreplaced .claude path reference(s) in 1 file(s):
     [2mC:\Users\akriz\AppData\Local\Temp\gsd-codebuddy-uninstall-tYpAQK\.codebuddy\get-shit-done\workflows\update.md[0m (1)
  [2mThese paths may not resolve correctly for CodeBuddy.[0m
  [32mΓ£ô[0m Configured update check hook
  [32mΓ£ô[0m Configured context window monitor hook
  [32mΓ£ô[0m Configured prompt injection guard hook
  [32mΓ£ô[0m Configured read-before-edit guard hook
  [32mΓ£ô[0m Configured workflow guard hook (opt-in via hooks.workflow_guard)
  [32mΓ£ô[0m Configured commit validation hook (opt-in via config)
  [32mΓ£ô[0m Configured session state orientation hook (opt-in via config)
  [32mΓ£ô[0m Configured phase boundary detection hook (opt-in via config)
  Uninstalling GSD from [36mCodeBuddy[0m at [36m.\.codebuddy[0m

  [32mΓ£ô[0m Removed 78 CodeBuddy skills
  [32mΓ£ô[0m Removed get-shit-done/
  [32mΓ£ô[0m Removed 36 GSD agents
  [32mΓ£ô[0m Removed 9 GSD hooks
  [32mΓ£ô[0m Removed GSD package.json
  [32mΓ£ô[0m Removed gsd-file-manifest.json

  [32mDone![0m GSD has been uninstalled from CodeBuddy.
  Your other files and settings have been preserved.

Γû╢ CodeBuddy runtime directory mapping
  Γ£ö maps CodeBuddy to .codebuddy for local installs (1.6273ms)
  Γ£ö maps CodeBuddy to ~/.codebuddy for global installs (1.1662ms)
  Γ£ö returns .codebuddy config fragments for local and global installs (0.4978ms)
Γ£ö CodeBuddy runtime directory mapping (7.0622ms)
Γû╢ getGlobalDir (CodeBuddy)
  Γ£ö returns ~/.codebuddy with no env var or explicit dir (2.8474ms)
  Γ£ö returns explicit dir when provided (0.9058ms)
  Γ£ö respects CODEBUDDY_CONFIG_DIR env var (1.0546ms)
  Γ£ö explicit dir takes priority over CODEBUDDY_CONFIG_DIR (0.6346ms)
  Γ£ö does not break other runtimes (0.8786ms)
Γ£ö getGlobalDir (CodeBuddy) (7.1206ms)
Γû╢ CodeBuddy markdown conversion
  Γ£ö converts Claude-specific references to CodeBuddy equivalents (1.0739ms)
  Γ£ö converts commands and agents to CodeBuddy frontmatter (1.6591ms)
Γ£ö CodeBuddy markdown conversion (3.3665ms)
Γû╢ copyCommandsAsCodebuddySkills
  Γ£ö creates one skill directory per GSD command (341.224ms)
Γ£ö copyCommandsAsCodebuddySkills (341.5477ms)
Γû╢ CodeBuddy local install/uninstall
  Γ£ö installs GSD into ./.codebuddy and removes it cleanly (3719.9515ms)
Γ£ö CodeBuddy local install/uninstall (3720.2343ms)
Γû╢ E2E: CodeBuddy uninstall skills cleanup
  Γ£ö removes all gsd-* skill directories on --codebuddy --uninstall (2897.585ms)
  Γ£ö preserves non-GSD skill directories during --codebuddy --uninstall (2332.2344ms)
  Γ£ö removes engine directory on --codebuddy --uninstall (2788.3269ms)
Γ£ö E2E: CodeBuddy uninstall skills cleanup (8018.5847ms)

[36m   ΓûêΓûêΓûêΓûêΓûêΓûêΓòù ΓûêΓûêΓûêΓûêΓûêΓûêΓûêΓòùΓûêΓûêΓûêΓûêΓûêΓûêΓòù
  ΓûêΓûêΓòöΓòÉΓòÉΓòÉΓòÉΓò¥ ΓûêΓûêΓòöΓòÉΓòÉΓòÉΓòÉΓò¥ΓûêΓûêΓòöΓòÉΓòÉΓûêΓûêΓòù
  ΓûêΓûêΓòæ  ΓûêΓûêΓûêΓòùΓûêΓûêΓûêΓûêΓûêΓûêΓûêΓòùΓûêΓûêΓòæ  ΓûêΓûêΓòæ
  ΓûêΓûêΓòæ   ΓûêΓûêΓòæΓòÜΓòÉΓòÉΓòÉΓòÉΓûêΓûêΓòæΓûêΓûêΓòæ  ΓûêΓûêΓòæ
  ΓòÜΓûêΓûêΓûêΓûêΓûêΓûêΓòöΓò¥ΓûêΓûêΓûêΓûêΓûêΓûêΓûêΓòæΓûêΓûêΓûêΓûêΓûêΓûêΓòöΓò¥
   ΓòÜΓòÉΓòÉΓòÉΓòÉΓòÉΓò¥ ΓòÜΓòÉΓòÉΓòÉΓòÉΓòÉΓòÉΓò¥ΓòÜΓòÉΓòÉΓòÉΓòÉΓòÉΓò¥[0m

  Get Shit Done [2mv1.36.0[0m
  A meta-prompting, context engineering and spec-driven
  development system for Claude Code, OpenCode, Gemini, Kilo, Codex, Copilot, Antigravity, Cursor, Windsurf, Augment, Trae, Qwen Code, Cline and CodeBuddy by T├éCHES.

  Installing for [36mCodex[0m to [36m~\AppData\Local\Temp\gsd-codex-e2e-VcMqPJ\codex-home[0m

  [32mΓ£ô[0m Installed 78 skills to skills/
  [32mΓ£ô[0m Installed get-shit-done
  [32mΓ£ô[0m Installed agents
  [32mΓ£ô[0m Installed CHANGELOG.md
  [32mΓ£ô[0m Wrote VERSION (1.36.0)
  [32mΓ£ô[0m Wrote file manifest (gsd-file-manifest.json)

  [33mΓÜá[0m  Found 1 unreplaced .claude path reference(s) in 1 file(s):
     [2mC:\Users\akriz\AppData\Local\Temp\gsd-codex-e2e-VcMqPJ\codex-home\get-shit-done\workflows\update.md[0m (1)
  [2mThese paths may not resolve correctly for Codex.[0m
  [32mΓ£ô[0m Generated config.toml with 36 agent roles
  [32mΓ£ô[0m Generated 36 agent .toml config files
  [32mΓ£ô[0m Installed hooks
  [32mΓ£ô[0m Configured Codex hooks (SessionStart)
  Installing for [36mCodex[0m to [36m~\AppData\Local\Temp\gsd-codex-e2e-Ig4xvB\codex-home[0m

  [32mΓ£ô[0m Installed 78 skills to skills/
  [32mΓ£ô[0m Installed get-shit-done
  [32mΓ£ô[0m Installed agents
  [32mΓ£ô[0m Installed CHANGELOG.md
  [32mΓ£ô[0m Wrote VERSION (1.36.0)
  [32mΓ£ô[0m Wrote file manifest (gsd-file-manifest.json)

  [33mΓÜá[0m  Found 1 unreplaced .claude path reference(s) in 1 file(s):
     [2mC:\Users\akriz\AppData\Local\Temp\gsd-codex-e2e-Ig4xvB\codex-home\get-shit-done\workflows\update.md[0m (1)
  [2mThese paths may not resolve correctly for Codex.[0m
  [32mΓ£ô[0m Generated config.toml with 36 agent roles
  [32mΓ£ô[0m Generated 36 agent .toml config files
  [32mΓ£ô[0m Installed hooks
  [32mΓ£ô[0m Configured Codex hooks (SessionStart)
  Installing for [36mCodex[0m to [36m~\AppData\Local\Temp\gsd-codex-e2e-Lkg9nE\codex-home[0m

  [32mΓ£ô[0m Installed 78 skills to skills/
  [32mΓ£ô[0m Installed get-shit-done
  [32mΓ£ô[0m Installed agents
  [32mΓ£ô[0m Installed CHANGELOG.md
  [32mΓ£ô[0m Wrote VERSION (1.36.0)
  [32mΓ£ô[0m Wrote file manifest (gsd-file-manifest.json)

  [33mΓÜá[0m  Found 1 unreplaced .claude path reference(s) in 1 file(s):
     [2mC:\Users\akriz\AppData\Local\Temp\gsd-codex-e2e-Lkg9nE\codex-home\get-shit-done\workflows\update.md[0m (1)
  [2mThese paths may not resolve correctly for Codex.[0m
  [32mΓ£ô[0m Generated config.toml with 36 agent roles
  [32mΓ£ô[0m Generated 36 agent .toml config files
  [32mΓ£ô[0m Installed hooks
  [32mΓ£ô[0m Configured Codex hooks (SessionStart)
  Installing for [36mCodex[0m to [36m~\AppData\Local\Temp\gsd-codex-e2e-NYAoJn\codex-home[0m

  [32mΓ£ô[0m Installed 78 skills to skills/
  [32mΓ£ô[0m Installed get-shit-done
  [32mΓ£ô[0m Installed agents
  [32mΓ£ô[0m Installed CHANGELOG.md
  [32mΓ£ô[0m Wrote VERSION (1.36.0)
  [32mΓ£ô[0m Wrote file manifest (gsd-file-manifest.json)

  [33mΓÜá[0m  Found 1 unreplaced .claude path reference(s) in 1 file(s):
     [2mC:\Users\akriz\AppData\Local\Temp\gsd-codex-e2e-NYAoJn\codex-home\get-shit-done\workflows\update.md[0m (1)
  [2mThese paths may not resolve correctly for Codex.[0m
  [32mΓ£ô[0m Generated config.toml with 36 agent roles
  [32mΓ£ô[0m Generated 36 agent .toml config files
  [32mΓ£ô[0m Installed hooks
  [32mΓ£ô[0m Configured Codex hooks (SessionStart)
  Installing for [36mCodex[0m to [36m~\AppData\Local\Temp\gsd-codex-e2e-dkWjIm\codex-home[0m

  [32mΓ£ô[0m Installed 78 skills to skills/
  [32mΓ£ô[0m Installed get-shit-done
  [32mΓ£ô[0m Installed agents
  [32mΓ£ô[0m Installed CHANGELOG.md
  [32mΓ£ô[0m Wrote VERSION (1.36.0)
  [32mΓ£ô[0m Wrote file manifest (gsd-file-manifest.json)

  [33mΓÜá[0m  Found 1 unreplaced .claude path reference(s) in 1 file(s):
     [2mC:\Users\akriz\AppData\Local\Temp\gsd-codex-e2e-dkWjIm\codex-home\get-shit-done\workflows\update.md[0m (1)
  [2mThese paths may not resolve correctly for Codex.[0m
  [32mΓ£ô[0m Generated config.toml with 36 agent roles
  [32mΓ£ô[0m Generated 36 agent .toml config files
  [32mΓ£ô[0m Installed hooks
  [32mΓ£ô[0m Configured Codex hooks (SessionStart)
  Installing for [36mCodex[0m to [36m~\AppData\Local\Temp\gsd-codex-e2e-6HykIZ\codex-home[0m

  [32mΓ£ô[0m Installed 78 skills to skills/
  [32mΓ£ô[0m Installed get-shit-done
  [32mΓ£ô[0m Installed agents
  [32mΓ£ô[0m Installed CHANGELOG.md
  [32mΓ£ô[0m Wrote VERSION (1.36.0)
  [32mΓ£ô[0m Wrote file manifest (gsd-file-manifest.json)

  [33mΓÜá[0m  Found 1 unreplaced .claude path reference(s) in 1 file(s):
     [2mC:\Users\akriz\AppData\Local\Temp\gsd-codex-e2e-6HykIZ\codex-home\get-shit-done\workflows\update.md[0m (1)
  [2mThese paths may not resolve correctly for Codex.[0m
  [32mΓ£ô[0m Generated config.toml with 36 agent roles
  [32mΓ£ô[0m Generated 36 agent .toml config files
  [32mΓ£ô[0m Installed hooks
  [32mΓ£ô[0m Configured Codex hooks (SessionStart)
  Installing for [36mCodex[0m to [36m~\AppData\Local\Temp\gsd-codex-e2e-wx39h4\codex-home[0m

  [32mΓ£ô[0m Installed 78 skills to skills/
  [32mΓ£ô[0m Installed get-shit-done
  [32mΓ£ô[0m Installed agents
  [32mΓ£ô[0m Installed CHANGELOG.md
  [32mΓ£ô[0m Wrote VERSION (1.36.0)
  [32mΓ£ô[0m Wrote file manifest (gsd-file-manifest.json)

  [33mΓÜá[0m  Found 1 unreplaced .claude path reference(s) in 1 file(s):
     [2mC:\Users\akriz\AppData\Local\Temp\gsd-codex-e2e-wx39h4\codex-home\get-shit-done\workflows\update.md[0m (1)
  [2mThese paths may not resolve correctly for Codex.[0m
  [32mΓ£ô[0m Generated config.toml with 36 agent roles
  [32mΓ£ô[0m Generated 36 agent .toml config files
  [32mΓ£ô[0m Installed hooks
  [32mΓ£ô[0m Configured Codex hooks (SessionStart)
  Installing for [36mCodex[0m to [36m~\AppData\Local\Temp\gsd-codex-e2e-rtQU7J\codex-home[0m

  [32mΓ£ô[0m Installed 78 skills to skills/
  [32mΓ£ô[0m Installed get-shit-done
  [32mΓ£ô[0m Installed agents
  [32mΓ£ô[0m Installed CHANGELOG.md
  [32mΓ£ô[0m Wrote VERSION (1.36.0)
  [32mΓ£ô[0m Wrote file manifest (gsd-file-manifest.json)

  [33mΓÜá[0m  Found 1 unreplaced .claude path reference(s) in 1 file(s):
     [2mC:\Users\akriz\AppData\Local\Temp\gsd-codex-e2e-rtQU7J\codex-home\get-shit-done\workflows\update.md[0m (1)
  [2mThese paths may not resolve correctly for Codex.[0m
  [32mΓ£ô[0m Generated config.toml with 36 agent roles
  [32mΓ£ô[0m Generated 36 agent .toml config files
  [32mΓ£ô[0m Installed hooks
  [32mΓ£ô[0m Configured Codex hooks (SessionStart)
  Installing for [36mCodex[0m to [36m~\AppData\Local\Temp\gsd-codex-e2e-MebInx\codex-home[0m

  [32mΓ£ô[0m Installed 78 skills to skills/
  [32mΓ£ô[0m Installed get-shit-done
  [32mΓ£ô[0m Installed agents
  [32mΓ£ô[0m Installed CHANGELOG.md
  [32mΓ£ô[0m Wrote VERSION (1.36.0)
  [32mΓ£ô[0m Wrote file manifest (gsd-file-manifest.json)

  [33mΓÜá[0m  Found 1 unreplaced .claude path reference(s) in 1 file(s):
     [2mC:\Users\akriz\AppData\Local\Temp\gsd-codex-e2e-MebInx\codex-home\get-shit-done\workflows\update.md[0m (1)
  [2mThese paths may not resolve correctly for Codex.[0m
  [32mΓ£ô[0m Generated config.toml with 36 agent roles
  [32mΓ£ô[0m Generated 36 agent .toml config files
  [32mΓ£ô[0m Installed hooks
  [32mΓ£ô[0m Configured Codex hooks (SessionStart)
  Installing for [36mCodex[0m to [36m~\AppData\Local\Temp\gsd-codex-e2e-g684IH\codex-home[0m

  [32mΓ£ô[0m Installed 78 skills to skills/
  [32mΓ£ô[0m Installed get-shit-done
  [32mΓ£ô[0m Installed agents
  [32mΓ£ô[0m Installed CHANGELOG.md
  [32mΓ£ô[0m Wrote VERSION (1.36.0)
  [32mΓ£ô[0m Wrote file manifest (gsd-file-manifest.json)

  [33mΓÜá[0m  Found 1 unreplaced .claude path reference(s) in 1 file(s):
     [2mC:\Users\akriz\AppData\Local\Temp\gsd-codex-e2e-g684IH\codex-home\get-shit-done\workflows\update.md[0m (1)
  [2mThese paths may not resolve correctly for Codex.[0m
  [32mΓ£ô[0m Generated config.toml with 36 agent roles
  [32mΓ£ô[0m Generated 36 agent .toml config files
  [32mΓ£ô[0m Installed hooks
  [32mΓ£ô[0m Configured Codex hooks (SessionStart)
  Installing for [36mCodex[0m to [36m~\AppData\Local\Temp\gsd-codex-e2e-pYe3Bk\codex-home[0m

  [32mΓ£ô[0m Installed 78 skills to skills/
  [32mΓ£ô[0m Installed get-shit-done
  [32mΓ£ô[0m Installed agents
  [32mΓ£ô[0m Installed CHANGELOG.md
  [32mΓ£ô[0m Wrote VERSION (1.36.0)
  [32mΓ£ô[0m Wrote file manifest (gsd-file-manifest.json)

  [33mΓÜá[0m  Found 1 unreplaced .claude path reference(s) in 1 file(s):
     [2mC:\Users\akriz\AppData\Local\Temp\gsd-codex-e2e-pYe3Bk\codex-home\get-shit-done\workflows\update.md[0m (1)
  [2mThese paths may not resolve correctly for Codex.[0m
  [32mΓ£ô[0m Generated config.toml with 36 agent roles
  [32mΓ£ô[0m Generated 36 agent .toml config files
  [32mΓ£ô[0m Installed hooks
  [32mΓ£ô[0m Configured Codex hooks (SessionStart)
  Installing for [36mCodex[0m to [36m~\AppData\Local\Temp\gsd-codex-e2e-pYe3Bk\codex-home[0m

  [32mΓ£ô[0m Installed 78 skills to skills/
  [32mΓ£ô[0m Installed get-shit-done
  [32mΓ£ô[0m Installed agents
  [32mΓ£ô[0m Installed CHANGELOG.md
  [32mΓ£ô[0m Wrote VERSION (1.36.0)
  [32mΓ£ô[0m Wrote file manifest (gsd-file-manifest.json)

  [33mΓÜá[0m  Found 8 unreplaced .claude path reference(s) in 4 file(s):
     [2mC:\Users\akriz\AppData\Local\Temp\gsd-codex-e2e-pYe3Bk\codex-home\agents\gsd-debugger.toml[0m (3)
     [2mC:\Users\akriz\AppData\Local\Temp\gsd-codex-e2e-pYe3Bk\codex-home\agents\gsd-skill-auditor.toml[0m (2)
     [2mC:\Users\akriz\AppData\Local\Temp\gsd-codex-e2e-pYe3Bk\codex-home\agents\gsd-skill-scaffolder.toml[0m (2)
     [2mC:\Users\akriz\AppData\Local\Temp\gsd-codex-e2e-pYe3Bk\codex-home\get-shit-done\workflows\update.md[0m (1)
  [2mThese paths may not resolve correctly for Codex.[0m
  [32mΓ£ô[0m Generated config.toml with 36 agent roles
  [32mΓ£ô[0m Generated 36 agent .toml config files
  [32mΓ£ô[0m Installed hooks
  [32mΓ£ô[0m Configured Codex hooks (SessionStart)
  Installing for [36mCodex[0m to [36m~\AppData\Local\Temp\gsd-codex-e2e-pYe3Bk\codex-home[0m

  [32mΓ£ô[0m Installed 78 skills to skills/
  [32mΓ£ô[0m Installed get-shit-done
  [32mΓ£ô[0m Installed agents
  [32mΓ£ô[0m Installed CHANGELOG.md
  [32mΓ£ô[0m Wrote VERSION (1.36.0)
  [32mΓ£ô[0m Wrote file manifest (gsd-file-manifest.json)

  [33mΓÜá[0m  Found 8 unreplaced .claude path reference(s) in 4 file(s):
     [2mC:\Users\akriz\AppData\Local\Temp\gsd-codex-e2e-pYe3Bk\codex-home\agents\gsd-debugger.toml[0m (3)
     [2mC:\Users\akriz\AppData\Local\Temp\gsd-codex-e2e-pYe3Bk\codex-home\agents\gsd-skill-auditor.toml[0m (2)
     [2mC:\Users\akriz\AppData\Local\Temp\gsd-codex-e2e-pYe3Bk\codex-home\agents\gsd-skill-scaffolder.toml[0m (2)
     [2mC:\Users\akriz\AppData\Local\Temp\gsd-codex-e2e-pYe3Bk\codex-home\get-shit-done\workflows\update.md[0m (1)
  [2mThese paths may not resolve correctly for Codex.[0m
  [32mΓ£ô[0m Generated config.toml with 36 agent roles
  [32mΓ£ô[0m Generated 36 agent .toml config files
  [32mΓ£ô[0m Installed hooks
  [32mΓ£ô[0m Configured Codex hooks (SessionStart)
  Installing for [36mCodex[0m to [36m~\AppData\Local\Temp\gsd-codex-e2e-AyxlAX\codex-home[0m

  [32mΓ£ô[0m Installed 78 skills to skills/
  [32mΓ£ô[0m Installed get-shit-done
  [32mΓ£ô[0m Installed agents
  [32mΓ£ô[0m Installed CHANGELOG.md
  [32mΓ£ô[0m Wrote VERSION (1.36.0)
  [32mΓ£ô[0m Wrote file manifest (gsd-file-manifest.json)

  [33mΓÜá[0m  Found 1 unreplaced .claude path reference(s) in 1 file(s):
     [2mC:\Users\akriz\AppData\Local\Temp\gsd-codex-e2e-AyxlAX\codex-home\get-shit-done\workflows\update.md[0m (1)
  [2mThese paths may not resolve correctly for Codex.[0m
  [32mΓ£ô[0m Generated config.toml with 36 agent roles
  [32mΓ£ô[0m Generated 36 agent .toml config files
  [32mΓ£ô[0m Installed hooks
  [32mΓ£ô[0m Configured Codex hooks (SessionStart)
  Installing for [36mCodex[0m to [36m~\AppData\Local\Temp\gsd-codex-e2e-AyxlAX\codex-home[0m

  [32mΓ£ô[0m Installed 78 skills to skills/
  [32mΓ£ô[0m Installed get-shit-done
  [32mΓ£ô[0m Installed agents
  [32mΓ£ô[0m Installed CHANGELOG.md
  [32mΓ£ô[0m Wrote VERSION (1.36.0)
  [32mΓ£ô[0m Wrote file manifest (gsd-file-manifest.json)

  [33mΓÜá[0m  Found 8 unreplaced .claude path reference(s) in 4 file(s):
     [2mC:\Users\akriz\AppData\Local\Temp\gsd-codex-e2e-AyxlAX\codex-home\agents\gsd-debugger.toml[0m (3)
     [2mC:\Users\akriz\AppData\Local\Temp\gsd-codex-e2e-AyxlAX\codex-home\agents\gsd-skill-auditor.toml[0m (2)
     [2mC:\Users\akriz\AppData\Local\Temp\gsd-codex-e2e-AyxlAX\codex-home\agents\gsd-skill-scaffolder.toml[0m (2)
     [2mC:\Users\akriz\AppData\Local\Temp\gsd-codex-e2e-AyxlAX\codex-home\get-shit-done\workflows\update.md[0m (1)
  [2mThese paths may not resolve correctly for Codex.[0m
  [32mΓ£ô[0m Generated config.toml with 36 agent roles
  [32mΓ£ô[0m Generated 36 agent .toml config files
  [32mΓ£ô[0m Installed hooks
  [32mΓ£ô[0m Configured Codex hooks (SessionStart)
  Installing for [36mCodex[0m to [36m~\AppData\Local\Temp\gsd-codex-e2e-Pf7ib5\codex-home[0m

  [32mΓ£ô[0m Installed 78 skills to skills/
  [32mΓ£ô[0m Installed get-shit-done
  [32mΓ£ô[0m Installed agents
  [32mΓ£ô[0m Installed CHANGELOG.md
  [32mΓ£ô[0m Wrote VERSION (1.36.0)
  [32mΓ£ô[0m Wrote file manifest (gsd-file-manifest.json)

  [33mΓÜá[0m  Found 1 unreplaced .claude path reference(s) in 1 file(s):
     [2mC:\Users\akriz\AppData\Local\Temp\gsd-codex-e2e-Pf7ib5\codex-home\get-shit-done\workflows\update.md[0m (1)
  [2mThese paths may not resolve correctly for Codex.[0m
  [32mΓ£ô[0m Generated config.toml with 36 agent roles
  [32mΓ£ô[0m Generated 36 agent .toml config files
  [32mΓ£ô[0m Installed hooks
  [32mΓ£ô[0m Configured Codex hooks (SessionStart)
  Installing for [36mCodex[0m to [36m~\AppData\Local\Temp\gsd-codex-e2e-Pf7ib5\codex-home[0m

  [32mΓ£ô[0m Installed 78 skills to skills/
  [32mΓ£ô[0m Installed get-shit-done
  [32mΓ£ô[0m Installed agents
  [32mΓ£ô[0m Installed CHANGELOG.md
  [32mΓ£ô[0m Wrote VERSION (1.36.0)
  [32mΓ£ô[0m Wrote file manifest (gsd-file-manifest.json)

  [33mΓÜá[0m  Found 8 unreplaced .claude path reference(s) in 4 file(s):
     [2mC:\Users\akriz\AppData\Local\Temp\gsd-codex-e2e-Pf7ib5\codex-home\agents\gsd-debugger.toml[0m (3)
     [2mC:\Users\akriz\AppData\Local\Temp\gsd-codex-e2e-Pf7ib5\codex-home\agents\gsd-skill-auditor.toml[0m (2)
     [2mC:\Users\akriz\AppData\Local\Temp\gsd-codex-e2e-Pf7ib5\codex-home\agents\gsd-skill-scaffolder.toml[0m (2)
     [2mC:\Users\akriz\AppData\Local\Temp\gsd-codex-e2e-Pf7ib5\codex-home\get-shit-done\workflows\update.md[0m (1)
  [2mThese paths may not resolve correctly for Codex.[0m
  [32mΓ£ô[0m Generated config.toml with 36 agent roles
  [32mΓ£ô[0m Generated 36 agent .toml config files
  [32mΓ£ô[0m Installed hooks
  [32mΓ£ô[0m Configured Codex hooks (SessionStart)
  Installing for [36mCodex[0m to [36m~\AppData\Local\Temp\gsd-codex-e2e-qnDwO4\codex-home[0m

  [32mΓ£ô[0m Installed 78 skills to skills/
  [32mΓ£ô[0m Installed get-shit-done
  [32mΓ£ô[0m Installed agents
  [32mΓ£ô[0m Installed CHANGELOG.md
  [32mΓ£ô[0m Wrote VERSION (1.36.0)
  [32mΓ£ô[0m Wrote file manifest (gsd-file-manifest.json)

  [33mΓÜá[0m  Found 1 unreplaced .claude path reference(s) in 1 file(s):
     [2mC:\Users\akriz\AppData\Local\Temp\gsd-codex-e2e-qnDwO4\codex-home\get-shit-done\workflows\update.md[0m (1)
  [2mThese paths may not resolve correctly for Codex.[0m
  [32mΓ£ô[0m Generated config.toml with 36 agent roles
  [32mΓ£ô[0m Generated 36 agent .toml config files
  [32mΓ£ô[0m Installed hooks
  [32mΓ£ô[0m Configured Codex hooks (SessionStart)
  Installing for [36mCodex[0m to [36m~\AppData\Local\Temp\gsd-codex-e2e-qnDwO4\codex-home[0m

  [32mΓ£ô[0m Installed 78 skills to skills/
  [32mΓ£ô[0m Installed get-shit-done
  [32mΓ£ô[0m Installed agents
  [32mΓ£ô[0m Installed CHANGELOG.md
  [32mΓ£ô[0m Wrote VERSION (1.36.0)
  [32mΓ£ô[0m Wrote file manifest (gsd-file-manifest.json)

  [33mΓÜá[0m  Found 8 unreplaced .claude path reference(s) in 4 file(s):
     [2mC:\Users\akriz\AppData\Local\Temp\gsd-codex-e2e-qnDwO4\codex-home\agents\gsd-debugger.toml[0m (3)
     [2mC:\Users\akriz\AppData\Local\Temp\gsd-codex-e2e-qnDwO4\codex-home\agents\gsd-skill-auditor.toml[0m (2)
     [2mC:\Users\akriz\AppData\Local\Temp\gsd-codex-e2e-qnDwO4\codex-home\agents\gsd-skill-scaffolder.toml[0m (2)
     [2mC:\Users\akriz\AppData\Local\Temp\gsd-codex-e2e-qnDwO4\codex-home\get-shit-done\workflows\update.md[0m (1)
  [2mThese paths may not resolve correctly for Codex.[0m
  [32mΓ£ô[0m Generated config.toml with 36 agent roles
  [32mΓ£ô[0m Generated 36 agent .toml config files
  [32mΓ£ô[0m Installed hooks
  [32mΓ£ô[0m Configured Codex hooks (SessionStart)
  Installing for [36mCodex[0m to [36m~\AppData\Local\Temp\gsd-codex-e2e-gtvlYY\codex-home[0m

  [32mΓ£ô[0m Installed 78 skills to skills/
  [32mΓ£ô[0m Installed get-shit-done
  [32mΓ£ô[0m Installed agents
  [32mΓ£ô[0m Installed CHANGELOG.md
  [32mΓ£ô[0m Wrote VERSION (1.36.0)
  [32mΓ£ô[0m Wrote file manifest (gsd-file-manifest.json)

  [33mΓÜá[0m  Found 1 unreplaced .claude path reference(s) in 1 file(s):
     [2mC:\Users\akriz\AppData\Local\Temp\gsd-codex-e2e-gtvlYY\codex-home\get-shit-done\workflows\update.md[0m (1)
  [2mThese paths may not resolve correctly for Codex.[0m
  [32mΓ£ô[0m Generated config.toml with 36 agent roles
  [32mΓ£ô[0m Generated 36 agent .toml config files
  [32mΓ£ô[0m Installed hooks
  [32mΓ£ô[0m Configured Codex hooks (SessionStart)
  Installing for [36mCodex[0m to [36m~\AppData\Local\Temp\gsd-codex-e2e-gtvlYY\codex-home[0m

  [32mΓ£ô[0m Installed 78 skills to skills/
  [32mΓ£ô[0m Installed get-shit-done
  [32mΓ£ô[0m Installed agents
  [32mΓ£ô[0m Installed CHANGELOG.md
  [32mΓ£ô[0m Wrote VERSION (1.36.0)
  [32mΓ£ô[0m Wrote file manifest (gsd-file-manifest.json)

  [33mΓÜá[0m  Found 8 unreplaced .claude path reference(s) in 4 file(s):
     [2mC:\Users\akriz\AppData\Local\Temp\gsd-codex-e2e-gtvlYY\codex-home\agents\gsd-debugger.toml[0m (3)
     [2mC:\Users\akriz\AppData\Local\Temp\gsd-codex-e2e-gtvlYY\codex-home\agents\gsd-skill-auditor.toml[0m (2)
     [2mC:\Users\akriz\AppData\Local\Temp\gsd-codex-e2e-gtvlYY\codex-home\agents\gsd-skill-scaffolder.toml[0m (2)
     [2mC:\Users\akriz\AppData\Local\Temp\gsd-codex-e2e-gtvlYY\codex-home\get-shit-done\workflows\update.md[0m (1)
  [2mThese paths may not resolve correctly for Codex.[0m
  [32mΓ£ô[0m Generated config.toml with 36 agent roles
  [32mΓ£ô[0m Generated 36 agent .toml config files
  [32mΓ£ô[0m Installed hooks
  [32mΓ£ô[0m Configured Codex hooks (SessionStart)
  Installing for [36mCodex[0m to [36m~\AppData\Local\Temp\gsd-codex-e2e-EOBGo4\codex-home[0m

  [32mΓ£ô[0m Installed 78 skills to skills/
  [32mΓ£ô[0m Installed get-shit-done
  [32mΓ£ô[0m Installed agents
  [32mΓ£ô[0m Installed CHANGELOG.md
  [32mΓ£ô[0m Wrote VERSION (1.36.0)
  [32mΓ£ô[0m Wrote file manifest (gsd-file-manifest.json)
  [32mΓ£ô[0m Generated config.toml with 36 agent roles
  [32mΓ£ô[0m Generated 36 agent .toml config files
  [32mΓ£ô[0m Installed hooks
  [32mΓ£ô[0m Configured Codex hooks (SessionStart)
  Installing for [36mCodex[0m to [36m~\AppData\Local\Temp\gsd-codex-e2e-EOBGo4\codex-home[0m


  [33mΓÜá[0m  Found 1 unreplaced .claude path reference(s) in 1 file(s):
     [2mC:\Users\akriz\AppData\Local\Temp\gsd-codex-e2e-EOBGo4\codex-home\get-shit-done\workflows\update.md[0m (1)
  [2mThese paths may not resolve correctly for Codex.[0m
  [32mΓ£ô[0m Installed 78 skills to skills/
  [32mΓ£ô[0m Installed get-shit-done
  [32mΓ£ô[0m Installed agents
  [32mΓ£ô[0m Installed CHANGELOG.md
  [32mΓ£ô[0m Wrote VERSION (1.36.0)
  [32mΓ£ô[0m Wrote file manifest (gsd-file-manifest.json)

  [33mΓÜá[0m  Found 8 unreplaced .claude path reference(s) in 4 file(s):
     [2mC:\Users\akriz\AppData\Local\Temp\gsd-codex-e2e-EOBGo4\codex-home\agents\gsd-debugger.toml[0m (3)
     [2mC:\Users\akriz\AppData\Local\Temp\gsd-codex-e2e-EOBGo4\codex-home\agents\gsd-skill-auditor.toml[0m (2)
     [2mC:\Users\akriz\AppData\Local\Temp\gsd-codex-e2e-EOBGo4\codex-home\agents\gsd-skill-scaffolder.toml[0m (2)
     [2mC:\Users\akriz\AppData\Local\Temp\gsd-codex-e2e-EOBGo4\codex-home\get-shit-done\workflows\update.md[0m (1)
  [2mThese paths may not resolve correctly for Codex.[0m
  [32mΓ£ô[0m Generated config.toml with 36 agent roles
  [32mΓ£ô[0m Generated 36 agent .toml config files
  [32mΓ£ô[0m Installed hooks
  [32mΓ£ô[0m Configured Codex hooks (SessionStart)
  Installing for [36mCodex[0m to [36m~\AppData\Local\Temp\gsd-codex-e2e-P6kKDI\codex-home[0m

  [32mΓ£ô[0m Installed 78 skills to skills/
  [32mΓ£ô[0m Installed get-shit-done
  [32mΓ£ô[0m Installed agents
  [32mΓ£ô[0m Installed CHANGELOG.md
  [32mΓ£ô[0m Wrote VERSION (1.36.0)
  [32mΓ£ô[0m Wrote file manifest (gsd-file-manifest.json)

  [33mΓÜá[0m  Found 1 unreplaced .claude path reference(s) in 1 file(s):
     [2mC:\Users\akriz\AppData\Local\Temp\gsd-codex-e2e-P6kKDI\codex-home\get-shit-done\workflows\update.md[0m (1)
  [2mThese paths may not resolve correctly for Codex.[0m
  [32mΓ£ô[0m Generated config.toml with 36 agent roles
  [32mΓ£ô[0m Generated 36 agent .toml config files
  [32mΓ£ô[0m Installed hooks
  [32mΓ£ô[0m Configured Codex hooks (SessionStart)
  Installing for [36mCodex[0m to [36m~\AppData\Local\Temp\gsd-codex-e2e-P6kKDI\codex-home[0m

  [32mΓ£ô[0m Installed 78 skills to skills/
  [32mΓ£ô[0m Installed get-shit-done
  [32mΓ£ô[0m Installed agents
  [32mΓ£ô[0m Installed CHANGELOG.md
  [32mΓ£ô[0m Wrote VERSION (1.36.0)
  [32mΓ£ô[0m Wrote file manifest (gsd-file-manifest.json)

  [33mΓÜá[0m  Found 8 unreplaced .claude path reference(s) in 4 file(s):
     [2mC:\Users\akriz\AppData\Local\Temp\gsd-codex-e2e-P6kKDI\codex-home\agents\gsd-debugger.toml[0m (3)
     [2mC:\Users\akriz\AppData\Local\Temp\gsd-codex-e2e-P6kKDI\codex-home\agents\gsd-skill-auditor.toml[0m (2)
     [2mC:\Users\akriz\AppData\Local\Temp\gsd-codex-e2e-P6kKDI\codex-home\agents\gsd-skill-scaffolder.toml[0m (2)
     [2mC:\Users\akriz\AppData\Local\Temp\gsd-codex-e2e-P6kKDI\codex-home\get-shit-done\workflows\update.md[0m (1)
  [2mThese paths may not resolve correctly for Codex.[0m
  [32mΓ£ô[0m Generated config.toml with 36 agent roles
  [32mΓ£ô[0m Generated 36 agent .toml config files
  [32mΓ£ô[0m Installed hooks
  [32mΓ£ô[0m Configured Codex hooks (SessionStart)
  Installing for [36mCodex[0m to [36m~\AppData\Local\Temp\gsd-codex-e2e-pUmZTD\codex-home[0m

  [32mΓ£ô[0m Installed 78 skills to skills/
  [32mΓ£ô[0m Installed get-shit-done
  [32mΓ£ô[0m Installed agents
  [32mΓ£ô[0m Installed CHANGELOG.md
  [32mΓ£ô[0m Wrote VERSION (1.36.0)
  [32mΓ£ô[0m Wrote file manifest (gsd-file-manifest.json)

  [33mΓÜá[0m  Found 1 unreplaced .claude path reference(s) in 1 file(s):
     [2mC:\Users\akriz\AppData\Local\Temp\gsd-codex-e2e-pUmZTD\codex-home\get-shit-done\workflows\update.md[0m (1)
  [2mThese paths may not resolve correctly for Codex.[0m
  [32mΓ£ô[0m Generated config.toml with 36 agent roles
  [32mΓ£ô[0m Generated 36 agent .toml config files
  [32mΓ£ô[0m Installed hooks
  [32mΓ£ô[0m Configured Codex hooks (SessionStart)
  Installing for [36mCodex[0m to [36m~\AppData\Local\Temp\gsd-codex-e2e-pUmZTD\codex-home[0m

  [32mΓ£ô[0m Installed 78 skills to skills/
  [32mΓ£ô[0m Installed get-shit-done
  [32mΓ£ô[0m Installed agents
  [32mΓ£ô[0m Installed CHANGELOG.md
  [32mΓ£ô[0m Wrote VERSION (1.36.0)
  [32mΓ£ô[0m Wrote file manifest (gsd-file-manifest.json)

  [33mΓÜá[0m  Found 8 unreplaced .claude path reference(s) in 4 file(s):
     [2mC:\Users\akriz\AppData\Local\Temp\gsd-codex-e2e-pUmZTD\codex-home\agents\gsd-debugger.toml[0m (3)
     [2mC:\Users\akriz\AppData\Local\Temp\gsd-codex-e2e-pUmZTD\codex-home\agents\gsd-skill-auditor.toml[0m (2)
     [2mC:\Users\akriz\AppData\Local\Temp\gsd-codex-e2e-pUmZTD\codex-home\agents\gsd-skill-scaffolder.toml[0m (2)
     [2mC:\Users\akriz\AppData\Local\Temp\gsd-codex-e2e-pUmZTD\codex-home\get-shit-done\workflows\update.md[0m (1)
  [2mThese paths may not resolve correctly for Codex.[0m
  [32mΓ£ô[0m Generated config.toml with 36 agent roles
  [32mΓ£ô[0m Generated 36 agent .toml config files
  [32mΓ£ô[0m Installed hooks
  [32mΓ£ô[0m Configured Codex hooks (SessionStart)
  Installing for [36mCodex[0m to [36m~\AppData\Local\Temp\gsd-codex-e2e-6eTgjG\codex-home[0m

  [32mΓ£ô[0m Installed 78 skills to skills/
  [32mΓ£ô[0m Installed get-shit-done
  [32mΓ£ô[0m Installed agents
  [32mΓ£ô[0m Installed CHANGELOG.md
  [32mΓ£ô[0m Wrote VERSION (1.36.0)
  [32mΓ£ô[0m Wrote file manifest (gsd-file-manifest.json)

  [33mΓÜá[0m  Found 1 unreplaced .claude path reference(s) in 1 file(s):
     [2mC:\Users\akriz\AppData\Local\Temp\gsd-codex-e2e-6eTgjG\codex-home\get-shit-done\workflows\update.md[0m (1)
  [2mThese paths may not resolve correctly for Codex.[0m
  [32mΓ£ô[0m Generated config.toml with 36 agent roles
  [32mΓ£ô[0m Generated 36 agent .toml config files
  [32mΓ£ô[0m Installed hooks
  [32mΓ£ô[0m Configured Codex hooks (SessionStart)
  Installing for [36mCodex[0m to [36m~\AppData\Local\Temp\gsd-codex-e2e-6eTgjG\codex-home[0m

  [32mΓ£ô[0m Installed 78 skills to skills/
  [32mΓ£ô[0m Installed get-shit-done
  [32mΓ£ô[0m Installed agents
  [32mΓ£ô[0m Installed CHANGELOG.md
  [32mΓ£ô[0m Wrote VERSION (1.36.0)
  [32mΓ£ô[0m Wrote file manifest (gsd-file-manifest.json)

  [33mΓÜá[0m  Found 8 unreplaced .claude path reference(s) in 4 file(s):
     [2mC:\Users\akriz\AppData\Local\Temp\gsd-codex-e2e-6eTgjG\codex-home\agents\gsd-debugger.toml[0m (3)
     [2mC:\Users\akriz\AppData\Local\Temp\gsd-codex-e2e-6eTgjG\codex-home\agents\gsd-skill-auditor.toml[0m (2)
     [2mC:\Users\akriz\AppData\Local\Temp\gsd-codex-e2e-6eTgjG\codex-home\agents\gsd-skill-scaffolder.toml[0m (2)
     [2mC:\Users\akriz\AppData\Local\Temp\gsd-codex-e2e-6eTgjG\codex-home\get-shit-done\workflows\update.md[0m (1)
  [2mThese paths may not resolve correctly for Codex.[0m
  [32mΓ£ô[0m Generated config.toml with 36 agent roles
  [32mΓ£ô[0m Generated 36 agent .toml config files
  [32mΓ£ô[0m Installed hooks
  [32mΓ£ô[0m Configured Codex hooks (SessionStart)
  Installing for [36mCodex[0m to [36m~\AppData\Local\Temp\gsd-codex-e2e-5FuTGE\codex-home[0m

  [32mΓ£ô[0m Installed 78 skills to skills/
  [32mΓ£ô[0m Installed get-shit-done
  [32mΓ£ô[0m Installed agents
  [32mΓ£ô[0m Installed CHANGELOG.md
  [32mΓ£ô[0m Wrote VERSION (1.36.0)
  [32mΓ£ô[0m Wrote file manifest (gsd-file-manifest.json)

  [33mΓÜá[0m  Found 1 unreplaced .claude path reference(s) in 1 file(s):
     [2mC:\Users\akriz\AppData\Local\Temp\gsd-codex-e2e-5FuTGE\codex-home\get-shit-done\workflows\update.md[0m (1)
  [2mThese paths may not resolve correctly for Codex.[0m
  [32mΓ£ô[0m Generated config.toml with 36 agent roles
  [32mΓ£ô[0m Generated 36 agent .toml config files
  [32mΓ£ô[0m Installed hooks
  [32mΓ£ô[0m Configured Codex hooks (SessionStart)
  Installing for [36mCodex[0m to [36m~\AppData\Local\Temp\gsd-codex-e2e-xnyJO6\codex-home[0m

  [32mΓ£ô[0m Installed 78 skills to skills/
  [32mΓ£ô[0m Installed get-shit-done
  [32mΓ£ô[0m Installed agents
  [32mΓ£ô[0m Installed CHANGELOG.md
  [32mΓ£ô[0m Wrote VERSION (1.36.0)
  [32mΓ£ô[0m Wrote file manifest (gsd-file-manifest.json)

  [33mΓÜá[0m  Found 1 unreplaced .claude path reference(s) in 1 file(s):
     [2mC:\Users\akriz\AppData\Local\Temp\gsd-codex-e2e-xnyJO6\codex-home\get-shit-done\workflows\update.md[0m (1)
  [2mThese paths may not resolve correctly for Codex.[0m
  [32mΓ£ô[0m Generated config.toml with 36 agent roles
  [32mΓ£ô[0m Generated 36 agent .toml config files
  [32mΓ£ô[0m Installed hooks
  [32mΓ£ô[0m Configured Codex hooks (SessionStart)
  Installing for [36mCodex[0m to [36m~\AppData\Local\Temp\gsd-codex-e2e-A8dguP\codex-home[0m

  [32mΓ£ô[0m Installed 78 skills to skills/
  [32mΓ£ô[0m Installed get-shit-done
  [32mΓ£ô[0m Installed agents
  [32mΓ£ô[0m Installed CHANGELOG.md
  [32mΓ£ô[0m Wrote VERSION (1.36.0)
  [32mΓ£ô[0m Wrote file manifest (gsd-file-manifest.json)

  [33mΓÜá[0m  Found 1 unreplaced .claude path reference(s) in 1 file(s):
     [2mC:\Users\akriz\AppData\Local\Temp\gsd-codex-e2e-A8dguP\codex-home\get-shit-done\workflows\update.md[0m (1)
  [2mThese paths may not resolve correctly for Codex.[0m
  [32mΓ£ô[0m Generated config.toml with 36 agent roles
  [32mΓ£ô[0m Generated 36 agent .toml config files
  [32mΓ£ô[0m Installed hooks
  [32mΓ£ô[0m Configured Codex hooks (SessionStart)
  Installing for [36mCodex[0m to [36m~\AppData\Local\Temp\gsd-codex-e2e-alJE8C\codex-home[0m

  [32mΓ£ô[0m Installed 78 skills to skills/
  [32mΓ£ô[0m Installed get-shit-done
  [32mΓ£ô[0m Installed agents
  [32mΓ£ô[0m Installed CHANGELOG.md
  [32mΓ£ô[0m Wrote VERSION (1.36.0)
  [32mΓ£ô[0m Wrote file manifest (gsd-file-manifest.json)

  [33mΓÜá[0m  Found 1 unreplaced .claude path reference(s) in 1 file(s):
     [2mC:\Users\akriz\AppData\Local\Temp\gsd-codex-e2e-alJE8C\codex-home\get-shit-done\workflows\update.md[0m (1)
  [2mThese paths may not resolve correctly for Codex.[0m
  [32mΓ£ô[0m Generated config.toml with 36 agent roles
  [32mΓ£ô[0m Generated 36 agent .toml config files
  [32mΓ£ô[0m Installed hooks
  [32mΓ£ô[0m Configured Codex hooks (SessionStart)
  Installing for [36mCodex[0m to [36m~\AppData\Local\Temp\gsd-codex-e2e-alJE8C\codex-home[0m

  [32mΓ£ô[0m Installed 78 skills to skills/
  [32mΓ£ô[0m Installed get-shit-done
  [32mΓ£ô[0m Installed agents
  [32mΓ£ô[0m Installed CHANGELOG.md
  [32mΓ£ô[0m Wrote VERSION (1.36.0)
  [32mΓ£ô[0m Wrote file manifest (gsd-file-manifest.json)

  [33mΓÜá[0m  Found 8 unreplaced .claude path reference(s) in 4 file(s):
     [2mC:\Users\akriz\AppData\Local\Temp\gsd-codex-e2e-alJE8C\codex-home\agents\gsd-debugger.toml[0m (3)
     [2mC:\Users\akriz\AppData\Local\Temp\gsd-codex-e2e-alJE8C\codex-home\agents\gsd-skill-auditor.toml[0m (2)
     [2mC:\Users\akriz\AppData\Local\Temp\gsd-codex-e2e-alJE8C\codex-home\agents\gsd-skill-scaffolder.toml[0m (2)
     [2mC:\Users\akriz\AppData\Local\Temp\gsd-codex-e2e-alJE8C\codex-home\get-shit-done\workflows\update.md[0m (1)
  [2mThese paths may not resolve correctly for Codex.[0m
  [32mΓ£ô[0m Generated config.toml with 36 agent roles
  [32mΓ£ô[0m Generated 36 agent .toml config files
  [32mΓ£ô[0m Installed hooks
  [32mΓ£ô[0m Configured Codex hooks (SessionStart)
  Installing for [36mCodex[0m to [36m~\AppData\Local\Temp\gsd-codex-e2e-JH44kv\codex-home[0m

  [32mΓ£ô[0m Installed 78 skills to skills/
  [32mΓ£ô[0m Installed get-shit-done
  [32mΓ£ô[0m Installed agents
  [32mΓ£ô[0m Installed CHANGELOG.md
  [32mΓ£ô[0m Wrote VERSION (1.36.0)
  [32mΓ£ô[0m Wrote file manifest (gsd-file-manifest.json)

  [33mΓÜá[0m  Found 1 unreplaced .claude path reference(s) in 1 file(s):
     [2mC:\Users\akriz\AppData\Local\Temp\gsd-codex-e2e-JH44kv\codex-home\get-shit-done\workflows\update.md[0m (1)
  [2mThese paths may not resolve correctly for Codex.[0m
  [32mΓ£ô[0m Generated config.toml with 36 agent roles
  [32mΓ£ô[0m Generated 36 agent .toml config files
  [32mΓ£ô[0m Installed hooks
  [32mΓ£ô[0m Configured Codex hooks (SessionStart)
  Installing for [36mCodex[0m to [36m~\AppData\Local\Temp\gsd-codex-e2e-JH44kv\codex-home[0m

  [32mΓ£ô[0m Installed 78 skills to skills/
  [32mΓ£ô[0m Installed get-shit-done
  [32mΓ£ô[0m Installed agents
  [32mΓ£ô[0m Installed CHANGELOG.md
  [32mΓ£ô[0m Wrote VERSION (1.36.0)
  [32mΓ£ô[0m Wrote file manifest (gsd-file-manifest.json)

  [33mΓÜá[0m  Found 8 unreplaced .claude path reference(s) in 4 file(s):
     [2mC:\Users\akriz\AppData\Local\Temp\gsd-codex-e2e-JH44kv\codex-home\agents\gsd-debugger.toml[0m (3)
     [2mC:\Users\akriz\AppData\Local\Temp\gsd-codex-e2e-JH44kv\codex-home\agents\gsd-skill-auditor.toml[0m (2)
     [2mC:\Users\akriz\AppData\Local\Temp\gsd-codex-e2e-JH44kv\codex-home\agents\gsd-skill-scaffolder.toml[0m (2)
     [2mC:\Users\akriz\AppData\Local\Temp\gsd-codex-e2e-JH44kv\codex-home\get-shit-done\workflows\update.md[0m (1)
  [2mThese paths may not resolve correctly for Codex.[0m
  [32mΓ£ô[0m Generated config.toml with 36 agent roles
  [32mΓ£ô[0m Generated 36 agent .toml config files
  [32mΓ£ô[0m Installed hooks
  [32mΓ£ô[0m Configured Codex hooks (SessionStart)
  Installing for [36mCodex[0m to [36m~\AppData\Local\Temp\gsd-codex-e2e-9whklB\codex-home[0m

  [32mΓ£ô[0m Installed 78 skills to skills/
  [32mΓ£ô[0m Installed get-shit-done
  [32mΓ£ô[0m Installed agents
  [32mΓ£ô[0m Installed CHANGELOG.md
  [32mΓ£ô[0m Wrote VERSION (1.36.0)
  [32mΓ£ô[0m Wrote file manifest (gsd-file-manifest.json)

  [33mΓÜá[0m  Found 1 unreplaced .claude path reference(s) in 1 file(s):
     [2mC:\Users\akriz\AppData\Local\Temp\gsd-codex-e2e-9whklB\codex-home\get-shit-done\workflows\update.md[0m (1)
  [2mThese paths may not resolve correctly for Codex.[0m
  [32mΓ£ô[0m Generated config.toml with 36 agent roles
  [32mΓ£ô[0m Generated 36 agent .toml config files
  [32mΓ£ô[0m Installed hooks
  [32mΓ£ô[0m Configured Codex hooks (SessionStart)
  Installing for [36mCodex[0m to [36m~\AppData\Local\Temp\gsd-codex-e2e-9whklB\codex-home[0m

  [32mΓ£ô[0m Installed 78 skills to skills/
  [32mΓ£ô[0m Installed get-shit-done
  [32mΓ£ô[0m Installed agents
  [32mΓ£ô[0m Installed CHANGELOG.md
  [32mΓ£ô[0m Wrote VERSION (1.36.0)
  [32mΓ£ô[0m Wrote file manifest (gsd-file-manifest.json)

  [33mΓÜá[0m  Found 8 unreplaced .claude path reference(s) in 4 file(s):
     [2mC:\Users\akriz\AppData\Local\Temp\gsd-codex-e2e-9whklB\codex-home\agents\gsd-debugger.toml[0m (3)
     [2mC:\Users\akriz\AppData\Local\Temp\gsd-codex-e2e-9whklB\codex-home\agents\gsd-skill-auditor.toml[0m (2)
     [2mC:\Users\akriz\AppData\Local\Temp\gsd-codex-e2e-9whklB\codex-home\agents\gsd-skill-scaffolder.toml[0m (2)
     [2mC:\Users\akriz\AppData\Local\Temp\gsd-codex-e2e-9whklB\codex-home\get-shit-done\workflows\update.md[0m (1)
  [2mThese paths may not resolve correctly for Codex.[0m
  [32mΓ£ô[0m Generated config.toml with 36 agent roles
  [32mΓ£ô[0m Generated 36 agent .toml config files
  [32mΓ£ô[0m Installed hooks
  [32mΓ£ô[0m Configured Codex hooks (SessionStart)
  Installing for [36mCodex[0m to [36m~\AppData\Local\Temp\gsd-codex-e2e-0rxdtQ\codex-home[0m

  [32mΓ£ô[0m Installed 78 skills to skills/
  [32mΓ£ô[0m Installed get-shit-done
  [32mΓ£ô[0m Installed agents
  [32mΓ£ô[0m Installed CHANGELOG.md
  [32mΓ£ô[0m Wrote VERSION (1.36.0)
  [32mΓ£ô[0m Wrote file manifest (gsd-file-manifest.json)

  [33mΓÜá[0m  Found 1 unreplaced .claude path reference(s) in 1 file(s):
     [2mC:\Users\akriz\AppData\Local\Temp\gsd-codex-e2e-0rxdtQ\codex-home\get-shit-done\workflows\update.md[0m (1)
  [2mThese paths may not resolve correctly for Codex.[0m
  [32mΓ£ô[0m Generated config.toml with 36 agent roles
  [32mΓ£ô[0m Generated 36 agent .toml config files
  [32mΓ£ô[0m Installed hooks
  [32mΓ£ô[0m Configured Codex hooks (SessionStart)
  Installing for [36mCodex[0m to [36m~\AppData\Local\Temp\gsd-codex-e2e-vS3Cyw\codex-home[0m

  [32mΓ£ô[0m Installed 78 skills to skills/
  [32mΓ£ô[0m Installed get-shit-done
  [32mΓ£ô[0m Installed agents
  [32mΓ£ô[0m Installed CHANGELOG.md
  [32mΓ£ô[0m Wrote VERSION (1.36.0)
  [32mΓ£ô[0m Wrote file manifest (gsd-file-manifest.json)

  [33mΓÜá[0m  Found 1 unreplaced .claude path reference(s) in 1 file(s):
     [2mC:\Users\akriz\AppData\Local\Temp\gsd-codex-e2e-vS3Cyw\codex-home\get-shit-done\workflows\update.md[0m (1)
  [2mThese paths may not resolve correctly for Codex.[0m
  [32mΓ£ô[0m Generated config.toml with 36 agent roles
  [32mΓ£ô[0m Generated 36 agent .toml config files
  [32mΓ£ô[0m Installed hooks
  [32mΓ£ô[0m Configured Codex hooks (SessionStart)
  Installing for [36mCodex[0m to [36m~\AppData\Local\Temp\gsd-codex-e2e-vS3Cyw\codex-home[0m

  [32mΓ£ô[0m Installed 78 skills to skills/
  [32mΓ£ô[0m Installed get-shit-done
  [32mΓ£ô[0m Installed agents
  [32mΓ£ô[0m Installed CHANGELOG.md
  [32mΓ£ô[0m Wrote VERSION (1.36.0)
  [32mΓ£ô[0m Wrote file manifest (gsd-file-manifest.json)

  [33mΓÜá[0m  Found 8 unreplaced .claude path reference(s) in 4 file(s):
     [2mC:\Users\akriz\AppData\Local\Temp\gsd-codex-e2e-vS3Cyw\codex-home\agents\gsd-debugger.toml[0m (3)
     [2mC:\Users\akriz\AppData\Local\Temp\gsd-codex-e2e-vS3Cyw\codex-home\agents\gsd-skill-auditor.toml[0m (2)
     [2mC:\Users\akriz\AppData\Local\Temp\gsd-codex-e2e-vS3Cyw\codex-home\agents\gsd-skill-scaffolder.toml[0m (2)
     [2mC:\Users\akriz\AppData\Local\Temp\gsd-codex-e2e-vS3Cyw\codex-home\get-shit-done\workflows\update.md[0m (1)
  [2mThese paths may not resolve correctly for Codex.[0m
  [32mΓ£ô[0m Generated config.toml with 36 agent roles
  [32mΓ£ô[0m Generated 36 agent .toml config files
  [32mΓ£ô[0m Installed hooks
  [32mΓ£ô[0m Configured Codex hooks (SessionStart)
  Installing for [36mCodex[0m to [36m~\AppData\Local\Temp\gsd-codex-e2e-UXVToX\codex-home[0m

  [32mΓ£ô[0m Installed 78 skills to skills/
  [32mΓ£ô[0m Installed get-shit-done
  [32mΓ£ô[0m Installed agents
  [32mΓ£ô[0m Installed CHANGELOG.md
  [32mΓ£ô[0m Wrote VERSION (1.36.0)
  [32mΓ£ô[0m Wrote file manifest (gsd-file-manifest.json)

  [33mΓÜá[0m  Found 1 unreplaced .claude path reference(s) in 1 file(s):
     [2mC:\Users\akriz\AppData\Local\Temp\gsd-codex-e2e-UXVToX\codex-home\get-shit-done\workflows\update.md[0m (1)
  [2mThese paths may not resolve correctly for Codex.[0m
  [32mΓ£ô[0m Generated config.toml with 36 agent roles
  [32mΓ£ô[0m Generated 36 agent .toml config files
  [32mΓ£ô[0m Installed hooks
  [32mΓ£ô[0m Configured Codex hooks (SessionStart)
  Installing for [36mCodex[0m to [36m~\AppData\Local\Temp\gsd-codex-e2e-UXVToX\codex-home[0m

  [32mΓ£ô[0m Installed 78 skills to skills/
  [32mΓ£ô[0m Installed get-shit-done
  [32mΓ£ô[0m Installed agents
  [32mΓ£ô[0m Installed CHANGELOG.md
  [32mΓ£ô[0m Wrote VERSION (1.36.0)
  [32mΓ£ô[0m Wrote file manifest (gsd-file-manifest.json)

  [33mΓÜá[0m  Found 8 unreplaced .claude path reference(s) in 4 file(s):
     [2mC:\Users\akriz\AppData\Local\Temp\gsd-codex-e2e-UXVToX\codex-home\agents\gsd-debugger.toml[0m (3)
     [2mC:\Users\akriz\AppData\Local\Temp\gsd-codex-e2e-UXVToX\codex-home\agents\gsd-skill-auditor.toml[0m (2)
     [2mC:\Users\akriz\AppData\Local\Temp\gsd-codex-e2e-UXVToX\codex-home\agents\gsd-skill-scaffolder.toml[0m (2)
     [2mC:\Users\akriz\AppData\Local\Temp\gsd-codex-e2e-UXVToX\codex-home\get-shit-done\workflows\update.md[0m (1)
  [2mThese paths may not resolve correctly for Codex.[0m
  [32mΓ£ô[0m Generated config.toml with 36 agent roles
  [32mΓ£ô[0m Generated 36 agent .toml config files
  [32mΓ£ô[0m Installed hooks
  [32mΓ£ô[0m Configured Codex hooks (SessionStart)
  Installing for [36mCodex[0m to [36m~\AppData\Local\Temp\gsd-codex-e2e-MPhZAH\codex-home[0m

  [32mΓ£ô[0m Installed 78 skills to skills/
  [32mΓ£ô[0m Installed get-shit-done
  [32mΓ£ô[0m Installed agents
  [32mΓ£ô[0m Installed CHANGELOG.md
  [32mΓ£ô[0m Wrote VERSION (1.36.0)
  [32mΓ£ô[0m Wrote file manifest (gsd-file-manifest.json)

  [33mΓÜá[0m  Found 1 unreplaced .claude path reference(s) in 1 file(s):
     [2mC:\Users\akriz\AppData\Local\Temp\gsd-codex-e2e-MPhZAH\codex-home\get-shit-done\workflows\update.md[0m (1)
  [2mThese paths may not resolve correctly for Codex.[0m
  [32mΓ£ô[0m Generated config.toml with 36 agent roles
  [32mΓ£ô[0m Generated 36 agent .toml config files
  [32mΓ£ô[0m Installed hooks
  [32mΓ£ô[0m Configured Codex hooks (SessionStart)
  Installing for [36mCodex[0m to [36m~\AppData\Local\Temp\gsd-codex-e2e-MPhZAH\codex-home[0m

  [32mΓ£ô[0m Installed 78 skills to skills/
  [32mΓ£ô[0m Installed get-shit-done
  [32mΓ£ô[0m Installed agents
  [32mΓ£ô[0m Installed CHANGELOG.md
  [32mΓ£ô[0m Wrote VERSION (1.36.0)
  [32mΓ£ô[0m Wrote file manifest (gsd-file-manifest.json)

  [33mΓÜá[0m  Found 8 unreplaced .claude path reference(s) in 4 file(s):
     [2mC:\Users\akriz\AppData\Local\Temp\gsd-codex-e2e-MPhZAH\codex-home\agents\gsd-debugger.toml[0m (3)
     [2mC:\Users\akriz\AppData\Local\Temp\gsd-codex-e2e-MPhZAH\codex-home\agents\gsd-skill-auditor.toml[0m (2)
     [2mC:\Users\akriz\AppData\Local\Temp\gsd-codex-e2e-MPhZAH\codex-home\agents\gsd-skill-scaffolder.toml[0m (2)
     [2mC:\Users\akriz\AppData\Local\Temp\gsd-codex-e2e-MPhZAH\codex-home\get-shit-done\workflows\update.md[0m (1)
  [2mThese paths may not resolve correctly for Codex.[0m
  [32mΓ£ô[0m Generated config.toml with 36 agent roles
  [32mΓ£ô[0m Generated 36 agent .toml config files
  [32mΓ£ô[0m Installed hooks
  [32mΓ£ô[0m Configured Codex hooks (SessionStart)
  Installing for [36mCodex[0m to [36m~\AppData\Local\Temp\gsd-codex-uninstall-9LV5SO\codex-home[0m

  [32mΓ£ô[0m Installed 78 skills to skills/
  [32mΓ£ô[0m Installed get-shit-done
  [32mΓ£ô[0m Installed agents
  [32mΓ£ô[0m Installed CHANGELOG.md
  [32mΓ£ô[0m Wrote VERSION (1.36.0)
  [32mΓ£ô[0m Wrote file manifest (gsd-file-manifest.json)

  [33mΓÜá[0m  Found 1 unreplaced .claude path reference(s) in 1 file(s):
     [2mC:\Users\akriz\AppData\Local\Temp\gsd-codex-uninstall-9LV5SO\codex-home\get-shit-done\workflows\update.md[0m (1)
  [2mThese paths may not resolve correctly for Codex.[0m
  [32mΓ£ô[0m Generated config.toml with 36 agent roles
  [32mΓ£ô[0m Generated 36 agent .toml config files
  [32mΓ£ô[0m Installed hooks
  [32mΓ£ô[0m Configured Codex hooks (SessionStart)
  Installing for [36mCodex[0m to [36m~\AppData\Local\Temp\gsd-codex-uninstall-fihdaq\codex-home[0m

  [32mΓ£ô[0m Installed 78 skills to skills/
  [32mΓ£ô[0m Installed get-shit-done
  [32mΓ£ô[0m Installed agents
  [32mΓ£ô[0m Installed CHANGELOG.md
  [32mΓ£ô[0m Wrote VERSION (1.36.0)
  [32mΓ£ô[0m Wrote file manifest (gsd-file-manifest.json)

  [33mΓÜá[0m  Found 1 unreplaced .claude path reference(s) in 1 file(s):
     [2mC:\Users\akriz\AppData\Local\Temp\gsd-codex-uninstall-fihdaq\codex-home\get-shit-done\workflows\update.md[0m (1)
  [2mThese paths may not resolve correctly for Codex.[0m
  [32mΓ£ô[0m Generated config.toml with 36 agent roles
  [32mΓ£ô[0m Generated 36 agent .toml config files
  [32mΓ£ô[0m Installed hooks
  [32mΓ£ô[0m Configured Codex hooks (SessionStart)
  Installing for [36mCodex[0m to [36m~\AppData\Local\Temp\gsd-codex-uninstall-nVBYtQ\codex-home[0m

  [32mΓ£ô[0m Installed 78 skills to skills/
  [32mΓ£ô[0m Installed get-shit-done
  [32mΓ£ô[0m Installed agents
  [32mΓ£ô[0m Installed CHANGELOG.md
  [32mΓ£ô[0m Wrote VERSION (1.36.0)
  [32mΓ£ô[0m Wrote file manifest (gsd-file-manifest.json)

  [33mΓÜá[0m  Found 1 unreplaced .claude path reference(s) in 1 file(s):
     [2mC:\Users\akriz\AppData\Local\Temp\gsd-codex-uninstall-nVBYtQ\codex-home\get-shit-done\workflows\update.md[0m (1)
  [2mThese paths may not resolve correctly for Codex.[0m
  [32mΓ£ô[0m Generated config.toml with 36 agent roles
  [32mΓ£ô[0m Generated 36 agent .toml config files
  [32mΓ£ô[0m Installed hooks
  [32mΓ£ô[0m Configured Codex hooks (SessionStart)
  Installing for [36mCodex[0m to [36m~\AppData\Local\Temp\gsd-codex-uninstall-1lHKmS\codex-home[0m

  [32mΓ£ô[0m Installed 78 skills to skills/
  [32mΓ£ô[0m Installed get-shit-done
  [32mΓ£ô[0m Installed agents
  [32mΓ£ô[0m Installed CHANGELOG.md
  [32mΓ£ô[0m Wrote VERSION (1.36.0)
  [32mΓ£ô[0m Wrote file manifest (gsd-file-manifest.json)

  [33mΓÜá[0m  Found 1 unreplaced .claude path reference(s) in 1 file(s):
     [2mC:\Users\akriz\AppData\Local\Temp\gsd-codex-uninstall-1lHKmS\codex-home\get-shit-done\workflows\update.md[0m (1)
  [2mThese paths may not resolve correctly for Codex.[0m
  [32mΓ£ô[0m Generated config.toml with 36 agent roles
  [32mΓ£ô[0m Generated 36 agent .toml config files
  [32mΓ£ô[0m Installed hooks
  [32mΓ£ô[0m Configured Codex hooks (SessionStart)
  Installing for [36mCodex[0m to [36m~\AppData\Local\Temp\gsd-codex-uninstall-Ul7ZqT\codex-home[0m

  [32mΓ£ô[0m Installed 78 skills to skills/
  [32mΓ£ô[0m Installed get-shit-done
  [32mΓ£ô[0m Installed agents
  [32mΓ£ô[0m Installed CHANGELOG.md
  [32mΓ£ô[0m Wrote VERSION (1.36.0)
  [32mΓ£ô[0m Wrote file manifest (gsd-file-manifest.json)

  [33mΓÜá[0m  Found 1 unreplaced .claude path reference(s) in 1 file(s):
     [2mC:\Users\akriz\AppData\Local\Temp\gsd-codex-uninstall-Ul7ZqT\codex-home\get-shit-done\workflows\update.md[0m (1)
  [2mThese paths may not resolve correctly for Codex.[0m
  [32mΓ£ô[0m Generated config.toml with 36 agent roles
  [32mΓ£ô[0m Generated 36 agent .toml config files
  [32mΓ£ô[0m Installed hooks
  [32mΓ£ô[0m Configured Codex hooks (SessionStart)
  Installing for [36mCodex[0m to [36m~\AppData\Local\Temp\gsd-codex-uninstall-WuUvlx\codex-home[0m

  [32mΓ£ô[0m Installed 78 skills to skills/
  [32mΓ£ô[0m Installed get-shit-done
  [32mΓ£ô[0m Installed agents
  [32mΓ£ô[0m Installed CHANGELOG.md
  [32mΓ£ô[0m Wrote VERSION (1.36.0)
  [32mΓ£ô[0m Wrote file manifest (gsd-file-manifest.json)

  [33mΓÜá[0m  Found 1 unreplaced .claude path reference(s) in 1 file(s):
     [2mC:\Users\akriz\AppData\Local\Temp\gsd-codex-uninstall-WuUvlx\codex-home\get-shit-done\workflows\update.md[0m (1)
  [2mThese paths may not resolve correctly for Codex.[0m
  [32mΓ£ô[0m Generated config.toml with 36 agent roles
  [32mΓ£ô[0m Generated 36 agent .toml config files
  [32mΓ£ô[0m Installed hooks
  [32mΓ£ô[0m Configured Codex hooks (SessionStart)
  Installing for [36mCodex[0m to [36m~\AppData\Local\Temp\gsd-codex-uninstall-i4A0nJ\codex-home[0m

  [32mΓ£ô[0m Installed 78 skills to skills/
  [32mΓ£ô[0m Installed get-shit-done
  [32mΓ£ô[0m Installed agents
  [32mΓ£ô[0m Installed CHANGELOG.md
  [32mΓ£ô[0m Wrote VERSION (1.36.0)
  [32mΓ£ô[0m Wrote file manifest (gsd-file-manifest.json)

  [33mΓÜá[0m  Found 1 unreplaced .claude path reference(s) in 1 file(s):
     [2mC:\Users\akriz\AppData\Local\Temp\gsd-codex-uninstall-i4A0nJ\codex-home\get-shit-done\workflows\update.md[0m (1)
  [2mThese paths may not resolve correctly for Codex.[0m
  [32mΓ£ô[0m Generated config.toml with 36 agent roles
  [32mΓ£ô[0m Generated 36 agent .toml config files
  [32mΓ£ô[0m Installed hooks
  [32mΓ£ô[0m Configured Codex hooks (SessionStart)
  Installing for [36mCodex[0m to [36m~\AppData\Local\Temp\gsd-codex-uninstall-i4A0nJ\codex-home[0m

  [32mΓ£ô[0m Installed 78 skills to skills/
  [32mΓ£ô[0m Installed get-shit-done
  [32mΓ£ô[0m Installed agents
  [32mΓ£ô[0m Installed CHANGELOG.md
  [32mΓ£ô[0m Wrote VERSION (1.36.0)
  [32mΓ£ô[0m Wrote file manifest (gsd-file-manifest.json)

  [33mΓÜá[0m  Found 1 unreplaced .claude path reference(s) in 1 file(s):
     [2mC:\Users\akriz\AppData\Local\Temp\gsd-codex-uninstall-i4A0nJ\codex-home\get-shit-done\workflows\update.md[0m (1)
  [2mThese paths may not resolve correctly for Codex.[0m
  [32mΓ£ô[0m Generated config.toml with 36 agent roles
  [32mΓ£ô[0m Generated 36 agent .toml config files
  [32mΓ£ô[0m Installed hooks
  [32mΓ£ô[0m Configured Codex hooks (SessionStart)
  Installing for [36mCodex[0m to [36m~\AppData\Local\Temp\gsd-codex-uninstall-9gvhIo\codex-home[0m

  [32mΓ£ô[0m Installed 78 skills to skills/
  [32mΓ£ô[0m Installed get-shit-done
  [32mΓ£ô[0m Installed agents
  [32mΓ£ô[0m Installed CHANGELOG.md
  [32mΓ£ô[0m Wrote VERSION (1.36.0)
  [32mΓ£ô[0m Wrote file manifest (gsd-file-manifest.json)

  [33mΓÜá[0m  Found 1 unreplaced .claude path reference(s) in 1 file(s):
     [2mC:\Users\akriz\AppData\Local\Temp\gsd-codex-uninstall-9gvhIo\codex-home\get-shit-done\workflows\update.md[0m (1)
  [2mThese paths may not resolve correctly for Codex.[0m
  [32mΓ£ô[0m Generated config.toml with 36 agent roles
  [32mΓ£ô[0m Generated 36 agent .toml config files
  [32mΓ£ô[0m Installed hooks
  [32mΓ£ô[0m Configured Codex hooks (SessionStart)
Γû╢ getCodexSkillAdapterHeader
  Γ£ö contains all three sections (2.2378ms)
  Γ£ö includes correct invocation syntax (0.4014ms)
  Γ£ö section B maps AskUserQuestion parameters (0.4939ms)
  Γ£ö section C maps Task to spawn_agent (0.4085ms)
Γ£ö getCodexSkillAdapterHeader (6.1526ms)
Γû╢ convertClaudeAgentToCodexAgent
  Γ£ö adds codex_agent_role header and cleans frontmatter (2.2767ms)
  Γ£ö converts slash commands in body (0.6876ms)
  Γ£ö handles content without frontmatter (0.541ms)
  Γ£ö replaces .claude paths with .codex paths (#1430) (0.4606ms)
Γ£ö convertClaudeAgentToCodexAgent (4.68ms)
Γû╢ Codex hyphen-style command prefix conversion
  Γ£ö converts /gsd-command in workflow output to $gsd-command (1.3844ms)
  Γ£ö converts backtick-wrapped /gsd- commands (0.5622ms)
  Γ£ö does not convert /gsd- in file paths (0.3669ms)
  Γ£ö removes /clear then: for Codex (0.3119ms)
  Γ£ö removes bare /clear then: for Codex (2.1021ms)
Γ£ö Codex hyphen-style command prefix conversion (5.6213ms)
Γû╢ generateCodexAgentToml
  Γ£ö sets workspace-write for executor (0.8252ms)
  Γ£ö sets read-only for plan-checker (0.7368ms)
  Γ£ö includes developer_instructions from body (0.4203ms)
  Γ£ö includes required name and description fields (0.3758ms)
  Γ£ö falls back to generated description when frontmatter is missing fields (0.3162ms)
  Γ£ö defaults unknown agents to read-only (0.2131ms)
Γ£ö generateCodexAgentToml (3.7521ms)
Γû╢ CODEX_AGENT_SANDBOX
  Γ£û has all 13 agents mapped (2.9942ms)
  Γ£ö workspace-write agents have write tools (0.2912ms)
  Γ£ö read-only agents have no write tools (0.1967ms)
  Γ£ö security-scanner has workspace-write (0.1448ms)
Γ£û CODEX_AGENT_SANDBOX (4.0529ms)
Γû╢ generateCodexConfigBlock
  Γ£ö starts with GSD marker (0.2531ms)
  Γ£ö does not include feature flags or agents table header (0.3216ms)
  Γ£ö includes per-agent sections with relative paths (no targetDir) (0.2566ms)
  Γ£ö uses absolute config_file paths when targetDir is provided (0.2541ms)
Γ£ö generateCodexConfigBlock (1.3579ms)
Γû╢ stripGsdFromCodexConfig
  Γ£ö returns null for GSD-only config (5.115ms)
  Γ£ö preserves user content before marker (2.0242ms)
  Γ£ö strips injected feature keys without marker (0.9855ms)
  Γ£ö removes empty [features] section (0.3853ms)
  Γ£ö strips injected keys above marker on uninstall (0.4393ms)
  Γ£ö removes [agents.gsd-*] sections (0.3406ms)
Γ£ö stripGsdFromCodexConfig (9.746ms)
Γû╢ mergeCodexConfig
  Γ£ö case 1: creates new config.toml (6.285ms)
  Γ£ö case 2: replaces existing GSD block (8.9986ms)
  Γ£ö case 3: appends to config without GSD marker (5.9446ms)
  Γ£ö case 3 with existing [features]: preserves user features, does not inject GSD keys (6.6772ms)
  Γ£ö case 3 strips existing [agents.gsd-*] sections before appending fresh block (8.345ms)
  Γ£ö idempotent: re-merge produces same result (7.8372ms)
  Γ£ö case 2 after case 3 with existing [features]: no duplicate sections (9.7429ms)
  Γ£ö case 2 does not inject feature keys (8.2056ms)
  Γ£ö case 2 strips leaked [agents] and [agents.gsd-*] from before content (8.2062ms)
  Γ£ö case 2 strips leaked GSD-managed sections above marker in CRLF files (10.3451ms)
  Γ£ö case 2 preserves user-authored [agents] tables while stripping leaked GSD sections in CRLF files (7.0038ms)
  Γ£ö case 2 idempotent after case 3 with existing [features] (12.3638ms)
  Γ£ö preserves CRLF when appending GSD block to existing config (6.2244ms)
  Γ£ö uses the first newline style when appending GSD block to mixed-EOL configs (8.8157ms)
Γ£ö mergeCodexConfig (116.3834ms)
Γû╢ installCodexConfig (integration)
  Γ£ö generates config.toml and agent .toml files (121.3443ms)
Γ£ö installCodexConfig (integration) (121.5452ms)
Γû╢ codex features section safety
  Γ£ö non-boolean keys under [features] are moved to top level (0.7776ms)
  Γ£ö boolean keys under [features] are NOT flagged (0.3583ms)
Γ£ö codex features section safety (1.3505ms)
Γû╢ Codex install hook configuration (e2e)
  Γ£ö Codex install copies hook file that is referenced in config.toml (#2153) (3867.7514ms)
  Γ£ö fresh CODEX_HOME enables codex_hooks without draft root defaults (2911.4244ms)
  Γ£ö config_file paths are absolute using CODEX_HOME (2517.9879ms)
  Γ£ö re-install repairs non-boolean keys trapped under [features] by previous install (#1379) (2744.0309ms)
  Γ£ö existing LF config without [features] gets one features block and preserves user content (5239.0504ms)
  Γ£ö bare top-level keys are NOT trapped under [features] (#1202) (7791.47ms)
  Γ£ö existing CRLF config without [features] preserves CRLF and adds codex_hooks (7046.6882ms)
  Γ£ö existing CRLF [features] comment-only table gets codex_hooks without losing adjacent text (7834.9112ms)
  Γ£ö existing [features] with trailing comment gets one codex_hooks without a second table (9231.9995ms)
  Γ£ö existing [features] at EOF without trailing newline is updated in place (10544.7447ms)
  Γ£ö existing empty [features] and codex_hooks = false are normalized and remain idempotent (24121.9126ms)
  Γ£ö quoted codex_hooks keys inside [features] are normalized without adding a bare duplicate (11361.6733ms)
  Γ£ö quoted [features] headers are recognized as the existing features table (10640.7128ms)
  Γ£ö quoted table headers containing # are parsed without treating # as a comment start (11243.8152ms)
  Γ£ö existing dotted features config stays dotted and does not grow a [features] table (13420.1439ms)
  Γ£ö root inline-table features assignments are left untouched without appending invalid dotted keys or hooks (5010.8959ms)
  Γ£ö root scalar features assignments are left untouched without appending invalid dotted keys or hooks (5236.4499ms)
  Γ£ö quoted dotted codex_hooks keys stay dotted and are normalized without duplication (5146.9203ms)
  Γ£ö multiline dotted features assignments insert codex_hooks after the full assignment block (5120.4408ms)
  Γ£ö existing empty [features] table is populated with one codex_hooks key (3094.9351ms)
  Γ£ö multiline strings inside [features] do not create fake tables or fake codex_hooks matches (2667.8559ms)
  Γ£ö non-boolean codex_hooks assignments are normalized to true without duplication (3007.8813ms)
  Γ£ö multiline basic-string codex_hooks assignments are fully normalized without leaving trailing lines behind (10611.316ms)
  Γ£ö multiline literal-string codex_hooks assignments are fully normalized without leaving trailing lines behind (7236.7718ms)
  Γ£ö multiline array codex_hooks assignments are fully normalized without leaving trailing lines behind (12280.1995ms)
  Γ£ö triple-quoted codex_hooks values keep inline comments when normalized (3117.7364ms)
  Γ£ö existing CRLF codex_hooks = true stays single and preserves non-GSD hooks (7336.0989ms)
  Γ£ö codex_hooks = true with an inline comment is treated as enabled for hook installation (7242.914ms)
  Γ£ö mixed-EOL configs use the first newline style for inserted Codex content (8188.5467ms)
Γ£ö Codex install hook configuration (e2e) (215821.4187ms)
Γû╢ Codex uninstall symmetry for hook-enabled configs
  Γ£ö fresh install removes the GSD-added codex_hooks feature on uninstall (3378.1259ms)
  Γ£ö install then uninstall removes [features].codex_hooks while preserving other feature keys, comments, hooks, and CRLF (4143.1395ms)
  Γ£ö install then uninstall removes dotted features.codex_hooks without creating a [features] table (3827.6553ms)
  Γ£ö install then uninstall preserves a pre-existing [features].codex_hooks = true (3308.4476ms)
  Γ£ö install then uninstall preserves a pre-existing quoted [features]."codex_hooks" = true (3624.2928ms)
  Γ£ö install then uninstall preserves a pre-existing root dotted features.codex_hooks = true (3046.5099ms)
  Γ£ö install then uninstall leaves short-circuited root features assignments untouched (6827.9404ms)
  Γ£ö install then uninstall keeps mixed-EOL user content stable while removing GSD hook state (3054.9773ms)
Γ£ö Codex uninstall symmetry for hook-enabled configs (31212.2357ms)
Γû╢ ARCHITECTURE.md command count sync
  Γ£ö docs/ARCHITECTURE.md contains a "Total commands:" prose count (2.1517ms)
  Γ£ö docs/ARCHITECTURE.md contains a directory-tree slash-command count (0.4994ms)
  Γ£û "Total commands:" prose count matches actual commands/gsd/ file count (1.61ms)
  Γ£û directory-tree slash-command count matches actual commands/gsd/ file count (0.4595ms)
  Γ£ö "Total commands:" prose count and directory-tree count agree with each other (0.3509ms)
Γ£û ARCHITECTURE.md command count sync (8.6994ms)
Γû╢ history-digest command
  Γ£ö empty phases directory returns valid schema (223.3384ms)
  Γ£ö nested frontmatter fields extracted correctly (241.818ms)
  Γ£ö multiple phases merged into single digest (229.597ms)
  Γ£ö malformed SUMMARY.md skipped gracefully (227.2219ms)
  Γ£ö flat provides field still works (backward compatibility) (222.5283ms)
  Γ£ö inline array syntax supported (248.504ms)
Γ£ö history-digest command (1396.4501ms)
Γû╢ summary-extract command
  Γ£ö missing file returns error (231.8724ms)
  Γ£ö extracts all fields from SUMMARY.md (225.9955ms)
  Γ£ö selective extraction with --fields (222.9349ms)
  Γ£ö extracts one-liner from body when not in frontmatter (237.6121ms)
  Γ£ö handles missing frontmatter fields gracefully (212.0518ms)
  Γ£ö parses key-decisions with rationale (241.7436ms)
Γ£ö summary-extract command (1373.5584ms)
Γû╢ progress command
  Γ£ö renders JSON progress (236.9225ms)
  Γ£ö renders bar format (218.709ms)
  Γ£ö renders table format (225.0973ms)
  Γ£ö does not crash when summaries exceed plans (orphaned SUMMARY.md) (939.2457ms)
Γ£ö progress command (1620.7172ms)
Γû╢ todo complete command
  Γ£ö moves todo from pending to completed (252.9677ms)
  Γ£ö fails for nonexistent todo (428.6038ms)
Γ£ö todo complete command (681.9084ms)
Γû╢ todo match-phase command
  Γ£ö returns empty matches when no todos exist (288.6847ms)
  Γ£ö matches todo by keyword overlap with phase name (226.9945ms)
  Γ£ö does not match unrelated todo (274.2041ms)
  Γ£ö matches todo by area overlap (230.4721ms)
  Γ£ö sorts matches by score descending (304.1134ms)
Γ£ö todo match-phase command (1325.229ms)
Γû╢ scaffold command
  Γ£ö scaffolds context file (264.0573ms)
  Γ£ö scaffolds UAT file (292.1514ms)
  Γ£ö scaffolds verification file (256.1855ms)
  Γ£ö scaffolds phase directory (241.5935ms)
  Γ£ö does not overwrite existing files (293.2469ms)
Γ£ö scaffold command (1347.8824ms)
Γû╢ generate-slug command
  Γ£ö converts normal text to slug (391.8245ms)
  Γ£ö strips special characters (304.7182ms)
  Γ£ö preserves numbers (425.8278ms)
  Γ£ö strips leading and trailing hyphens (301.841ms)
  Γ£ö fails when no text provided (392.1695ms)
Γ£ö generate-slug command (1817.3653ms)
Γû╢ current-timestamp command
  Γ£ö date format returns YYYY-MM-DD (392.1089ms)
  Γ£ö filename format returns ISO without colons or fractional seconds (466.1276ms)
  Γ£ö full format returns full ISO string (344.2469ms)
  Γ£ö default (no format) returns full ISO string (280.7856ms)
Γ£ö current-timestamp command (1483.8405ms)
Γû╢ list-todos command
  Γ£ö empty directory returns zero count (233.0388ms)
  Γ£ö returns multiple todos with correct fields (296.1178ms)
  Γ£ö area filter returns only matching todos (263.0818ms)
  Γ£ö area filter miss returns zero count (250.7653ms)
  Γ£ö malformed files use defaults (238.4895ms)
Γ£ö list-todos command (1282.3749ms)
Γû╢ verify-path-exists command
  Γ£ö existing file returns exists=true with type=file (195.7345ms)
  Γ£ö existing directory returns exists=true with type=directory (171.1205ms)
  Γ£ö missing path returns exists=false (203.4758ms)
  Γ£ö absolute path resolves correctly (309.9158ms)
  Γ£ö fails when no path provided (239.4158ms)
Γ£ö verify-path-exists command (1120.4488ms)
Γû╢ resolve-model command
  Γ£ö known agent returns model and profile without unknown_agent (237.3749ms)
  Γ£ö unknown agent returns unknown_agent=true (239.4528ms)
  Γ£ö default profile fallback when no config exists (270.082ms)
  Γ£ö fails when no agent-type provided (296.0104ms)
Γ£ö resolve-model command (1043.4586ms)
Γû╢ commit command
  Γ£ö skips when commit_docs is false (2717.4012ms)
  Γ£ö skips when .planning is gitignored (2761.7451ms)
  Γ£ö handles nothing to commit (3019.5595ms)
  Γ£ö creates real commit with correct hash (3156.2428ms)
  Γ£ö amend mode works without crashing (3572.3543ms)
  Γ£ö creates strategy branch before first commit when branching_strategy is milestone (3201.7591ms)
  Γ£ö creates strategy branch before first commit when branching_strategy is phase (3735.9752ms)
  Γ£ö decimal phase numbers are captured correctly in branching strategy (3460.9181ms)
Γ£ö commit command (25627.1898ms)
Γû╢ websearch command
  Γ£ö returns available=false when BRAVE_API_KEY is unset (4.7725ms)
  Γ£ö returns error when no query provided (0.5917ms)
  Γ£ö returns results for successful API response (0.9488ms)
  Γ£ö constructs correct URL parameters (0.9256ms)
  Γ£ö handles API error (non-200 status) (0.6014ms)
  Γ£ö handles network failure (0.7906ms)
Γ£ö websearch command (9.2241ms)
Γû╢ stats command
  Γ£ö returns valid JSON with empty project (576.6888ms)
  Γ£ö counts phases, plans, and summaries correctly (506.2781ms)
  Γ£ö counts requirements from REQUIREMENTS.md (490.9111ms)
  Γ£ö reads last activity from STATE.md (505.1444ms)
  Γ£ö reads last activity from plain STATE.md template format (631.8433ms)
  Γ£ö includes roadmap-only phases in totals and preserves hyphenated names (587.7014ms)
  Γ£ö reports git commit count and first commit date from repository history (3140.2461ms)
  Γ£ö table format renders readable output (596.5485ms)
  Γ£ö phase with summaries but no verification is Executed, not Complete (505.8565ms)
  Γ£ö phase with passing verification is Complete (509.7078ms)
  Γ£ö phase with gaps_found verification is Executed (553.8636ms)
  Γ£ö phase with human_needed verification shows Needs Review (1144.4714ms)
  Γ£ö progress command also uses verification-aware status (408.4096ms)
Γ£ö stats command (10165.7451ms)
Γû╢ check-commit command
  Γ£ö allows commit when commit_docs is true (2530.1024ms)
  Γ£ö allows commit when no .planning/ files staged and commit_docs is false (2833.8371ms)
  Γ£ö blocks commit when .planning/ files staged and commit_docs is false (2393.8865ms)
Γ£ö check-commit command (7758.3303ms)
Γû╢ commit_docs bypass guard (#1783)
  Γ£ö execute-phase.md: every git add .planning/ has a commit_docs guard (4.1269ms)
  Γ£ö quick.md: every git add .planning/ has a commit_docs guard (1.3726ms)
  Γ£ö quick.md: git add ${file_list} has a commit_docs guard for .planning/ filtering (1.3239ms)
  Γ£ö no raw git add .planning/ without commit_docs guard in any workflow (1.8828ms)
Γ£ö commit_docs bypass guard (#1783) (12.195ms)
Γû╢ commit --files: missing files must not stage deletions (#2014)
  Γ£ö passing --files for a missing tracked file does not commit a deletion (3386.3407ms)
  Γ£ö passing --files for a file that exists stages and commits it normally (3538.4121ms)
  Γ£ö --files with mix of existing and missing files only stages the existing ones (4204.0521ms)
Γ£ö commit --files: missing files must not stage deletions (#2014) (11148.8182ms)
Γû╢ planning lock integration
  Γ£ö phase add creates and releases .planning/.lock during ROADMAP write (309.4639ms)
  Γ£ö phase complete creates and releases .planning/.lock (320.2451ms)
  Γ£ö roadmap update-plan-progress creates and releases .planning/.lock (238.6372ms)
  Γ£ö lock file does NOT persist after successful phase operations (444.9652ms)
  Γ£ö phase add still works correctly with lock (behavioral regression) (397.9207ms)
Γ£ö planning lock integration (1714.2131ms)
Γû╢ readModifyWriteStateMd (via state patch)
  Γ£ö transforms content atomically (read + modify + write under lock) (322.1192ms)
  Γ£ö lock file cleaned up after state patch operation (267.8585ms)
  Γ£ö state patch still works correctly via readModifyWriteStateMd path (behavioral regression) (319.2359ms)
  Γ£ö two sequential state patches both persist (patch A then patch B) (695.2519ms)
  Γ£ö lock file does not persist after rapid sequential patches (1208.4195ms)
Γ£ö readModifyWriteStateMd (via state patch) (2813.8109ms)
Γû╢ multi-process concurrent write tests
  Γ£ö two concurrent state patches to DIFFERENT fields both persist (490.6633ms)
  Γ£ö lock file does not persist after concurrent operations (608.589ms)
  Γ£ö three rapid sequential patches all persist (670.8877ms)
Γ£ö multi-process concurrent write tests (1780.3072ms)
Γû╢ normalizeMd behavioral equivalence
  Γ£ö simple markdown with headings and paragraphs (5.7787ms)
  Γ£ö single fenced code block gets blank lines before/after (0.5535ms)
  Γ£ö multiple fenced code blocks (0.3433ms)
  Γ£ö unclosed fence at end of file (edge case) (0.2523ms)
  Γ£ö empty string input (0.1654ms)
  Γ£ö mixed headings + lists + fences (complex case) (0.3867ms)
Γ£ö normalizeMd behavioral equivalence (9.0944ms)
Γû╢ normalizeMd performance benchmark
  Γ£ö processes a 100-line markdown file in under 50ms (0.605ms)
  Γ£ö processes a 1000-line markdown file with 20 code blocks in under 200ms (12.465ms)
Γ£ö normalizeMd performance benchmark (13.3494ms)
Γû╢ normalizeMd snapshot tests
  Γ£ö snapshot - heading spacing (1.2999ms)
  Γ£ö snapshot - code block spacing (0.2987ms)
  Γ£ö snapshot - list spacing (0.3263ms)
  Γ£ö snapshot - complex mixed document (0.5201ms)
Γ£ö normalizeMd snapshot tests (8.0704ms)
Γû╢ warnings
  Γ£ö must_haves parse warning fires for block with content but 0 items (232.1654ms)
  Γ£ö stateReplaceFieldWithFallback logs warning on miss (294.9309ms)
Γ£ö warnings (527.4432ms)
Γû╢ malformed input resilience
  Γ£ö STATE.md with invalid bold format -- state patch returns gracefully (337.2265ms)
  Γ£ö STATE.md with only frontmatter, no body -- state patch handles gracefully (285.2191ms)
Γ£ö malformed input resilience (622.8024ms)
Γû╢ stress tests with 50+ phases
  Γ£ö roadmap analyze on 50-phase ROADMAP completes in under 2000ms (931.6646ms)
  Γ£ö phase complete on phase 26 of 50-phase project works correctly (1115.0404ms)
Γ£ö stress tests with 50+ phases (2047.1694ms)
Γû╢ config-field-docs
  Γ£ö contains Complete Field Reference section (2.285ms)
  Γ£ö documents at least 15 config fields in tables (0.3494ms)
  Γ£ö contains example configurations (0.1795ms)
  Γ£ö contains field interactions section (0.1913ms)
  Γ£ö every CONFIG_DEFAULTS key appears in the doc (2.205ms)
  Γ£ö documents workflow namespace fields (0.2989ms)
  Γ£ö documents git namespace fields (0.2375ms)
  Γ£ö documents KNOWN_TOP_LEVEL internal fields not in CONFIG_DEFAULTS (0.3002ms)
  Γ£ö documents sub_repos field (CONFIG_DEFAULTS, no namespace form) (0.2269ms)
  Γ£ö documents features.thinking_partner field (0.2706ms)
  Γ£ö mode field documents correct allowed values (0.1655ms)
  Γ£ö discuss_mode field documents correct allowed values (0.1984ms)
  Γ£ö documents plan_checker alias for workflow.plan_check (1.2509ms)
Γ£ö config-field-docs (11.1448ms)
Γû╢ config-get --default flag (#1893)
  Γ£ö absent key without --default errors (423.6319ms)
  Γ£ö absent key with --default returns default value (398.703ms)
  Γ£ö absent key with --default "" returns empty string (312.6746ms)
  Γ£ö present key with --default returns real value (ignores default) (235.9532ms)
  Γ£ö nested absent key with --default returns default (237.5933ms)
  Γ£ö missing config.json with --default returns default (227.0577ms)
  Γ£ö missing config.json without --default errors (198.1153ms)
  Γ£ö --default works with JSON output (no --raw) (209.2856ms)
Γ£ö config-get --default flag (#1893) (2246.8318ms)
Γû╢ config-ensure-section command
  Γ£ö creates config.json with expected structure and types (226.0043ms)
  Γ£ö is idempotent ΓÇö returns already_exists on second call (416.2602ms)
  Γ£ö detects Brave Search from file-based key (217.947ms)
  Γ£ö merges user defaults from defaults.json (221.5821ms)
  Γ£ö merges nested workflow keys from defaults.json preserving unset keys (213.0325ms)
Γ£ö config-ensure-section command (1296.8627ms)
Γû╢ config-set command
  Γ£ö sets a top-level string value (387.7511ms)
  Γ£ö coerces true to boolean (412.3302ms)
  Γ£ö coerces false to boolean (428.2705ms)
  Γ£ö coerces numeric strings to numbers (506.6882ms)
  Γ£ö preserves plain strings (1137.2341ms)
  Γ£ö sets nested values via dot-notation (560.2084ms)
  Γ£ö auto-creates nested objects for dot-notation (660.9803ms)
  Γ£ö rejects unknown config keys (616.1365ms)
  Γ£ö sets workflow.text_mode for remote session support (718.1889ms)
  Γ£ö sets workflow.use_worktrees to disable worktree isolation (608.1218ms)
  Γ£ö sets git.base_branch for non-main default branches (716.8131ms)
  Γ£ö sets intel.enabled to opt into the intel subsystem (544.8399ms)
  Γ£ö errors when no key path provided (497.7314ms)
  Γ£ö rejects known invalid nyquist alias keys with a suggestion (456.2764ms)
Γ£ö config-set command (8253.6852ms)
Γû╢ config-get command
  Γ£ö gets a top-level value (513.7818ms)
  Γ£ö gets a nested value via dot-notation (552.7579ms)
  Γ£ö errors for nonexistent key (495.7507ms)
  Γ£ö errors for deeply nested nonexistent key (503.5809ms)
  Γû╢ when config.json does not exist
    Γ£ö errors when config.json does not exist (529.9769ms)
  Γ£ö when config.json does not exist (530.2676ms)
  Γ£ö gets git.base_branch after it is set (796.8981ms)
  Γ£ö errors for git.base_branch when not explicitly set (581.532ms)
  Γ£ö errors when no key path provided (445.5076ms)
Γ£ö config-get command (4436.9966ms)
Γû╢ config-new-project command
  Γ£ö creates full config with all expected keys (270.9528ms)
  Γ£ö user choices override defaults (221.0081ms)
  Γ£ö works with empty choices ΓÇö all defaults materialized (319.0502ms)
  Γ£ö is idempotent ΓÇö returns already_exists if config exists (503.6403ms)
  Γ£ö auto_advance in workflow choices is preserved (414.7751ms)
  Γ£ö rejects invalid JSON choices (422.4056ms)
  Γ£ö output has created:true and path on success (296.4779ms)
Γ£ö config-new-project command (2449.4134ms)
Γû╢ config-set research_before_questions and discuss_mode
  Γ£ö workflow.research_before_questions is a valid config key (511.1675ms)
  Γ£ö workflow.discuss_mode is a valid config key (588.8816ms)
  Γ£ö research_before_questions defaults to false in new configs (307.6757ms)
  Γ£ö discuss_mode defaults to discuss in new configs (398.5134ms)
  Γ£ö hooks.research_questions is rejected with suggestion (776.8953ms)
Γ£ö config-set research_before_questions and discuss_mode (2589.8022ms)
Γû╢ config-set unknown key (no suggestion)
  Γ£ö rejects a key that has no suggestion (504.8158ms)
Γ£ö config-set unknown key (no suggestion) (505.4063ms)
Γû╢ config-get edge cases
  Γ£ö errors when traversing a dot-path through a non-object value (267.1572ms)
  Γ£ö errors when config.json contains malformed JSON (364.7179ms)
Γ£ö config-get edge cases (632.2078ms)
Γû╢ config-set-model-profile command
  Γ£ö sets a valid profile and updates config (649.2599ms)
  Γ£ö reports previous profile in output (652.4833ms)
  Γ£ö setting the same profile is a no-op on config but still succeeds (914.8327ms)
  Γ£ö is case-insensitive (583.8728ms)
  Γ£ö rejects invalid profile (552.2464ms)
  Γ£ö errors when no profile provided (491.7205ms)
  Γû╢ when config is missing
    Γ£ö creates config if missing before setting profile (556.3872ms)
  Γ£ö when config is missing (571.9793ms)
Γ£ö config-set-model-profile command (4418.0751ms)
Γû╢ config-set workflow.skip_discuss
  Γ£ö workflow.skip_discuss is a valid config key (652.0276ms)
  Γ£ö skip_discuss defaults to false in new configs (290.265ms)
  Γ£ö skip_discuss can be toggled back to false (906.4391ms)
  Γû╢ skip_discuss in config-new-project
    Γ£ö skip_discuss is present in config-new-project output (647.7976ms)
    Γ£ö skip_discuss can be set via config-new-project choices (619.3582ms)
  Γ£ö skip_discuss in config-new-project (1277.7669ms)
  Γ£ö config-get workflow.skip_discuss returns the set value (802.2292ms)
Γ£ö config-set workflow.skip_discuss (3929.5267ms)
Γû╢ config-set/config-get workflow.use_worktrees
  Γ£ö config-get workflow.use_worktrees returns false after setting to false (813.774ms)
  Γ£ö config-get workflow.use_worktrees errors when not set (default config) (516.416ms)
  Γ£ö config-get workflow.use_worktrees returns true after setting to true (848.3126ms)
  Γ£ö use_worktrees can be toggled back and forth (1932.5095ms)
Γ£ö config-set/config-get workflow.use_worktrees (4111.613ms)
Γû╢ config-set/config-get context
  Γ£ö config set context dev succeeds (669.5726ms)
  Γ£ö config set context research succeeds (585.8833ms)
  Γ£ö config set context review succeeds (597.494ms)
  Γ£ö config get context returns the set value (1079.256ms)
  Γ£ö config set context rejects invalid values (612.8581ms)
  Γ£ö all three context profile files exist (399.7333ms)
Γ£ö config-set/config-get context (3945.7083ms)
Γû╢ execute-phase.md context enrichment
  Γ£ö contains CONTEXT_WINDOW config-get command (2.2727ms)
  Γ£ö contains conditional prior_wave_summaries in executor prompt (1.0762ms)
  Γ£ö verifier prompt includes files_to_read block (0.9693ms)
  Γ£ö executor enrichment block includes CONTEXT.md and RESEARCH.md for 1M models (0.9372ms)
Γ£ö execute-phase.md context enrichment (7.3582ms)
Γû╢ plan-phase.md context enrichment
  Γ£ö contains CONTEXT_WINDOW conditional for prior CONTEXT.md (2.6452ms)
  Γ£ö enrichment block mentions cross-phase decision consistency (1.1522ms)
  Γ£ö default CONTEXT_WINDOW fallback is 200000 (0.892ms)
Γ£ö plan-phase.md context enrichment (5.2307ms)

[36m   ΓûêΓûêΓûêΓûêΓûêΓûêΓòù ΓûêΓûêΓûêΓûêΓûêΓûêΓûêΓòùΓûêΓûêΓûêΓûêΓûêΓûêΓòù
  ΓûêΓûêΓòöΓòÉΓòÉΓòÉΓòÉΓò¥ ΓûêΓûêΓòöΓòÉΓòÉΓòÉΓòÉΓò¥ΓûêΓûêΓòöΓòÉΓòÉΓûêΓûêΓòù
  ΓûêΓûêΓòæ  ΓûêΓûêΓûêΓòùΓûêΓûêΓûêΓûêΓûêΓûêΓûêΓòùΓûêΓûêΓòæ  ΓûêΓûêΓòæ
  ΓûêΓûêΓòæ   ΓûêΓûêΓòæΓòÜΓòÉΓòÉΓòÉΓòÉΓûêΓûêΓòæΓûêΓûêΓòæ  ΓûêΓûêΓòæ
  ΓòÜΓûêΓûêΓûêΓûêΓûêΓûêΓòöΓò¥ΓûêΓûêΓûêΓûêΓûêΓûêΓûêΓòæΓûêΓûêΓûêΓûêΓûêΓûêΓòöΓò¥
   ΓòÜΓòÉΓòÉΓòÉΓòÉΓòÉΓò¥ ΓòÜΓòÉΓòÉΓòÉΓòÉΓòÉΓòÉΓò¥ΓòÜΓòÉΓòÉΓòÉΓòÉΓòÉΓò¥[0m

  Get Shit Done [2mv1.36.0[0m
  A meta-prompting, context engineering and spec-driven
  development system for Claude Code, OpenCode, Gemini, Kilo, Codex, Copilot, Antigravity, Cursor, Windsurf, Augment, Trae, Qwen Code, Cline and CodeBuddy by T├éCHES.

Γû╢ getDirName (Copilot)
  Γ£ö returns .github for copilot (1.668ms)
  Γ£ö does not break existing runtimes (0.3414ms)
Γ£ö getDirName (Copilot) (4.1715ms)
Γû╢ getGlobalDir (Copilot)
  Γ£ö returns ~/.copilot with no env var or explicit dir (2.1149ms)
  Γ£ö returns explicit dir when provided (0.886ms)
  Γ£ö respects COPILOT_CONFIG_DIR env var (1.0191ms)
  Γ£ö explicit dir takes priority over COPILOT_CONFIG_DIR (0.9779ms)
  Γ£ö does not break existing runtimes (0.6723ms)
Γ£ö getGlobalDir (Copilot) (6.505ms)
Γû╢ getConfigDirFromHome (Copilot)
  Γ£ö returns .github path string for local (isGlobal=false) (0.6007ms)
  Γ£ö returns .copilot path string for global (isGlobal=true) (2.0334ms)
  Γ£ö does not break existing runtimes (0.3203ms)
Γ£ö getConfigDirFromHome (Copilot) (3.3864ms)
Γû╢ Source code integration (Copilot)
  Γ£ö CLI-01: --copilot flag parsing exists (0.427ms)
  Γ£ö CLI-03: --all array includes copilot (0.2271ms)
  Γ£ö CLI-06: banner text includes Copilot (0.1566ms)
  Γ£ö CLI-06: help text includes --copilot (0.1255ms)
  Γ£ö CLI-02: promptRuntime runtimeMap has Copilot as option 7 (0.3227ms)
  Γ£ö CLI-02: promptRuntime allRuntimes array includes copilot (0.7234ms)
  Γ£ö CLI-02: promptRuntime keeps Kilo above OpenCode in allRuntimes (0.6997ms)
  Γ£ö isCopilot variable exists in install function (0.2573ms)
  Γ£ö hooks are skipped for Copilot (0.2587ms)
  Γ£ö --both flag unchanged (still claude + opencode only) (0.2819ms)
Γ£ö Source code integration (Copilot) (4.032ms)
Γû╢ convertCopilotToolName
  Γ£ö maps Read to read (0.3414ms)
  Γ£ö maps Write to edit (0.145ms)
  Γ£ö maps Edit to edit (same as Write) (0.0913ms)
  Γ£ö maps Bash to execute (0.1074ms)
  Γ£ö maps Grep to search (0.0908ms)
  Γ£ö maps Glob to search (same as Grep) (0.071ms)
  Γ£ö maps Task to agent (0.0705ms)
  Γ£ö maps WebSearch to web (0.1094ms)
  Γ£ö maps WebFetch to web (same as WebSearch) (0.2262ms)
  Γ£ö maps TodoWrite to todo (0.1484ms)
  Γ£ö maps AskUserQuestion to ask_user (0.1494ms)
  Γ£ö maps SlashCommand to skill (0.1373ms)
  Γ£ö maps mcp__context7__ prefix to io.github.upstash/context7/ (0.1217ms)
  Γ£ö maps mcp__context7__* wildcard (0.0923ms)
  Γ£ö lowercases unknown tools as fallback (0.0969ms)
  Γ£ö mapping constant has 13 entries (12 direct + mcp handled separately) (0.1289ms)
Γ£ö convertCopilotToolName (2.7277ms)
Γû╢ convertClaudeToCopilotContent
  Γ£ö replaces ~/.claude/ with .github/ in local mode (default) (0.7603ms)
  Γ£ö replaces ~/.claude/ with ~/.copilot/ in global mode (0.1818ms)
  Γ£ö replaces ./.claude/ with ./.github/ (0.1267ms)
  Γ£ö replaces bare .claude/ with .github/ (0.0916ms)
  Γ£ö replaces $HOME/.claude/ with .github/ in local mode (default) (0.0835ms)
  Γ£ö replaces $HOME/.claude/ with $HOME/.copilot/ in global mode (0.0985ms)
  Γ£ö converts gsd: to gsd- in command names (0.1493ms)
  Γ£ö handles mixed content in local mode (0.1913ms)
  Γ£ö handles mixed content in global mode (0.1774ms)
  Γ£ö does not double-replace in local mode (0.197ms)
  Γ£ö does not double-replace in global mode (0.1549ms)
  Γ£ö preserves content with no matches (0.1265ms)
Γ£ö convertClaudeToCopilotContent (2.8934ms)
Γû╢ convertClaudeCommandToCopilotSkill
  Γ£ö converts frontmatter with all fields (1.3225ms)
  Γ£ö handles skill without allowed-tools (0.4836ms)
  Γ£ö handles skill without argument-hint (0.2281ms)
  Γ£ö argument-hint with inner single quotes uses double-quote YAML delimiter (0.2291ms)
  Γ£ö applies CONV-06 path conversion to body (local mode) (0.2031ms)
  Γ£ö applies CONV-06 path conversion to body (global mode) (0.2003ms)
  Γ£ö applies CONV-07 command name conversion to body (0.2279ms)
  Γ£ö handles content without frontmatter (local mode) (0.1699ms)
  Γ£ö preserves agent field in frontmatter (0.2426ms)
Γ£ö convertClaudeCommandToCopilotSkill (3.7775ms)
Γû╢ convertClaudeAgentToCopilotAgent
  Γ£ö maps and deduplicates tools (0.8219ms)
  Γ£ö formats tools as JSON array (0.4686ms)
  Γ£ö preserves name description and color (0.2903ms)
  Γ£ö handles mcp__context7__ tools (0.2379ms)
  Γ£ö handles agent with no tools field (0.2015ms)
  Γ£ö applies CONV-06 and CONV-07 to body (local mode) (0.2706ms)
  Γ£ö applies CONV-06 and CONV-07 to body (global mode) (0.2569ms)
  Γ£ö handles content without frontmatter (local mode) (0.1839ms)
Γ£ö convertClaudeAgentToCopilotAgent (3.2438ms)
Γû╢ copyCommandsAsCopilotSkills
  Γ£ö creates skill folders from source commands (266.5939ms)
  Γ£ö skill content has Copilot frontmatter format (235.5269ms)
  Γ£ö generates gsd-autonomous skill from autonomous.md command (224.516ms)
  Γ£ö autonomous skill body converts gsd: to gsd- (CONV-07) (2.0355ms)
  Γ£ö cleans up old skill directories on re-run (288.8295ms)
Γ£ö copyCommandsAsCopilotSkills (1018.0294ms)
Γû╢ Copilot agent conversion - real files
  Γ£ö converts gsd-executor agent correctly (1.5848ms)
  Γ£ö converts agent with mcp wildcard tools correctly (0.9392ms)
  Γ£ö all 18 agents convert without error (18.047ms)
Γ£ö Copilot agent conversion - real files (20.8504ms)
Γû╢ Copilot content conversion - engine files
  Γ£ö converts engine .md files correctly (local mode default) (0.814ms)
  Γ£ö converts engine .md files correctly (global mode) (0.5859ms)
  Γ£ö converts engine .cjs files correctly (0.9626ms)
Γ£ö Copilot content conversion - engine files (2.5472ms)
Γû╢ Copilot instructions merge/strip
  Γû╢ mergeCopilotInstructions
    Γ£ö creates file from scratch when none exists (6.0782ms)
    Γ£ö replaces GSD section when both markers present (8.1524ms)
    Γ£ö appends to existing file when no markers present (7.52ms)
    Γ£ö handles file that is GSD-only (re-creates cleanly) (6.9892ms)
    Γ£ö preserves user content before and after markers (7.619ms)
  Γ£ö mergeCopilotInstructions (36.7989ms)
  Γû╢ stripGsdFromCopilotInstructions
    Γ£ö returns null when content is GSD-only (0.4897ms)
    Γ£ö returns cleaned content when user content exists before markers (0.3141ms)
    Γ£ö returns cleaned content when user content exists after markers (0.2977ms)
    Γ£ö returns cleaned content preserving both before and after (0.2264ms)
    Γ£ö returns original content when no markers found (0.1769ms)
  Γ£ö stripGsdFromCopilotInstructions (2.1144ms)
Γ£ö Copilot instructions merge/strip (39.1491ms)
Γû╢ Copilot uninstall skill removal
  Γ£ö identifies gsd-* skill directories for removal (10.8084ms)
  Γ£ö cleans GSD section from copilot-instructions.md on uninstall (1.5003ms)
  Γ£ö deletes copilot-instructions.md when GSD-only on uninstall (1.1571ms)
Γ£ö Copilot uninstall skill removal (13.6935ms)
Γû╢ Copilot manifest and patches fixes
  Γ£ö writeManifest hashes skills for Copilot runtime (14.5847ms)
  Γû╢ reportLocalPatches
    Γ£ö reportLocalPatches shows /gsd-reapply-patches for Copilot (10.8829ms)
    Γ£ö reportLocalPatches shows /gsd-reapply-patches for Claude (4.1763ms)
  Γ£ö reportLocalPatches (15.2472ms)
Γ£ö Copilot manifest and patches fixes (30.0007ms)
Γû╢ E2E: Copilot full install verification
  Γ£ö installs expected number of skill directories (2226.997ms)
  Γ£ö each skill directory contains SKILL.md (3268.8013ms)
  Γ£ö installs expected number of agent files (2785.6076ms)
  Γ£û installs all expected agent files (3155.9135ms)
  Γ£ö generates copilot-instructions.md with GSD markers (3320.1794ms)
  Γ£ö creates manifest with correct structure (2937.0058ms)
  Γ£ö manifest contains expected file categories (2993.5063ms)
  Γ£ö manifest SHA256 hashes match actual file contents (4267.5572ms)
  Γ£ö engine directory contains required subdirectories and files (3200.3338ms)
Γ£û E2E: Copilot full install verification (28162.0301ms)
Γû╢ E2E: Copilot uninstall verification
  Γ£ö removes engine directory (2034.2782ms)
  Γ£ö removes copilot-instructions.md (2164.5144ms)
  Γ£ö removes all GSD skill directories (2340.8829ms)
  Γ£ö removes all GSD agent files (2017.9183ms)
  Γû╢ preserves non-GSD content
    Γ£ö preserves non-GSD content in skills directory (4045.3483ms)
    Γ£ö preserves non-GSD content in agents directory (4225.013ms)
  Γ£ö preserves non-GSD content (8270.7443ms)
Γ£ö E2E: Copilot uninstall verification (16832.034ms)
Γû╢ Claude uninstall preserves user-generated files (#1423)
  Γ£ö preserves USER-PROFILE.md across uninstall (1760.7308ms)
  Γ£ö preserves dev-preferences.md across uninstall (1759.6523ms)
  Γ£ö still removes GSD engine files during uninstall (1823.5468ms)
  Γ£ö clean uninstall when no user files exist (1658.0146ms)
Γ£ö Claude uninstall preserves user-generated files (#1423) (7002.5359ms)
gsd-tools: warning: unknown config key(s) in .planning/config.json: sub_repos ΓÇö these will be ignored
gsd-tools: warning: unknown config key(s) in .planning/config.json: sub_repos ΓÇö these will be ignored
gsd-tools: warning: unknown config key(s) in .planning/config.json: sub_repos ΓÇö these will be ignored
gsd-tools: warning: unknown config key(s) in .planning/config.json: sub_repos ΓÇö these will be ignored
Γû╢ loadConfig
  Γ£ö returns defaults when config.json is missing (8.0342ms)
  Γ£ö reads model_profile from config.json (127.1657ms)
  Γ£ö reads nested config keys (5.6412ms)
  Γ£ö reads branching_strategy from git section (120.0042ms)
  Γ£ö returns model_overrides when present (REG-01) (110.0227ms)
  Γ£ö returns model_overrides as null when not in config (128.1411ms)
  Γ£ö reads response_language when set (119.6851ms)
  Γ£ö returns response_language as null when not set (114.3029ms)
  Γ£ö returns defaults when config.json contains invalid JSON (5.8515ms)
  Γ£ö handles parallelization as boolean (170.3303ms)
  Γ£ö handles parallelization as object with enabled field (111.873ms)
  Γ£ö prefers top-level keys over nested keys (6.1987ms)
  Γ£ö warns on unknown config keys to stderr (#1535) (124.8801ms)
  Γ£ö known config keys are derived from VALID_CONFIG_KEYS (not hardcoded) (181.2595ms)
  Γ£ö does not warn when all config keys are known (97.7103ms)
Γ£ö loadConfig (1434.9032ms)
Γû╢ loadConfig commit_docs gitignore auto-detection (#1250)
  Γ£ö commit_docs defaults to false when .planning/ is gitignored and no explicit config (1490.3345ms)
  Γ£ö commit_docs defaults to true when .planning/ is NOT gitignored and no explicit config (2075.75ms)
  Γ£ö explicit commit_docs: false is respected even when .planning/ is not gitignored (2295.4816ms)
  Γ£ö explicit commit_docs: true is respected even when .planning/ is gitignored (1884.9738ms)
  Γ£ö commit_docs auto-detect works with no config.json (1652.0599ms)
Γ£ö loadConfig commit_docs gitignore auto-detection (#1250) (9414.6152ms)
Γû╢ resolveModelInternal
  Γû╢ model profile structural validation
    Γ£ö all known agents resolve to a valid string for each profile (221.7536ms)
    Γ£ö inherit profile forces all known agents to inherit model (151.645ms)
  Γ£ö model profile structural validation (373.7149ms)
  Γû╢ override precedence
    Γ£ö per-agent override takes precedence over profile (154.2391ms)
    Γ£ö opus override resolves to opus (156.8408ms)
    Γ£ö agents not in override fall back to profile (184.3841ms)
  Γ£ö override precedence (500.3315ms)
  Γû╢ edge cases
    Γ£ö returns sonnet for unknown agent type (210.4162ms)
    Γ£ö returns sonnet for unknown agent type even with inherit profile (170.2788ms)
    Γ£ö defaults to balanced profile when model_profile missing (213.7331ms)
  Γ£ö edge cases (594.8679ms)
  Γû╢ resolve_model_ids: "omit"
    Γ£ö returns empty string for known agents (215.2819ms)
    Γ£ö returns empty string for unknown agents (215.0096ms)
    Γ£ö still respects model_overrides even when omit (190.579ms)
    Γ£ö returns empty string with inherit profile (178.8375ms)
  Γ£ö resolve_model_ids: "omit" (800.3174ms)
Γ£ö resolveModelInternal (2269.8498ms)
Γû╢ escapeRegex
  Γ£ö escapes dots (0.5047ms)
  Γ£ö escapes all special regex characters (0.2876ms)
  Γ£ö handles empty string (0.1698ms)
  Γ£ö returns plain string unchanged (9.135ms)
Γ£ö escapeRegex (10.7311ms)
Γû╢ generateSlugInternal
  Γ£ö converts text to lowercase kebab-case (1.1907ms)
  Γ£ö removes special characters (0.2634ms)
  Γ£ö trims leading and trailing hyphens (0.1979ms)
  Γ£ö returns null for null input (0.1799ms)
  Γ£ö returns null for empty string (0.143ms)
  Γ£ö strips newlines and control characters (0.1306ms)
  Γ£ö truncates to 60 characters (0.1994ms)
Γ£ö generateSlugInternal (2.8693ms)
Γû╢ safeReadFile
  Γ£ö reads existing file (5.4022ms)
  Γ£ö returns null for missing file (9.7283ms)
Γ£ö safeReadFile (17.8156ms)
Γû╢ pathExistsInternal
  Γ£ö returns true for existing path (20.9349ms)
  Γ£ö returns false for non-existing path (26.8557ms)
  Γ£ö handles absolute paths (12.1204ms)
Γ£ö pathExistsInternal (60.9619ms)
Γû╢ getMilestoneInfo
  Γ£ö extracts version and name from roadmap (37.7581ms)
  Γ£ö returns defaults when roadmap missing (29.828ms)
  Γ£ö returns active milestone when shipped milestone is collapsed in details block (35.6822ms)
  Γ£ö returns active milestone when multiple shipped milestones exist in details blocks (30.5839ms)
  Γ£ö returns defaults when roadmap has no heading matches (23.8745ms)
Γ£ö getMilestoneInfo (158.6023ms)
Γû╢ searchPhaseInDir
  Γ£ö finds phase directory by normalized prefix (34.6185ms)
  Γ£ö returns plans and summaries (40.0448ms)
  Γ£ö identifies incomplete plans (23.3553ms)
  Γ£ö detects research and context files (19.596ms)
  Γ£ö returns null when phase not found (17.3131ms)
  Γ£ö generates phase_slug from directory name (14.1599ms)
Γ£ö searchPhaseInDir (151.0313ms)
Γû╢ findPhaseInternal
  Γ£ö finds phase in current phases directory (26.9133ms)
  Γ£ö returns null for non-existent phase (20.6647ms)
  Γ£ö returns null for null phase (28.0918ms)
  Γ£ö searches archived milestones when not in current (36.6736ms)
Γ£ö findPhaseInternal (113.5817ms)
Γû╢ getRoadmapPhaseInternal
  Γ£ö is exported from core.cjs (REG-02) (18.758ms)
  Γ£ö extracts phase name and goal from roadmap (16.1343ms)
  Γ£ö returns goal when Goal uses colon-outside-bold format (26.4737ms)
  Γ£ö returns null when roadmap missing (8.703ms)
  Γ£ö returns null when phase not in roadmap (23.1642ms)
  Γ£ö returns null for null phase number (21.2013ms)
  Γ£ö extracts full section text (33.4041ms)
Γ£ö getRoadmapPhaseInternal (148.9746ms)
Γû╢ getMilestonePhaseFilter
  Γ£ö filters directories to only current milestone phases (64.8179ms)
  Γ£ö returns pass-all filter when ROADMAP.md is missing (18.2746ms)
  Γ£ö returns pass-all filter when ROADMAP has no phase headings (21.1525ms)
  Γ£ö handles letter-suffix phases (e.g. 3A) (23.7327ms)
  Γ£ö handles decimal phases (e.g. 5.1) (39.1588ms)
  Γ£ö returns false for non-phase directory names (31.8374ms)
  Γ£ö phaseCount reflects ROADMAP phase count (33.5917ms)
  Γ£ö phaseCount is 0 when ROADMAP is missing (13.9148ms)
  Γ£ö phaseCount is 0 when ROADMAP has no phase headings (28.8429ms)
Γ£ö getMilestonePhaseFilter (279.4816ms)
Γû╢ normalizeMd
  Γ£ö returns null/undefined/empty unchanged (3.7952ms)
  Γ£ö MD022: adds blank lines around headings (1.2692ms)
  Γ£ö MD032: adds blank line before list after non-list content (3.237ms)
  Γ£ö MD032: adds blank line after list before non-list content (0.4536ms)
  Γ£ö MD032: does not add extra blank lines between list items (0.2247ms)
  Γ£ö MD031: adds blank lines around fenced code blocks (6.5619ms)
  Γ£ö MD012: collapses 3+ consecutive blank lines to 2 (0.4293ms)
  Γ£ö MD047: ensures file ends with single newline (0.2569ms)
  Γ£ö MD047: trims trailing multiple newlines (0.2191ms)
  Γ£ö preserves frontmatter delimiters (0.202ms)
  Γ£ö handles CRLF line endings (0.2041ms)
  Γ£ö handles ordered lists (0.2523ms)
  Γ£ö does not add blank line between table and list (0.1801ms)
  Γ£ö complex real-world STATE.md-like content (0.6871ms)
Γ£ö normalizeMd (20.8494ms)
Γû╢ stale hook filter
  Γ£ö filter should only match gsd-prefixed .js files (0.6041ms)
Γ£ö stale hook filter (0.8957ms)
Γû╢ stale hook path
  Γ£ö gsd-check-update.js checks configDir/hooks/ where hooks are actually installed (#1421) (0.6041ms)
Γ£ö stale hook path (0.7163ms)
Γû╢ shared cache directory (#1421)
  Γ£ö gsd-check-update.js writes cache to shared ~/.cache/gsd/ directory (0.5975ms)
  Γ£ö gsd-statusline.js checks shared cache first, falls back to legacy (#1421) (2.2479ms)
Γ£ö shared cache directory (#1421) (3.055ms)
Γû╢ resolveWorktreeRoot
  Γ£ö returns cwd when not in a git repo (17.0898ms)
  Γ£ö returns cwd in a normal git repo (not a worktree) (376.033ms)
Γ£ö resolveWorktreeRoot (394.1641ms)
Γû╢ resolveWorktreeRoot with linked worktree .planning/
  Γ£ö returns linked worktree cwd when it has its own .planning/ (2549.8387ms)
  Γ£ö returns main repo root when linked worktree has no .planning/ (3146.7957ms)
Γ£ö resolveWorktreeRoot with linked worktree .planning/ (5699.821ms)
Γû╢ monorepo worktree CWD preservation
  Γ£ö CWD with .planning/ skips worktree resolution (monorepo subdirectory) (15.6844ms)
  Γ£ö CWD without .planning/ still goes through worktree resolution (262.5711ms)
Γ£ö monorepo worktree CWD preservation (278.6126ms)
Γû╢ withPlanningLock
  Γ£ö executes function and returns result (22.0174ms)
  Γ£ö cleans up lock file even on error (21.1199ms)
  Γ£ö recovers from stale lock (>30s old) (16.0696ms)
Γ£ö withPlanningLock (59.5779ms)
Γû╢ detectSubRepos
  Γ£ö returns empty array when no child directories have .git (18.3586ms)
  Γ£ö detects directories with .git (23.78ms)
  Γ£ö returns sorted results (24.1858ms)
  Γ£ö skips hidden directories (17.1816ms)
  Γ£ö skips node_modules (14.8491ms)
Γ£ö detectSubRepos (105.4137ms)
Γû╢ loadConfig sub_repos auto-sync
  Γ£ö migrates multiRepo: true to sub_repos array (26.8548ms)
  Γ£ö adds newly detected repos to sub_repos (154.3592ms)
  Γ£ö removes repos that no longer have .git (141.0204ms)
  Γ£ö does not sync when sub_repos is empty and no repos detected (154.7498ms)
Γ£ö loadConfig sub_repos auto-sync (477.5435ms)
Γû╢ findProjectRoot
  Γ£ö returns startDir when no .planning/ exists anywhere (30.646ms)
  Γ£ö returns startDir when .planning/ is in startDir itself (16.6489ms)
  Γ£ö walks up to parent with .planning/ and sub_repos config listing this dir (35.2063ms)
  Γ£ö walks up from nested sub-repo subdirectory (45.053ms)
  Γ£ö walks up via legacy multiRepo flag (37.4363ms)
  Γ£ö walks up via .git heuristic when no config exists (29.2347ms)
  Γ£ö walks up from nested path inside sub-repo via .git heuristic (40.7717ms)
  Γ£ö walks up from nested path inside sub-repo via sub_repos config (42.5235ms)
  Γ£ö walks up from nested path via legacy multiRepo flag (36.8648ms)
  Γ£ö does not walk up for dirs without .git when no sub_repos config (26.9316ms)
  Γ£ö handles planning.sub_repos nested config format (14.9677ms)
  Γ£ö returns startDir when sub_repos is empty and no .git (30.2055ms)
  Γ£ö walks up from subdirectory when .git is at same level as .planning/ (single-repo) (17.4664ms)
  Γ£ö walks up from deep subdirectory when .git is at same level as .planning/ (53.9213ms)
  Γ£ö returns startDir when .planning exists at same level (cwd is project root) (20.0823ms)
  Γ£ö does not walk past child with own .planning/ to workspace parent (#1362) (17.6776ms)
  Γ£ö does not walk past nested dir whose git root has .planning/ (#1362) (29.5513ms)
Γ£ö findProjectRoot (530.646ms)
Γû╢ reapStaleTempFiles
  Γ£ö removes stale gsd-*.json files older than maxAgeMs (15.9183ms)
  Γ£ö preserves fresh gsd-*.json files (3.1239ms)
  Γ£ö removes stale temp directories when present (23.4021ms)
  Γ£ö does not throw on empty or missing prefix matches (3.589ms)
Γ£ö reapStaleTempFiles (46.4544ms)
Γû╢ planningDir
  Γ£ö returns .planning/ when neither project nor workstream is set (4.8674ms)
  Γ£ö returns .planning/{project}/ when project is set (7.915ms)
  Γ£ö returns .planning/workstreams/{ws}/ when workstream is set (1.1961ms)
  Γ£ö returns .planning/{project}/workstreams/{ws}/ when both are set (0.5283ms)
  Γ£ö reads GSD_PROJECT from env when project param is undefined (3.9264ms)
  Γ£ö rejects path traversal in project name (0.7266ms)
  Γ£ö rejects forward slash in project name (0.6415ms)
  Γ£ö rejects backslash in project name (0.3391ms)
  Γ£ö rejects path traversal in workstream name (0.3108ms)
Γ£ö planningDir (21.1799ms)
Γû╢ timeAgo
  Γ£ö returns "just now" for dates under 5 seconds old (0.4606ms)
  Γ£ö returns "N seconds ago" between 5 and 59 seconds (0.1449ms)
  Γ£ö transitions to minutes at 60 seconds (0.1361ms)
  Γ£ö uses singular "1 minute ago" for exactly one minute (0.1216ms)
  Γ£ö uses plural "N minutes ago" for 2-59 minutes (0.1445ms)
  Γ£ö transitions to hours at 60 minutes (0.1185ms)
  Γ£ö uses singular "1 hour ago" for exactly one hour (0.1139ms)
  Γ£ö uses plural "N hours ago" for 2-23 hours (0.3344ms)
  Γ£ö transitions to days at 24 hours (0.1743ms)
  Γ£ö uses singular "1 day ago" for exactly one day (0.1804ms)
  Γ£ö uses plural "N days ago" for 2-29 days (7.2167ms)
  Γ£ö transitions to months at 30 days (0.3909ms)
  Γ£ö uses singular "1 month ago" for exactly one month (30 days) (0.2374ms)
  Γ£ö uses plural "N months ago" for 2-11 months (0.1738ms)
  Γ£ö transitions to years at 365 days (0.1542ms)
  Γ£ö uses singular "1 year ago" for exactly one year (0.148ms)
  Γ£ö uses plural "N years ago" for 2+ years (0.1474ms)
  Γ£ö handles future dates as "just now" (negative elapsed) (0.1219ms)
Γ£ö timeAgo (11.3171ms)
Γû╢ cross-AI execution
  Γû╢ config keys
    Γ£ö workflow.cross_ai_execution is in VALID_CONFIG_KEYS (13.7594ms)
    Γ£ö workflow.cross_ai_command is in VALID_CONFIG_KEYS (1.3301ms)
    Γ£ö workflow.cross_ai_timeout is in VALID_CONFIG_KEYS (0.25ms)
  Γ£ö config keys (16.5761ms)
  Γû╢ config template defaults
    Γ£ö config template has cross_ai_execution default (0.8869ms)
    Γ£ö config template has cross_ai_command default (0.4739ms)
    Γ£ö config template has cross_ai_timeout default (0.5204ms)
  Γ£ö config template defaults (2.1733ms)
  Γû╢ execute-phase.md cross-AI step
    Γ£ö execute-phase.md has a cross-AI execution step (0.9405ms)
    Γ£ö cross-AI step appears between discover_and_group_plans and execute_waves (0.2734ms)
    Γ£ö cross-AI step handles --cross-ai flag (0.3282ms)
    Γ£ö cross-AI step handles --no-cross-ai flag (0.2718ms)
    Γ£ö cross-AI step uses stdin-based prompt delivery (0.2258ms)
    Γ£ö cross-AI step validates summary output (0.1637ms)
    Γ£ö cross-AI step warns about dirty working tree (0.2474ms)
    Γ£ö cross-AI step reads cross_ai_command from config (0.1753ms)
    Γ£ö cross-AI step reads cross_ai_timeout from config (0.1321ms)
    Γ£ö cross-AI step handles failure with retry/skip/abort (0.1197ms)
    Γ£ö cross-AI step skips normal executor for handled plans (0.1507ms)
    Γ£ö parse_args step includes --cross-ai and --no-cross-ai (0.1328ms)
  Γ£ö execute-phase.md cross-AI step (3.8541ms)
Γ£ö cross-AI execution (23.6524ms)

[36m   ΓûêΓûêΓûêΓûêΓûêΓûêΓòù ΓûêΓûêΓûêΓûêΓûêΓûêΓûêΓòùΓûêΓûêΓûêΓûêΓûêΓûêΓòù
  ΓûêΓûêΓòöΓòÉΓòÉΓòÉΓòÉΓò¥ ΓûêΓûêΓòöΓòÉΓòÉΓòÉΓòÉΓò¥ΓûêΓûêΓòöΓòÉΓòÉΓûêΓûêΓòù
  ΓûêΓûêΓòæ  ΓûêΓûêΓûêΓòùΓûêΓûêΓûêΓûêΓûêΓûêΓûêΓòùΓûêΓûêΓòæ  ΓûêΓûêΓòæ
  ΓûêΓûêΓòæ   ΓûêΓûêΓòæΓòÜΓòÉΓòÉΓòÉΓòÉΓûêΓûêΓòæΓûêΓûêΓòæ  ΓûêΓûêΓòæ
  ΓòÜΓûêΓûêΓûêΓûêΓûêΓûêΓòöΓò¥ΓûêΓûêΓûêΓûêΓûêΓûêΓûêΓòæΓûêΓûêΓûêΓûêΓûêΓûêΓòöΓò¥
   ΓòÜΓòÉΓòÉΓòÉΓòÉΓòÉΓò¥ ΓòÜΓòÉΓòÉΓòÉΓòÉΓòÉΓòÉΓò¥ΓòÜΓòÉΓòÉΓòÉΓòÉΓòÉΓò¥[0m

  Get Shit Done [2mv1.36.0[0m
  A meta-prompting, context engineering and spec-driven
  development system for Claude Code, OpenCode, Gemini, Kilo, Codex, Copilot, Antigravity, Cursor, Windsurf, Augment, Trae, Qwen Code, Cline and CodeBuddy by T├éCHES.

Γû╢ convertClaudeCommandToCursorSkill
  Γ£ö writes unquoted Cursor skill name in frontmatter (2.2006ms)
  Γ£ö preserves slash for slash commands in markdown body (0.5611ms)
Γ£ö convertClaudeCommandToCursorSkill (4.7525ms)
Γû╢ convertClaudeAgentToCursorAgent
  Γ£ö writes unquoted Cursor agent name in frontmatter (0.5481ms)
Γ£ö convertClaudeAgentToCursorAgent (0.8033ms)
Γû╢ Cursor CLI reviewer in /gsd-review (#1960)
  Γû╢ review.md workflow
    Γ£ö review.md exists (1.6221ms)
    Γ£ö contains cursor CLI detection via command -v (0.7152ms)
    Γ£ö contains --cursor flag parsing (0.7187ms)
    Γ£ö contains CURSOR_SESSION_ID self-detection (0.6992ms)
    Γ£ö contains cursor agent invocation command (0.6031ms)
    Γ£ö contains Cursor Review section in REVIEWS.md template (0.7709ms)
    Γ£ö lists cursor in the reviewers frontmatter array (0.8513ms)
  Γ£ö review.md workflow (7.7209ms)
  Γû╢ commands/gsd/review.md
    Γ£ö mentions --cursor flag (0.7974ms)
    Γ£ö mentions Cursor in objective or context (0.6317ms)
  Γ£ö commands/gsd/review.md (1.8797ms)
  Γû╢ help.md
    Γ£ö lists --cursor in /gsd-review signature (1.8664ms)
  Γ£ö help.md (2.01ms)
  Γû╢ docs/COMMANDS.md
    Γ£ö has --cursor flag row (0.7687ms)
  Γ£ö docs/COMMANDS.md (0.8849ms)
  Γû╢ docs/FEATURES.md
    Γ£ö has --cursor in review command signature (0.9786ms)
    Γ£ö mentions Cursor in the review purpose (1.0378ms)
  Γ£ö docs/FEATURES.md (2.18ms)
  Γû╢ docs/ja-JP/COMMANDS.md
    Γ£ö has --cursor flag row (0.6917ms)
  Γ£ö docs/ja-JP/COMMANDS.md (0.7968ms)
  Γû╢ docs/ja-JP/FEATURES.md
    Γ£ö has --cursor in review command signature (1.3113ms)
    Γ£ö mentions Cursor in the review section (2.2066ms)
  Γ£ö docs/ja-JP/FEATURES.md (3.712ms)
  Γû╢ docs/ko-KR/COMMANDS.md
    Γ£ö has --cursor flag row (0.7068ms)
  Γ£ö docs/ko-KR/COMMANDS.md (0.8125ms)
  Γû╢ docs/ko-KR/FEATURES.md
    Γ£ö has --cursor in review command signature (1.3032ms)
    Γ£ö mentions Cursor in the review section (2.4383ms)
  Γ£ö docs/ko-KR/FEATURES.md (3.8981ms)
Γ£ö Cursor CLI reviewer in /gsd-review (#1960) (26.5595ms)
Γû╢ debug session management implementation
  Γ£ö DEBUG.md template contains reasoning_checkpoint field (1.486ms)
  Γ£ö DEBUG.md template contains tdd_checkpoint field (1.5756ms)
  Γ£ö debug command contains list subcommand logic (0.7518ms)
  Γ£ö debug command contains continue subcommand logic (0.7899ms)
  Γ£ö debug command contains status subcommand logic (0.6739ms)
  Γ£ö debug command contains TDD gate logic (0.561ms)
  Γ£ö debug command contains security hardening (0.5092ms)
  Γ£ö debug command surfaces next_action before spawn (0.542ms)
  Γ£ö gsd-debugger contains structured reasoning checkpoint (0.9222ms)
  Γ£ö gsd-debugger contains TDD checkpoint mode (1.9398ms)
  Γ£ö gsd-debugger contains delta debugging technique (0.7728ms)
  Γ£ö gsd-debugger contains security note about DATA_START (0.7403ms)
Γ£ö debug session management implementation (13.3748ms)
Γû╢ debug skill dispatch and sub-orchestrator (#2148, #2151)
  Γ£ö gsd-debugger ROOT CAUSE FOUND format includes specialist_hint field (0.9872ms)
  Γ£ö debug.md orchestrator has specialist skill dispatch step (0.6983ms)
  Γ£ö debug.md specialist dispatch prompt uses DATA_START/DATA_END boundaries (0.448ms)
  Γ£ö gsd-debug-session-manager agent exists with correct tools (0.4225ms)
  Γ£ö gsd-debug-session-manager uses DATA_START/DATA_END for checkpoint responses (0.4266ms)
  Γ£ö gsd-debug-session-manager has compact summary output format (0.4125ms)
  Γ£ö gsd-debug-session-manager includes anti-heredoc rule (0.3943ms)
  Γ£ö debug.md delegates to gsd-debug-session-manager (0.4093ms)
Γ£ö debug skill dispatch and sub-orchestrator (#2148, #2151) (4.6725ms)
Γû╢ loadConfig ~/.gsd/defaults.json fallback (#1683)
  Γ£ö pre-project, no defaults.json ΓåÆ hardcoded defaults (5.2239ms)
  Γ£ö pre-project, defaults.json exists ΓåÆ merges with hardcoded defaults (7.1237ms)
  Γ£ö .planning/ exists but no config.json ΓåÆ hardcoded defaults (not defaults.json) (4.9071ms)
  Γ£ö project config exists ΓåÆ project config wins (160.8773ms)
  Γ£ö defaults.json with unknown keys ΓåÆ unknown keys NOT passed through (4.4431ms)
  Γ£ö defaults.json with invalid JSON ΓåÆ returns hardcoded defaults (4.3763ms)
Γ£ö loadConfig ~/.gsd/defaults.json fallback (#1683) (189.1412ms)
Γû╢ discuss-phase incremental checkpoint saves (#1485)
  Γ£ö workflow writes checkpoint file after each area completes (2.9827ms)
  Γ£ö checkpoint includes decisions, areas completed, and areas remaining (2.2876ms)
  Γ£ö check_existing step detects checkpoint for session resume (0.7681ms)
  Γ£ö checkpoint is cleaned up after successful CONTEXT.md write (0.8998ms)
  Γ£ö success criteria include checkpoint requirements (0.9583ms)
  Γ£ö auto mode also writes checkpoints (1.7984ms)
Γ£ö discuss-phase incremental checkpoint saves (#1485) (12.4488ms)
Γû╢ workflow.discuss_mode config
  Γ£ö config template includes discuss_mode default (2.3852ms)
  Γ£ö discuss-phase command references both workflow files (0.8629ms)
  Γ£ö discuss-phase command process block defers to workflow file (not inline instructions) (1.971ms)
  Γ£ö discuss-phase command argument-hint includes --text (0.7573ms)
  Γ£ö assumptions workflow file exists and has required steps (0.9111ms)
  Γ£ö assumptions workflow produces same CONTEXT.md sections (0.8444ms)
  Γ£ö plan-phase gate references discuss_mode config (0.9411ms)
  Γ£ö assumptions workflow handles --auto flag (0.5599ms)
  Γ£ö assumptions workflow handles --text flag (0.6475ms)
  Γ£ö plan-phase workflow references text_mode (1.5909ms)
  Γ£ö plan-phase command argument-hint includes --text (0.4278ms)
  Γ£ö plan-phase init exposes text_mode in workflow flags (0.7324ms)
  Γ£ö progress workflow references discuss_mode (0.4939ms)
  Γ£ö documentation file exists (0.4649ms)
Γ£ö workflow.discuss_mode config (15.9928ms)
Γû╢ discuss-phase power user mode (#1513)
  Γû╢ command file (discuss-phase.md)
    Γ£ö mentions --power flag in argument-hint or description (1.3184ms)
    Γ£ö references the power workflow file (0.551ms)
  Γ£ö command file (discuss-phase.md) (2.7758ms)
  Γû╢ main workflow file (discuss-phase.md)
    Γ£ö has power_user_mode section or references discuss-phase-power.md (0.958ms)
    Γ£ö describes --power flag routing (0.8307ms)
  Γ£ö main workflow file (discuss-phase.md) (3.2235ms)
  Γû╢ power workflow file (discuss-phase-power.md)
    Γ£ö file exists (0.6982ms)
    Γ£ö describes the generate step (0.6762ms)
    Γ£ö describes the wait/notify step (0.6735ms)
    Γ£ö describes the refresh step (0.6474ms)
    Γ£ö describes the finalize step (1.9407ms)
    Γ£ö QUESTIONS.json structure has required fields (0.7853ms)
    Γ£ö describes HTML generation step (0.6017ms)
    Γ£ö QUESTIONS.json file naming uses padded phase number (0.4715ms)
  Γ£ö power workflow file (discuss-phase-power.md) (7.1791ms)
Γ£ö discuss-phase power user mode (#1513) (13.9765ms)
Γû╢ dispatcher error paths
  Γ£ö no-command invocation prints usage and exits non-zero (225.0829ms)
  Γ£ö unknown command produces clear error and exits non-zero (227.3125ms)
  Γ£ö --cwd= form overrides working directory (333.2572ms)
  Γ£ö --cwd= with empty value produces error (261.6265ms)
  Γ£ö --cwd with invalid path produces error (213.8434ms)
  Γ£ö template unknown subcommand errors (211.5401ms)
  Γ£ö frontmatter unknown subcommand errors (213.6241ms)
  Γ£ö verify unknown subcommand errors (243.2614ms)
  Γ£ö phases unknown subcommand errors (266.3627ms)
  Γ£ö roadmap unknown subcommand errors (206.0562ms)
  Γ£ö requirements unknown subcommand errors (271.6804ms)
  Γ£ö phase unknown subcommand errors (233.3008ms)
  Γ£ö milestone unknown subcommand errors (292.424ms)
  Γ£ö validate unknown subcommand errors (264.2623ms)
  Γ£ö todo unknown subcommand errors (274.8858ms)
  Γ£ö uat unknown subcommand errors (198.0182ms)
  Γ£ö init unknown workflow errors (218.7285ms)
Γ£ö dispatcher error paths (4158.658ms)
Γû╢ dispatcher routing branches
  Γ£ö find-phase locates phase directory by number (275.7654ms)
  Γ£ö init resume returns valid JSON (224.3836ms)
  Γ£ö init verify-work returns valid JSON (249.2128ms)
  Γ£ö roadmap update-plan-progress updates phase progress (287.893ms)
  Γ£ö state with no subcommand calls cmdStateLoad (302.7412ms)
  Γ£ö summary-extract parses SUMMARY.md frontmatter (362.6551ms)
Γ£ö dispatcher routing branches (1704.1333ms)
Γû╢ docs-init command
  Γ£ö returns expected JSON shape (210.3119ms)
  Γ£ö bare project returns all false signals (236.746ms)
Γ£ö docs-init command (448.6208ms)
Γû╢ project type detection
  Γ£ö detects CLI tool from package.json bin field (210.9845ms)
  Γ£ö detects open source from LICENSE file (190.1183ms)
  Γ£ö detects monorepo from package.json workspaces (196.2485ms)
  Γ£ö detects tests from tests directory (233.6831ms)
  Γ£ö detects deploy config from Dockerfile (261.157ms)
  Γ£ö detects API routes from src/app/api directory (206.4025ms)
Γ£ö project type detection (1299.5342ms)
Γû╢ existing doc scanning
  Γ£ö scans .md files in project root (268.2801ms)
  Γ£ö detects GSD marker in existing docs (250.1945ms)
Γ£ö existing doc scanning (518.8869ms)
Γû╢ doc tooling detection
  Γ£ö detects Docusaurus config (274.3385ms)
  Γ£ö detects VitePress config (198.7437ms)
  Γ£ö detects MkDocs config (239.9817ms)
Γ£ö doc tooling detection (713.4706ms)
Γû╢ execute-phase command: active flags are explicit
  Γ£ö command file exists (1.2996ms)
  Γ£ö objective says documented flags are not implied active (0.6162ms)
  Γ£ö context separates available flags from active flags (0.4738ms)
  Γ£ö context explicitly warns against inferring inactive flags (0.4424ms)
Γ£ö execute-phase command: active flags are explicit (4.198ms)
Γû╢ execute-phase command: --wave flag
  Γ£ö command file exists (1.732ms)
  Γ£ö argument-hint includes --wave, --gaps-only, and --interactive (0.6257ms)
  Γ£ö objective describes wave-filter execution (0.7517ms)
Γ£ö execute-phase command: --wave flag (6.1096ms)
Γû╢ execute-phase workflow: wave filtering
  Γ£ö workflow file exists (0.5549ms)
  Γ£ö workflow parses WAVE_FILTER from arguments (0.9165ms)
  Γ£ö workflow enforces lower-wave safety (0.9088ms)
  Γ£ö workflow has partial-wave completion guardrail (1.0215ms)
Γ£ö execute-phase workflow: wave filtering (3.9914ms)
Γû╢ execute-phase docs: user-facing wave flag
  Γ£ö COMMANDS.md documents --wave usage (1.0147ms)
  Γ£ö help workflow documents --wave behavior (0.7832ms)
  Γ£ö workflow supports use_worktrees config toggle (1.2901ms)
Γ£ö execute-phase docs: user-facing wave flag (3.6262ms)
Γû╢ use_worktrees config: cross-workflow structural coverage
  Γ£ö quick workflow reads USE_WORKTREES from config (0.8905ms)
  Γ£ö diagnose-issues workflow reads USE_WORKTREES from config (0.6158ms)
  Γ£ö execute-plan workflow references use_worktrees config (0.6084ms)
  Γ£ö planning-config reference documents use_worktrees (2.4951ms)
  Γ£ö config.cjs includes workflow.use_worktrees in VALID_CONFIG_KEYS (0.4889ms)
Γ£ö use_worktrees config: cross-workflow structural coverage (6.8009ms)
Γû╢ execute-phase worktree: shared artifact ownership (#1571)
  Γ£ö workflow file exists (1.6163ms)
  Γ£ö worktree executor agent success_criteria does NOT include STATE.md update (1.3636ms)
  Γ£ö worktree executor agent success_criteria does NOT include ROADMAP.md update (1.0614ms)
  Γ£ö worktree executor agent success_criteria includes SUMMARY.md creation (0.9324ms)
  Γ£ö post-wave orchestrator runs roadmap update-plan-progress for each completed plan (1.0137ms)
  Γ£ö ghost state update-position command removed from post-wave section (#1627) (2.343ms)
  Γ£ö sequential mode executor agent success_criteria still includes STATE.md update (0.8911ms)
  Γ£ö sequential mode executor agent success_criteria still includes ROADMAP.md update (0.7584ms)
Γ£ö execute-phase worktree: shared artifact ownership (#1571) (12.5595ms)
Γû╢ explore command
  Γ£ö command file exists (1.5383ms)
  Γ£ö command file has required frontmatter (0.7172ms)
  Γ£ö workflow file exists (0.6574ms)
  Γ£ö workflow references questioning.md and domain-probes.md (0.855ms)
  Γ£ö workflow documents all 6 output types (2.1541ms)
  Γ£ö workflow enforces one question at a time principle (0.7445ms)
  Γ£ö workflow requires user confirmation before writing artifacts (0.7409ms)
  Γ£ö workflow respects commit_docs config (0.7017ms)
  Γ£ö command references the workflow via execution_context (0.617ms)
Γ£ö explore command (10.9526ms)
Γû╢ extract-learnings command
  Γ£ö command file exists (1.3032ms)
  Γ£ö command file has correct name frontmatter (0.4766ms)
  Γ£ö command file has description frontmatter (1.557ms)
  Γ£ö command file has argument-hint for phase-number (0.4962ms)
  Γ£ö command file has allowed-tools list (0.6793ms)
  Γ£ö command file has type: prompt (0.4796ms)
  Γ£ö command references the workflow via execution_context (0.4218ms)
Γ£ö extract-learnings command (7.2228ms)
Γû╢ extract-learnings workflow
  Γ£ö workflow file exists (0.6057ms)
  Γ£ö workflow has objective tag (0.9452ms)
  Γ£ö workflow has process tag (0.6616ms)
  Γ£ö workflow has step tags (0.566ms)
  Γ£ö workflow has success_criteria tag (0.4937ms)
  Γ£ö workflow has critical_rules tag (0.5499ms)
  Γ£ö workflow reads required artifacts (PLAN.md and SUMMARY.md) (0.4474ms)
  Γ£ö workflow reads optional artifacts (VERIFICATION.md, UAT.md, STATE.md) (0.3945ms)
  Γ£ö workflow extracts all 4 learning categories (2.0919ms)
  Γ£ö workflow handles capture_thought tool availability (0.7134ms)
  Γ£ö workflow degrades gracefully when capture_thought is unavailable (0.5048ms)
  Γ£ö workflow outputs LEARNINGS.md (0.4009ms)
  Γ£ö workflow handles missing artifacts gracefully (0.5216ms)
  Γ£ö workflow includes source attribution for extracted items (0.7067ms)
  Γ£ö workflow specifies LEARNINGS.md YAML frontmatter fields (0.4616ms)
  Γ£ö workflow supports overwriting previous LEARNINGS.md on re-run (0.3994ms)
Γ£ö extract-learnings workflow (11.5368ms)
Γû╢ few-shot calibration examples
  Γû╢ reference files exist
    Γ£ö plan-checker.md exists in references/few-shot-examples/ (1.2321ms)
    Γ£ö verifier.md exists in references/few-shot-examples/ (1.3993ms)
  Γ£ö reference files exist (3.7103ms)
  Γû╢ frontmatter metadata
    Γ£û plan-checker.md has version and component in frontmatter (2.396ms)
    Γ£û verifier.md has version and component in frontmatter (0.9113ms)
    Γ£ö version metadata values are present and numeric (0.8874ms)
  Γ£û frontmatter metadata (4.6487ms)
  Γû╢ example counts
    Γ£ö plan-checker.md contains exactly 4 examples (2 positive, 2 negative) (0.8157ms)
    Γ£ö verifier.md contains exactly 7 examples (5 positive, 2 negative) (0.7932ms)
  Γ£ö example counts (1.9317ms)
  Γû╢ WHY annotations
    Γ£ö every plan-checker example has a WHY annotation (1.0634ms)
    Γ£ö every verifier example has a WHY annotation (0.877ms)
  Γ£ö WHY annotations (2.3548ms)
  Γû╢ agent files reference few-shot examples
    Γ£ö gsd-plan-checker.md contains reference to plan-checker few-shot examples (2.3514ms)
    Γ£ö gsd-verifier.md contains reference to verifier few-shot examples (0.7325ms)
  Γ£ö agent files reference few-shot examples (3.3315ms)
  Γû╢ content structure
    Γ£ö plan-checker examples include input/output pairs (0.7169ms)
    Γ£ö verifier examples include input/output pairs (0.5668ms)
    Γ£ö verifier.md includes calibration-derived gap patterns table (0.4389ms)
  Γ£ö content structure (1.8924ms)
Γ£û few-shot calibration examples (19.282ms)
Γû╢ forensics command
  Γ£ö command file exists (2.177ms)
  Γ£ö command has correct frontmatter (0.508ms)
  Γ£ö command references workflow in execution_context (0.4742ms)
  Γ£ö command has success_criteria section (0.412ms)
  Γ£ö command has critical_rules section (0.4031ms)
  Γ£ö command enforces read-only investigation (0.3885ms)
  Γ£ö command requires evidence-grounded findings (0.3551ms)
Γ£ö forensics command (6.1628ms)
Γû╢ forensics workflow
  Γ£ö workflow file exists (0.3925ms)
  Γ£ö workflow gathers evidence from all data sources (0.4634ms)
  Γ£ö workflow detects all 6 anomaly types (0.5693ms)
  Γ£ö workflow writes report to forensics directory (0.4349ms)
  Γ£ö workflow includes redaction rules (0.3889ms)
  Γ£ö workflow offers interactive investigation (0.3831ms)
  Γ£ö workflow offers GitHub issue creation (0.459ms)
  Γ£ö workflow updates STATE.md (1.728ms)
  Γ£ö workflow has confidence levels for anomalies (0.6797ms)
Γ£ö forensics workflow (6.0715ms)
Γû╢ forensics report structure
  Γ£ö report template has all required sections (0.6154ms)
  Γ£ö report includes artifact completeness table (0.5227ms)
Γ£ö forensics report structure (1.31ms)
Γû╢ forensics fixture-based tests
  Γ£ö detects missing artifacts in phase structure (9.7875ms)
  Γ£ö forensics report directory can be created (6.0881ms)
  Γ£ö handles project with no .planning directory (3.6225ms)
Γ£ö forensics fixture-based tests (19.8585ms)
Γû╢ frontmatter get
  Γ£ö returns all fields as JSON (245.5427ms)
  Γ£ö returns specific field with --field (192.2873ms)
  Γ£ö returns error for missing field (236.2473ms)
  Γ£ö returns error for missing file (193.6674ms)
  Γ£ö handles file with no frontmatter (210.6661ms)
Γ£ö frontmatter get (1080.3923ms)
Γû╢ frontmatter set
  Γ£ö updates existing field (226.8318ms)
  Γ£ö adds new field (184.7469ms)
  Γ£ö handles JSON array value (179.1147ms)
  Γ£ö returns error for missing file (183.4444ms)
  Γ£ö preserves body content after set (173.1668ms)
Γ£ö frontmatter set (948.0223ms)
Γû╢ frontmatter merge
  Γ£ö merges multiple fields into frontmatter (207.3196ms)
  Γ£ö overwrites existing fields on conflict (178.4822ms)
  Γ£ö returns error for missing file (210.6176ms)
  Γ£ö returns error for invalid JSON data (230.3634ms)
Γ£ö frontmatter merge (827.1964ms)
Γû╢ frontmatter validate
  Γ£ö reports valid for complete plan frontmatter (219.5267ms)
  Γ£ö reports invalid with missing fields (283.8024ms)
  Γ£ö validates against summary schema (211.9158ms)
  Γ£ö validates against verification schema (218.1488ms)
  Γ£ö returns error for unknown schema (221.3603ms)
  Γ£ö returns error for missing file (199.9122ms)
Γ£ö frontmatter validate (1355.3822ms)
Γû╢ extractFrontmatter
  Γ£ö parses simple key-value pairs (2.5ms)
  Γ£ö strips quotes from values (0.5155ms)
  Γ£ö parses nested objects (1.363ms)
  Γ£ö parses block arrays (0.3119ms)
  Γ£ö parses inline arrays (0.3755ms)
  Γ£ö handles quoted commas in inline arrays ΓÇö REG-04 fixed (0.3225ms)
  Γ£ö handles single-quoted commas in inline arrays (0.2881ms)
  Γ£ö handles mixed quotes in inline arrays (0.2746ms)
  Γ£ö returns empty object for no frontmatter (0.3801ms)
  Γ£ö returns empty object for empty frontmatter (0.3482ms)
  Γ£ö parses frontmatter-only content (0.2383ms)
  Γ£ö handles emoji and non-ASCII in values (0.2181ms)
  Γ£ö converts empty-object placeholders to arrays when dash items follow (0.3497ms)
  Γ£ö skips empty lines in YAML body (0.2377ms)
  Γ£ö #2130: frontmatter at top with YAML example block in body ΓÇö returns top frontmatter (0.2894ms)
  Γ£ö #2130: frontmatter at top with horizontal rules in body ΓÇö returns top frontmatter (0.1957ms)
  Γ£ö #2130: body-only --- block with no frontmatter at byte 0 ΓÇö returns empty (0.1788ms)
  Γ£ö #2130: valid frontmatter at byte 0 still works (regression guard) (0.2637ms)
Γ£ö extractFrontmatter (11.3242ms)
Γû╢ reconstructFrontmatter
  Γ£ö serializes simple key-value (0.5643ms)
  Γ£ö serializes empty array as inline [] (0.17ms)
  Γ£ö serializes short string arrays inline (0.1889ms)
  Γ£ö serializes long arrays as block (0.1855ms)
  Γ£ö quotes values containing colons or hashes (0.2619ms)
  Γ£ö serializes nested objects with proper indentation (0.1901ms)
  Γ£ö serializes nested arrays within objects (0.292ms)
  Γ£ö skips null and undefined values (0.2098ms)
  Γ£ö round-trip: simple frontmatter (0.2559ms)
  Γ£ö round-trip: nested with arrays (0.2427ms)
  Γ£ö round-trip: multiple data types (0.2877ms)
Γ£ö reconstructFrontmatter (3.4326ms)
Γû╢ spliceFrontmatter
  Γ£ö replaces existing frontmatter preserving body (0.4608ms)
  Γ£ö adds frontmatter to content without any (0.3121ms)
  Γ£ö preserves content after frontmatter delimiters exactly (0.3069ms)
Γ£ö spliceFrontmatter (1.2795ms)
Γû╢ parseMustHavesBlock
  Γ£ö extracts truths as string array (1.5233ms)
  Γ£ö extracts artifacts as object array (0.878ms)
  Γ£ö extracts key_links with from/to/via/pattern fields (0.5372ms)
  Γ£ö returns empty array when block not found (0.4891ms)
  Γ£ö returns empty array when no frontmatter (0.2845ms)
  Γ£ö parses key_links with 2-space indentation ΓÇö issue #1356 (0.4373ms)
  Γ£ö parses truths with 2-space indentation ΓÇö issue #1356 (0.2475ms)
  Γ£ö parses artifacts with 2-space indentation ΓÇö issue #1356 (0.2536ms)
  Γ£ö handles nested arrays within artifact objects (0.2426ms)
Γ£ö parseMustHavesBlock (5.7305ms)
Γû╢ gates taxonomy (#1715)
  Γ£ö reference file exists (1.9043ms)
  Γ£ö defines all 4 canonical gate types (0.5991ms)
  Γ£ö each gate type has Purpose, Behavior, Recovery, and Examples (0.7154ms)
  Γ£ö contains Gate Matrix table (0.6591ms)
  Γ£ö plan-phase.md references gates.md (2.4862ms)
  Γ£ö execute-phase.md references gates.md (1.1505ms)
  Γ£û gsd-plan-checker.md references gates.md in required_reading block (1.6972ms)
  Γ£û gsd-verifier.md references gates.md in required_reading block (0.9346ms)
  Γ£ö Revision Gate recovery mentions stall detection (0.5809ms)
Γ£û gates taxonomy (#1715) (13.049ms)
Γû╢ isGraphifyEnabled
  Γ£ö returns false when no config.json exists (6.9488ms)
  Γ£ö returns false when graphify key is not set (5.0655ms)
  Γ£ö returns false when graphify.enabled is false (6.1677ms)
  Γ£ö returns true when graphify.enabled is true (8.1669ms)
  Γ£ö returns false when config.json is malformed (6.2821ms)
Γ£ö isGraphifyEnabled (35.181ms)
Γû╢ disabledResponse
  Γ£ö returns disabled:true with enable instructions (0.4263ms)
Γ£ö disabledResponse (0.6698ms)
Γû╢ execGraphify
  Γ£ö returns structured output on success (2.3938ms)
  Γ£ö returns exitCode 127 when graphify not on PATH (0.9835ms)
  Γ£ö returns exitCode 124 on timeout (1.0152ms)
  Γ£ö passes PYTHONUNBUFFERED=1 in env (1.7113ms)
  Γ£ö uses 30000ms default timeout (1.0602ms)
  Γ£ö allows timeout override (3.2202ms)
  Γ£ö trims stdout and stderr whitespace (1.4942ms)
Γ£ö execGraphify (13.5174ms)
Γû╢ checkGraphifyInstalled
  Γ£ö returns installed:true when graphify is on PATH (1.6485ms)
  Γ£ö returns installed:false with install instructions when not on PATH (0.7636ms)
  Γ£ö uses --help not --version for detection (2.1421ms)
Γ£ö checkGraphifyInstalled (4.87ms)
Γû╢ checkGraphifyVersion
  Γ£ö returns compatible:true for version 0.4.0 (0.8974ms)
  Γ£ö returns compatible:true for version 0.9.5 (0.3756ms)
  Γ£ö returns compatible:false for version 0.3.0 (0.4828ms)
  Γ£ö returns compatible:false for version 1.0.0 (0.6402ms)
  Γ£ö handles python3 not found (0.5505ms)
  Γ£ö handles unparseable version string (0.4418ms)
  Γ£ö calls python3 with importlib.metadata (0.4438ms)
Γ£ö checkGraphifyVersion (6.01ms)
Γû╢ safeReadJson
  Γ£ö returns parsed object for valid JSON file (6.3956ms)
  Γ£ö returns null for malformed JSON (9.1988ms)
  Γ£ö returns null for non-existent file (6.7562ms)
Γ£ö safeReadJson (22.7558ms)
Γû╢ buildAdjacencyMap
  Γ£ö creates bidirectional adjacency entries (0.7157ms)
  Γ£ö initializes empty arrays for nodes without edges (0.2723ms)
  Γ£ö stores full edge object in adjacency entries (0.4677ms)
Γ£ö buildAdjacencyMap (1.7254ms)
Γû╢ seedAndExpand
  Γ£ö finds seed nodes by label match (case-insensitive) (0.7892ms)
  Γ£ö finds seed nodes by description match (0.5814ms)
  Γ£ö BFS expands 1-2 hops from seeds (0.5883ms)
  Γ£ö returns empty results for no matches (0.271ms)
  Γ£ö respects maxHops parameter (0.3969ms)
Γ£ö seedAndExpand (3.1288ms)
Γû╢ applyBudget
  Γ£ö returns result unchanged when no budget (1.1981ms)
  Γ£ö drops AMBIGUOUS edges first when over budget (1.0487ms)
  Γ£ö drops INFERRED edges after AMBIGUOUS (0.6077ms)
  Γ£ö appends trimmed footer with counts (0.5759ms)
Γ£ö applyBudget (3.8947ms)
Γû╢ graphifyQuery
  Γ£ö returns disabled response when graphify not enabled (4.1366ms)
  Γ£ö returns error when graph.json does not exist (7.5443ms)
  Γ£ö returns matching nodes and edges for valid query (9.3538ms)
  Γ£ö includes confidence on edges (QUERY-03) (11.0086ms)
  Γ£ö respects --budget option (QUERY-02) (9.7274ms)
  Γ£ö returns total_nodes and total_edges counts (8.9543ms)
Γ£ö graphifyQuery (51.468ms)
Γû╢ graphifyStatus
  Γ£ö returns disabled response when not enabled (5.5954ms)
  Γ£ö returns exists:false when no graph.json (STAT-02) (5.8865ms)
  Γ£ö returns status with counts when graph exists (STAT-01) (13.1732ms)
  Γ£ö reports hyperedge_count (8.5962ms)
Γ£ö graphifyStatus (33.6729ms)
Γû╢ graphifyDiff
  Γ£ö returns disabled response when not enabled (6.3184ms)
  Γ£ö returns no_baseline when no snapshot exists (D-09) (8.733ms)
  Γ£ö returns error when no current graph but snapshot exists (9.0743ms)
  Γ£ö detects added and removed nodes (DIFF-02) (10.2035ms)
  Γ£ö detects changed nodes and edges (DIFF-02) (10.3853ms)
Γ£ö graphifyDiff (45.301ms)
Γû╢ graphifyBuild
  Γ£ö returns disabled response when graphify not enabled (7.5532ms)
  Γ£ö returns error when graphify not installed (5.1793ms)
  Γ£ö returns spawn_agent action on successful pre-flight (5.7601ms)
  Γ£ö creates .planning/graphs/ directory if missing (6.8526ms)
  Γ£ö reads graphify.build_timeout from config (7.5423ms)
  Γ£ö includes version warning when outside tested range (6.5501ms)
Γ£ö graphifyBuild (39.9544ms)
Γû╢ writeSnapshot
  Γ£ö writes snapshot from existing graph.json (11.2263ms)
  Γ£ö returns error when graph.json does not exist (4.4085ms)
  Γ£ö returns error when graph.json is invalid JSON (7.9277ms)
  Γ£ö handles graph.json with empty nodes and edges (7.3747ms)
  Γ£ö handles graph.json missing nodes/edges keys gracefully (6.7982ms)
  Γ£ö overwrites existing snapshot on rebuild (11.9209ms)
Γ£ö writeSnapshot (50.3024ms)
Γû╢ AGENT-03 graceful degradation
  Γ£ö graphifyQuery returns clean error object when graph.json does not exist (6.8621ms)
  Γ£ö graphifyStatus returns exists:false when graph.json does not exist (6.1058ms)
  Γ£ö graphifyQuery gracefully handles any query term when graph absent (8.2853ms)
  Γ£ö graphifyQuery returns non-empty results with expected structure for known graph (11.1649ms)
  Γ£ö graphifyStatus returns valid structure when graph.json exists (9.2641ms)
Γ£ö AGENT-03 graceful degradation (42.1836ms)
Γû╢ parseStateMd
  Γ£ö parses full YAML frontmatter (4.0755ms)
  Γ£ö treats literal "null" values as null (0.494ms)
  Γ£ö strips surrounding quotes from frontmatter values (0.3397ms)
  Γ£ö parses phase without name (0.3918ms)
  Γ£ö falls back to body Status when frontmatter is missing (0.3667ms)
  Γ£ö body fallback recognizes executing state (0.2731ms)
  Γ£ö body fallback recognizes complete state (0.3834ms)
  Γ£ö body fallback recognizes archived as complete (0.4393ms)
  Γ£ö returns empty object for empty content (1.6661ms)
  Γ£ö returns partial state when only some fields present (0.6638ms)
Γ£ö parseStateMd (11.7901ms)
Γû╢ formatGsdState
  Γ£ö formats full state with milestone name, status, and phase name (0.963ms)
  Γ£ö skips placeholder "milestone" value in milestoneName (0.4095ms)
  Γ£ö uses short phase form when phase name is missing (0.2873ms)
  Γ£ö omits phase entirely when phaseNum/phaseTotal missing (0.2055ms)
  Γ£ö handles milestone version only (no name) (0.5957ms)
  Γ£ö handles milestone name only (no version) (0.4129ms)
  Γ£ö returns empty string for empty state (0.2019ms)
  Γ£ö returns only available parts when everything else is missing (0.155ms)
Γ£ö formatGsdState (4.0515ms)
Γû╢ readGsdState
  Γ£ö finds STATE.md in the starting directory (4.764ms)
  Γ£ö walks up to find STATE.md in a parent directory (5.3583ms)
  Γ£ö returns null when no STATE.md exists in the walk-up chain (7.3409ms)
  Γ£ö returns null on malformed STATE.md without crashing (2.081ms)
Γ£ö readGsdState (19.9068ms)
Γû╢ command files: gsd-tools path references (#1766)
  Γ£ö no command file references undefined $GSD_TOOLS variable (27.109ms)
  Γ£ö workstreams.md uses standard gsd-tools.cjs path (1.1627ms)
Γ£ö command files: gsd-tools path references (#1766) (30.1714ms)
Γû╢ parseSlicesFromRoadmap
  Γ£ö parses done and pending slices (2.0237ms)
  Γ£ö returns empty array when no Slices section (0.2986ms)
  Γ£ö ignores non-slice lines in the section (0.207ms)
Γ£ö parseSlicesFromRoadmap (3.9033ms)
Γû╢ parseMilestoneTitle
  Γ£ö extracts title from first heading (0.4003ms)
  Γ£ö returns null when heading absent (0.1918ms)
Γ£ö parseMilestoneTitle (0.7883ms)
Γû╢ parseTaskTitle
  Γ£ö extracts title from task plan (0.6894ms)
  Γ£ö falls back to provided default (0.3438ms)
Γ£ö parseTaskTitle (2.444ms)
Γû╢ parseTaskDescription
  Γ£ö extracts description body (0.3754ms)
  Γ£ö returns empty string when section absent (0.358ms)
Γ£ö parseTaskDescription (0.9099ms)
Γû╢ parseTaskMustHaves
  Γ£ö parses checked and unchecked items (0.4713ms)
  Γ£ö returns empty array when section absent (0.1517ms)
Γ£ö parseTaskMustHaves (0.7299ms)
Γû╢ slugify
  Γ£ö lowercases and replaces non-alphanumeric with hyphens (0.1958ms)
  Γ£ö strips leading/trailing hyphens (0.0844ms)
Γ£ö slugify (0.3681ms)
Γû╢ zeroPad
  Γ£ö pads to 2 digits by default (0.1172ms)
Γ£ö zeroPad (0.1774ms)
Γû╢ parseGsd2
  Γ£ö reads project and requirements passthroughs (28.083ms)
  Γ£ö parses milestone with slices (27.9502ms)
  Γ£ö marks S01 as done, S02 as not done (28.727ms)
  Γ£ö reads research for completed slice (26.5955ms)
  Γ£ö reads tasks from tasks/ directory (26.7621ms)
  Γ£ö parses task must-haves (32.9995ms)
  Γ£ö handles missing .gsd/milestones/ gracefully (4.1309ms)
  Γ£ö slice with no directory has empty tasks list (27.6165ms)
Γ£ö parseGsd2 (203.4916ms)
Γû╢ buildPlanningArtifacts
  Γ£ö produces PROJECT.md, REQUIREMENTS.md, ROADMAP.md, STATE.md, config.json (30.8787ms)
  Γ£ö S01 (done) maps to phase 01 with PLAN and SUMMARY (26.8838ms)
  Γ£ö S02 (pending) maps to phase 02 with only CONTEXT and PLAN (34.5281ms)
  Γ£ö ROADMAP.md marks S01 done, S02 pending (29.9286ms)
  Γ£ö PLAN.md includes frontmatter with phase and plan keys (26.8665ms)
  Γ£ö SUMMARY.md strips GSD-2 frontmatter and adds v1 frontmatter (28.7968ms)
  Γ£ö config.json is valid JSON (28.8655ms)
  Γ£ö multi-milestone: slices numbered sequentially across milestones (19.5893ms)
Γ£ö buildPlanningArtifacts (227.0378ms)
Γû╢ buildRoadmapMd
  Γ£ö produces milestone sections with checked/unchecked phases (0.3914ms)
Γ£ö buildRoadmapMd (0.5308ms)
Γû╢ buildStateMd
  Γ£ö sets current phase to first incomplete slice (0.338ms)
  Γ£ö reports all complete when all slices done (0.1919ms)
Γ£ö buildStateMd (0.651ms)
Γû╢ gsd-tools from-gsd2 CLI
  Γ£ö --dry-run returns preview without writing files (412.6522ms)
  Γ£ö writes .planning/ directory with correct structure (465.8055ms)
  Γ£ö errors when no .gsd/ directory present (443.6941ms)
  Γ£ö errors when .planning/ already exists without --force (202.8098ms)
  Γ£ö --force overwrites existing .planning/ (246.4431ms)
  Γ£ö --path resolves target directory (462.0834ms)
  Γ£ö completion state: S01 done ΓåÆ [x] in ROADMAP.md (532.7072ms)
  Γ£ö SUMMARY.md written for completed task, not for pending (584.0687ms)
Γ£ö gsd-tools from-gsd2 CLI (3350.9672ms)
Γû╢ no hardcoded Windows drive-letter paths
  Γ£ö source files exist to scan (1.2173ms)
  Γ£ö no C:\ / D:\ style drive paths in string literals (23.8379ms)
Γ£ö no hardcoded Windows drive-letter paths (26.7932ms)
Γû╢ no hardcoded /home/ absolute paths
  Γ£ö no /home/<username>/ paths in string literals (17.4035ms)
Γ£ö no hardcoded /home/ absolute paths (17.5866ms)
Γû╢ no hardcoded /Users/ absolute paths
  Γ£ö no /Users/<username>/ paths in string literals (22.5351ms)
Γ£ö no hardcoded /Users/ absolute paths (22.835ms)
Γû╢ no hardcoded /tmp/ paths
  Γ£ö source files use os.tmpdir() not hardcoded /tmp/ (15.8163ms)
Γ£ö no hardcoded /tmp/ paths (16.1361ms)
Γû╢ W011: STATE/ROADMAP cross-validation
  Γ£ö STATE says current phase but ROADMAP shows it as complete -> warning (338.3846ms)
  Γ£ö STATE and ROADMAP agree (phase not checked off) -> no W011 warning (334.526ms)
Γ£ö W011: STATE/ROADMAP cross-validation (675.7577ms)
Γû╢ config field validation
  Γ£ö W012: invalid branching_strategy triggers warning (333.0113ms)
  Γ£ö W013: negative context_window triggers warning (354.2575ms)
  Γ£ö W014: phase_branch_template missing {phase} triggers warning (298.1694ms)
  Γ£ö W015: milestone_branch_template missing {milestone} triggers warning (363.7601ms)
Γ£ö config field validation (1349.7773ms)
Γû╢ boundary conditions
  Γ£ö context_window config accepts 500000 (boundary value) (409.8019ms)
  Γ£ö context_window config accepts 200000 (default value) (326.0526ms)
  Γ£ö W013 does NOT fire when context_window is absent from config (332.0064ms)
  Γ£ö health check handles STATE.md with no Current Phase field (no W011 crash) (413.4542ms)
  Γ£ö health check handles empty ROADMAP.md (no crash) (338.8711ms)
  Γ£ö config.json with trailing comma -- validate health reports parse error (330.4861ms)
Γ£ö boundary conditions (2151.7338ms)
Γû╢ stateReplaceFieldWithFallback field-miss warning
  Γ£ö advance-plan completes even when fields are missing (non-fatal) (223.2174ms)
  Γ£ö validate health on 50-phase project completes in under 3000ms (751.2359ms)
Γ£ö stateReplaceFieldWithFallback field-miss warning (980.084ms)

[36m   ΓûêΓûêΓûêΓûêΓûêΓûêΓòù ΓûêΓûêΓûêΓûêΓûêΓûêΓûêΓòùΓûêΓûêΓûêΓûêΓûêΓûêΓòù
  ΓûêΓûêΓòöΓòÉΓòÉΓòÉΓòÉΓò¥ ΓûêΓûêΓòöΓòÉΓòÉΓòÉΓòÉΓò¥ΓûêΓûêΓòöΓòÉΓòÉΓûêΓûêΓòù
  ΓûêΓûêΓòæ  ΓûêΓûêΓûêΓòùΓûêΓûêΓûêΓûêΓûêΓûêΓûêΓòùΓûêΓûêΓòæ  ΓûêΓûêΓòæ
  ΓûêΓûêΓòæ   ΓûêΓûêΓòæΓòÜΓòÉΓòÉΓòÉΓòÉΓûêΓûêΓòæΓûêΓûêΓòæ  ΓûêΓûêΓòæ
  ΓòÜΓûêΓûêΓûêΓûêΓûêΓûêΓòöΓò¥ΓûêΓûêΓûêΓûêΓûêΓûêΓûêΓòæΓûêΓûêΓûêΓûêΓûêΓûêΓòöΓò¥
   ΓòÜΓòÉΓòÉΓòÉΓòÉΓòÉΓò¥ ΓòÜΓòÉΓòÉΓòÉΓòÉΓòÉΓòÉΓò¥ΓòÜΓòÉΓòÉΓòÉΓòÉΓòÉΓò¥[0m

  Get Shit Done [2mv1.36.0[0m
  A meta-prompting, context engineering and spec-driven
  development system for Claude Code, OpenCode, Gemini, Kilo, Codex, Copilot, Antigravity, Cursor, Windsurf, Augment, Trae, Qwen Code, Cline and CodeBuddy by T├éCHES.

  [32mΓ£ô[0m Fixed invalid hook entries (prevents settings.json schema rejection)
  [32mΓ£ô[0m Fixed invalid hook entries (prevents settings.json schema rejection)
  [32mΓ£ô[0m Fixed invalid hook entries (prevents settings.json schema rejection)
  [32mΓ£ô[0m Fixed invalid hook entries (prevents settings.json schema rejection)
  [32mΓ£ô[0m Fixed invalid hook entries (prevents settings.json schema rejection)
  [32mΓ£ô[0m Fixed invalid hook entries (prevents settings.json schema rejection)
  [32mΓ£ô[0m Fixed invalid hook entries (prevents settings.json schema rejection)
  [32mΓ£ô[0m Fixed invalid hook entries (prevents settings.json schema rejection)
  [32mΓ£ô[0m Fixed invalid hook entries (prevents settings.json schema rejection)
  [32mΓ£ô[0m Fixed invalid hook entries (prevents settings.json schema rejection)
  [32mΓ£ô[0m Fixed invalid hook entries (prevents settings.json schema rejection)
  [32mΓ£ô[0m Fixed invalid hook entries (prevents settings.json schema rejection)
  [32mΓ£ô[0m Fixed invalid hook entries (prevents settings.json schema rejection)
Γû╢ validateHookFields ΓÇö passthrough
  Γ£ö returns settings unchanged when no hooks key exists (2.3547ms)
  Γ£ö returns settings unchanged when hooks is null (0.3589ms)
  Γ£ö returns settings unchanged when hooks is a non-object primitive (0.3666ms)
  Γ£ö preserves valid command hooks (0.4898ms)
  Γ£ö preserves valid agent hooks (0.4676ms)
  Γ£ö preserves mixed valid hooks across event types (0.6098ms)
  Γ£ö skips non-array event type values (0.4484ms)
Γ£ö validateHookFields ΓÇö passthrough (7.4616ms)
Γû╢ validateHookFields ΓÇö removes invalid hooks
  Γ£ö removes agent hook missing prompt field (1.2694ms)
  Γ£ö removes command hook missing command field (0.8208ms)
  Γ£ö keeps valid hooks and removes invalid ones within same entry (0.998ms)
  Γ£ö removes entry when all its hooks are invalid (0.5708ms)
Γ£ö validateHookFields ΓÇö removes invalid hooks (4.6147ms)
Γû╢ validateHookFields ΓÇö entries without hooks sub-array
  Γ£ö removes entry with missing hooks property (0.456ms)
  Γ£ö removes entry with null hooks property (0.5385ms)
  Γ£ö removes entry with non-array hooks property (0.3482ms)
  Γ£ö removes structurally invalid entry but keeps valid sibling (0.4113ms)
Γ£ö validateHookFields ΓÇö entries without hooks sub-array (2.1164ms)
Γû╢ validateHookFields ΓÇö empty event array cleanup
  Γ£ö removes event type key when all entries are invalid (0.481ms)
  Γ£ö removes event type key when array was already empty (0.4559ms)
  Γ£ö removes all event types when all are invalid (0.329ms)
Γ£ö validateHookFields ΓÇö empty event array cleanup (1.5106ms)
Γû╢ validateHookFields ΓÇö no input mutation
  Γ£ö does not mutate the original entry objects (0.3057ms)
  Γ£ö result entry is a copy, not the same object reference (0.2755ms)
Γ£ö validateHookFields ΓÇö no input mutation (0.7465ms)
Γû╢ validateHookFields ΓÇö unknown hook types
  Γ£ö preserves hooks with unrecognized type (future-proof) (0.2239ms)
  Γ£ö preserves hooks with no type field (0.2049ms)
Γ£ö validateHookFields ΓÇö unknown hook types (0.5822ms)
Γû╢ validateHookFields ΓÇö iteration safety
  Γ£ö handles multiple event types with mixed validity without corruption (0.7297ms)
Γ£ö validateHookFields ΓÇö iteration safety (0.8658ms)
Γû╢ validateHookFields ΓÇö does not touch non-hook settings
  Γ£ö preserves all other settings keys (0.3203ms)
Γ£ö validateHookFields ΓÇö does not touch non-hook settings (0.4393ms)
Γû╢ hook file validation
  Γ£ö gsd-session-state.sh exists (2.1286ms)
  Γ£ö gsd-validate-commit.sh exists (0.4996ms)
  Γ£ö gsd-phase-boundary.sh exists (0.4351ms)
  ∩╣ú gsd-session-state.sh is executable (0.2876ms) # Windows has no POSIX file permissions
  ∩╣ú gsd-validate-commit.sh is executable (0.2078ms) # Windows has no POSIX file permissions
  ∩╣ú gsd-phase-boundary.sh is executable (0.1087ms) # Windows has no POSIX file permissions
Γ£ö hook file validation (6.96ms)
Γû╢ installer hook registration
  Γ£ö install.js contains gsd-validate-commit registration block (2.4843ms)
  Γ£ö install.js contains gsd-session-state registration block (2.3687ms)
  Γ£ö install.js contains gsd-phase-boundary registration block (4.1227ms)
  Γ£ö install.js registers validate-commit with PreToolUse event and Bash matcher (2.8662ms)
  Γ£ö install.js adds all 3 new hooks to the uninstall cleanup list (1.6986ms)
  Γ£ö install.js log messages indicate opt-in behavior (1.7458ms)
Γ£ö installer hook registration (16.0902ms)
∩╣ú opt-in gating behavior (0.0724ms) # bash hooks require unix shell
∩╣ú hook execution when enabled (0.0625ms) # bash hooks require unix shell
∩╣ú hook security tests (0.0463ms) # bash hooks require unix shell
Γû╢ import command file structure
  Γ£ö command file exists (1.3034ms)
  Γ£ö workflow file exists (0.4232ms)
Γ£ö import command file structure (3.2551ms)
Γû╢ import command frontmatter
  Γ£ö has name field (2.0507ms)
  Γ£ö has description field (0.5747ms)
  Γ£ö has argument-hint with --from (0.4293ms)
Γ£ö import command frontmatter (3.5203ms)
Γû╢ import command references
  Γ£ö references the import workflow (0.3942ms)
Γ£ö import command references (0.6745ms)
Γû╢ import workflow content
  Γ£ö contains --from mode handling (0.5183ms)
  Γ£ö does NOT contain --prd implementation (0.2927ms)
  Γ£ö references path validation for --from argument (0.2861ms)
  Γ£ö includes REQUIREMENTS.md in conflict detection context loading (0.5479ms)
  Γ£ö includes BLOCKER/WARNING/INFO conflict severity model (0.2689ms)
  Γ£ö includes plan-checker validation gate (0.2165ms)
  Γ£ö no-args usage display is present (0.1117ms)
Γ£ö import workflow content (2.8496ms)
Γû╢ init manager
  Γ£ö fails without ROADMAP.md (183.2653ms)
  Γ£ö fails without STATE.md (215.0032ms)
  Γ£ö returns basic structure with phases (224.6064ms)
  Γ£ö detects disk status correctly for each phase state (259.1038ms)
  Γ£ö dependency satisfaction: deps on complete phases = satisfied (236.3274ms)
  Γ£ö dependency satisfaction: deps on incomplete phases = not satisfied (220.8962ms)
  Γ£ö sliding window: only first undiscussed phase is next to discuss (192.7761ms)
  Γ£ö sliding window: after discussing N, plan N + discuss N+1 (189.2476ms)
  Γ£ö sliding window: full pipeline ΓÇö execute N, plan N+1, discuss N+2 (243.2906ms)
  Γ£ö recommendation ordering: execute > plan > discuss (232.6946ms)
  Γ£ö blocked phases not recommended (201.3508ms)
  Γ£ö all phases complete sets all_complete flag (179.2211ms)
  Γ£ö WAITING.json detected when present (193.8157ms)
  Γ£ö phase fields include goal and depends_on from roadmap (204.185ms)
  Γ£ö display_name truncates long phase names (212.9402ms)
  Γ£ö activity detection: recent file = active (252.122ms)
  Γ£ö conflict filter: blocks dependent phase execute when dep is active (285.9728ms)
  Γ£ö conflict filter: allows independent phase execute in parallel (239.7931ms)
  Γ£ö output includes project_root field (243.1205ms)
  Γ£ö output includes manager_flags defaults when not configured (216.1901ms)
  Γ£ö output includes manager_flags from config when set (312.6155ms)
  Γ£ö sanitizes invalid manager_flags to prevent injection (#1410) (347.9741ms)
  Γ£ö does not recommend BACKLOG phases (999.x) as next actions (356.5788ms)
  Γ£ö output includes response_language when configured (468.9525ms)
  Γ£ö output omits response_language when not configured (254.9619ms)
  Γ£ö all_complete is true when non-backlog phases are complete and 999.x exists (#2129) (320.2732ms)
  Γ£ö all_complete false with incomplete non-backlog phase still produces recommended_actions (#2129) (276.0934ms)
Γ£ö init manager (6769.842ms)
Γû╢ init commands
  Γ£ö init execute-phase returns file paths (242.1409ms)
  Γ£ö init execute-phase respects model_overrides for executor_model (347.2665ms)
  Γ£ö init execute-phase respects model_overrides when resolve_model_ids is omit (308.8429ms)
  Γ£ö init plan-phase returns file paths (184.9789ms)
  Γ£ö init plan-phase exposes text_mode from config (defaults false) (222.9583ms)
  Γ£ö init plan-phase exposes text_mode true when set in config (299.6003ms)
  Γ£ö init progress returns file paths (184.6973ms)
  Γ£ö init phase-op returns core and optional phase file paths (185.0814ms)
  Γ£ö init plan-phase detects has_reviews and reviews_path when REVIEWS.md exists (182.056ms)
  Γ£ö init plan-phase omits optional paths if files missing (190.2791ms)
  Γ£ö init plan-phase extracts phase_req_ids from ROADMAP (189.3453ms)
  Γ£ö init plan-phase strips brackets from phase_req_ids (203.3709ms)
  Γ£ö init plan-phase returns null phase_req_ids when Requirements line is absent (187.5176ms)
  Γ£ö init plan-phase returns null phase_req_ids when ROADMAP is absent (223.7719ms)
  Γ£ö init execute-phase extracts phase_req_ids from ROADMAP (221.7116ms)
  Γ£ö init plan-phase returns null phase_req_ids when value is TBD (229.3614ms)
  Γ£ö init execute-phase returns null phase_req_ids when Requirements line is absent (250.5693ms)
Γ£ö init commands (3857.1167ms)
Γû╢ init commands ROADMAP fallback when phase directory does not exist (#1238)
  Γ£ö init plan-phase falls back to ROADMAP when no phase directory exists (206.9832ms)
  Γ£ö init execute-phase falls back to ROADMAP when no phase directory exists (210.4978ms)
  Γ£ö init verify-work falls back to ROADMAP when no phase directory exists (337.2236ms)
  Γ£ö init plan-phase returns phase_found false when neither directory nor ROADMAP entry exists (359.6118ms)
  Γ£ö init plan-phase prefers disk directory over ROADMAP fallback (308.573ms)
Γ£ö init commands ROADMAP fallback when phase directory does not exist (#1238) (1423.6888ms)
Γû╢ init commands ignore archived phases from prior milestones sharing a number
  Γ£ö init plan-phase prefers current ROADMAP entry over archived v1.0 phase of same number (280.142ms)
  Γ£ö init execute-phase prefers current ROADMAP entry over archived v1.0 phase of same number (293.4249ms)
  Γ£ö init verify-work prefers current ROADMAP entry over archived v1.0 phase of same number (273.7979ms)
Γ£ö init commands ignore archived phases from prior milestones sharing a number (847.9546ms)
Γû╢ cmdInitTodos
  Γ£ö empty pending dir returns zero count (236.9453ms)
  Γ£ö missing pending dir returns zero count (207.6193ms)
  Γ£ö multiple todos with fields are read correctly (229.183ms)
  Γ£ö area filter returns only matching todos (229.0169ms)
  Γ£ö area filter miss returns zero count (203.0742ms)
  Γ£ö malformed file uses defaults (228.5099ms)
  Γ£ö non-md files are ignored (191.1843ms)
Γ£ö cmdInitTodos (1526.5024ms)
Γû╢ cmdInitMilestoneOp
  Γ£ö no phase directories returns zero counts (180.4508ms)
  Γ£ö multiple phases with no summaries (231.6955ms)
  Γ£ö mix of complete and incomplete phases (281.7894ms)
  Γ£ö all phases complete (224.0706ms)
  Γ£ö archive directory scanning (210.8993ms)
  Γ£ö no archive directory returns empty (221.6747ms)
Γ£ö cmdInitMilestoneOp (1351.4181ms)
Γû╢ cmdInitPhaseOp fallback
  Γ£ö normal path with existing directory (338.9569ms)
  Γ£ö fallback to ROADMAP when no directory exists (217.579ms)
  Γ£ö prefers current milestone roadmap entry over archived phase with same number (223.1811ms)
  Γ£ö neither directory nor roadmap entry returns not found (249.6731ms)
Γ£ö cmdInitPhaseOp fallback (1030.003ms)
Γû╢ cmdInitProgress
  Γ£ö no phases returns empty state (199.5889ms)
  Γ£ö multiple phases with mixed statuses (244.5009ms)
  Γ£ö researched status detected correctly (263.3778ms)
  Γ£ö all phases complete returns no current or next (222.9661ms)
  Γ£ö paused_at detected from STATE.md (219.751ms)
  Γ£ö no paused_at when STATE.md has no pause line (294.279ms)
Γ£ö cmdInitProgress (1446.3904ms)
Γû╢ cmdInitQuick
  Γ£ö with description generates slug and task_dir with YYMMDD-xxx format (301.5909ms)
  Γ£ö without description returns null slug and task_dir (214.758ms)
  Γ£ö two rapid calls produce different quick_ids (no collision within 2s window) (387.8896ms)
  Γ£ö long description truncates slug to 40 chars (213.9161ms)
  Γ£ö returns quick branch name when quick_branch_template is configured (326.0795ms)
  Γ£ö uses fallback slug in quick branch name when description is omitted (305.0347ms)
Γ£ö cmdInitQuick (1750.0914ms)
Γû╢ cmdInitMapCodebase
  Γ£ö no codebase dir returns empty (201.1135ms)
  Γ£ö with existing maps lists md files only (207.5524ms)
  Γ£ö empty codebase dir returns no maps (240.195ms)
  Γ£ö map-codebase workflow does not list OpenCode under runtimes without Task tool (#1316) (9.3778ms)
Γ£ö cmdInitMapCodebase (658.8767ms)
Γû╢ cmdInitNewProject
  Γ£ö greenfield project with no code (205.7991ms)
  Γ£ö brownfield with package.json detected (219.5699ms)
  Γ£ö brownfield with codebase map does not need map (249.2502ms)
  Γ£ö planning_exists flag is correct (240.8553ms)
  Γ£ö brownfield with Kotlin files detected (Android project) (248.6506ms)
  Γ£ö brownfield with build.gradle detected (Android/Gradle project) (374.4282ms)
  Γ£ö brownfield with build.gradle.kts detected (Kotlin DSL) (276.1764ms)
  Γ£ö brownfield with pom.xml detected (Maven project) (242.5338ms)
  Γ£ö brownfield with pubspec.yaml detected (Flutter/Dart project) (240.281ms)
  Γ£ö brownfield with Dart files detected (253.3145ms)
  Γ£ö brownfield with C++ files detected (237.1116ms)
Γ£ö cmdInitNewProject (2795.7351ms)
Γû╢ cmdInitNewMilestone
  Γ£ö returns expected fields (224.632ms)
  Γ£ö file existence flags reflect actual state (455.1826ms)
  Γ£ö reports latest completed milestone and archive target for reset flow (258.9416ms)
  Γ£ö reset flow metadata is null-safe when no milestones file exists (257.5828ms)
Γ£ö cmdInitNewMilestone (1197.02ms)
Γû╢ findProjectRoot integration via --cwd
  Γ£ö init quick from sub-repo CWD returns project_root pointing to parent (585.869ms)
  Γ£ö init quick from project root returns project_root as-is (359.9815ms)
  Γ£ö state load from sub-repo CWD reads project root config (606.7367ms)
Γ£ö findProjectRoot integration via --cwd (1554.7094ms)
Γû╢ inline_plan_threshold config key (#1979)
  Γ£ö config-set accepts workflow.inline_plan_threshold (189.0853ms)
  Γ£ö config-set accepts threshold=0 to disable inline routing (177.0256ms)
  Γ£ö VALID_CONFIG_KEYS in config.cjs contains workflow.inline_plan_threshold (4.46ms)
  Γ£ö planning-config.md documents workflow.inline_plan_threshold (3.4977ms)
Γ£ö inline_plan_threshold config key (#1979) (375.9296ms)
Γû╢ execute-plan.md routing instruction (#1979)
  Γ£ö grep pattern matches <task at any indentation level (0.9827ms)
  Γ£ö inline routing is guarded by INLINE_THRESHOLD > 0 (0.7111ms)
  Γ£ö grep pattern does NOT use ^<task alone (would miss indented tasks) (0.6975ms)
  Γ£ö grep pattern matches real-world indented task formats (0.8702ms)
Γ£ö execute-plan.md routing instruction (#1979) (4.757ms)

[36m   ΓûêΓûêΓûêΓûêΓûêΓûêΓòù ΓûêΓûêΓûêΓûêΓûêΓûêΓûêΓòùΓûêΓûêΓûêΓûêΓûêΓûêΓòù
  ΓûêΓûêΓòöΓòÉΓòÉΓòÉΓòÉΓò¥ ΓûêΓûêΓòöΓòÉΓòÉΓòÉΓòÉΓò¥ΓûêΓûêΓòöΓòÉΓòÉΓûêΓûêΓòù
  ΓûêΓûêΓòæ  ΓûêΓûêΓûêΓòùΓûêΓûêΓûêΓûêΓûêΓûêΓûêΓòùΓûêΓûêΓòæ  ΓûêΓûêΓòæ
  ΓûêΓûêΓòæ   ΓûêΓûêΓòæΓòÜΓòÉΓòÉΓòÉΓòÉΓûêΓûêΓòæΓûêΓûêΓòæ  ΓûêΓûêΓòæ
  ΓòÜΓûêΓûêΓûêΓûêΓûêΓûêΓòöΓò¥ΓûêΓûêΓûêΓûêΓûêΓûêΓûêΓòæΓûêΓûêΓûêΓûêΓûêΓûêΓòöΓò¥
   ΓòÜΓòÉΓòÉΓòÉΓòÉΓòÉΓò¥ ΓòÜΓòÉΓòÉΓòÉΓòÉΓòÉΓòÉΓò¥ΓòÜΓòÉΓòÉΓòÉΓòÉΓòÉΓò¥[0m

  Get Shit Done [2mv1.36.0[0m
  A meta-prompting, context engineering and spec-driven
  development system for Claude Code, OpenCode, Gemini, Kilo, Codex, Copilot, Antigravity, Cursor, Windsurf, Augment, Trae, Qwen Code, Cline and CodeBuddy by T├éCHES.

Γû╢ #1755: .sh hooks are copied and executable after install
  Γ£ö all expected hooks are copied from hooks/dist/ to target (22.1942ms)
  ∩╣ú .sh hooks are executable after copy (0.2052ms) # Windows has no POSIX file permissions
  ∩╣ú .js hooks are executable after copy (0.1495ms) # Windows has no POSIX file permissions
Γ£ö #1755: .sh hooks are copied and executable after install (23.6811ms)
Γû╢ install.js source correctness
  Γ£ö .sh files get chmod after copyFileSync (0.9455ms)
  Γ£ö Codex hook uses correct filename gsd-check-update.js (not gsd-update-check.js) (0.7454ms)
  Γ£ö Codex hook path does not use get-shit-done/hooks/ subdirectory (0.6794ms)
  Γ£ö cache invalidation uses ~/.cache/gsd/ path (0.3644ms)
  Γ£ö manifest tracks .sh hook files (0.4442ms)
  Γ£ö gsd-workflow-guard.js is in uninstall hook list (0.6746ms)
  Γ£ö phantom gsd-check-update.sh is not in uninstall hook list (0.6075ms)
  Γ£ö isGsdHookCommand covers all GSD hook names (1.0148ms)
  Γ£ö Codex install migrates legacy gsd-update-check entries (0.3159ms)
  Γ£ö no duplicate isCursor or isWindsurf branches in uninstall skill removal (0.5269ms)
  Γ£ö verifyInstalled warns about missing .sh hooks (0.2319ms)
Γ£ö install.js source correctness (8.9485ms)
Γû╢ writeManifest includes .sh hooks
  Γ£ö manifest contains .sh hook entries (44.2887ms)
  Γ£ö manifest contains .js hook entries (42.6442ms)
Γ£ö writeManifest includes .sh hooks (87.2217ms)
Γû╢ uninstall settings cleanup preserves user hooks
  Γ£ö mixed entry with GSD + user hooks preserves user hooks (0.386ms)
  Γ£ö entry with only GSD hooks is fully removed (0.2228ms)
  Γ£ö entry with only user hooks is untouched (0.1712ms)
  Γ£ö non-array hook entries are preserved during uninstall (#1825) (1.2699ms)
  Γ£ö all GSD hook names are recognized by isGsdHookCommand (0.3543ms)
Γ£ö uninstall settings cleanup preserves user hooks (2.7183ms)
Γû╢ Codex legacy gsd-update-check migration
  Γ£ö install.js strips legacy gsd-update-check hook blocks from config (1.9907ms)
  Γ£ö migration regex removes LF legacy hook block (0.4413ms)
  Γ£ö migration regex removes CRLF legacy hook block (0.4295ms)
Γ£ö Codex legacy gsd-update-check migration (3.1429ms)
Γû╢ intel disabled gating
  Γ£ö isIntelEnabled returns false when no config.json exists (3.3941ms)
  Γ£ö isIntelEnabled returns false when intel.enabled is not set (3.9821ms)
  Γ£ö isIntelEnabled returns true when intel.enabled is true (6.7185ms)
  Γ£ö intelQuery returns disabled response when intel is off (4.7679ms)
  Γ£ö intelStatus returns disabled response when intel is off (2.9529ms)
  Γ£ö intelDiff returns disabled response when intel is off (2.9296ms)
  Γ£ö intelValidate returns disabled response when intel is off (4.8082ms)
Γ£ö intel disabled gating (31.4594ms)
Γû╢ ensureIntelDir
  Γ£ö creates intel directory if it does not exist (4.7025ms)
  Γ£ö returns existing intel directory without error (3.9921ms)
Γ£ö ensureIntelDir (9.1807ms)
Γû╢ intelQuery
  Γ£ö returns empty matches when no intel files exist (7.0671ms)
  Γ£ö finds matches in JSON file keys (7.9883ms)
  Γ£ö finds matches in JSON file values (8.4415ms)
  Γ£ö search is case-insensitive (8.436ms)
  Γ£ö finds matches in arch.md text (13.7021ms)
  Γ£ö searches across multiple intel files (6.9165ms)
Γ£ö intelQuery (53.2316ms)
Γû╢ intelStatus
  Γ£ö reports missing files as stale (7.2083ms)
  Γ£ö reports fresh files as not stale (6.3686ms)
  Γ£ö reports old files as stale (8.7637ms)
Γ£ö intelStatus (22.6968ms)
Γû╢ intelDiff
  Γ£ö returns no_baseline when no snapshot exists (5.1674ms)
  Γ£ö detects added files since snapshot (11.1765ms)
  Γ£ö detects changed files since snapshot (9.2761ms)
Γ£ö intelDiff (25.9099ms)
Γû╢ intelSnapshot
  Γ£ö saves snapshot with file hashes (9.8977ms)
Γ£ö intelSnapshot (10.0152ms)
Γû╢ intelValidate
  Γ£ö reports errors for missing files (4.9122ms)
  Γ£ö reports warnings for missing _meta.updated_at (13.0314ms)
  Γ£ö reports invalid JSON as error (12.7206ms)
  Γ£ö passes validation with complete fresh intel (11.8535ms)
Γ£ö intelValidate (42.8449ms)
Γû╢ intelPatchMeta
  Γ£ö patches _meta.updated_at and increments version (6.9251ms)
  Γ£ö creates _meta if missing (5.5287ms)
  Γ£ö returns error for missing file (8.8143ms)
  Γ£ö returns error for invalid JSON (4.6581ms)
Γ£ö intelPatchMeta (26.2592ms)
Γû╢ intelExtractExports
  Γ£ö extracts CJS module.exports object keys (9.1977ms)
  Γ£ö extracts ESM named exports (6.0013ms)
  Γ£ö extracts ESM export block (6.5876ms)
  Γ£ö returns empty exports for nonexistent file (4.431ms)
Γ£ö intelExtractExports (26.6118ms)
Γû╢ gsd-tools intel subcommands
  Γ£ö intel status returns disabled message when not enabled (251.6419ms)
  Γ£ö intel query returns disabled message when not enabled (219.0048ms)
  Γ£ö intel status returns file status when enabled (199.27ms)
  Γ£ö intel validate reports errors for missing files when enabled (213.3524ms)
Γ£ö gsd-tools intel subcommands (883.664ms)
Γû╢ ios-scaffold.md reference exists and contains XcodeGen guidance
  Γ£ö reference file exists at get-shit-done/references/ios-scaffold.md (1.8218ms)
  Γ£ö reference prohibits Package.swift as primary build system for iOS apps (0.6541ms)
  Γ£ö reference prohibits .executableTarget for iOS apps (0.5592ms)
  Γ£ö reference requires project.yml (XcodeGen spec) for iOS app scaffolding (1.5673ms)
  Γ£ö reference requires xcodegen generate command (0.5977ms)
  Γ£ö reference documents iOS deployment target compatibility (0.6035ms)
Γ£ö ios-scaffold.md reference exists and contains XcodeGen guidance (8.0859ms)
Γû╢ gsd-executor.md references ios-scaffold guidance
  Γ£ö executor agent references ios-scaffold.md (0.5845ms)
Γ£ö gsd-executor.md references ios-scaffold guidance (0.7697ms)
Γû╢ universal-anti-patterns.md documents iOS SPM anti-pattern
  Γ£ö universal-anti-patterns.md documents Package.swift misuse for iOS apps (0.5914ms)
Γ£ö universal-anti-patterns.md documents iOS SPM anti-pattern (0.8222ms)

[36m   ΓûêΓûêΓûêΓûêΓûêΓûêΓòù ΓûêΓûêΓûêΓûêΓûêΓûêΓûêΓòùΓûêΓûêΓûêΓûêΓûêΓûêΓòù
  ΓûêΓûêΓòöΓòÉΓòÉΓòÉΓòÉΓò¥ ΓûêΓûêΓòöΓòÉΓòÉΓòÉΓòÉΓò¥ΓûêΓûêΓòöΓòÉΓòÉΓûêΓûêΓòù
  ΓûêΓûêΓòæ  ΓûêΓûêΓûêΓòùΓûêΓûêΓûêΓûêΓûêΓûêΓûêΓòùΓûêΓûêΓòæ  ΓûêΓûêΓòæ
  ΓûêΓûêΓòæ   ΓûêΓûêΓòæΓòÜΓòÉΓòÉΓòÉΓòÉΓûêΓûêΓòæΓûêΓûêΓòæ  ΓûêΓûêΓòæ
  ΓòÜΓûêΓûêΓûêΓûêΓûêΓûêΓòöΓò¥ΓûêΓûêΓûêΓûêΓûêΓûêΓûêΓòæΓûêΓûêΓûêΓûêΓûêΓûêΓòöΓò¥
   ΓòÜΓòÉΓòÉΓòÉΓòÉΓòÉΓò¥ ΓòÜΓòÉΓòÉΓòÉΓòÉΓòÉΓòÉΓò¥ΓòÜΓòÉΓòÉΓòÉΓòÉΓòÉΓò¥[0m

  Get Shit Done [2mv1.36.0[0m
  A meta-prompting, context engineering and spec-driven
  development system for Claude Code, OpenCode, Gemini, Kilo, Codex, Copilot, Antigravity, Cursor, Windsurf, Augment, Trae, Qwen Code, Cline and CodeBuddy by T├éCHES.

  [32mΓ£ô[0m Configured read permission for GSD docs
  [32mΓ£ô[0m Configured read permission for GSD docs
  [32mΓ£ô[0m Configured read permission for GSD docs
Γû╢ getDirName (Kilo)
  Γ£ö returns .kilo for kilo (1.0398ms)
Γ£ö getDirName (Kilo) (2.5566ms)
Γû╢ getConfigDirFromHome (Kilo)
  Γ£ö returns .kilo for local installs (0.3819ms)
  Γ£ö returns .config, kilo for global installs (0.1747ms)
Γ£ö getConfigDirFromHome (Kilo) (0.8028ms)
Γû╢ getGlobalDir (Kilo)
  Γ£ö returns ~/.config/kilo by default (1.1737ms)
  Γ£ö respects KILO_CONFIG_DIR env var (1.0301ms)
  Γ£ö falls back to XDG_CONFIG_HOME/kilo (0.647ms)
  Γ£ö uses dirname(KILO_CONFIG) when KILO_CONFIG_DIR is unset (0.5707ms)
  Γ£ö KILO_CONFIG_DIR takes precedence over KILO_CONFIG (0.4006ms)
  Γ£ö explicit config-dir overrides env vars (0.2969ms)
Γ£ö getGlobalDir (Kilo) (4.6361ms)
Γû╢ Kilo config file helpers
  Γ£ö resolveKiloConfigPath prefers kilo.jsonc when present (7.5302ms)
  Γ£ö resolveKiloConfigPath falls back to kilo.json (4.7947ms)
Γ£ö Kilo config file helpers (12.545ms)
Γû╢ configureKiloPermissions
  Γ£ö writes GSD permissions to kilo.json when config is missing (6.7254ms)
  Γ£ö updates existing kilo.jsonc configs via JSONC parsing (8.2716ms)
  Γ£ö writes permissions to an explicit config dir argument (6.7357ms)
Γ£ö configureKiloPermissions (22.027ms)
Γû╢ Source code integration (Kilo)
  Γ£ö --kilo flag parsing exists (0.4447ms)
  Γ£ö help text includes --kilo (0.2132ms)
  Γ£ö --all array includes kilo (0.1996ms)
  Γ£ö promptRuntime runtimeMap has Kilo as option 10 (0.3908ms)
  Γ£ö prompt text shows Kilo above OpenCode without marketing copy (0.4478ms)
  Γ£ö hooks are skipped for Kilo (0.2244ms)
  Γ£ö settings.json write excludes Kilo (0.1551ms)
  Γ£ö agent path replacement does not exclude Kilo (0.4354ms)
  Γ£ö finishInstall passes the actual config dir to Kilo permissions (0.4234ms)
  Γ£ö uninstall cleans Kilo permissions from the resolved target dir (0.2662ms)
  Γ£ö update workflow checks preferred custom config dirs before defaults (0.2039ms)
  Γ£ö reapply-patches checks Kilo custom config env vars first (0.1531ms)
Γ£ö Source code integration (Kilo) (4.2802ms)
Warning: skipping malformed file C:\Users\akriz\AppData\Local\Temp\gsd-learnings-test-QCho4I\bad-entry.json: Expected property name or '}' in JSON at position 1 (line 1 column 2)
Warning: skipping malformed file C:\Users\akriz\AppData\Local\Temp\gsd-learnings-test-4qOGDP\corrupt.json: Unexpected token 'c', "corrupted!" is not valid JSON
Γû╢ learningsWrite
  Γ£ö creates a learning file with all required fields (10.6102ms)
  Γ£ö creates store directory on first write (6.2145ms)
  Γ£ö defaults context to empty string and tags to empty array (5.1401ms)
Γ£ö learningsWrite (24.0024ms)
Γû╢ deduplication
  Γ£ö same content from same project is not stored twice (8.8433ms)
  Γ£ö same learning from different projects creates separate entries (4.9685ms)
Γ£ö deduplication (14.1881ms)
Γû╢ learningsRead
  Γ£ö returns a learning by ID (5.2224ms)
  Γ£ö returns null for non-existent ID (1.8445ms)
Γ£ö learningsRead (7.4402ms)
Γû╢ learningsList
  Γ£ö returns empty array for empty store (1.9946ms)
  Γ£ö returns empty array when store dir does not exist (1.9971ms)
  Γ£ö returns all learnings sorted by date (newest first) (17.0169ms)
Γ£ö learningsList (21.3393ms)
Γû╢ learningsQuery
  Γ£ö filters by tag (9.085ms)
  Γ£ö returns all when no tag filter (5.9385ms)
  Γ£ö returns empty array when tag not found (4.4177ms)
Γ£ö learningsQuery (19.776ms)
Γû╢ learningsDelete
  Γ£ö removes a learning by ID (4.4412ms)
  Γ£ö returns false for non-existent ID (2.0591ms)
Γ£ö learningsDelete (6.7321ms)
Γû╢ malformed file handling
  Γ£ö list skips malformed JSON files with warning (5.6268ms)
  Γ£ö write dedup check skips malformed files without crashing (4.92ms)
Γ£ö malformed file handling (10.8476ms)
Γû╢ learningsCopyFromProject
  Γ£ö copies learnings from LEARNINGS.md into global store (14.0134ms)
  Γ£ö deduplicates on second copy (10.7514ms)
  Γ£ö returns zero counts when LEARNINGS.md does not exist (2.7501ms)
  Γ£ö skips sections with empty body (8.2692ms)
Γ£ö learningsCopyFromProject (36.1446ms)
Γû╢ learningsPrune
  Γ£ö removes entries older than threshold (7.5053ms)
  Γ£ö keeps all entries when none are old enough (3.6888ms)
  Γ£ö returns zeros when store does not exist (1.6256ms)
  Γ£ö throws on invalid duration format (2.4764ms)
Γ£ö learningsPrune (15.8112ms)
Γû╢ CLI integration
  Γ£ö learnings list returns valid JSON (165.0294ms)
  Γ£ö learnings query --tag succeeds (180.1571ms)
  Γ£ö learnings prune with bad format exits non-zero (183.7271ms)
  Γ£ö learnings unknown subcommand exits non-zero (177.9692ms)
Γ£ö CLI integration (707.2921ms)
Γû╢ #1909 acquireStateLock: no CPU-burning busy-wait
  Γ£ö acquireStateLock source code uses Atomics.wait, not a spin-loop (3.3457ms)
Γ£ö #1909 acquireStateLock: no CPU-burning busy-wait (5.1923ms)
Γû╢ #1916 lock cleanup on process.exit()
  Γ£ö STATE.md.lock is removed after a command exits with an error (228.7977ms)
  Γ£ö STATE.md.lock module-level cleanup set is present in source (5.9802ms)
  Γ£ö core.cjs .planning/.lock is removed after a command exits with an error (4.6036ms)
Γ£ö #1916 lock cleanup on process.exit() (239.9218ms)
Γû╢ #1925 TOCTOU: state commands use readModifyWriteStateMd
  Γ£ö state update: both concurrent updates to different fields survive (312.8808ms)
  Γ£ö state add-decision: both concurrent calls append different decisions (264.3483ms)
  Γ£ö state add-blocker: both concurrent calls append different blockers (506.6839ms)
  Γ£ö state commands use readModifyWriteStateMd (source audit) (6.0625ms)
Γ£ö #1925 TOCTOU: state commands use readModifyWriteStateMd (1090.9267ms)
Γû╢ #1927 config.json: setConfigValue must hold planning lock
  Γ£ö both concurrent config-set calls persist their values (289.0141ms)
  Γ£ö config.cjs setConfigValue uses withPlanningLock (source audit) (4.1944ms)
Γ£ö #1927 config.json: setConfigValue must hold planning lock (293.5427ms)
Γû╢ bug #2136: MANAGED_HOOKS must include all shipped hook files
  Γ£ö every shipped gsd-*.js hook is in MANAGED_HOOKS (1.8798ms)
  Γ£ö every shipped gsd-*.sh hook is in MANAGED_HOOKS (0.4321ms)
  Γ£ö MANAGED_HOOKS contains no entries for hooks that do not exist (1.7074ms)
Γ£ö bug #2136: MANAGED_HOOKS must include all shipped hook files (6.1068ms)
Γû╢ MCP tool usage in GSD agents
  Γ£ö gsd-executor.md mentions MCP tool usage (1.507ms)
  Γ£ö gsd-planner.md mentions MCP tool usage (1.9998ms)
  Γ£ö gsd-executor.md explicitly instructs to use available MCP tools (0.8568ms)
Γ£ö MCP tool usage in GSD agents (5.7376ms)
Γû╢ methodology artifact type (#1488)
  Γ£ö artifact-types.md exists in get-shit-done/references/ (2.6267ms)
  Γ£ö artifact-types.md documents the methodology artifact type (0.3721ms)
  Γ£ö methodology artifact has shape documented (standing reference) (0.2282ms)
  Γ£ö methodology artifact has lifecycle documented (Created ΓåÆ Active ΓåÆ Superseded) (0.1914ms)
  Γ£ö methodology artifact has location documented (.planning/METHODOLOGY.md) (0.2834ms)
  Γ£ö methodology artifact documents what it is consumed by (0.2677ms)
  Γ£ö discuss-phase-assumptions.md exists (0.9098ms)
  Γ£ö discuss-phase-assumptions.md references METHODOLOGY.md as consumable artifact (0.2666ms)
  Γ£ö discuss-phase-assumptions.md reads METHODOLOGY.md when it exists (0.4181ms)
  Γ£ö pause-work.md exists (0.9346ms)
  Γ£ö pause-work.md Required Reading template includes METHODOLOGY.md (0.2225ms)
Γ£ö methodology artifact type (#1488) (10.4517ms)
Γû╢ audit.cjs module (#2158)
  Γ£ö auditOpenArtifacts returns structured result with counts (25.8376ms)
  Γ£ö auditOpenArtifacts handles missing planning directories gracefully (5.2794ms)
  Γ£ö auditOpenArtifacts detects open debug sessions (12.3639ms)
  Γ£ö auditOpenArtifacts ignores resolved debug sessions (8.6939ms)
  Γ£ö formatAuditReport returns string with header (5.3499ms)
  Γ£ö formatAuditReport shows all clear when no open items (5.0596ms)
Γ£ö audit.cjs module (#2158) (65.0201ms)
Γû╢ complete-milestone workflow has pre-close audit gate (#2158)
  Γ£ö complete-milestone has pre_close_artifact_audit step (0.4529ms)
  Γ£ö complete-milestone surfaces deferred items to STATE.md (0.2086ms)
  Γ£ö complete-milestone has security note for audit output (0.2393ms)
Γ£ö complete-milestone workflow has pre-close audit gate (#2158) (1.3037ms)
Γû╢ verify-work workflow has phase artifact check (#2157)
  Γ£ö verify-work has scan_phase_artifacts step (0.2863ms)
  Γ£ö verify-work prompts user on open UAT gaps (0.1844ms)
Γ£ö verify-work workflow has phase artifact check (#2157) (0.7269ms)
Γû╢ state.md template has Deferred Items section (#2158)
  Γ£ö state.md template includes Deferred Items section (0.2361ms)
Γ£ö state.md template has Deferred Items section (#2158) (0.3562ms)
Γû╢ milestone.cjs regex global state fix
  Γ£ö checkbox update uses replace() + compare, not test() + replace() (1.2933ms)
  Γ£ö table update uses replace() + compare, not test() + replace() (0.2388ms)
  Γ£ö done-check regexes use non-global flag (only need existence check) (0.3619ms)
  Γ£ö no duplicate regex construction for the same pattern (0.3462ms)
Γ£ö milestone.cjs regex global state fix (4.7847ms)
Γû╢ milestone-summary command
  Γ£ö command file exists (1.9934ms)
  Γ£ö command has correct frontmatter name (0.8914ms)
  Γ£ö command references workflow in execution_context (0.6572ms)
  Γ£ö command accepts optional version argument (0.6394ms)
Γ£ö milestone-summary command (6.7077ms)
Γû╢ milestone-summary workflow
  Γ£ö workflow file exists (0.5284ms)
  Γ£ö workflow reads milestone artifacts (0.6815ms)
  Γ£ö workflow writes to reports directory (0.8109ms)
  Γ£ö workflow has interactive Q&A mode (0.8476ms)
  Γ£ö workflow handles both archived and current milestones (0.6425ms)
  Γ£ö workflow generates all 7 summary sections (0.7555ms)
  Γ£ö workflow updates STATE.md (0.6949ms)
  Γ£ö workflow has overwrite guard for existing summaries (1.5995ms)
  Γ£ö workflow handles empty phase directories gracefully (0.548ms)
  Γ£ö workflow checks both audit file locations for archived milestones (0.4036ms)
Γ£ö milestone-summary workflow (8.4673ms)
Γû╢ milestone-summary command structure
  Γ£ö command has success_criteria section (0.6314ms)
  Γ£ö command context lists RESEARCH.md (0.4612ms)
Γ£ö milestone-summary command structure (1.3285ms)
Γû╢ milestone-summary artifact path resolution
  Γ£ö archived milestone paths point to milestones/ directory (0.4536ms)
  Γ£ö current milestone paths point to .planning/ root (0.597ms)
Γ£ö milestone-summary artifact path resolution (1.1824ms)
Γû╢ milestone-summary fixture-based artifact discovery
  Γ£ö discovers artifacts in archived milestone structure (7.5757ms)
  Γ£ö discovers phase artifacts across multiple phases (11.3653ms)
  Γ£ö handles empty .planning directory without error (2.8777ms)
  Γ£ö output path pattern produces valid filenames (1.4413ms)
Γ£ö milestone-summary fixture-based artifact discovery (23.6742ms)
Γû╢ milestone-summary git stats resilience
  Γ£ö workflow has fallback methods when tag does not exist (0.5254ms)
  Γ£ö workflow can skip stats gracefully (0.3824ms)
  Γ£ö command has type: prompt in frontmatter (0.3621ms)
Γ£ö milestone-summary git stats resilience (1.4995ms)
Γû╢ milestone complete command
  Γ£ö archives roadmap, requirements, creates MILESTONES.md (224.4572ms)
  Γ£ö prepends to existing MILESTONES.md (reverse chronological) (204.9121ms)
  Γ£ö three sequential completions maintain reverse-chronological order (479.0235ms)
  Γ£ö archives phase directories with --archive-phases flag (225.4468ms)
  Γ£ö archived REQUIREMENTS.md contains archive header (217.4566ms)
  Γ£ö STATE.md gets updated during milestone complete (215.9587ms)
  Γ£ö handles missing ROADMAP.md gracefully (197.4452ms)
  Γ£ö scopes stats to current milestone phases only (302.1222ms)
  Γ£ö archive-phases only archives current milestone phases (234.0678ms)
  Γ£ö phase 1 in roadmap does NOT match directory 10-something (no prefix collision) (212.9239ms)
  Γ£ö non-numeric directory is excluded when milestone scoping is active (227.4353ms)
  Γ£ö large phase numbers (456, 457) scope correctly (299.6559ms)
  Γ£ö counts tasks from **Tasks:** N in summary body (320.1298ms)
  Γ£ö extracts one-liner from body when not in frontmatter (216.2194ms)
  Γ£ö updates STATE.md with plain format fields (227.0543ms)
  Γ£ö handles empty phases directory (224.8291ms)
Γ£ö milestone complete command (4034.885ms)
Γû╢ phases clear command
  Γ£ö deletes normal phase directories when --confirm is passed (190.4322ms)
  Γ£ö requires --confirm when phase directories exist (229.4456ms)
  Γ£ö preserves 999.x backlog phase directories during clear (#1853) (206.3196ms)
  Γ£ö reports 0 cleared when only backlog phases exist (198.4238ms)
Γ£ö phases clear command (825.3445ms)
Γû╢ requirements mark-complete command
  Γ£ö marks single requirement complete (checkbox + table) (232.2535ms)
  Γ£ö handles mixed prefixes in single call (TEST-XX, REG-XX, INFRA-XX) (230.4857ms)
  Γ£ö accepts space-separated IDs (204.8731ms)
  Γ£ö accepts bracket-wrapped IDs [REQ-01, REQ-02] (229.9774ms)
  Γ£ö returns not_found for invalid IDs while updating valid ones (252.4794ms)
  Γ£ö idempotent ΓÇö re-marking already-complete requirement does not corrupt (250.8267ms)
  Γ£ö returns already_complete for idempotent calls on completed requirements (253.4078ms)
  Γ£ö mixed: updates pending, reports already-complete, and flags missing (330.0539ms)
  Γ£ö missing REQUIREMENTS.md returns expected error structure (238.9419ms)
Γ£ö requirements mark-complete command (2232.5399ms)
Γû╢ new-milestone workflow verification gate
  Γ£ö new-milestone workflow has verification step before writing PROJECT.md (0.9853ms)
  Γ£ö verification step uses AskUserQuestion with adjust loop (5.7937ms)
Γ£ö new-milestone workflow verification gate (7.1102ms)
Γû╢ MODEL_ALIAS_MAP (#1690 regression)
  Γ£ö opus maps to claude-opus-4-6 (0.8612ms)
  Γ£ö sonnet maps to claude-sonnet-4-6 (0.2592ms)
  Γ£ö haiku maps to claude-haiku-4-5 (0.1638ms)
Γ£ö MODEL_ALIAS_MAP (#1690 regression) (2.5946ms)
Γû╢ MODEL_PROFILES
  Γ£ö contains all expected GSD agents (1.4117ms)
  Γ£ö every agent has quality, balanced, budget, and adaptive profiles (1.4088ms)
  Γ£ö all profile values are valid model aliases (0.422ms)
  Γ£ö quality profile never uses haiku (0.3232ms)
Γ£ö MODEL_PROFILES (5.3445ms)
Γû╢ VALID_PROFILES
  Γ£ö contains quality, balanced, and budget (1.0508ms)
  Γ£ö is derived from MODEL_PROFILES keys (0.1955ms)
Γ£ö VALID_PROFILES (1.459ms)
Γû╢ getAgentToModelMapForProfile
  Γ£ö returns correct models for balanced profile (0.5547ms)
  Γ£ö returns correct models for budget profile (0.2666ms)
  Γ£ö returns correct models for quality profile (0.2011ms)
  Γ£ö returns correct models for adaptive profile (0.3021ms)
  Γ£ö resolution order: override > profile > default (0.2856ms)
  Γ£ö returns all agents in the map (0.1994ms)
Γ£ö getAgentToModelMapForProfile (2.2028ms)
Γû╢ formatAgentToModelMapAsTable
  Γ£ö produces a table with header and separator (0.3963ms)
  Γ£ö pads columns correctly (0.275ms)
  Γ£ö handles empty map (1.129ms)
Γ£ö formatAgentToModelMapAsTable (2.0515ms)
Γû╢ multi-runtime selection parsing
  Γ£ö single choice returns single runtime (2.9155ms)
  Γ£ö comma-separated choices return multiple runtimes (1.6141ms)
  Γ£ö space-separated choices return multiple runtimes (0.2682ms)
  Γ£ö mixed comma and space separators work (0.2574ms)
  Γ£ö single choice for opencode (0.2568ms)
  Γ£ö single choice for qwen (0.2076ms)
  Γ£ö single choice for trae (0.1777ms)
  Γ£ö single choice for windsurf (0.1783ms)
  Γ£ö choice 15 returns all runtimes (0.253ms)
  Γ£ö empty input defaults to claude (0.756ms)
  Γ£ö invalid choices are ignored, falls back to claude if all invalid (0.344ms)
  Γ£ö invalid choices mixed with valid are filtered out (0.2901ms)
  Γ£ö duplicate choices are deduplicated (0.5263ms)
  Γ£ö preserves selection order (0.2983ms)
Γ£ö multi-runtime selection parsing (10.7905ms)
Γû╢ install.js source contains multi-select support
  Γ£ö runtimeMap is defined with all 14 runtimes (3.0502ms)
  Γ£ö allRuntimes array contains all runtimes (0.9133ms)
  Γ£ö all shortcut uses option 15 (0.3575ms)
  Γ£ö prompt lists Qwen Code as option 12, Trae as option 13 and All as option 15 (0.6207ms)
  Γ£ö prompt text shows multi-select hint (0.3368ms)
  Γ£ö parsing uses split with comma and space regex (0.2871ms)
  Γ£ö deduplication check exists (0.2711ms)
Γ£ö install.js source contains multi-select support (7.5353ms)
Γû╢ phases clear command
  Γ£ö clears all phase subdirectories from .planning/phases/ (242.1027ms)
  Γ£ö succeeds with cleared=0 when phases directory is already empty (213.5385ms)
  Γ£ö succeeds with cleared=0 when phases directory does not exist (172.7785ms)
  Γ£ö does not remove files (only directories) at the phases root (174.9898ms)
  Γ£ö clears nested phase content (recursive delete) (204.3636ms)
Γ£ö phases clear command (1009.6059ms)
Γû╢ phase next-decimal ROADMAP.md scanning (#1865)
  Γ£ö directory-only scan still works (existing behavior) (250.3944ms)
  Γ£ö detects ROADMAP.md entries that have no directory (192.1665ms)
  Γ£ö unions directories and ROADMAP.md entries (no duplicates) (175.7511ms)
  Γ£ö ROADMAP.md with higher decimal wins over directories (185.3322ms)
  Γ£ö handles missing ROADMAP.md gracefully (253.621ms)
  Γ£ö handles empty phases dir with ROADMAP.md entries (224.6927ms)
  Γ£ö handles no phases dir and no ROADMAP.md (234.0589ms)
  Γ£ö does not match unrelated phase numbers in ROADMAP.md (187.0108ms)
  Γ£ö handles leading-zero phase numbers in ROADMAP.md (172.3281ms)
Γ£ö phase next-decimal ROADMAP.md scanning (#1865) (1878.3997ms)
Γû╢ /gsd-next safety gates (#1732, #2089)
  Γ£ö workflow contains safety_gates step (2.5437ms)
  Γ£ö safety_gates step appears between detect_state and determine_next_action (0.7214ms)
  Γ£ö Gate 1: unresolved checkpoint (.continue-here.md) (2.1303ms)
  Γ£ö Gate 2: error state in STATE.md (0.7691ms)
  Γ£ö Gate 3: unchecked verification failures (0.6992ms)
  Γ£ö prior-phase completeness scan replaces consecutive-call counter (0.8757ms)
  Γ£ö completeness scan checks plans without summaries (0.774ms)
  Γ£ö completeness scan checks verification failures in prior phases (0.6869ms)
  Γ£ö completeness scan checks CONTEXT.md without plans (0.8248ms)
  Γ£ö completeness scan offers Continue, Stop, and Force options (1.0983ms)
  Γ£ö deferral path creates backlog entry using 999.x scheme (0.8209ms)
  Γ£ö clean prior phases route silently with no interruption (0.6522ms)
  Γ£ö --force flag bypasses all gates (0.6481ms)
  Γ£ö command definition documents --force flag and completeness scan (0.8428ms)
  Γ£ö gates exit on first hit (0.622ms)
Γ£ö /gsd-next safety gates (#1732, #2089) (18.2607ms)
Γû╢ ui-brand.md ΓÇö Next Up template has /clear before command
  Γ£ö Next Up block template does not use <sub>/clear pattern (1.4339ms)
  Γ£ö Next Up block template shows /clear then: before {copy-paste command} (1.8257ms)
Γ£ö ui-brand.md ΓÇö Next Up template has /clear before command (5.2763ms)
Γû╢ continuation-format.md ΓÇö Next Up examples have /clear before commands
  Γ£ö no <sub>/clear patterns remain (0.3763ms)
Γ£ö continuation-format.md ΓÇö Next Up examples have /clear before commands (0.6369ms)
Γû╢ workflow files ΓÇö no <sub>/clear patterns in Next Up blocks
  Γ£ö found workflow .md files to scan (0.444ms)
  Γ£ö no workflow file contains <sub> with /clear (20.6259ms)
Γ£ö workflow files ΓÇö no <sub>/clear patterns in Next Up blocks (21.4377ms)
Γû╢ reference files ΓÇö no <sub>/clear patterns
  Γ£ö found reference .md files to scan (0.5656ms)
  Γ£ö no reference file contains <sub> with /clear (18.3891ms)
Γ£ö reference files ΓÇö no <sub>/clear patterns (19.5ms)

[36m   ΓûêΓûêΓûêΓûêΓûêΓûêΓòù ΓûêΓûêΓûêΓûêΓûêΓûêΓûêΓòùΓûêΓûêΓûêΓûêΓûêΓûêΓòù
  ΓûêΓûêΓòöΓòÉΓòÉΓòÉΓòÉΓò¥ ΓûêΓûêΓòöΓòÉΓòÉΓòÉΓòÉΓò¥ΓûêΓûêΓòöΓòÉΓòÉΓûêΓûêΓòù
  ΓûêΓûêΓòæ  ΓûêΓûêΓûêΓòùΓûêΓûêΓûêΓûêΓûêΓûêΓûêΓòùΓûêΓûêΓòæ  ΓûêΓûêΓòæ
  ΓûêΓûêΓòæ   ΓûêΓûêΓòæΓòÜΓòÉΓòÉΓòÉΓòÉΓûêΓûêΓòæΓûêΓûêΓòæ  ΓûêΓûêΓòæ
  ΓòÜΓûêΓûêΓûêΓûêΓûêΓûêΓòöΓò¥ΓûêΓûêΓûêΓûêΓûêΓûêΓûêΓòæΓûêΓûêΓûêΓûêΓûêΓûêΓòöΓò¥
   ΓòÜΓòÉΓòÉΓòÉΓòÉΓòÉΓò¥ ΓòÜΓòÉΓòÉΓòÉΓòÉΓòÉΓòÉΓò¥ΓòÜΓòÉΓòÉΓòÉΓòÉΓòÉΓò¥[0m

  Get Shit Done [2mv1.36.0[0m
  A meta-prompting, context engineering and spec-driven
  development system for Claude Code, OpenCode, Gemini, Kilo, Codex, Copilot, Antigravity, Cursor, Windsurf, Augment, Trae, Qwen Code, Cline and CodeBuddy by T├éCHES.

  [32mΓ£ô[0m Configured read permission for GSD docs
Γû╢ configureOpencodePermissions
  Γ£ö does not crash or rewrite top-level string permissions (6.9281ms)
  Γ£ö adds path-specific read and external_directory permissions for object configs (5.2943ms)
  Γ£ö finishInstall passes the actual config dir to OpenCode permissions (3.3493ms)
Γ£ö configureOpencodePermissions (17.8701ms)
Γû╢ W017: structural presence
  Γ£ö verify.cjs contains W017 warning code (2.9581ms)
  Γ£ö verify.cjs contains worktree list --porcelain invocation (0.9896ms)
Γ£ö W017: structural presence (5.5984ms)
Γû╢ W017: no false positives
  Γ£ö no W017 when project has no linked worktrees (1609.1032ms)
Γ£ö W017: no false positives (1609.3733ms)
Γû╢ W017: no regression on healthy projects
  Γ£ö validate health still reports healthy on a clean project (2102.037ms)
Γ£ö W017: no regression on healthy projects (2102.3715ms)
Γû╢ orphaned hooks stale detection (#1750)
  Γ£ö stale hook scanner uses an allowlist of managed hooks, not a wildcard (2.0188ms)
  Γ£ö gsd-check-update.js spawns the worker by file path (not inline -e code) (0.7393ms)
  Γ£ö managed hooks list in worker matches build-hooks HOOKS_TO_COPY JS entries (1.439ms)
  Γ£ö orphaned hook filenames are NOT in the MANAGED_HOOKS list (0.7563ms)
Γ£ö orphaned hooks stale detection (#1750) (7.7006ms)
Γû╢ package.json manifest ΓÇö hooks .sh files (#1852 #1862)
  Γ£ö package.json "files" does not contain the narrow "hooks/dist" entry (1.1997ms)
  Γ£ö package.json "files" includes the full "hooks" directory (0.2379ms)
  Γ£ö gsd-session-state.sh exists in hooks/ source directory (0.5142ms)
  Γ£ö gsd-validate-commit.sh exists in hooks/ source directory (0.4492ms)
  Γ£ö gsd-phase-boundary.sh exists in hooks/ source directory (0.4696ms)
Γ£ö package.json manifest ΓÇö hooks .sh files (#1852 #1862) (5.2634ms)
Γû╢ gsd-planner agent: files_modified wave ordering
  Γ£ö planner agent file exists (1.8135ms)
  Γ£ö assign_waves step checks files_modified overlap (2.1712ms)
  Γ£ö assign_waves step contains explicit overlap ΓåÆ later-wave rule (1.0501ms)
  Γ£ö assign_waves step treats files_modified overlap same as depends_on dependency (0.9596ms)
  Γ£ö planner has validation step or quality gate for wave/files_modified consistency (0.9943ms)
Γ£ö gsd-planner agent: files_modified wave ordering (9.2646ms)
Γû╢ execute-phase workflow: intra-wave files_modified overlap check
  Γ£ö execute-phase workflow file exists (0.6788ms)
  Γ£ö execute_waves step contains intra-wave files_modified overlap check (1.1785ms)
  Γ£ö overlap detection is placed before agent spawning (1.1969ms)
  Γ£ö workflow warns and switches to sequential when overlap detected (1.0944ms)
  Γ£ö overlap check covers all plans in the wave, not just adjacent pairs (1.0736ms)
Γ£ö execute-phase workflow: intra-wave files_modified overlap check (7.401ms)
Γû╢ pathPrefix computation
  Γ£ö default Claude global install uses $HOME/ (1.8529ms)
  Γ£ö default Gemini global install uses $HOME/ (0.3974ms)
  Γ£ö custom config dir under home uses $HOME/ (0.5353ms)
  Γ£ö Windows-style paths produce $HOME/ not C:/ (0.3715ms)
  Γ£ö target outside home uses absolute path (0.3232ms)
  Γ£ö $HOME expands inside double-quoted shell commands (0.4205ms)
Γ£ö pathPrefix computation (6.3587ms)
Γû╢ source .md files have no quoted-tilde shell patterns
  Γ£ö source .md files exist (0.3505ms)
  Γ£ö no .md file contains node "~/ pattern (quoted tilde breaks shell expansion) (83.9804ms)
Γ£ö source .md files have no quoted-tilde shell patterns (84.7543ms)
Γû╢ installed .md files contain no resolved absolute paths
  Γ£ö after replacement, no .md file contains os.homedir() (78.8344ms)
Γ£ö installed .md files contain no resolved absolute paths (79.1274ms)
Γû╢ pattern-mapper config key
  Γ£ö workflow.pattern_mapper is a valid config key (220.0061ms)
  Γ£ö default value is true in CONFIG_DEFAULTS (196.6821ms)
  Γ£ö config round-trip set/get (616.2402ms)
Γ£ö pattern-mapper config key (1035.3414ms)
Γû╢ init plan-phase patterns_path
  Γ£ö patterns_path is null when no PATTERNS.md exists (221.778ms)
  Γ£ö patterns_path contains correct path when PATTERNS.md exists (231.2905ms)
Γ£ö init plan-phase patterns_path (453.7028ms)
Γû╢ pause-work improvements
  Γ£ö pause-work.md exists (2.63ms)
  Γ£ö #1489: pause-work detects non-phase contexts (spike, deliberation, research) (0.3221ms)
  Γ£ö #1489: pause-work writes to non-phase paths when appropriate (0.3283ms)
  Γ£ö #1490: continue-here template includes required-reading section (0.3342ms)
  Γ£ö #1490: continue-here template includes anti-patterns section (0.2834ms)
  Γ£ö #1490: continue-here template includes infrastructure-state section (1.4803ms)
  Γ£ö #1487: pause-work documents pre-execution critique gate (0.4844ms)
Γ£ö pause-work improvements (8.4785ms)
Γû╢ phase complete auto-prune (#2087)
  Γ£ö prunes STATE.md automatically when auto_prune_state is true (276.7074ms)
  Γ£ö does NOT prune when auto_prune_state is false (default) (265.7178ms)
  Γ£ö does NOT prune when auto_prune_state is absent from config (252.9957ms)
Γ£ö phase complete auto-prune (#2087) (797.9382ms)
Γû╢ phase-researcher: Architectural Responsibility Mapping
  Γ£ö contains Architectural Responsibility Mapping step (1.3675ms)
  Γ£ö Architectural Responsibility Mapping step comes after Step 1 and before Step 2 (0.3712ms)
  Γ£ö step is a pure reasoning step with no tool calls (0.6161ms)
  Γ£ö mentions standard architectural tiers (1.9592ms)
  Γ£ö specifies output format as a table in RESEARCH.md (0.4167ms)
Γ£ö phase-researcher: Architectural Responsibility Mapping (6.8771ms)
Γû╢ planner: Architectural Responsibility Map sanity check
  Γ£ö references Architectural Responsibility Map (0.3349ms)
  Γ£ö includes sanity check against the map (0.3009ms)
Γ£ö planner: Architectural Responsibility Map sanity check (1.005ms)
Γû╢ plan-checker: Architectural Tier verification dimension
  Γ£ö has verification dimension for architectural tier (0.3424ms)
  Γ£ö verification dimension checks plans against the map (0.5201ms)
Γ£ö plan-checker: Architectural Tier verification dimension (1.2222ms)
Γû╢ research template: Architectural Responsibility Map section
  Γ£ö mentions Architectural Responsibility Map section (0.4516ms)
  Γ£ö template includes tier table format (0.5755ms)
Γ£ö research template: Architectural Responsibility Map section (1.315ms)
Γû╢ phase-researcher: System Architecture Diagram directive
  Γ£ö contains System Architecture Diagram section (2.815ms)
  Γ£ö requires data flow through conceptual components (0.4129ms)
  Γ£ö explicitly prohibits file listings in diagrams (0.3419ms)
  Γ£ö includes key requirements for flow diagrams (2.5665ms)
  Γ£ö directs file-to-implementation mapping to Component Responsibilities table (0.3637ms)
  Γ£ö diagram section comes before Recommended Project Structure (0.3538ms)
Γ£ö phase-researcher: System Architecture Diagram directive (9.8798ms)
Γû╢ research template: System Architecture Diagram section
  Γ£ö contains System Architecture Diagram section (0.6093ms)
  Γ£ö includes flow diagram requirements (0.4105ms)
Γ£ö research template: System Architecture Diagram section (1.6213ms)
Γû╢ phases list command
  Γ£ö empty phases directory returns empty array (226.9307ms)
  Γ£ö lists phase directories sorted numerically (205.9621ms)
  Γ£ö handles decimal phases in sort order (199.2271ms)
  Γ£ö --type plans lists only PLAN.md files (202.7034ms)
  Γ£ö --type summaries lists only SUMMARY.md files (179.3301ms)
  Γ£ö --phase filters to specific phase directory (200.7331ms)
Γ£ö phases list command (1217.615ms)
Γû╢ phase next-decimal command
  Γ£ö returns X.1 when no decimal phases exist (270.1634ms)
  Γ£ö increments from existing decimal phases (250.1516ms)
  Γ£ö handles gaps in decimal sequence (246.4387ms)
  Γ£ö handles single-digit phase input (248.9996ms)
  Γ£ö returns error if base phase does not exist (252.5595ms)
Γ£ö phase next-decimal command (1269.3171ms)
Γû╢ phase-plan-index command
  Γ£ö empty phase directory returns empty plans array (188.1965ms)
  Γ£ö extracts single plan with frontmatter (225.9839ms)
  Γ£ö groups multiple plans by wave (231.8439ms)
  Γ£ö detects incomplete plans (no matching summary) (272.2465ms)
  Γ£ö detects checkpoints (autonomous: false) (230.2398ms)
  Γ£ö phase not found returns error (256.8133ms)
Γ£ö phase-plan-index command (1409.0592ms)
Γû╢ phase-plan-index canonical format
  Γ£ö files_modified: underscore key is parsed correctly (257.3061ms)
  Γ£ö objective: extracted from <objective> XML tag, not frontmatter (220.7066ms)
  Γ£ö task_count: counts <task> XML tags (208.3273ms)
  Γ£ö all three fields work together in canonical plan format (190.6126ms)
Γ£ö phase-plan-index canonical format (877.5893ms)
Γû╢ phase add command
  Γ£ö adds phase after highest existing (243.8402ms)
  Γ£ö handles empty roadmap (237.6235ms)
  Γ£ö phase add includes **Requirements**: TBD in new ROADMAP entry (254.4079ms)
  Γ£ö skips 999.x backlog phases when calculating next phase number (287.8008ms)
Γ£ö phase add command (1024.6598ms)
Γû╢ phase add ΓÇö orphan directory collision prevention (#2026)
  Γ£ö orphan directory with higher number than ROADMAP pushes maxPhase up (294.3954ms)
  Γ£ö orphan directories with 999.x prefix are skipped when calculating disk max (318.1473ms)
  Γ£ö project_code prefix in orphan directory name is stripped before comparing (414.4301ms)
Γ£ö phase add ΓÇö orphan directory collision prevention (#2026) (1027.9175ms)
Γû╢ phase add with project_code
  Γ£ö prefixes phase directory with project_code (356.324ms)
  Γ£ö no prefix when project_code is null (397.9612ms)
  Γ£ö find-phase resolves prefixed directories (287.5451ms)
  Γ£ö phases list sorts prefixed directories correctly (226.2973ms)
Γ£ö phase add with project_code (1268.7057ms)
Γû╢ phase add-batch command (#2165)
  Γ£ö adds multiple phases with sequential numbers in a single call (318.6531ms)
  Γ£ö no duplicate phase numbers when multiple add-batch calls are made sequentially (558.1858ms)
  Γ£ö each phase directory contains a .gitkeep file (254.0837ms)
  Γ£ö returns error for empty descriptions array (256.5487ms)
Γ£ö phase add-batch command (#2165) (1388.0543ms)
Γû╢ phase insert command
  Γ£ö inserts decimal phase after target (245.9421ms)
  Γ£ö increments decimal when siblings exist (280.5391ms)
  Γ£ö rejects missing phase (230.3463ms)
  Γ£ö handles padding mismatch between input and roadmap (286.6308ms)
  Γ£ö phase insert includes **Requirements**: TBD in new ROADMAP entry (332.3596ms)
  Γ£ö handles #### heading depth from multi-milestone roadmaps (310.7705ms)
Γ£ö phase insert command (1687.4478ms)
Γû╢ phase remove command
  Γ£ö removes phase directory and renumbers subsequent (320.3568ms)
  Γ£ö rejects removal of phase with summaries unless --force (551.5619ms)
  Γ£ö removes decimal phase and renumbers siblings (336.3086ms)
  Γ£ö updates STATE.md phase count (296.6319ms)
Γ£ö phase remove command (1505.6423ms)
Γû╢ phase complete command
  Γ£ö marks phase complete and transitions to next (273.9039ms)
  Γ£ö detects last phase in milestone (260.4801ms)
  Γ£ö updates REQUIREMENTS.md traceability when phase completes (309.7572ms)
  Γ£ö handles requirements with bracket format [REQ-01, REQ-02] (306.0994ms)
  Γ£ö handles phase with no requirements mapping (274.4311ms)
  Γ£ö handles missing REQUIREMENTS.md gracefully (252.5664ms)
  Γ£ö returns requirements_updated field in result (361.068ms)
  Γ£ö handles In Progress status in traceability table (336.3424ms)
  Γ£ö scoped regex does not cross phase boundaries (300.697ms)
  Γ£ö handles multi-level decimal phase without regex crash (333.0575ms)
  Γ£ö preserves Milestone column in 5-column progress table (300.2338ms)
  Γ£ö updates STATE.md with plain format fields (no bold) (267.9942ms)
  Γ£ö updates Plans Complete column in 4-column progress table (329.5406ms)
  Γ£ö updates Plans Complete column in 5-column progress table (284.2077ms)
  Γ£ö marks plan-level checkboxes on phase complete (299.5492ms)
  Γ£ö marks bold-wrapped plan-level checkboxes on phase complete (314.3762ms)
Γ£ö phase complete command (4813.9529ms)
Γû╢ comparePhaseNum
  Γ£ö sorts integer phases numerically (1.1241ms)
  Γ£ö sorts decimal phases correctly (3.9483ms)
  Γ£ö sorts letter-suffix phases correctly (0.2635ms)
  Γ£ö sorts hybrid phases correctly (0.231ms)
  Γ£ö handles full sort order (0.3967ms)
  Γ£ö handles directory names with slugs (0.4991ms)
  Γ£ö case insensitive letter matching (0.2398ms)
  Γ£ö sorts multi-level decimal phases correctly (0.3178ms)
  Γ£ö falls back to localeCompare for non-phase strings (72.163ms)
Γ£ö comparePhaseNum (85.2921ms)
Γû╢ normalizePhaseName
  Γ£ö pads single-digit integers (1.1605ms)
  Γ£ö handles decimal phases (0.3675ms)
  Γ£ö handles letter-suffix phases (0.1984ms)
  Γ£ö handles hybrid phases (0.1616ms)
  Γ£ö preserves letter case (0.1797ms)
  Γ£ö handles multi-level decimal phases (0.1515ms)
  Γ£ö returns non-matching input unchanged (0.1385ms)
Γ£ö normalizePhaseName (3.1096ms)
Γû╢ letter-suffix phase sorting
  Γ£ö lists letter-suffix phases in correct order (224.4229ms)
Γ£ö letter-suffix phase sorting (224.6129ms)
Γû╢ phase complete milestone-scoped next-phase
  Γ£ö finds next phase within milestone, ignoring prior milestone dirs (339.2937ms)
  Γ£ö detects last phase when only milestone phases are considered (366.3541ms)
Γ£ö phase complete milestone-scoped next-phase (706.0443ms)
Γû╢ phase resolution uses exact token matching
  Γ£ö 1009 must NOT match 1009A-feature-consistency when 1009 dir is absent (274.0963ms)
  Γ£ö 1009 matches 1009-pipeline-accuracy-fix when both exist (263.4449ms)
  Γ£ö 999.6 must NOT match 999.60-episode-processing when 999.6 dir is absent (296.0363ms)
  Γ£ö 999.6 matches 999.6-ground-truth-dataset when both exist (1595.0135ms)
  Γ£ö normal non-colliding phases still resolve (650.0655ms)
Γ£ö phase resolution uses exact token matching (3085.5638ms)
Γû╢ phase complete updates Performance Metrics
  Γ£ö after cmdPhaseComplete: Performance Metrics has updated total plans count (318.7126ms)
  Γ£ö after cmdPhaseComplete: By Phase table has row for completed phase (362.8112ms)
Γ£ö phase complete updates Performance Metrics (681.8193ms)
Γû╢ phase complete excludes 999.x backlog from next-phase (#2129)
  Γ£ö next phase skips 999.x backlog dirs and falls back to roadmap (286.3627ms)
Γ£ö phase complete excludes 999.x backlog from next-phase (#2129) (286.5991ms)
Γû╢ --pick flag
  Γ£ö extracts a top-level field from JSON output (186.648ms)
  Γ£ö extracts a top-level field using array args (199.0082ms)
  Γ£ö returns empty string for missing field (203.6781ms)
  Γ£ö errors when --pick has no value (193.3511ms)
  Γ£ö errors when --pick value starts with -- (192.3868ms)
  Γ£ö does not collide with frontmatter --field flag (195.224ms)
  Γ£ö works with current-timestamp command (227.1168ms)
Γ£ö --pick flag (1399.8958ms)
Γû╢ Plan Bounce: config keys
  Γ£ö workflow.plan_bounce is in VALID_CONFIG_KEYS (1.8932ms)
  Γ£ö workflow.plan_bounce_script is in VALID_CONFIG_KEYS (2.2833ms)
  Γ£ö workflow.plan_bounce_passes is in VALID_CONFIG_KEYS (0.6518ms)
Γ£ö Plan Bounce: config keys (6.9581ms)
Γû╢ Plan Bounce: config template defaults
  Γ£ö config template has plan_bounce default (false) (0.9723ms)
  Γ£ö config template has plan_bounce_script default (null) (0.6156ms)
  Γ£ö config template has plan_bounce_passes default (2) (0.4982ms)
Γ£ö Plan Bounce: config template defaults (2.6829ms)
Γû╢ Plan Bounce: plan-phase.md step 12.5
  Γ£ö plan-phase.md contains step 12.5 (1.0968ms)
  Γ£ö step 12.5 references plan bounce (0.5135ms)
  Γ£ö plan-phase.md has --bounce flag handling (0.276ms)
  Γ£ö plan-phase.md has --skip-bounce flag handling (0.3318ms)
  Γ£ö plan-phase.md has backup pattern (pre-bounce.md) (0.5431ms)
  Γ£ö plan-phase.md has frontmatter integrity validation for bounced plans (0.5523ms)
  Γ£ö plan-phase.md re-runs checker on bounced plans (2.2412ms)
  Γ£ö plan-phase.md references plan_bounce config keys (0.3297ms)
  Γ£ö plan-phase.md disables bounce when --gaps flag is present (0.4067ms)
  Γ£ö plan-phase.md restores original on script failure (0.625ms)
Γ£ö Plan Bounce: plan-phase.md step 12.5 (7.8916ms)
Γû╢ plan-phase UI-SPEC missing behavior
  Γ£ö workflow file exists (1.9644ms)
  Γ£ö does NOT contain hard-blocking exit redirect to /gsd-ui-phase (1.3204ms)
  Γ£ö contains --skip-ui bypass option when UI-SPEC.md is missing (2.0678ms)
  Γ£ö contains a primary recommendation block for missing UI-SPEC (1.1153ms)
Γ£ö plan-phase UI-SPEC missing behavior (8.6085ms)
Γû╢ gsd-planner.md size constraints
  Γ£ö planner file exists (1.6484ms)
  Γ£ö planner is under 100K chars (agent file threshold) (2.6813ms)
  Γ£ö planner is under 45K chars (proves mode sections were extracted) (2.8871ms)
Γ£ö gsd-planner.md size constraints (9.3982ms)
Γû╢ extracted reference files exist
  Γ£ö planner-gap-closure.md exists (0.7735ms)
  Γ£ö planner-revision.md exists (0.5478ms)
  Γ£ö planner-reviews.md exists (0.4145ms)
Γ£ö extracted reference files exist (2.2654ms)
Γû╢ gsd-planner.md contains reference pointers to extracted files
  Γ£ö planner references planner-gap-closure.md (1.1158ms)
  Γ£ö planner references planner-revision.md (0.3233ms)
  Γ£ö planner references planner-reviews.md (0.3196ms)
Γ£ö gsd-planner.md contains reference pointers to extracted files (2.2275ms)
Γû╢ reference files contain key content from original mode sections
  Γ£ö planner-gap-closure.md contains gap closure content (0.8671ms)
  Γ£ö planner-revision.md contains revision content (0.4895ms)
  Γ£ö planner-reviews.md contains reviews content (0.4519ms)
Γ£ö reference files contain key content from original mode sections (2.0264ms)
Γû╢ Planner language regression ΓÇö time-based task sizing (#2092)
  Γ£ö gsd-advisor-researcher.md must not use time-based task sizing (5.8587ms)
  Γ£ö gsd-ai-researcher.md must not use time-based task sizing (0.7635ms)
  Γ£ö gsd-assumptions-analyzer.md must not use time-based task sizing (1.2309ms)
  Γ£ö gsd-code-fixer.md must not use time-based task sizing (0.7764ms)
  Γ£ö gsd-code-reviewer.md must not use time-based task sizing (0.9941ms)
  Γ£ö gsd-codebase-mapper.md must not use time-based task sizing (1.0188ms)
  Γ£ö gsd-debug-session-manager.md must not use time-based task sizing (0.7018ms)
  Γ£ö gsd-debugger.md must not use time-based task sizing (0.2895ms)
  Γ£ö gsd-doc-verifier.md must not use time-based task sizing (0.7519ms)
  Γ£ö gsd-doc-writer.md must not use time-based task sizing (0.3819ms)
  Γ£ö gsd-domain-researcher.md must not use time-based task sizing (0.6852ms)
  Γ£ö gsd-eval-auditor.md must not use time-based task sizing (0.457ms)
  Γ£ö gsd-eval-planner.md must not use time-based task sizing (0.4174ms)
  Γ£ö gsd-executor.md must not use time-based task sizing (0.5618ms)
  Γ£ö gsd-framework-selector.md must not use time-based task sizing (0.3897ms)
  Γ£ö gsd-integration-checker.md must not use time-based task sizing (2.1339ms)
  Γ£ö gsd-intel-updater.md must not use time-based task sizing (0.4584ms)
  Γ£ö gsd-nyquist-auditor.md must not use time-based task sizing (0.4462ms)
  Γ£ö gsd-pattern-mapper.md must not use time-based task sizing (0.4132ms)
  Γ£ö gsd-phase-researcher.md must not use time-based task sizing (0.511ms)
  Γ£ö gsd-plan-checker.md must not use time-based task sizing (0.0674ms)
  Γ£ö gsd-planner.md must not use time-based task sizing (0.6055ms)
  Γ£ö gsd-project-researcher.md must not use time-based task sizing (0.4969ms)
  Γ£ö gsd-research-synthesizer.md must not use time-based task sizing (0.42ms)
  Γ£ö gsd-roadmapper.md must not use time-based task sizing (0.4686ms)
  Γ£ö gsd-security-auditor.md must not use time-based task sizing (0.396ms)
  Γ£ö gsd-security-scanner.md must not use time-based task sizing (0.5074ms)
  Γ£ö gsd-skill-auditor.md must not use time-based task sizing (0.4328ms)
  Γ£ö gsd-skill-scaffolder.md must not use time-based task sizing (0.6403ms)
  Γ£ö gsd-skill-tuner.md must not use time-based task sizing (0.4359ms)
  Γ£ö gsd-threat-scanner.md must not use time-based task sizing (0.5285ms)
  Γ£ö gsd-ui-auditor.md must not use time-based task sizing (0.4892ms)
  Γ£ö gsd-ui-checker.md must not use time-based task sizing (0.5038ms)
  Γ£ö gsd-ui-researcher.md must not use time-based task sizing (0.4977ms)
  Γ£ö gsd-user-profiler.md must not use time-based task sizing (0.4617ms)
  Γ£ö gsd-verifier.md must not use time-based task sizing (0.671ms)
  Γ£ö add-phase.md must not use time-based task sizing (0.8243ms)
  Γ£ö add-tests.md must not use time-based task sizing (0.7317ms)
  Γ£ö add-todo.md must not use time-based task sizing (0.486ms)
  Γ£ö ai-integration-phase.md must not use time-based task sizing (0.4262ms)
  Γ£ö analyze-dependencies.md must not use time-based task sizing (0.4685ms)
  Γ£ö audit-fix.md must not use time-based task sizing (0.4528ms)
  Γ£ö audit-milestone.md must not use time-based task sizing (0.4305ms)
  Γ£ö audit-skill.md must not use time-based task sizing (0.3916ms)
  Γ£ö audit-uat.md must not use time-based task sizing (0.3515ms)
  Γ£ö autonomous.md must not use time-based task sizing (1.0037ms)
  Γ£ö build-skill.md must not use time-based task sizing (0.586ms)
  Γ£ö check-todos.md must not use time-based task sizing (0.5287ms)
  Γ£ö cleanup.md must not use time-based task sizing (0.5296ms)
  Γ£ö code-review-fix.md must not use time-based task sizing (0.5965ms)
  Γ£ö code-review.md must not use time-based task sizing (0.5911ms)
  Γ£ö complete-milestone.md must not use time-based task sizing (0.6839ms)
  Γ£ö diagnose-issues.md must not use time-based task sizing (0.5394ms)
  Γ£ö discovery-phase.md must not use time-based task sizing (0.1216ms)
  Γ£ö discuss-phase-assumptions.md must not use time-based task sizing (0.6514ms)
  Γ£ö discuss-phase-power.md must not use time-based task sizing (0.6076ms)
  Γ£ö discuss-phase.md must not use time-based task sizing (0.93ms)
  Γ£ö do.md must not use time-based task sizing (0.4814ms)
  Γ£ö docs-update.md must not use time-based task sizing (0.7423ms)
  Γ£ö eval-review.md must not use time-based task sizing (0.6356ms)
  Γ£ö execute-phase.md must not use time-based task sizing (0.0934ms)
  Γ£ö execute-plan.md must not use time-based task sizing (0.5643ms)
  Γ£ö explore.md must not use time-based task sizing (0.0877ms)
  Γ£ö extract_learnings.md must not use time-based task sizing (0.4471ms)
  Γ£ö fast.md must not use time-based task sizing (0.0865ms)
  Γ£ö forensics.md must not use time-based task sizing (0.448ms)
  Γ£ö health.md must not use time-based task sizing (0.393ms)
  Γ£ö help.md must not use time-based task sizing (0.0782ms)
  Γ£ö import.md must not use time-based task sizing (0.4415ms)
  Γ£ö inbox.md must not use time-based task sizing (0.3835ms)
  Γ£ö insert-phase.md must not use time-based task sizing (0.3694ms)
  Γ£ö list-phase-assumptions.md must not use time-based task sizing (0.3431ms)
  Γ£ö list-workspaces.md must not use time-based task sizing (0.2606ms)
  Γ£ö manager.md must not use time-based task sizing (0.4266ms)
  Γ£ö map-codebase.md must not use time-based task sizing (0.0878ms)
  Γ£ö milestone-summary.md must not use time-based task sizing (0.3276ms)
  Γ£ö new-milestone.md must not use time-based task sizing (0.5333ms)
  Γ£ö new-project.md must not use time-based task sizing (1.1583ms)
  Γ£ö new-workspace.md must not use time-based task sizing (0.528ms)
  Γ£ö next.md must not use time-based task sizing (0.4769ms)
  Γ£ö node-repair.md must not use time-based task sizing (0.5ms)
  Γ£ö note.md must not use time-based task sizing (0.4938ms)
  Γ£ö pause-work.md must not use time-based task sizing (0.4879ms)
  Γ£ö plan-milestone-gaps.md must not use time-based task sizing (0.4727ms)
  Γ£ö plan-phase.md must not use time-based task sizing (0.8396ms)
  Γ£ö plant-seed.md must not use time-based task sizing (0.4283ms)
  Γ£ö pr-branch.md must not use time-based task sizing (0.4239ms)
  Γ£ö profile-user.md must not use time-based task sizing (0.5984ms)
  Γ£ö progress.md must not use time-based task sizing (0.4634ms)
  Γ£ö quick.md must not use time-based task sizing (0.6569ms)
  Γ£ö remove-phase.md must not use time-based task sizing (0.4321ms)
  Γ£ö remove-workspace.md must not use time-based task sizing (0.388ms)
  Γ£ö research-phase.md must not use time-based task sizing (0.3893ms)
  Γ£ö resume-project.md must not use time-based task sizing (0.6748ms)
  Γ£ö review.md must not use time-based task sizing (0.1945ms)
  Γ£ö scan.md must not use time-based task sizing (0.4941ms)
  Γ£ö secure-phase.md must not use time-based task sizing (0.4984ms)
  Γ£ö security-audit.md must not use time-based task sizing (0.6184ms)
  Γ£ö session-report.md must not use time-based task sizing (0.4671ms)
  Γ£ö settings.md must not use time-based task sizing (0.4495ms)
  Γ£ö ship.md must not use time-based task sizing (0.4261ms)
  Γ£ö stats.md must not use time-based task sizing (1.8211ms)
  Γ£ö threat-scan.md must not use time-based task sizing (0.7131ms)
  Γ£ö transition.md must not use time-based task sizing (0.5642ms)
  Γ£ö tune-skill.md must not use time-based task sizing (0.4891ms)
  Γ£ö ui-phase.md must not use time-based task sizing (0.6197ms)
  Γ£ö ui-review.md must not use time-based task sizing (0.4655ms)
  Γ£ö undo.md must not use time-based task sizing (0.4008ms)
  Γ£ö update.md must not use time-based task sizing (0.4508ms)
  Γ£ö validate-phase.md must not use time-based task sizing (0.3736ms)
  Γ£ö verify-phase.md must not use time-based task sizing (0.0699ms)
  Γ£ö verify-work.md must not use time-based task sizing (0.4602ms)
  Γ£ö agent-contracts.md must not use time-based task sizing (0.4375ms)
  Γ£ö ai-evals.md must not use time-based task sizing (0.4088ms)
  Γ£ö ai-frameworks.md must not use time-based task sizing (0.4724ms)
  Γ£ö artifact-types.md must not use time-based task sizing (0.3756ms)
  Γ£ö checkpoints.md must not use time-based task sizing (0.5593ms)
  Γ£ö common-bug-patterns.md must not use time-based task sizing (0.4038ms)
  Γ£ö context-budget.md must not use time-based task sizing (0.4106ms)
  Γ£ö continuation-format.md must not use time-based task sizing (0.3898ms)
  Γ£ö decimal-phase-calculation.md must not use time-based task sizing (0.3308ms)
  Γ£ö domain-probes.md must not use time-based task sizing (0.3324ms)
  Γ£ö executor-examples.md must not use time-based task sizing (0.3588ms)
  Γ£ö gate-prompts.md must not use time-based task sizing (0.4155ms)
  Γ£ö gates.md must not use time-based task sizing (0.3635ms)
  Γ£ö git-integration.md must not use time-based task sizing (0.4454ms)
  Γ£ö git-planning-commit.md must not use time-based task sizing (0.5137ms)
  Γ£ö ios-scaffold.md must not use time-based task sizing (0.4016ms)
  Γ£ö model-profile-resolution.md must not use time-based task sizing (0.3585ms)
  Γ£ö model-profiles.md must not use time-based task sizing (0.3728ms)
  Γ£ö phase-argument-parsing.md must not use time-based task sizing (0.3226ms)
  Γ£ö planner-antipatterns.md must not use time-based task sizing (0.3932ms)
  Γ£ö planner-gap-closure.md must not use time-based task sizing (0.3938ms)
  Γ£ö planner-reviews.md must not use time-based task sizing (0.4242ms)
  Γ£ö planner-revision.md must not use time-based task sizing (0.3432ms)
  Γ£ö planner-source-audit.md must not use time-based task sizing (0.3514ms)
  Γ£ö planning-config.md must not use time-based task sizing (0.5222ms)
  Γ£ö questioning.md must not use time-based task sizing (0.3942ms)
  Γ£ö revision-loop.md must not use time-based task sizing (0.738ms)
  Γ£ö skill-authoring.md must not use time-based task sizing (0.4312ms)
  Γ£ö skill-smart-criteria.md must not use time-based task sizing (0.3944ms)
  Γ£ö tdd.md must not use time-based task sizing (0.4124ms)
  Γ£ö thinking-models-debug.md must not use time-based task sizing (0.3662ms)
  Γ£ö thinking-models-execution.md must not use time-based task sizing (0.2923ms)
  Γ£ö thinking-models-planning.md must not use time-based task sizing (0.3184ms)
  Γ£ö thinking-models-research.md must not use time-based task sizing (0.3266ms)
  Γ£ö thinking-models-verification.md must not use time-based task sizing (0.3578ms)
  Γ£ö thinking-partner.md must not use time-based task sizing (0.4101ms)
  Γ£ö ui-brand.md must not use time-based task sizing (0.4083ms)
  Γ£ö universal-anti-patterns.md must not use time-based task sizing (0.3715ms)
  Γ£ö user-profiling.md must not use time-based task sizing (0.4907ms)
  Γ£ö verification-overrides.md must not use time-based task sizing (0.4685ms)
  Γ£ö verification-patterns.md must not use time-based task sizing (0.4974ms)
  Γ£ö workstream-flag.md must not use time-based task sizing (0.3806ms)
  Γ£ö AI-SPEC.md must not use time-based task sizing (0.6775ms)
  Γ£ö claude-md.md must not use time-based task sizing (0.4775ms)
  Γ£ö architecture.md must not use time-based task sizing (0.4801ms)
  Γ£ö concerns.md must not use time-based task sizing (0.3514ms)
  Γ£ö conventions.md must not use time-based task sizing (0.3016ms)
  Γ£ö integrations.md must not use time-based task sizing (0.3585ms)
  Γ£ö stack.md must not use time-based task sizing (0.3828ms)
  Γ£ö structure.md must not use time-based task sizing (1.5074ms)
  Γ£ö testing.md must not use time-based task sizing (0.5342ms)
  Γ£ö context.md must not use time-based task sizing (0.5367ms)
  Γ£ö continue-here.md must not use time-based task sizing (0.4039ms)
  Γ£ö copilot-instructions.md must not use time-based task sizing (0.3302ms)
  Γ£ö debug-subagent-prompt.md must not use time-based task sizing (0.3241ms)
  Γ£ö DEBUG.md must not use time-based task sizing (0.5218ms)
  Γ£ö dev-preferences.md must not use time-based task sizing (0.4066ms)
  Γ£ö discovery.md must not use time-based task sizing (0.5791ms)
  Γ£ö discussion-log.md must not use time-based task sizing (0.5358ms)
  Γ£ö milestone-archive.md must not use time-based task sizing (0.4204ms)
  Γ£ö milestone.md must not use time-based task sizing (0.4703ms)
  Γ£ö phase-prompt.md must not use time-based task sizing (0.5939ms)
  Γ£ö planner-subagent-prompt.md must not use time-based task sizing (0.5729ms)
  Γ£ö project.md must not use time-based task sizing (0.4581ms)
  Γ£ö requirements.md must not use time-based task sizing (0.4863ms)
  Γ£ö ARCHITECTURE.md must not use time-based task sizing (0.5001ms)
  Γ£ö FEATURES.md must not use time-based task sizing (0.5024ms)
  Γ£ö PITFALLS.md must not use time-based task sizing (0.5053ms)
  Γ£ö STACK.md must not use time-based task sizing (0.4688ms)
  Γ£ö SUMMARY.md must not use time-based task sizing (0.5935ms)
  Γ£ö research.md must not use time-based task sizing (0.6562ms)
  Γ£ö retrospective.md must not use time-based task sizing (0.4759ms)
  Γ£ö roadmap.md must not use time-based task sizing (0.5334ms)
  Γ£ö SECURITY.md must not use time-based task sizing (0.539ms)
  Γ£ö state.md must not use time-based task sizing (0.5171ms)
  Γ£ö summary-complex.md must not use time-based task sizing (0.4862ms)
  Γ£ö summary-minimal.md must not use time-based task sizing (0.5056ms)
  Γ£ö summary-standard.md must not use time-based task sizing (0.4886ms)
  Γ£ö summary.md must not use time-based task sizing (0.4982ms)
  Γ£ö UAT.md must not use time-based task sizing (0.5374ms)
  Γ£ö UI-SPEC.md must not use time-based task sizing (0.5593ms)
  Γ£ö user-profile.md must not use time-based task sizing (0.4813ms)
  Γ£ö user-setup.md must not use time-based task sizing (0.5811ms)
  Γ£ö VALIDATION.md must not use time-based task sizing (0.5871ms)
  Γ£ö verification-report.md must not use time-based task sizing (0.5338ms)
Γ£ö Planner language regression ΓÇö time-based task sizing (#2092) (115.596ms)
Γû╢ Planner language regression ΓÇö complexity-as-scope-justification (#2092)
  Γ£ö gsd-advisor-researcher.md must not use complexity to justify scope reduction (2.2782ms)
  Γ£ö gsd-ai-researcher.md must not use complexity to justify scope reduction (0.5892ms)
  Γ£ö gsd-assumptions-analyzer.md must not use complexity to justify scope reduction (0.8121ms)
  Γ£ö gsd-code-fixer.md must not use complexity to justify scope reduction (0.5889ms)
  Γ£ö gsd-code-reviewer.md must not use complexity to justify scope reduction (0.6902ms)
  Γ£ö gsd-codebase-mapper.md must not use complexity to justify scope reduction (0.5458ms)
  Γ£ö gsd-debug-session-manager.md must not use complexity to justify scope reduction (0.5055ms)
  Γ£ö gsd-debugger.md must not use complexity to justify scope reduction (3.3535ms)
  Γ£ö gsd-doc-verifier.md must not use complexity to justify scope reduction (0.6293ms)
  Γ£ö gsd-doc-writer.md must not use complexity to justify scope reduction (0.7721ms)
  Γ£ö gsd-domain-researcher.md must not use complexity to justify scope reduction (0.4958ms)
  Γ£ö gsd-eval-auditor.md must not use complexity to justify scope reduction (0.4701ms)
  Γ£ö gsd-eval-planner.md must not use complexity to justify scope reduction (0.4736ms)
  Γ£ö gsd-executor.md must not use complexity to justify scope reduction (0.739ms)
  Γ£ö gsd-framework-selector.md must not use complexity to justify scope reduction (0.536ms)
  Γ£ö gsd-integration-checker.md must not use complexity to justify scope reduction (0.4751ms)
  Γ£ö gsd-intel-updater.md must not use complexity to justify scope reduction (0.5528ms)
  Γ£ö gsd-nyquist-auditor.md must not use complexity to justify scope reduction (0.5172ms)
  Γ£ö gsd-pattern-mapper.md must not use complexity to justify scope reduction (0.4283ms)
  Γ£ö gsd-phase-researcher.md must not use complexity to justify scope reduction (0.6894ms)
  Γ£ö gsd-plan-checker.md must not use complexity to justify scope reduction (0.1103ms)
  Γ£ö gsd-planner.md must not use complexity to justify scope reduction (0.1006ms)
  Γ£ö gsd-project-researcher.md must not use complexity to justify scope reduction (0.5791ms)
  Γ£ö gsd-research-synthesizer.md must not use complexity to justify scope reduction (0.4794ms)
  Γ£ö gsd-roadmapper.md must not use complexity to justify scope reduction (0.6189ms)
  Γ£ö gsd-security-auditor.md must not use complexity to justify scope reduction (0.5778ms)
  Γ£ö gsd-security-scanner.md must not use complexity to justify scope reduction (0.6309ms)
  Γ£ö gsd-skill-auditor.md must not use complexity to justify scope reduction (0.5399ms)
  Γ£ö gsd-skill-scaffolder.md must not use complexity to justify scope reduction (0.3805ms)
  Γ£ö gsd-skill-tuner.md must not use complexity to justify scope reduction (0.3624ms)
  Γ£ö gsd-threat-scanner.md must not use complexity to justify scope reduction (0.4575ms)
  Γ£ö gsd-ui-auditor.md must not use complexity to justify scope reduction (0.4575ms)
  Γ£ö gsd-ui-checker.md must not use complexity to justify scope reduction (0.3732ms)
  Γ£ö gsd-ui-researcher.md must not use complexity to justify scope reduction (0.3884ms)
  Γ£ö gsd-user-profiler.md must not use complexity to justify scope reduction (0.3411ms)
  Γ£ö gsd-verifier.md must not use complexity to justify scope reduction (0.4889ms)
  Γ£ö add-phase.md must not use complexity to justify scope reduction (0.3595ms)
  Γ£ö add-tests.md must not use complexity to justify scope reduction (0.388ms)
  Γ£ö add-todo.md must not use complexity to justify scope reduction (0.3299ms)
  Γ£ö ai-integration-phase.md must not use complexity to justify scope reduction (0.3594ms)
  Γ£ö analyze-dependencies.md must not use complexity to justify scope reduction (0.3311ms)
  Γ£ö audit-fix.md must not use complexity to justify scope reduction (0.3829ms)
  Γ£ö audit-milestone.md must not use complexity to justify scope reduction (0.6026ms)
  Γ£ö audit-skill.md must not use complexity to justify scope reduction (0.4659ms)
  Γ£ö audit-uat.md must not use complexity to justify scope reduction (0.5335ms)
  Γ£ö autonomous.md must not use complexity to justify scope reduction (0.7277ms)
  Γ£ö build-skill.md must not use complexity to justify scope reduction (0.4313ms)
  Γ£ö check-todos.md must not use complexity to justify scope reduction (0.47ms)
  Γ£ö cleanup.md must not use complexity to justify scope reduction (0.4517ms)
  Γ£ö code-review-fix.md must not use complexity to justify scope reduction (0.5036ms)
  Γ£ö code-review.md must not use complexity to justify scope reduction (0.4511ms)
  Γ£ö complete-milestone.md must not use complexity to justify scope reduction (0.5618ms)
  Γ£ö diagnose-issues.md must not use complexity to justify scope reduction (0.3472ms)
  Γ£ö discovery-phase.md must not use complexity to justify scope reduction (0.3357ms)
  Γ£ö discuss-phase-assumptions.md must not use complexity to justify scope reduction (0.4218ms)
  Γ£ö discuss-phase-power.md must not use complexity to justify scope reduction (0.355ms)
  Γ£ö discuss-phase.md must not use complexity to justify scope reduction (0.7378ms)
  Γ£ö do.md must not use complexity to justify scope reduction (0.3947ms)
  Γ£ö docs-update.md must not use complexity to justify scope reduction (0.6185ms)
  Γ£ö eval-review.md must not use complexity to justify scope reduction (0.3851ms)
  Γ£ö execute-phase.md must not use complexity to justify scope reduction (0.8352ms)
  Γ£ö execute-plan.md must not use complexity to justify scope reduction (0.4541ms)
  Γ£ö explore.md must not use complexity to justify scope reduction (0.3309ms)
  Γ£ö extract_learnings.md must not use complexity to justify scope reduction (0.3775ms)
  Γ£ö fast.md must not use complexity to justify scope reduction (0.3644ms)
  Γ£ö forensics.md must not use complexity to justify scope reduction (0.3492ms)
  Γ£ö health.md must not use complexity to justify scope reduction (0.3217ms)
  Γ£ö help.md must not use complexity to justify scope reduction (0.4086ms)
  Γ£ö import.md must not use complexity to justify scope reduction (0.3486ms)
  Γ£ö inbox.md must not use complexity to justify scope reduction (0.3669ms)
  Γ£ö insert-phase.md must not use complexity to justify scope reduction (0.2893ms)
  Γ£ö list-phase-assumptions.md must not use complexity to justify scope reduction (0.2861ms)
  Γ£ö list-workspaces.md must not use complexity to justify scope reduction (0.2629ms)
  Γ£ö manager.md must not use complexity to justify scope reduction (0.3796ms)
  Γ£ö map-codebase.md must not use complexity to justify scope reduction (0.374ms)
  Γ£ö milestone-summary.md must not use complexity to justify scope reduction (0.2997ms)
  Γ£ö new-milestone.md must not use complexity to justify scope reduction (0.4352ms)
  Γ£ö new-project.md must not use complexity to justify scope reduction (0.5629ms)
  Γ£ö new-workspace.md must not use complexity to justify scope reduction (0.3896ms)
  Γ£ö next.md must not use complexity to justify scope reduction (0.363ms)
  Γ£ö node-repair.md must not use complexity to justify scope reduction (0.3393ms)
  Γ£ö note.md must not use complexity to justify scope reduction (0.3144ms)
  Γ£ö pause-work.md must not use complexity to justify scope reduction (2.0363ms)
  Γ£ö plan-milestone-gaps.md must not use complexity to justify scope reduction (0.5407ms)
  Γ£ö plan-phase.md must not use complexity to justify scope reduction (0.8449ms)
  Γ£ö plant-seed.md must not use complexity to justify scope reduction (0.4294ms)
  Γ£ö pr-branch.md must not use complexity to justify scope reduction (0.3466ms)
  Γ£ö profile-user.md must not use complexity to justify scope reduction (0.4023ms)
  Γ£ö progress.md must not use complexity to justify scope reduction (0.3903ms)
  Γ£ö quick.md must not use complexity to justify scope reduction (0.5457ms)
  Γ£ö remove-phase.md must not use complexity to justify scope reduction (0.3404ms)
  Γ£ö remove-workspace.md must not use complexity to justify scope reduction (0.2968ms)
  Γ£ö research-phase.md must not use complexity to justify scope reduction (0.2736ms)
  Γ£ö resume-project.md must not use complexity to justify scope reduction (0.393ms)
  Γ£ö review.md must not use complexity to justify scope reduction (0.4262ms)
  Γ£ö scan.md must not use complexity to justify scope reduction (0.336ms)
  Γ£ö secure-phase.md must not use complexity to justify scope reduction (0.3157ms)
  Γ£ö security-audit.md must not use complexity to justify scope reduction (0.3958ms)
  Γ£ö session-report.md must not use complexity to justify scope reduction (0.3213ms)
  Γ£ö settings.md must not use complexity to justify scope reduction (0.3644ms)
  Γ£ö ship.md must not use complexity to justify scope reduction (0.3306ms)
  Γ£ö stats.md must not use complexity to justify scope reduction (0.536ms)
  Γ£ö threat-scan.md must not use complexity to justify scope reduction (0.5674ms)
  Γ£ö transition.md must not use complexity to justify scope reduction (0.5416ms)
  Γ£ö tune-skill.md must not use complexity to justify scope reduction (0.7182ms)
  Γ£ö ui-phase.md must not use complexity to justify scope reduction (0.5957ms)
  Γ£ö ui-review.md must not use complexity to justify scope reduction (0.517ms)
  Γ£ö undo.md must not use complexity to justify scope reduction (0.5487ms)
  Γ£ö update.md must not use complexity to justify scope reduction (0.6599ms)
  Γ£ö validate-phase.md must not use complexity to justify scope reduction (0.4926ms)
  Γ£ö verify-phase.md must not use complexity to justify scope reduction (0.6554ms)
  Γ£ö verify-work.md must not use complexity to justify scope reduction (0.5409ms)
  Γ£ö agent-contracts.md must not use complexity to justify scope reduction (0.4922ms)
  Γ£ö ai-evals.md must not use complexity to justify scope reduction (0.6461ms)
  Γ£ö ai-frameworks.md must not use complexity to justify scope reduction (0.5324ms)
  Γ£ö artifact-types.md must not use complexity to justify scope reduction (0.4251ms)
  Γ£ö checkpoints.md must not use complexity to justify scope reduction (0.5618ms)
  Γ£ö common-bug-patterns.md must not use complexity to justify scope reduction (0.3612ms)
  Γ£ö context-budget.md must not use complexity to justify scope reduction (0.3335ms)
  Γ£ö continuation-format.md must not use complexity to justify scope reduction (0.3925ms)
  Γ£ö decimal-phase-calculation.md must not use complexity to justify scope reduction (0.3709ms)
  Γ£ö domain-probes.md must not use complexity to justify scope reduction (0.3733ms)
  Γ£ö executor-examples.md must not use complexity to justify scope reduction (0.3884ms)
  Γ£ö gate-prompts.md must not use complexity to justify scope reduction (0.3589ms)
  Γ£ö gates.md must not use complexity to justify scope reduction (0.3485ms)
  Γ£ö git-integration.md must not use complexity to justify scope reduction (0.3781ms)
  Γ£ö git-planning-commit.md must not use complexity to justify scope reduction (0.3892ms)
  Γ£ö ios-scaffold.md must not use complexity to justify scope reduction (0.3301ms)
  Γ£ö model-profile-resolution.md must not use complexity to justify scope reduction (0.3018ms)
  Γ£ö model-profiles.md must not use complexity to justify scope reduction (0.3391ms)
  Γ£ö phase-argument-parsing.md must not use complexity to justify scope reduction (0.4963ms)
  Γ£ö planner-antipatterns.md must not use complexity to justify scope reduction (0.4299ms)
  Γ£ö planner-gap-closure.md must not use complexity to justify scope reduction (0.4285ms)
  Γ£ö planner-reviews.md must not use complexity to justify scope reduction (0.4773ms)
  Γ£ö planner-revision.md must not use complexity to justify scope reduction (0.45ms)
  Γ£ö planner-source-audit.md must not use complexity to justify scope reduction (0.3585ms)
  Γ£ö planning-config.md must not use complexity to justify scope reduction (0.6253ms)
  Γ£ö questioning.md must not use complexity to justify scope reduction (0.4567ms)
  Γ£ö revision-loop.md must not use complexity to justify scope reduction (0.4207ms)
  Γ£ö skill-authoring.md must not use complexity to justify scope reduction (0.552ms)
  Γ£ö skill-smart-criteria.md must not use complexity to justify scope reduction (0.4421ms)
  Γ£ö tdd.md must not use complexity to justify scope reduction (0.4752ms)
  Γ£ö thinking-models-debug.md must not use complexity to justify scope reduction (0.4184ms)
  Γ£ö thinking-models-execution.md must not use complexity to justify scope reduction (0.4261ms)
  Γ£ö thinking-models-planning.md must not use complexity to justify scope reduction (0.5521ms)
  Γ£ö thinking-models-research.md must not use complexity to justify scope reduction (0.4303ms)
  Γ£ö thinking-models-verification.md must not use complexity to justify scope reduction (0.4113ms)
  Γ£ö thinking-partner.md must not use complexity to justify scope reduction (0.4962ms)
  Γ£ö ui-brand.md must not use complexity to justify scope reduction (0.4392ms)
  Γ£ö universal-anti-patterns.md must not use complexity to justify scope reduction (0.4203ms)
  Γ£ö user-profiling.md must not use complexity to justify scope reduction (0.585ms)
  Γ£ö verification-overrides.md must not use complexity to justify scope reduction (0.4115ms)
  Γ£ö verification-patterns.md must not use complexity to justify scope reduction (0.4082ms)
  Γ£ö workstream-flag.md must not use complexity to justify scope reduction (0.3272ms)
  Γ£ö AI-SPEC.md must not use complexity to justify scope reduction (0.3519ms)
  Γ£ö claude-md.md must not use complexity to justify scope reduction (0.3588ms)
  Γ£ö architecture.md must not use complexity to justify scope reduction (0.3254ms)
  Γ£ö concerns.md must not use complexity to justify scope reduction (0.3639ms)
  Γ£ö conventions.md must not use complexity to justify scope reduction (0.3674ms)
  Γ£ö integrations.md must not use complexity to justify scope reduction (0.3361ms)
  Γ£ö stack.md must not use complexity to justify scope reduction (0.3304ms)
  Γ£ö structure.md must not use complexity to justify scope reduction (0.3372ms)
  Γ£ö testing.md must not use complexity to justify scope reduction (0.4201ms)
  Γ£ö context.md must not use complexity to justify scope reduction (0.3661ms)
  Γ£ö continue-here.md must not use complexity to justify scope reduction (0.3054ms)
  Γ£ö copilot-instructions.md must not use complexity to justify scope reduction (0.307ms)
  Γ£ö debug-subagent-prompt.md must not use complexity to justify scope reduction (0.3081ms)
  Γ£ö DEBUG.md must not use complexity to justify scope reduction (0.3488ms)
  Γ£ö dev-preferences.md must not use complexity to justify scope reduction (0.2867ms)
  Γ£ö discovery.md must not use complexity to justify scope reduction (0.3116ms)
  Γ£ö discussion-log.md must not use complexity to justify scope reduction (0.2708ms)
  Γ£ö milestone-archive.md must not use complexity to justify scope reduction (0.2658ms)
  Γ£ö milestone.md must not use complexity to justify scope reduction (0.2626ms)
  Γ£ö phase-prompt.md must not use complexity to justify scope reduction (0.3721ms)
  Γ£ö planner-subagent-prompt.md must not use complexity to justify scope reduction (0.2685ms)
  Γ£ö project.md must not use complexity to justify scope reduction (0.2844ms)
  Γ£ö requirements.md must not use complexity to justify scope reduction (0.4428ms)
  Γ£ö ARCHITECTURE.md must not use complexity to justify scope reduction (0.453ms)
  Γ£ö FEATURES.md must not use complexity to justify scope reduction (0.3444ms)
  Γ£ö PITFALLS.md must not use complexity to justify scope reduction (0.3292ms)
  Γ£ö STACK.md must not use complexity to justify scope reduction (0.2923ms)
  Γ£ö SUMMARY.md must not use complexity to justify scope reduction (0.2635ms)
  Γ£ö research.md must not use complexity to justify scope reduction (0.3989ms)
  Γ£ö retrospective.md must not use complexity to justify scope reduction (0.29ms)
  Γ£ö roadmap.md must not use complexity to justify scope reduction (0.3403ms)
  Γ£ö SECURITY.md must not use complexity to justify scope reduction (0.3316ms)
  Γ£ö state.md must not use complexity to justify scope reduction (0.3417ms)
  Γ£ö summary-complex.md must not use complexity to justify scope reduction (0.3765ms)
  Γ£ö summary-minimal.md must not use complexity to justify scope reduction (0.3259ms)
  Γ£ö summary-standard.md must not use complexity to justify scope reduction (0.3257ms)
  Γ£ö summary.md must not use complexity to justify scope reduction (0.3238ms)
  Γ£ö UAT.md must not use complexity to justify scope reduction (0.3002ms)
  Γ£ö UI-SPEC.md must not use complexity to justify scope reduction (0.3024ms)
  Γ£ö user-profile.md must not use complexity to justify scope reduction (1.5768ms)
  Γ£ö user-setup.md must not use complexity to justify scope reduction (0.4635ms)
  Γ£ö VALIDATION.md must not use complexity to justify scope reduction (0.3125ms)
  Γ£ö verification-report.md must not use complexity to justify scope reduction (0.3177ms)
Γ£ö Planner language regression ΓÇö complexity-as-scope-justification (#2092) (99.2607ms)
Γû╢ gsd-planner.md ΓÇö required structural sections (#2091, #2092)
  Γ£ö planner file exists and is readable (0.7172ms)
  Γ£ö contains <planner_authority_limits> section (0.1034ms)
  Γ£ö authority limits prohibit difficulty-based scope decisions (0.0612ms)
  Γ£ö authority limits list three legitimate split reasons: context cost, missing info, dependency (0.1126ms)
  Γ£ö task sizing uses context percentage, not time units (0.2338ms)
  Γ£ö contains multi-source coverage audit (not just D-XX decisions) (0.1169ms)
  Γ£ö coverage audit includes all four source types: GOAL, REQ, RESEARCH, CONTEXT (0.6372ms)
  Γ£ö coverage audit defines MISSING item handling with developer escalation (0.1286ms)
Γ£ö gsd-planner.md ΓÇö required structural sections (#2091, #2092) (2.34ms)
Γû╢ plan-phase.md ΓÇö source audit orchestration (#2091)
  Γ£ö plan-phase workflow exists and is readable (0.5934ms)
  Γ£ö step 9 handles Source Audit return from planner (0.2284ms)
  Γ£ö step 9c exists for source audit gap handling (0.1756ms)
  Γ£ö step 9b does not use "too complex" language (0.1961ms)
  Γ£ö phase split recommendation uses context budget framing (0.0998ms)
Γ£ö plan-phase.md ΓÇö source audit orchestration (#2091) (1.489ms)
Γû╢ gsd-plan-checker.md ΓÇö scope reduction detection includes time/complexity (#2092)
  Γ£ö plan-checker exists and is readable (0.5803ms)
  Γ£ö scope reduction scan includes complexity-based justification patterns (0.1201ms)
  Γ£ö scope reduction scan includes time-based justification patterns (0.0759ms)
Γ£ö gsd-plan-checker.md ΓÇö scope reduction detection includes time/complexity (#2092) (0.9033ms)
Γû╢ Playwright-MCP UI verification integration
  Γ£ö verify-work.md mentions automated UI verification (2.9864ms)
  Γ£ö ui-review.md mentions Playwright-MCP when available (0.7983ms)
  Γ£ö gsd-ui-auditor.md includes automated screenshot guidance (1.8256ms)
  Γ£ö automated verification is optional/conditional (falls back to manual) (0.775ms)
Γ£ö Playwright-MCP UI verification integration (8.8842ms)
Γû╢ product name purity (#1777)
  Γ£ö no README install-block comments contain parenthetical descriptions (14.0382ms)
  Γ£ö CHANGELOG does not include parenthetical product descriptions (4.1536ms)
Γ£ö product name purity (#1777) (20.7679ms)
Γû╢ PROFILING_QUESTIONS
  Γ£ö is a non-empty array (1.0888ms)
  Γ£ö each question has required fields (0.348ms)
  Γ£ö each option has label, value, and rating (0.2788ms)
  Γ£ö all dimension keys are unique (0.3286ms)
Γ£ö PROFILING_QUESTIONS (3.8169ms)
Γû╢ CLAUDE_INSTRUCTIONS
  Γ£ö is a non-empty object (0.3523ms)
  Γ£ö each dimension has at least one instruction (0.248ms)
  Γ£ö every PROFILING_QUESTIONS dimension has CLAUDE_INSTRUCTIONS (0.265ms)
Γ£ö CLAUDE_INSTRUCTIONS (1.259ms)
Γû╢ write-profile command
  Γ£ö writes USER-PROFILE.md from analysis JSON (230.003ms)
  Γ£ö errors when --input is missing (179.6601ms)
Γ£ö write-profile command (410.0477ms)
Γû╢ generate-claude-md command
  Γ£ö generates CLAUDE.md with --auto flag (1540.5769ms)
  Γ£ö does not overwrite existing CLAUDE.md without --force (1617.1881ms)
  Γ£ö skills fallback mentions the normalized project roots (1837.6165ms)
Γ£ö generate-claude-md command (4995.9494ms)
Γû╢ generate-dev-preferences command
  Γ£ö errors when --analysis is missing (248.7502ms)
  Γ£ö generates preferences from analysis file (219.969ms)
Γ£ö generate-dev-preferences command (469.1507ms)
Γû╢ scan-sessions command
  Γ£ö returns empty array for empty sessions directory (418.7803ms)
  Γ£ö scans synthetic project directory (407.509ms)
  Γ£ö reports multiple sessions and sizes (464.8807ms)
Γ£ö scan-sessions command (1293.3705ms)
Γû╢ extract-messages command
  Γ£ö extracts user messages from synthetic session (443.0247ms)
  Γ£ö filters out meta and internal messages (391.7324ms)
Γ£ö extract-messages command (836.5396ms)
Γû╢ profile-questionnaire command
  Γ£ö returns questionnaire structure (183.7911ms)
Γ£ö profile-questionnaire command (184.0689ms)
Γû╢ codebase prompt injection scan
  Γ£ö found files to scan (1.3872ms)
  Γ£ö agent definition files are clean (injection patterns) (0.5863ms)
  Γ£ö agent definition files are within size limit (100K) (0.3602ms)
  Γ£ö workflow files are clean (0.399ms)
  Γ£ö command files are clean (0.3814ms)
  Γ£ö hook files are clean (0.3649ms)
  Γ£ö lib source files are clean (0.3046ms)
  Γ£û no invisible Unicode characters in non-allowlisted files (56.8602ms)
  Γ£û no fake system boundary tags in non-allowlisted files (14.5614ms)
Γ£û codebase prompt injection scan (77.8252ms)
Γû╢ injection vector regression tests
  Γ£ö detects instruction override in markdown frontmatter (2.5185ms)
  Γ£ö detects hidden instruction in commit message (1.5738ms)
  Γ£ö detects XML tag injection in PRD content (0.3233ms)
  Γ£ö detects role manipulation in phase description (0.2023ms)
  Γ£ö detects prompt extraction attempt (0.2011ms)
  Γ£ö clean technical content passes (0.3294ms)
Γ£ö injection vector regression tests (5.7623ms)
Γû╢ prompt thinning ΓÇö sub-200K context window support (#1978)
  Γû╢ execute-phase.md ΓÇö thinning conditional
    Γ£ö has a CONTEXT_WINDOW < 200000 thinning conditional (1.6763ms)
    Γ£ö preserves the existing CONTEXT_WINDOW >= 500000 enrichment conditional (2.3697ms)
    Γ£ö thinning block references executor-examples.md for on-demand loading (0.8552ms)
  Γ£ö execute-phase.md ΓÇö thinning conditional (6.1716ms)
  Γû╢ gsd-executor.md ΓÇö reference to extracted examples
    Γ£ö references executor-examples.md for extended examples (0.7845ms)
  Γ£ö gsd-executor.md ΓÇö reference to extracted examples (1.0573ms)
  Γû╢ gsd-planner.md ΓÇö reference to extracted anti-patterns
    Γ£ö references planner-antipatterns.md for extended anti-patterns (0.9691ms)
  Γ£ö gsd-planner.md ΓÇö reference to extracted anti-patterns (1.2099ms)
  Γû╢ executor-examples.md ΓÇö extracted reference file
    Γ£ö file exists (0.652ms)
    Γ£ö contains deviation rule examples (0.7329ms)
    Γ£ö contains checkpoint examples (0.5742ms)
    Γ£ö contains edge case examples (0.6838ms)
  Γ£ö executor-examples.md ΓÇö extracted reference file (3.1758ms)
  Γû╢ planner-antipatterns.md ΓÇö extracted reference file
    Γ£ö file exists (2.1226ms)
    Γ£ö contains checkpoint anti-patterns (0.5853ms)
    Γ£ö contains specificity examples (0.4713ms)
  Γ£ö planner-antipatterns.md ΓÇö extracted reference file (3.4616ms)
  Γû╢ three-tier consistency
    Γ£ö thinning tier (< 200K), standard tier (200K-500K), and enrichment tier (>= 500K) all coexist (0.8165ms)
  Γ£ö three-tier consistency (0.9296ms)
Γ£ö prompt thinning ΓÇö sub-200K context window support (#1978) (17.358ms)
Γû╢ quick workflow: branching support
  Γ£ö workflow file exists (1.6846ms)
  Γ£ö init parse list includes branch_name (0.6434ms)
  Γ£ö workflow includes quick-task branching step (1.5501ms)
  Γ£ö branching step runs before task directory creation (0.6451ms)
Γ£ö quick workflow: branching support (5.9995ms)
Γû╢ quick workflow commit boundary (#1503)
  Γ£ö quick.md exists (2.5248ms)
  Γ£ö executor constraints prohibit committing docs artifacts (0.3288ms)
  Γ£ö Step 8 explicitly stages artifacts with git add before commit (0.3031ms)
  Γ£ö Step 8 includes PLAN.md in file list (0.2686ms)
  Γ£ö Step 8 runs unconditionally (1.4444ms)
Γ£ö quick workflow commit boundary (#1503) (6.997ms)
Γû╢ quick command: --research in frontmatter
  Γ£ö quick.md exists (2.1582ms)
  Γ£ö argument-hint includes --research (0.9858ms)
  Γ£ö argument-hint includes all three flags (0.9651ms)
  Γ£ö objective section describes --research flag (1.1854ms)
Γ£ö quick command: --research in frontmatter (9.1269ms)
Γû╢ quick workflow: research step
  Γ£ö workflow file exists (1.1514ms)
  Γ£ö purpose mentions --research flag (0.8653ms)
  Γ£ö step 1 parses --research flag (2.7304ms)
  Γ£ö step 4.75 research phase exists (1.0628ms)
  Γ£ö research step spawns gsd-phase-researcher (1.2363ms)
  Γ£ö research step writes RESEARCH.md (1.0719ms)
  Γ£ö planner context includes RESEARCH.md when research mode (0.802ms)
  Γ£ö file commit list includes RESEARCH.md (0.8761ms)
  Γ£ö success criteria includes research items (0.8894ms)
Γ£ö quick workflow: research step (11.8867ms)
Γû╢ quick task: research file in task directory
  Γ£ö init quick returns valid task_dir for research file placement (251.3745ms)
  Γ£ö verify-path-exists detects RESEARCH.md in quick task directory (222.9904ms)
  Γ£ö verify-path-exists returns false for missing RESEARCH.md (217.7202ms)
  Γ£ö quick task directory supports all research workflow artifacts (925.5286ms)
Γ£ö quick task: research file in task directory (1618.1627ms)
Γû╢ quick workflow: banner variants for flag combinations
  Γ£ö has banner for research-only mode (0.7531ms)
  Γ£ö has banner for discuss + research mode (1.1028ms)
  Γ£ö has banner for research + validate mode (0.5639ms)
  Γ£ö has banner for full mode (all phases) (0.6876ms)
Γ£ö quick workflow: banner variants for flag combinations (3.3381ms)
Γû╢ quick session management (#2155)
  Γ£ö quick command has list subcommand (1.4449ms)
  Γ£ö quick command has status subcommand (0.2921ms)
  Γ£ö quick command has resume subcommand (0.2131ms)
  Γ£ö quick command has slug sanitization (0.1933ms)
  Γ£ö quick command has security_notes section (1.4236ms)
  Γ£ö quick command list subcommand stops after display (0.34ms)
  Γ£ö quick command rejects slugs with path traversal (0.288ms)
  Γ£ö quick command sanitizes directory names for display (0.2536ms)
  Γ£ö quick command list uses frontmatter get for status (0.3095ms)
  Γ£ö quick command shows complete checkmark in list (0.4899ms)
Γ£ö quick session management (#2155) (8.144ms)

[36m   ΓûêΓûêΓûêΓûêΓûêΓûêΓòù ΓûêΓûêΓûêΓûêΓûêΓûêΓûêΓòùΓûêΓûêΓûêΓûêΓûêΓûêΓòù
  ΓûêΓûêΓòöΓòÉΓòÉΓòÉΓòÉΓò¥ ΓûêΓûêΓòöΓòÉΓòÉΓòÉΓòÉΓò¥ΓûêΓûêΓòöΓòÉΓòÉΓûêΓûêΓòù
  ΓûêΓûêΓòæ  ΓûêΓûêΓûêΓòùΓûêΓûêΓûêΓûêΓûêΓûêΓûêΓòùΓûêΓûêΓòæ  ΓûêΓûêΓòæ
  ΓûêΓûêΓòæ   ΓûêΓûêΓòæΓòÜΓòÉΓòÉΓòÉΓòÉΓûêΓûêΓòæΓûêΓûêΓòæ  ΓûêΓûêΓòæ
  ΓòÜΓûêΓûêΓûêΓûêΓûêΓûêΓòöΓò¥ΓûêΓûêΓûêΓûêΓûêΓûêΓûêΓòæΓûêΓûêΓûêΓûêΓûêΓûêΓòöΓò¥
   ΓòÜΓòÉΓòÉΓòÉΓòÉΓòÉΓò¥ ΓòÜΓòÉΓòÉΓòÉΓòÉΓòÉΓòÉΓò¥ΓòÜΓòÉΓòÉΓòÉΓòÉΓòÉΓò¥[0m

  Get Shit Done [2mv1.36.0[0m
  A meta-prompting, context engineering and spec-driven
  development system for Claude Code, OpenCode, Gemini, Kilo, Codex, Copilot, Antigravity, Cursor, Windsurf, Augment, Trae, Qwen Code, Cline and CodeBuddy by T├éCHES.

  Installing for [36mQwen Code[0m to [36m.\.qwen[0m

  [32mΓ£ô[0m Installed 78 skills to skills/
  [32mΓ£ô[0m Installed get-shit-done
  [32mΓ£ô[0m Installed agents
  [32mΓ£ô[0m Installed CHANGELOG.md
  [32mΓ£ô[0m Wrote VERSION (1.36.0)
  [32mΓ£ô[0m Wrote package.json (CommonJS mode)
  [32mΓ£ô[0m Installed hooks (bundled)
  [32mΓ£ô[0m Wrote file manifest (gsd-file-manifest.json)

  [33mΓÜá[0m  Found 1 unreplaced .claude path reference(s) in 1 file(s):
     [2mC:\Users\akriz\AppData\Local\Temp\gsd-qwen-install-GuDYv0\.qwen\get-shit-done\workflows\update.md[0m (1)
  [2mThese paths may not resolve correctly for Qwen Code.[0m
  [32mΓ£ô[0m Configured update check hook
  [32mΓ£ô[0m Configured context window monitor hook
  [32mΓ£ô[0m Configured prompt injection guard hook
  [32mΓ£ô[0m Configured read-before-edit guard hook
  [32mΓ£ô[0m Configured workflow guard hook (opt-in via hooks.workflow_guard)
  [32mΓ£ô[0m Configured commit validation hook (opt-in via config)
  [32mΓ£ô[0m Configured session state orientation hook (opt-in via config)
  [32mΓ£ô[0m Configured phase boundary detection hook (opt-in via config)
  Uninstalling GSD from [36mQwen Code[0m at [36m.\.qwen[0m

  [32mΓ£ô[0m Removed 78 Qwen Code skills
  [32mΓ£ô[0m Removed get-shit-done/
  [32mΓ£ô[0m Removed 36 GSD agents
  [32mΓ£ô[0m Removed 9 GSD hooks
  [32mΓ£ô[0m Removed GSD package.json
  [32mΓ£ô[0m Removed gsd-file-manifest.json

  [32mDone![0m GSD has been uninstalled from Qwen Code.
  Your other files and settings have been preserved.

  Installing for [36mQwen Code[0m to [36m.\.qwen[0m

  [32mΓ£ô[0m Installed 78 skills to skills/
  [32mΓ£ô[0m Installed get-shit-done
  [32mΓ£ô[0m Installed agents
  [32mΓ£ô[0m Installed CHANGELOG.md
  [32mΓ£ô[0m Wrote VERSION (1.36.0)
  [32mΓ£ô[0m Wrote package.json (CommonJS mode)
  [32mΓ£ô[0m Installed hooks (bundled)
  [32mΓ£ô[0m Wrote file manifest (gsd-file-manifest.json)

  [33mΓÜá[0m  Found 1 unreplaced .claude path reference(s) in 1 file(s):
     [2mC:\Users\akriz\AppData\Local\Temp\gsd-qwen-uninstall-cJ5oeZ\.qwen\get-shit-done\workflows\update.md[0m (1)
  [2mThese paths may not resolve correctly for Qwen Code.[0m
  [32mΓ£ô[0m Configured update check hook
  [32mΓ£ô[0m Configured context window monitor hook
  [32mΓ£ô[0m Configured prompt injection guard hook
  [32mΓ£ô[0m Configured read-before-edit guard hook
  [32mΓ£ô[0m Configured workflow guard hook (opt-in via hooks.workflow_guard)
  [32mΓ£ô[0m Configured commit validation hook (opt-in via config)
  [32mΓ£ô[0m Configured session state orientation hook (opt-in via config)
  [32mΓ£ô[0m Configured phase boundary detection hook (opt-in via config)
  Uninstalling GSD from [36mQwen Code[0m at [36m.\.qwen[0m

  [32mΓ£ô[0m Removed 78 Qwen Code skills
  [32mΓ£ô[0m Removed get-shit-done/
  [32mΓ£ô[0m Removed 36 GSD agents
  [32mΓ£ô[0m Removed 9 GSD hooks
  [32mΓ£ô[0m Removed GSD package.json
  [32mΓ£ô[0m Removed gsd-file-manifest.json

  [32mDone![0m GSD has been uninstalled from Qwen Code.
  Your other files and settings have been preserved.

  Installing for [36mQwen Code[0m to [36m.\.qwen[0m

  [32mΓ£ô[0m Installed 78 skills to skills/
  [32mΓ£ô[0m Installed get-shit-done
  [32mΓ£ô[0m Installed agents
  [32mΓ£ô[0m Installed CHANGELOG.md
  [32mΓ£ô[0m Wrote VERSION (1.36.0)
  [32mΓ£ô[0m Wrote package.json (CommonJS mode)
  [32mΓ£ô[0m Installed hooks (bundled)
  [32mΓ£ô[0m Wrote file manifest (gsd-file-manifest.json)

  [33mΓÜá[0m  Found 1 unreplaced .claude path reference(s) in 1 file(s):
     [2mC:\Users\akriz\AppData\Local\Temp\gsd-qwen-uninstall-U6ykUn\.qwen\get-shit-done\workflows\update.md[0m (1)
  [2mThese paths may not resolve correctly for Qwen Code.[0m
  [32mΓ£ô[0m Configured update check hook
  [32mΓ£ô[0m Configured context window monitor hook
  [32mΓ£ô[0m Configured prompt injection guard hook
  [32mΓ£ô[0m Configured read-before-edit guard hook
  [32mΓ£ô[0m Configured workflow guard hook (opt-in via hooks.workflow_guard)
  [32mΓ£ô[0m Configured commit validation hook (opt-in via config)
  [32mΓ£ô[0m Configured session state orientation hook (opt-in via config)
  [32mΓ£ô[0m Configured phase boundary detection hook (opt-in via config)
  Uninstalling GSD from [36mQwen Code[0m at [36m.\.qwen[0m

  [32mΓ£ô[0m Removed 78 Qwen Code skills
  [32mΓ£ô[0m Removed get-shit-done/
  [32mΓ£ô[0m Removed 36 GSD agents
  [32mΓ£ô[0m Removed 9 GSD hooks
  [32mΓ£ô[0m Removed GSD package.json
  [32mΓ£ô[0m Removed gsd-file-manifest.json

  [32mDone![0m GSD has been uninstalled from Qwen Code.
  Your other files and settings have been preserved.

  Installing for [36mQwen Code[0m to [36m.\.qwen[0m

  [32mΓ£ô[0m Installed 78 skills to skills/
  [32mΓ£ô[0m Installed get-shit-done
  [32mΓ£ô[0m Installed agents
  [32mΓ£ô[0m Installed CHANGELOG.md
  [32mΓ£ô[0m Wrote VERSION (1.36.0)
  [32mΓ£ô[0m Wrote package.json (CommonJS mode)
  [32mΓ£ô[0m Installed hooks (bundled)
  [32mΓ£ô[0m Wrote file manifest (gsd-file-manifest.json)

  [33mΓÜá[0m  Found 1 unreplaced .claude path reference(s) in 1 file(s):
     [2mC:\Users\akriz\AppData\Local\Temp\gsd-qwen-uninstall-7JJJCl\.qwen\get-shit-done\workflows\update.md[0m (1)
  [2mThese paths may not resolve correctly for Qwen Code.[0m
  [32mΓ£ô[0m Configured update check hook
  [32mΓ£ô[0m Configured context window monitor hook
  [32mΓ£ô[0m Configured prompt injection guard hook
  [32mΓ£ô[0m Configured read-before-edit guard hook
  [32mΓ£ô[0m Configured workflow guard hook (opt-in via hooks.workflow_guard)
  [32mΓ£ô[0m Configured commit validation hook (opt-in via config)
  [32mΓ£ô[0m Configured session state orientation hook (opt-in via config)
  [32mΓ£ô[0m Configured phase boundary detection hook (opt-in via config)
  Uninstalling GSD from [36mQwen Code[0m at [36m.\.qwen[0m

  [32mΓ£ô[0m Removed 78 Qwen Code skills
  [32mΓ£ô[0m Removed get-shit-done/
  [32mΓ£ô[0m Removed 36 GSD agents
  [32mΓ£ô[0m Removed 9 GSD hooks
  [32mΓ£ô[0m Removed GSD package.json
  [32mΓ£ô[0m Removed gsd-file-manifest.json

  [32mDone![0m GSD has been uninstalled from Qwen Code.
  Your other files and settings have been preserved.

  Installing for [36mQwen Code[0m to [36m.\.qwen[0m

  [32mΓ£ô[0m Installed 78 skills to skills/
  [32mΓ£ô[0m Installed get-shit-done
  [32mΓ£ô[0m Installed agents
  [32mΓ£ô[0m Installed CHANGELOG.md
  [32mΓ£ô[0m Wrote VERSION (1.36.0)
  [32mΓ£ô[0m Wrote package.json (CommonJS mode)
  [32mΓ£ô[0m Installed hooks (bundled)
  [32mΓ£ô[0m Wrote file manifest (gsd-file-manifest.json)

  [33mΓÜá[0m  Found 1 unreplaced .claude path reference(s) in 1 file(s):
     [2mC:\Users\akriz\AppData\Local\Temp\gsd-qwen-refs-YS53tA\.qwen\get-shit-done\workflows\update.md[0m (1)
  [2mThese paths may not resolve correctly for Qwen Code.[0m
  [32mΓ£ô[0m Configured update check hook
  [32mΓ£ô[0m Configured context window monitor hook
  [32mΓ£ô[0m Configured prompt injection guard hook
  [32mΓ£ô[0m Configured read-before-edit guard hook
  [32mΓ£ô[0m Configured workflow guard hook (opt-in via hooks.workflow_guard)
  [32mΓ£ô[0m Configured commit validation hook (opt-in via config)
  [32mΓ£ô[0m Configured session state orientation hook (opt-in via config)
  [32mΓ£ô[0m Configured phase boundary detection hook (opt-in via config)
  Installing for [36mQwen Code[0m to [36m.\.qwen[0m

  [32mΓ£ô[0m Installed 78 skills to skills/
  [32mΓ£ô[0m Installed get-shit-done
  [32mΓ£ô[0m Installed agents
  [32mΓ£ô[0m Installed CHANGELOG.md
  [32mΓ£ô[0m Wrote VERSION (1.36.0)
  [32mΓ£ô[0m Wrote package.json (CommonJS mode)
  [32mΓ£ô[0m Installed hooks (bundled)
  [32mΓ£ô[0m Wrote file manifest (gsd-file-manifest.json)

  [33mΓÜá[0m  Found 1 unreplaced .claude path reference(s) in 1 file(s):
     [2mC:\Users\akriz\AppData\Local\Temp\gsd-qwen-refs-PETbej\.qwen\get-shit-done\workflows\update.md[0m (1)
  [2mThese paths may not resolve correctly for Qwen Code.[0m
  [32mΓ£ô[0m Configured update check hook
  [32mΓ£ô[0m Configured context window monitor hook
  [32mΓ£ô[0m Configured prompt injection guard hook
  [32mΓ£ô[0m Configured read-before-edit guard hook
  [32mΓ£ô[0m Configured workflow guard hook (opt-in via hooks.workflow_guard)
  [32mΓ£ô[0m Configured commit validation hook (opt-in via config)
  [32mΓ£ô[0m Configured session state orientation hook (opt-in via config)
  [32mΓ£ô[0m Configured phase boundary detection hook (opt-in via config)
  Installing for [36mQwen Code[0m to [36m.\.qwen[0m

  [32mΓ£ô[0m Installed 78 skills to skills/
  [32mΓ£ô[0m Installed get-shit-done
  [32mΓ£ô[0m Installed agents
  [32mΓ£ô[0m Installed CHANGELOG.md
  [32mΓ£ô[0m Wrote VERSION (1.36.0)
  [32mΓ£ô[0m Wrote package.json (CommonJS mode)
  [32mΓ£ô[0m Installed hooks (bundled)
  [32mΓ£ô[0m Wrote file manifest (gsd-file-manifest.json)

  [33mΓÜá[0m  Found 1 unreplaced .claude path reference(s) in 1 file(s):
     [2mC:\Users\akriz\AppData\Local\Temp\gsd-qwen-refs-M68Drq\.qwen\get-shit-done\workflows\update.md[0m (1)
  [2mThese paths may not resolve correctly for Qwen Code.[0m
  [32mΓ£ô[0m Configured update check hook
  [32mΓ£ô[0m Configured context window monitor hook
  [32mΓ£ô[0m Configured prompt injection guard hook
  [32mΓ£ô[0m Configured read-before-edit guard hook
  [32mΓ£ô[0m Configured workflow guard hook (opt-in via hooks.workflow_guard)
  [32mΓ£ô[0m Configured commit validation hook (opt-in via config)
  [32mΓ£ô[0m Configured session state orientation hook (opt-in via config)
  [32mΓ£ô[0m Configured phase boundary detection hook (opt-in via config)
  Installing for [36mQwen Code[0m to [36m.\.qwen[0m

  [32mΓ£ô[0m Installed 78 skills to skills/
  [32mΓ£ô[0m Installed get-shit-done
  [32mΓ£ô[0m Installed agents
  [32mΓ£ô[0m Installed CHANGELOG.md
  [32mΓ£ô[0m Wrote VERSION (1.36.0)
  [32mΓ£ô[0m Wrote package.json (CommonJS mode)
  [32mΓ£ô[0m Installed hooks (bundled)
  [32mΓ£ô[0m Wrote file manifest (gsd-file-manifest.json)

  [33mΓÜá[0m  Found 1 unreplaced .claude path reference(s) in 1 file(s):
     [2mC:\Users\akriz\AppData\Local\Temp\gsd-qwen-refs-5v7rRC\.qwen\get-shit-done\workflows\update.md[0m (1)
  [2mThese paths may not resolve correctly for Qwen Code.[0m
  [32mΓ£ô[0m Configured update check hook
  [32mΓ£ô[0m Configured context window monitor hook
  [32mΓ£ô[0m Configured prompt injection guard hook
  [32mΓ£ô[0m Configured read-before-edit guard hook
  [32mΓ£ô[0m Configured workflow guard hook (opt-in via hooks.workflow_guard)
  [32mΓ£ô[0m Configured commit validation hook (opt-in via config)
  [32mΓ£ô[0m Configured session state orientation hook (opt-in via config)
  [32mΓ£ô[0m Configured phase boundary detection hook (opt-in via config)
Γû╢ Qwen Code runtime directory mapping
  Γ£ö maps Qwen to .qwen for local installs (0.9942ms)
  Γ£ö maps Qwen to ~/.qwen for global installs (0.4801ms)
  Γ£ö returns .qwen config fragments for local and global installs (0.274ms)
Γ£ö Qwen Code runtime directory mapping (2.993ms)
Γû╢ getGlobalDir (Qwen Code)
  Γ£ö returns ~/.qwen with no env var or explicit dir (1.8427ms)
  Γ£ö returns explicit dir when provided (0.5131ms)
  Γ£ö respects QWEN_CONFIG_DIR env var (0.6273ms)
  Γ£ö explicit dir takes priority over QWEN_CONFIG_DIR (0.6471ms)
  Γ£ö does not break other runtimes (0.674ms)
Γ£ö getGlobalDir (Qwen Code) (4.8435ms)
Γû╢ Qwen Code local install/uninstall
  Γ£ö installs GSD into ./.qwen and removes it cleanly (1783.4354ms)
Γ£ö Qwen Code local install/uninstall (1783.6107ms)
Γû╢ E2E: Qwen Code uninstall skills cleanup
  Γ£ö removes all gsd-* skill directories on --qwen --uninstall (3255.1534ms)
  Γ£ö preserves non-GSD skill directories during --qwen --uninstall (5352.4139ms)
  Γ£ö removes engine directory on --qwen --uninstall (7728.3194ms)
Γ£ö E2E: Qwen Code uninstall skills cleanup (16336.5424ms)
Γû╢ Qwen install contains no leaked Claude references (#2112)
  Γ£ö skills contain no CLAUDE.md or Claude Code references (2359.2493ms)
  Γ£ö agents contain no CLAUDE.md or Claude Code references (2278.9589ms)
  Γ£ö hooks contain no .claude/ path references (2296.5266ms)
  Γ£ö full tree scan finds zero Claude references outside CHANGELOG.md (2947.624ms)
Γ£ö Qwen install contains no leaked Claude references (#2112) (9882.9387ms)

[36m   ΓûêΓûêΓûêΓûêΓûêΓûêΓòù ΓûêΓûêΓûêΓûêΓûêΓûêΓûêΓòùΓûêΓûêΓûêΓûêΓûêΓûêΓòù
  ΓûêΓûêΓòöΓòÉΓòÉΓòÉΓòÉΓò¥ ΓûêΓûêΓòöΓòÉΓòÉΓòÉΓòÉΓò¥ΓûêΓûêΓòöΓòÉΓòÉΓûêΓûêΓòù
  ΓûêΓûêΓòæ  ΓûêΓûêΓûêΓòùΓûêΓûêΓûêΓûêΓûêΓûêΓûêΓòùΓûêΓûêΓòæ  ΓûêΓûêΓòæ
  ΓûêΓûêΓòæ   ΓûêΓûêΓòæΓòÜΓòÉΓòÉΓòÉΓòÉΓûêΓûêΓòæΓûêΓûêΓòæ  ΓûêΓûêΓòæ
  ΓòÜΓûêΓûêΓûêΓûêΓûêΓûêΓòöΓò¥ΓûêΓûêΓûêΓûêΓûêΓûêΓûêΓòæΓûêΓûêΓûêΓûêΓûêΓûêΓòöΓò¥
   ΓòÜΓòÉΓòÉΓòÉΓòÉΓòÉΓò¥ ΓòÜΓòÉΓòÉΓòÉΓòÉΓòÉΓòÉΓò¥ΓòÜΓòÉΓòÉΓòÉΓòÉΓòÉΓò¥[0m

  Get Shit Done [2mv1.36.0[0m
  A meta-prompting, context engineering and spec-driven
  development system for Claude Code, OpenCode, Gemini, Kilo, Codex, Copilot, Antigravity, Cursor, Windsurf, Augment, Trae, Qwen Code, Cline and CodeBuddy by T├éCHES.

Γû╢ Qwen Code: convertClaudeCommandToClaudeSkill
  Γ£ö preserves allowed-tools multiline YAML list (2.304ms)
  Γ£ö preserves argument-hint (0.7047ms)
  Γ£ö converts name format from gsd:xxx to skill naming (0.3277ms)
  Γ£ö preserves body content unchanged (0.2835ms)
  Γ£ö produces valid SKILL.md frontmatter starting with --- (0.3219ms)
Γ£ö Qwen Code: convertClaudeCommandToClaudeSkill (6.2063ms)
Γû╢ Qwen Code: copyCommandsAsClaudeSkills
  Γ£ö creates skills/gsd-xxx/SKILL.md directory structure (31.3908ms)
  Γ£ö replaces ~/.claude/ paths with pathPrefix (21.1234ms)
  Γ£ö replaces $HOME/.claude/ paths with pathPrefix (19.7538ms)
  Γ£ö removes stale gsd- skills before installing new ones (18.7202ms)
  Γ£ö preserves agent field in frontmatter (13.1875ms)
Γ£ö Qwen Code: copyCommandsAsClaudeSkills (104.9771ms)
Γû╢ Qwen Code: SKILL.md format validation
  Γ£ö SKILL.md frontmatter is valid YAML structure (0.6279ms)
Γ£ö Qwen Code: SKILL.md format validation (0.7956ms)
Γû╢ gsd-planner reachability_check step
  Γ£ö planner file exists (2.9941ms)
  Γ£ö contains reachability_check step (0.2995ms)
  Γ£ö reachability_check appears after derive_must_haves (1.4747ms)
  Γ£ö reachability_check appears before estimate_scope (0.3382ms)
  Γ£ö reachability_check includes creation path check (0.2781ms)
  Γ£ö reachability_check includes UNREACHABLE marker (0.2358ms)
  Γ£ö file stays under 50000 char limit (CRLF-normalized) (0.6618ms)
Γ£ö gsd-planner reachability_check step (8.3443ms)
Γû╢ gsd-read-guard hook
  Γ£ö injects read-first guidance when Write targets an existing file (190.6264ms)
  Γ£ö injects read-first guidance when Edit targets an existing file (153.5695ms)
  Γ£ö does nothing for Write to a new file (file does not exist) (150.7839ms)
  Γ£ö does nothing for non-Write/Edit tools (163.6114ms)
  Γ£ö does nothing for Read tool (165.6601ms)
  Γ£ö exits cleanly on invalid JSON input (144.1276ms)
  Γ£ö exits cleanly when tool_input is missing (173.0773ms)
  Γ£ö guidance message includes the filename (160.7543ms)
  Γ£ö guidance message instructs to use Read tool before editing (197.5256ms)
  Γ£ö hook is registered in build-hooks.js HOOKS_TO_COPY (2.0184ms)
  Γ£ö hook is registered in install.js uninstall hook list (3.2912ms)
  Γ£ö exits cleanly when tool_input.file_path is non-string (258.2756ms)
  Γ£ö skips advisory on Claude Code runtime (CLAUDE_SESSION_ID set) (201.7879ms)
Γ£ö gsd-read-guard hook (1968.4999ms)
Γû╢ saveLocalPatches ΓÇö patch backup and pristine hash tracking (#1469)
  Γ£ö detects modified files and backs them up (25.4076ms)
  Γ£ö backup-meta.json includes pristine_hashes for three-way merge (17.2434ms)
  Γ£ö backup-meta.json includes from_version and from_manifest_timestamp (18.7309ms)
  Γ£ö unmodified files are not backed up (9.4076ms)
  Γ£ö multiple modified files all get pristine hashes (21.0504ms)
  Γ£ö returns empty array when no manifest exists (2.2014ms)
  Γ£ö returns empty array when manifest is malformed (4.0871ms)
Γ£ö saveLocalPatches ΓÇö patch backup and pristine hash tracking (#1469) (100.2042ms)
Γû╢ reapply-patches workflow contract (#1469)
  Γ£ö workflow file contains critical invariant about never skipping backed-up files (0.8042ms)
  Γ£ö workflow file describes three-way merge strategy (0.5596ms)
  Γ£ö workflow file describes git-aware detection path (0.682ms)
Γ£ö reapply-patches workflow contract (#1469) (2.444ms)
Γû╢ reapply-patches gated hunk verification (#1999)
  Γ£ö Step 4 requires a Hunk Verification Table output format (0.2959ms)
  Γ£ö Hunk Verification Table includes required columns: file, hunk_id, signature_line, line_count, verified (0.2785ms)
  Γ£ö Step 5 references the Hunk Verification Table before proceeding (0.4997ms)
  Γ£ö Step 5 includes an explicit gate that stops execution when verification fails (0.2877ms)
Γ£ö reapply-patches gated hunk verification (#1999) (2.2533ms)
Γû╢ reapply-patches post-merge verification (#1758)
  Γ£ö workflow file contains "Post-merge verification" section (1.179ms)
  Γ£ö workflow mentions "Hunk presence check" (0.2955ms)
  Γ£ö workflow mentions "Line-count check" (0.2347ms)
  Γ£ö success criteria includes verification (1.5148ms)
  Γ£ö verification warns but never auto-reverts (0.3692ms)
  Γ£ö verification references backup availability for recovery (0.312ms)
  Γ£ö verification tracks per-file status (0.2415ms)
  Γ£ö verification section appears between merge-write and status-report steps (0.4622ms)
Γ£ö reapply-patches post-merge verification (#1758) (8.2534ms)
Γû╢ review.models.<cli> config key
  Γ£ö isValidConfigKey accepts review.models.gemini (453.3761ms)
  Γ£ö isValidConfigKey accepts review.models.codex (420.3754ms)
  Γ£ö review.model is rejected and suggests review.models.<cli-name> (397.8395ms)
  Γ£ö round-trip: config-set then config-get for a model ID (628.8565ms)
  Γ£ö round-trip: config-set null then config-get returns "null" (670.388ms)
Γ£ö review.models.<cli> config key (2573.5729ms)
Γû╢ roadmap get-phase fallback to full ROADMAP.md (#1634)
  Γ£ö active milestone phase still resolves correctly (223.2661ms)
  Γ£ö backlog phase outside current milestone resolves via fallback (221.5455ms)
  Γ£ö future planned milestone phase resolves via fallback (223.1743ms)
  Γ£ö truly missing phase still returns found: false (248.8024ms)
  Γ£ö backlog checklist-only phase triggers malformed_roadmap via fallback (228.4114ms)
  Γ£ö checklist in milestone does not block full header match in wider roadmap (218.3965ms)
  Γ£ö section extraction from fallback includes correct content boundaries (195.8524ms)
Γ£ö roadmap get-phase fallback to full ROADMAP.md (#1634) (1562.0312ms)
Γû╢ roadmap get-phase command
  Γ£ö extracts phase section from ROADMAP.md (200.3325ms)
  Γ£ö returns not found for missing phase (252.0603ms)
  Γ£ö handles decimal phase numbers (196.4187ms)
  Γ£ö extracts full section content (204.8485ms)
  Γ£ö handles missing ROADMAP.md gracefully (187.3947ms)
  Γ£ö accepts ## phase headers (two hashes) (172.6504ms)
  Γ£ö extracts goal when colon is outside bold (**Goal**: format) (189.773ms)
  Γ£ö extracts goal for both colon-inside and colon-outside bold formats (353.1777ms)
  Γ£ö detects malformed ROADMAP with summary list but no detail sections (156.1197ms)
Γ£ö roadmap get-phase command (1915.8471ms)
Γû╢ roadmap analyze command
  Γ£ö missing ROADMAP.md returns error (217.2198ms)
  Γ£ö parses phases with goals and disk status (251.3222ms)
  Γ£ö extracts goals and dependencies (274.128ms)
  Γ£ö extracts goals and depends_on with colon outside bold (**Goal**: format) (248.475ms)
  Γ£ö handles mixed colon-inside and colon-outside bold formats in analyze (1458.7927ms)
Γ£ö roadmap analyze command (2450.7699ms)
Γû╢ roadmap analyze disk status variants
  Γ£ö returns researched status for phase dir with only RESEARCH.md (348.1518ms)
  Γ£ö returns discussed status for phase dir with only CONTEXT.md (361.9876ms)
  Γ£ö returns empty status for phase dir with no recognized files (291.2961ms)
Γ£ö roadmap analyze disk status variants (1002.2249ms)
Γû╢ roadmap analyze milestone extraction
  Γ£ö extracts milestone headings and version numbers (286.1528ms)
Γ£ö roadmap analyze milestone extraction (286.4762ms)
Γû╢ roadmap analyze missing phase details
  Γ£ö detects checklist-only phases missing detail sections (238.8322ms)
  Γ£ö returns null when all checklist phases have detail sections (274.1056ms)
Γ£ö roadmap analyze missing phase details (513.3946ms)
Γû╢ roadmap get-phase success criteria
  Γ£ö extracts success_criteria array from phase section (249.0567ms)
  Γ£ö returns empty array when no success criteria present (191.4321ms)
Γ£ö roadmap get-phase success criteria (440.8965ms)
Γû╢ roadmap update-plan-progress command
  Γ£ö missing phase number returns error (195.5743ms)
  Γ£ö nonexistent phase returns error (266.0835ms)
  Γ£ö no plans found returns updated false (283.0025ms)
  Γ£ö updates progress for partial completion (365.4629ms)
  Γ£ö updates progress and checks checkbox on completion (253.5459ms)
  Γ£ö missing ROADMAP.md returns updated false (245.2698ms)
  Γ£ö marks completed plan checkboxes (284.5723ms)
  Γ£ö preserves Milestone column in 5-column progress table (330.8292ms)
Γ£ö roadmap update-plan-progress command (2225.4429ms)

[36m   ΓûêΓûêΓûêΓûêΓûêΓûêΓòù ΓûêΓûêΓûêΓûêΓûêΓûêΓûêΓòùΓûêΓûêΓûêΓûêΓûêΓûêΓòù
  ΓûêΓûêΓòöΓòÉΓòÉΓòÉΓòÉΓò¥ ΓûêΓûêΓòöΓòÉΓòÉΓòÉΓòÉΓò¥ΓûêΓûêΓòöΓòÉΓòÉΓûêΓûêΓòù
  ΓûêΓûêΓòæ  ΓûêΓûêΓûêΓòùΓûêΓûêΓûêΓûêΓûêΓûêΓûêΓòùΓûêΓûêΓòæ  ΓûêΓûêΓòæ
  ΓûêΓûêΓòæ   ΓûêΓûêΓòæΓòÜΓòÉΓòÉΓòÉΓòÉΓûêΓûêΓòæΓûêΓûêΓòæ  ΓûêΓûêΓòæ
  ΓòÜΓûêΓûêΓûêΓûêΓûêΓûêΓòöΓò¥ΓûêΓûêΓûêΓûêΓûêΓûêΓûêΓòæΓûêΓûêΓûêΓûêΓûêΓûêΓòöΓò¥
   ΓòÜΓòÉΓòÉΓòÉΓòÉΓòÉΓò¥ ΓòÜΓòÉΓòÉΓòÉΓòÉΓòÉΓòÉΓò¥ΓòÜΓòÉΓòÉΓòÉΓòÉΓòÉΓò¥[0m

  Get Shit Done [2mv1.36.0[0m
  A meta-prompting, context engineering and spec-driven
  development system for Claude Code, OpenCode, Gemini, Kilo, Codex, Copilot, Antigravity, Cursor, Windsurf, Augment, Trae, Qwen Code, Cline and CodeBuddy by T├éCHES.

Γû╢ OpenCode agent conversion (isAgent: true)
  Γ£ö keeps name: field for agents (2.1844ms)
  Γ£ö does not add model: inherit (0.4011ms)
  Γ£ö adds mode: subagent (0.2715ms)
  Γ£ö strips tools: field (0.3019ms)
  Γ£ö strips skills: array (0.2552ms)
  Γ£ö strips color: field (0.2474ms)
  Γ£ö strips commented hooks block (0.2565ms)
  Γ£ö keeps description: field (0.2221ms)
  Γ£ö preserves body content (0.2619ms)
  Γ£ö applies body text replacements (0.4966ms)
Γ£ö OpenCode agent conversion (isAgent: true) (7.0634ms)
Γû╢ OpenCode command conversion (isAgent: false, default)
  Γ£ö strips name: field for commands (0.3495ms)
  Γ£ö does not add model: or mode: for commands (0.198ms)
  Γ£ö keeps description: for commands (0.1447ms)
Γ£ö OpenCode command conversion (isAgent: false, default) (0.9298ms)
Γû╢ Kilo agent conversion (isAgent: true)
  Γ£ö keeps name: field for agents (1.4322ms)
  Γ£ö does not add model: inherit (0.214ms)
  Γ£ö adds mode: subagent (0.2149ms)
  Γ£ö strips tools: field (0.1473ms)
  Γ£ö strips skills: array (0.1253ms)
  Γ£ö strips color: field (0.1113ms)
  Γ£ö strips commented hooks block (0.0878ms)
  Γ£ö keeps description: field (0.0891ms)
  Γ£ö preserves body content (0.0906ms)
  Γ£ö applies body text replacements (0.1938ms)
Γ£ö Kilo agent conversion (isAgent: true) (3.1171ms)
Γû╢ Kilo command conversion (isAgent: false, default)
  Γ£ö strips name: field for commands (0.2204ms)
  Γ£ö does not add model: or mode: for commands (0.1533ms)
  Γ£ö keeps description: for commands (0.1136ms)
Γ£ö Kilo command conversion (isAgent: false, default) (0.6316ms)
Γû╢ convertClaudeToGeminiAgent
  Γ£ö drops unsupported skills frontmatter while keeping converted tools (0.8552ms)
Γ£ö convertClaudeToGeminiAgent (0.9712ms)
Γû╢ neutralizeAgentReferences
  Γ£ö replaces standalone Claude with "the agent" (0.2041ms)
  Γ£ö preserves Claude Code (product name) (0.1484ms)
  Γ£ö preserves Claude model names (0.1765ms)
  Γ£ö replaces CLAUDE.md with runtime instruction file (0.1158ms)
  Γ£ö uses different instruction file per runtime (0.1107ms)
  Γ£ö removes AGENTS.md load-blocking instruction (0.3303ms)
  Γ£ö preserves claude- prefixes (CSS classes, package names) (0.1403ms)
Γ£ö neutralizeAgentReferences (1.5051ms)
Γû╢ scan command
  Γ£ö command file exists with correct name and description (1.6909ms)
  Γ£ö workflow file exists (0.3975ms)
  Γ£ö workflow has focus-to-document mapping table (0.5257ms)
  Γ£ö all 5 focus areas are documented (0.7301ms)
  Γ£ö overwrite prompt is mentioned (0.5558ms)
  Γ£ö workflow references gsd-codebase-mapper (1.4809ms)
Γ£ö scan command (7.3072ms)
Γû╢ detectSchemaFiles
  Γ£ö detects Payload CMS collection files (2.3607ms)
  Γ£ö detects Payload CMS globals files (0.4552ms)
  Γ£ö detects Prisma schema file (0.6254ms)
  Γ£ö detects Prisma multi-file schema (0.3995ms)
  Γ£ö detects Drizzle schema files (0.2986ms)
  Γ£ö detects Drizzle schema in src/db/ (0.2028ms)
  Γ£ö detects Drizzle multi-file schemas (0.1879ms)
  Γ£ö detects Supabase migration files (0.3081ms)
  Γ£ö detects TypeORM entity files (0.2926ms)
  Γ£ö detects TypeORM migration files (0.559ms)
  Γ£ö returns not detected for non-schema files (0.3543ms)
  Γ£ö returns empty for empty file list (0.1973ms)
  Γ£ö detects multiple ORMs in same file list (1.3364ms)
  Γ£ö handles Windows-style paths (0.2384ms)
Γ£ö detectSchemaFiles (10.2268ms)
Γû╢ detectSchemaOrm
  Γ£ö returns push command for Payload CMS (0.295ms)
  Γ£ö returns push command for Prisma (0.1545ms)
  Γ£ö returns push command for Drizzle (0.1155ms)
  Γ£ö returns push command for Supabase (0.1438ms)
  Γ£ö returns push command for TypeORM (0.112ms)
  Γ£ö returns null for unknown ORM (0.1204ms)
Γ£ö detectSchemaOrm (1.2239ms)
Γû╢ checkSchemaDrift
  Γ£ö returns no drift when no schema files changed (0.5028ms)
  Γ£ö detects drift when schema files changed but no push executed (0.299ms)
  Γ£ö no drift when schema files changed AND push was executed (payload) (0.1562ms)
  Γ£ö no drift when schema files changed AND push was executed (prisma) (0.1343ms)
  Γ£ö no drift when schema files changed AND push was executed (drizzle) (0.1819ms)
  Γ£ö no drift when schema files changed AND push was executed (supabase) (0.2251ms)
  Γ£ö no drift when schema files changed AND push was executed (typeorm) (0.1354ms)
  Γ£ö respects GSD_SKIP_SCHEMA_CHECK override (0.1207ms)
  Γ£ö detects drift with multiple ORMs and partial push (0.1529ms)
  Γ£ö includes actionable message with push commands (0.166ms)
Γ£ö checkSchemaDrift (2.3724ms)
Γû╢ verify schema-drift CLI command
  Γ£ö passes when no schema files in phase diff (1746.9477ms)
  Γ£ö detects drift when schema files in plan but no push evidence (1917.3972ms)
  Γ£ö passes when schema files in plan AND push evidence in summary (2280.7798ms)
  Γ£ö respects skip flag (3092.153ms)
Γ£ö verify schema-drift CLI command (9037.787ms)
Γû╢ SECURE: gsd-security-auditor agent
  Γ£ö agent file exists (1.9903ms)
  Γ£ö has valid frontmatter with name, description, tools, color (0.7ms)
  Γ£ö name is gsd-security-auditor (0.6042ms)
  Γ£ö tools include Read, Write, Bash, Glob, Grep (0.6685ms)
  Γ£ö has <role> section (0.627ms)
  Γ£ö has <execution_flow> section (0.6966ms)
  Γ£ö has <structured_returns> with SECURED, OPEN_THREATS, ESCALATE (0.9041ms)
  Γ£ö has <success_criteria> section (1.091ms)
  Γ£ö has READ-ONLY rule ΓÇö does NOT modify implementation files (2.0508ms)
Γ£ö SECURE: gsd-security-auditor agent (12.4286ms)
Γû╢ SECURE: secure-phase command file
  Γ£ö command file exists (1.8842ms)
  Γ£ö has valid frontmatter with name gsd:secure-phase (0.5823ms)
  Γ£ö has allowed-tools list (0.4996ms)
  Γ£ö contains reference to secure-phase.md workflow (0.5265ms)
  Γ£ö has <objective> section mentioning states A, B, C (0.4209ms)
Γ£ö SECURE: secure-phase command file (4.5398ms)
Γû╢ SECURE: secure-phase workflow file
  Γ£ö workflow file exists (0.3492ms)
  Γ£ö contains gsd-security-auditor reference (0.4109ms)
  Γ£ö contains threats_open enforcement logic (0.6764ms)
  Γ£ö contains security_enforcement config check (0.4113ms)
  Γ£ö contains SECURITY.md template reference (0.3652ms)
  Γ£ö has success_criteria section (0.706ms)
Γ£ö SECURE: secure-phase workflow file (3.2498ms)
Γû╢ SECURE: SECURITY.md template
  Γ£ö template exists (0.3296ms)
  Γ£ö has YAML frontmatter with required fields (0.6568ms)
  Γ£ö has ## Trust Boundaries section (0.4006ms)
  Γ£ö has ## Threat Register table with required columns (0.4001ms)
  Γ£ö has ## Accepted Risks Log section (0.3835ms)
  Γ£ö has ## Security Audit Trail section (0.351ms)
  Γ£ö has sign-off checklist (0.3412ms)
  Γ£ö threats_open field is present (terminal condition field) (0.4301ms)
Γ£ö SECURE: SECURITY.md template (3.6638ms)
Γû╢ SECURE: config.json security defaults
  Γ£ö config template exists (0.3467ms)
  Γ£ö has workflow.security_enforcement set to true (0.5201ms)
  Γ£ö has workflow.security_asvs_level set to 1 (0.35ms)
  Γ£ö has workflow.security_block_on set to "high" (0.3257ms)
  Γ£ö security_enforcement appears after nyquist_validation (opt-out pattern parity) (0.3184ms)
Γ£ö SECURE: config.json security defaults (2.1263ms)
Γû╢ SECURE: VALIDATION.md security columns
  Γ£ö VALIDATION.md template exists (0.2963ms)
  Γ£ö contains Threat Ref column header (0.4474ms)
  Γ£ö contains Secure Behavior column header (0.4258ms)
  Γ£ö both columns appear in the Per-Task Verification Map table (0.4566ms)
Γ£ö SECURE: VALIDATION.md security columns (1.874ms)
Γû╢ SECURE: threat-model-anchored behaviour
  Γ£ö agent does NOT contain "scan for vulnerabilities" (verifies, not scans) (0.5056ms)
  Γ£ö agent does NOT contain "find vulnerabilities" (verifies, not scans) (0.41ms)
  Γ£ö agent contains mitigate, accept, transfer disposition types (0.3602ms)
  Γ£ö agent contains OPEN and CLOSED status values (0.4035ms)
  Γ£ö workflow contains enforcing gate (threats_open + block pattern) (0.523ms)
Γ£ö SECURE: threat-model-anchored behaviour (2.4648ms)
Γû╢ security scan scripts exist and are executable
  Γ£ö injection script exists (3.8342ms)
  Γ£ö injection script is executable (0.4087ms)
  Γ£ö injection script has bash shebang (0.7581ms)
  Γ£ö base64 script exists (0.5603ms)
  Γ£ö base64 script is executable (0.1818ms)
  Γ£ö base64 script has bash shebang (0.5785ms)
  Γ£ö secret script exists (0.3333ms)
  Γ£ö secret script is executable (0.219ms)
  Γ£ö secret script has bash shebang (0.6353ms)
Γ£ö security scan scripts exist and are executable (10.8139ms)
∩╣ú prompt-injection-scan.sh (0.1497ms) # SKIP
∩╣ú base64-scan.sh (0.1497ms) # SKIP
∩╣ú secret-scan.sh (0.1951ms) # SKIP
Γû╢ ignore files
  Γ£ö .base64scanignore exists (1.025ms)
  Γ£ö .secretscanignore exists (0.6433ms)
Γ£ö ignore files (2.065ms)
Γû╢ security-scan.yml workflow
  Γ£ö workflow file exists (2.3379ms)
  Γ£ö workflow uses SHA-pinned checkout action (0.8256ms)
  Γ£ö workflow uses fetch-depth: 0 for diff access (0.6169ms)
  Γ£ö workflow runs all three scans (0.6009ms)
  Γ£ö workflow includes planning directory check (0.5057ms)
  Γ£ö workflow triggers on pull_request (0.418ms)
  Γ£ö workflow does not use direct github context in run commands (0.6038ms)
Γ£ö security-scan.yml workflow (6.3622ms)
Γû╢ validatePath
  Γ£ö allows relative paths within base (2.4569ms)
  Γ£ö allows nested relative paths (0.7456ms)
  Γ£ö rejects ../ traversal escaping base (0.7674ms)
  Γ£ö rejects absolute paths by default (0.5401ms)
  Γ£ö allows absolute paths within base when opted in (0.7914ms)
  Γ£ö rejects absolute paths outside base even when opted in (0.6463ms)
  Γ£ö rejects null bytes (0.313ms)
  Γ£ö rejects empty path (0.3034ms)
  Γ£ö rejects non-string path (0.316ms)
  Γ£ö handles . and ./ correctly (stays in base) (1.3891ms)
  Γ£ö handles complex traversal like src/../../.. (0.9514ms)
  Γ£ö allows path that resolves back into base after .. (0.6865ms)
Γ£ö validatePath (13.1115ms)
Γû╢ requireSafePath
  Γ£ö returns resolved path for safe input (1.158ms)
  Γ£ö throws on traversal attempt (1.4669ms)
Γ£ö requireSafePath (2.8926ms)
Γû╢ scanForInjection
  Γ£ö clean text returns clean: true (2.2535ms)
  Γ£ö detects "ignore previous instructions" (1.4111ms)
  Γ£ö detects "you are now a" (0.295ms)
  Γ£ö detects <system> tags (0.2151ms)
  Γ£ö does not false-positive on generic types like Promise<User> (0.3009ms)
  Γ£ö detects [SYSTEM] markers (0.2402ms)
  Γ£ö detects [INST] markers (0.1932ms)
  Γ£ö detects <<SYS>> markers (0.2186ms)
  Γ£ö detects "pretend you are" (0.269ms)
  Γ£ö detects "override system prompt" (0.2142ms)
  Γ£ö detects exfiltration attempts (0.2058ms)
  Γ£ö returns empty for null/undefined (0.1813ms)
  Γ£ö strict mode detects invisible unicode (1.8067ms)
  Γ£ö strict mode detects prompt stuffing (3.6979ms)
Γ£ö scanForInjection (12.4499ms)
Γû╢ sanitizeForPrompt
  Γ£ö strips zero-width characters (0.7495ms)
  Γ£ö neutralizes <system> tags (0.3936ms)
  Γ£ö neutralizes <assistant> tags (0.3019ms)
  Γ£ö neutralizes [SYSTEM] markers (0.2426ms)
  Γ£ö neutralizes <<SYS>> markers (0.1694ms)
  Γ£ö preserves normal text (0.2427ms)
  Γ£ö preserves normal HTML tags (0.177ms)
  Γ£ö handles null/undefined gracefully (0.1469ms)
Γ£ö sanitizeForPrompt (2.8654ms)
Γû╢ sanitizeForDisplay
  Γ£ö removes protocol leak lines (0.7097ms)
  Γ£ö keeps normal user-facing copy intact (0.1695ms)
Γ£ö sanitizeForDisplay (1.0204ms)
Γû╢ validateShellArg
  Γ£ö allows normal strings (0.4983ms)
  Γ£ö allows strings with spaces (0.2392ms)
  Γ£ö rejects null bytes (0.2055ms)
  Γ£ö rejects command substitution with $() (0.2754ms)
  Γ£ö rejects command substitution with backticks (0.3979ms)
  Γ£ö rejects empty/null input (0.2741ms)
  Γ£ö allows dollar signs not in substitution context (0.1847ms)
Γ£ö validateShellArg (2.5026ms)
Γû╢ safeJsonParse
  Γ£ö parses valid JSON (1.8454ms)
  Γ£ö handles malformed JSON gracefully (0.3216ms)
  Γ£ö rejects oversized input (0.2102ms)
  Γ£ö rejects empty input (0.1726ms)
  Γ£ö respects custom maxLength (0.1521ms)
  Γ£ö uses custom label in errors (0.275ms)
Γ£ö safeJsonParse (3.917ms)
Γû╢ validatePhaseNumber
  Γ£ö accepts simple integers (4.5264ms)
  Γ£ö accepts decimal phases (0.2088ms)
  Γ£ö accepts letter suffixes (0.2885ms)
  Γ£ö accepts custom project IDs (0.6718ms)
  Γ£ö rejects shell injection attempts (0.2208ms)
  Γ£ö rejects empty/null (0.1373ms)
  Γ£ö rejects excessively long input (0.1465ms)
  Γ£ö rejects arbitrary strings (0.1789ms)
Γ£ö validatePhaseNumber (6.8563ms)
Γû╢ validateFieldName
  Γ£ö accepts typical STATE.md fields (2.1846ms)
  Γ£ö rejects regex metacharacters (0.2768ms)
  Γ£ö rejects empty/null (0.177ms)
  Γ£ö rejects excessively long names (0.1565ms)
  Γ£ö must start with a letter (0.1664ms)
Γ£ö validateFieldName (3.3031ms)
Γû╢ gsd-context-monitor session_id path traversal
  Γ£ö exits silently for session_id with ../ traversal (190.503ms)
  Γ£ö exits silently for session_id with / separator (175.1109ms)
  Γ£ö exits silently for session_id with backslash (151.8826ms)
Γ£ö gsd-context-monitor session_id path traversal (517.9186ms)
Γû╢ gsd-statusline session_id path traversal
  Γ£ö does not write bridge file for session_id with ../ traversal (214.1693ms)
  Γ£ö does not write bridge file for session_id with forward slash (242.8548ms)
  Γ£ö writes bridge file for safe session_id (328.1934ms)
Γ£ö gsd-statusline session_id path traversal (785.6418ms)
Γû╢ scanForInjection ΓÇö Unicode tag block (Layer 1)
  Γ£ö strict mode detects Unicode tag block characters U+E0000ΓÇôU+E007F (0.6483ms)
  Γ£ö strict mode detects U+E0020 (space tag) (0.2759ms)
  Γ£ö strict mode detects U+E007F (cancel tag) (0.2392ms)
  Γ£ö non-strict mode does not detect Unicode tag block (0.3377ms)
  Γ£ö clean text with no tag block passes strict mode (0.2068ms)
Γ£ö scanForInjection ΓÇö Unicode tag block (Layer 1) (2.0678ms)
Γû╢ scanForInjection ΓÇö encoding-obfuscation patterns (Layer 2)
  Γ£ö detects character-spacing attack "i g n o r e" (0.4313ms)
  Γ£ö detects character-spacing with 5 spaced letters (0.1812ms)
  Γ£ö does not false-positive on "a b c" with fewer than 4 spaced chars (0.134ms)
  Γ£ö detects <system> delimiter injection tag (0.1769ms)
  Γ£ö detects <assistant> delimiter injection tag (0.1471ms)
  Γ£ö detects <user> delimiter injection tag (0.1553ms)
  Γ£ö detects <human> delimiter injection tag (0.2736ms)
  Γ£ö delimiter injection is case-insensitive (0.279ms)
  Γ£ö detects long hex sequence payload (0.2415ms)
  Γ£ö does not flag short hex like 0x1234 (0.1496ms)
  Γ£ö does not flag normal 0x prefixed color code (0.1772ms)
Γ£ö scanForInjection ΓÇö encoding-obfuscation patterns (Layer 2) (2.9455ms)
Γû╢ validatePromptStructure
  Γ£ö is exported from security.cjs (0.5507ms)
  Γ£ö returns { valid, violations } shape (0.8035ms)
  Γ£ö accepts known valid tags in workflow files (0.2355ms)
  Γ£ö accepts known valid tags in agent files (0.1947ms)
  Γ£ö flags unknown XML tag in workflow file (0.2252ms)
  Γ£ö flags unknown XML tag in agent file (0.2024ms)
  Γ£ö does not flag closing tags (only opening are checked) (0.2463ms)
  Γ£ö returns valid for unknown fileType with any tags (0.1546ms)
  Γ£ö violation message includes fileType and tag name (0.1966ms)
  Γ£ö handles empty text gracefully (0.1403ms)
  Γ£ö handles null text gracefully (0.1289ms)
Γ£ö validatePromptStructure (3.6659ms)
Γû╢ scanEntropyAnomalies
  Γ£ö is exported from security.cjs (0.2469ms)
  Γ£ö returns { clean, findings } shape (0.3945ms)
  Γ£ö clean natural language text passes (0.516ms)
  Γ£ö detects high-entropy paragraph (random-character content) (0.3494ms)
  Γ£ö finding includes entropy value in bits/char (0.2793ms)
  Γ£ö skips paragraphs shorter than or equal to 50 chars (0.1412ms)
  Γ£ö handles empty text gracefully (0.153ms)
  Γ£ö handles null gracefully (0.4506ms)
  Γ£ö multiple paragraphs ΓÇö flags only high-entropy ones (0.5591ms)
Γ£ö scanEntropyAnomalies (5.2291ms)
Γû╢ seed scanning in new-milestone workflow (#2169)
  Γ£ö new-milestone.md mentions seed scanning (2.2514ms)
  Γ£ö new-milestone.md handles no-seeds case (0.6344ms)
  Γ£ö new-milestone.md handles auto-mode for seeds (0.6473ms)
  Γ£ö plant-seed.md still promises auto-surfacing during new-milestone (0.8756ms)
Γ£ö seed scanning in new-milestone workflow (#2169) (6.8141ms)
Γû╢ isNewer (semver comparison)
  Γ£ö newer major version (4.7828ms)
  Γ£ö newer minor version (0.454ms)
  Γ£ö newer patch version (0.3507ms)
  Γ£ö equal versions (0.3896ms)
  Γ£ö older version returns false (3.0663ms)
  Γ£ö installed ahead of npm (git install scenario) (0.4306ms)
  Γ£ö npm ahead of installed (real update available) (0.2936ms)
  Γ£ö pre-release suffix stripped (0.2669ms)
  Γ£ö pre-release on both sides (0.2716ms)
  Γ£ö null/undefined handled (0.3286ms)
  Γ£ö empty string handled (0.2016ms)
  Γ£ö two-segment version (missing patch) (0.2185ms)
Γ£ö isNewer (semver comparison) (16.231ms)
Γû╢ stripJsonComments (#1461)
  Γ£ö strips line comments (3.0052ms)
  Γ£ö strips block comments (0.3554ms)
  Γ£ö strips multi-line block comments (0.2886ms)
  Γ£ö preserves comments inside string values (2.084ms)
  Γ£ö handles trailing commas (0.6177ms)
  Γ£ö handles inline comments after values (0.5435ms)
  Γ£ö handles standard JSON (no comments) unchanged (0.4873ms)
  Γ£ö handles empty object (0.3469ms)
  Γ£ö handles real-world settings.json with comments (0.6083ms)
Γ£ö stripJsonComments (#1461) (12.1291ms)
Γû╢ readSettings null return on malformed files (#1461)
  Γ£ö install.js contains JSONC stripping in readSettings (2.9512ms)
  Γ£ö readSettings returns null on truly malformed files (not empty object) (3.0399ms)
  Γ£ö callers guard against null readSettings return (3.8053ms)
Γ£ö readSettings null return on malformed files (#1461) (10.3946ms)
Γû╢ bugs #2045 #2046: .sh hook paths must be absolute and quoted
  Γû╢ buildHookCommand
    Γ£ö returns a bash command for .sh hookName (1.8759ms)
    Γ£ö buildHookCommand produces bash runner for .sh and node runner for .js (0.8811ms)
  Γ£ö buildHookCommand (4.9083ms)
  Γû╢ gsd-validate-commit.sh command
    Γ£ö validateCommitCommand uses double-quoted path (fixes #2045 Windows spaces) (1.013ms)
    Γ£ö validateCommitCommand does not use bare localPrefix without quoting (fixes #2046 relative path) (0.7623ms)
  Γ£ö gsd-validate-commit.sh command (3.7961ms)
  Γû╢ gsd-session-state.sh command
    Γ£ö sessionStateCommand uses double-quoted path (fixes #2045 Windows spaces) (0.6216ms)
    Γ£ö sessionStateCommand does not use bare localPrefix without quoting (fixes #2046 relative path) (0.5798ms)
  Γ£ö gsd-session-state.sh command (1.7683ms)
  Γû╢ gsd-phase-boundary.sh command
    Γ£ö phaseBoundaryCommand uses double-quoted path (fixes #2045 Windows spaces) (0.5651ms)
    Γ£ö phaseBoundaryCommand does not use bare localPrefix without quoting (fixes #2046 relative path) (0.3093ms)
  Γ£ö gsd-phase-boundary.sh command (1.2016ms)
  Γ£ö global .sh hook commands use buildHookCommand, not unquoted string concat (0.6301ms)
  Γ£ö global .sh hook commands in source use bash with double-quoted path (1.5467ms)
Γ£ö bugs #2045 #2046: .sh hook paths must be absolute and quoted (16.1814ms)
[LEGACY] gsd-join-discord: missing allowed-tools:
[LEGACY] gsd-reapply-patches: missing allowed-tools:
[LEGACY] gsd-audit-uat: missing <process>
[LEGACY] gsd-extract_learnings: missing <process>
[LEGACY] gsd-graphify: missing <objective>
[LEGACY] gsd-graphify: missing <process>
[LEGACY] gsd-intel: missing <objective>
[LEGACY] gsd-intel: missing <process>
[LEGACY] gsd-join-discord: missing <process>
[LEGACY] gsd-reapply-patches: missing <objective>
[LEGACY] gsd-set-profile: missing <objective>
[LEGACY] gsd-set-profile: missing <process>
[LEGACY] gsd-ship: missing <process>
[LEGACY] gsd-workstreams: missing <objective>
[LEGACY] gsd-workstreams: missing <process>
[LEGACY] gsd-security-audit: <execution_context> path does not exist: @.github/get-shit-done/workflows/security-audit.md
[LEGACY] gsd-threat-scan: <execution_context> path does not exist: @.github/get-shit-done/workflows/threat-scan.md
[LEGACY] gsd-discuss-phase: has <runtime_note> but missing text_mode handling
[LEGACY] gsd-execute-phase: has <runtime_note> but missing text_mode handling
[LEGACY] gsd-new-project: has <runtime_note> but missing text_mode handling
[LEGACY] gsd-plan-phase: has <runtime_note> but missing text_mode handling
Γû╢ FRONTMATTER: required keys
  Γ£ö gsd-add-backlog has name, description, allowed-tools (4.175ms)
  Γ£ö gsd-add-phase has name, description, allowed-tools (2.6759ms)
  Γ£ö gsd-add-tests has name, description, allowed-tools (0.8169ms)
  Γ£ö gsd-add-todo has name, description, allowed-tools (0.6327ms)
  Γ£ö gsd-ai-integration-phase has name, description, allowed-tools (0.6245ms)
  Γ£ö gsd-analyze-dependencies has name, description, allowed-tools (0.5757ms)
  Γ£ö gsd-audit-fix has name, description, allowed-tools (0.5999ms)
  Γ£ö gsd-audit-milestone has name, description, allowed-tools (0.654ms)
  Γ£ö gsd-audit-uat has name, description, allowed-tools (0.6826ms)
  Γ£ö gsd-autonomous has name, description, allowed-tools (0.776ms)
  Γ£ö gsd-check-todos has name, description, allowed-tools (0.5781ms)
  Γ£ö gsd-cleanup has name, description, allowed-tools (0.5344ms)
  Γ£ö gsd-code-review has name, description, allowed-tools (0.5246ms)
  Γ£ö gsd-code-review-fix has name, description, allowed-tools (0.5327ms)
  Γ£ö gsd-complete-milestone has name, description, allowed-tools (0.5047ms)
  Γ£ö gsd-debug has name, description, allowed-tools (0.5575ms)
  Γ£ö gsd-discuss-phase has name, description, allowed-tools (0.5204ms)
  Γ£ö gsd-do has name, description, allowed-tools (0.5145ms)
  Γ£ö gsd-docs-update has name, description, allowed-tools (0.6139ms)
  Γ£ö gsd-eval-review has name, description, allowed-tools (1.6025ms)
  Γ£ö gsd-execute-phase has name, description, allowed-tools (0.8089ms)
  Γ£ö gsd-explore has name, description, allowed-tools (0.7657ms)
  Γ£ö gsd-extract_learnings has name, description, allowed-tools (0.6194ms)
  Γ£ö gsd-fast has name, description, allowed-tools (0.4841ms)
  Γ£ö gsd-forensics has name, description, allowed-tools (0.4759ms)
  Γ£ö gsd-from-gsd2 has name, description, allowed-tools (11.9181ms)
  Γ£ö gsd-graphify has name, description, allowed-tools (0.7148ms)
  Γ£ö gsd-health has name, description, allowed-tools (0.6052ms)
  Γ£ö gsd-help has name, description, allowed-tools (0.9274ms)
  Γ£ö gsd-import has name, description, allowed-tools (0.5648ms)
  Γ£ö gsd-insert-phase has name, description, allowed-tools (0.5267ms)
  Γ£ö gsd-intel has name, description, allowed-tools (0.5972ms)
  Γ£ö gsd-join-discord has name, description, allowed-tools (2.63ms)
  Γ£ö gsd-list-phase-assumptions has name, description, allowed-tools (0.5446ms)
  Γ£ö gsd-list-workspaces has name, description, allowed-tools (0.4927ms)
  Γ£ö gsd-manager has name, description, allowed-tools (0.5894ms)
  Γ£ö gsd-map-codebase has name, description, allowed-tools (0.484ms)
  Γ£ö gsd-milestone-summary has name, description, allowed-tools (0.5948ms)
  Γ£ö gsd-new-milestone has name, description, allowed-tools (0.5281ms)
  Γ£ö gsd-new-project has name, description, allowed-tools (0.4586ms)
  Γ£ö gsd-new-workspace has name, description, allowed-tools (2.3977ms)
  Γ£ö gsd-next has name, description, allowed-tools (0.6206ms)
  Γ£ö gsd-note has name, description, allowed-tools (0.6549ms)
  Γ£ö gsd-pause-work has name, description, allowed-tools (0.4459ms)
  Γ£ö gsd-plan-milestone-gaps has name, description, allowed-tools (0.4323ms)
  Γ£ö gsd-plan-phase has name, description, allowed-tools (0.4633ms)
  Γ£ö gsd-plant-seed has name, description, allowed-tools (0.4098ms)
  Γ£ö gsd-pr-branch has name, description, allowed-tools (0.4997ms)
  Γ£ö gsd-profile-user has name, description, allowed-tools (0.4644ms)
  Γ£ö gsd-progress has name, description, allowed-tools (0.3957ms)
  Γ£ö gsd-quick has name, description, allowed-tools (0.3907ms)
  Γ£ö gsd-reapply-patches has name, description, allowed-tools (0.7763ms)
  Γ£ö gsd-remove-phase has name, description, allowed-tools (0.4542ms)
  Γ£ö gsd-remove-workspace has name, description, allowed-tools (0.4322ms)
  Γ£ö gsd-research-phase has name, description, allowed-tools (0.5292ms)
  Γ£ö gsd-resume-work has name, description, allowed-tools (0.43ms)
  Γ£ö gsd-review has name, description, allowed-tools (0.473ms)
  Γ£ö gsd-review-backlog has name, description, allowed-tools (0.4459ms)
  Γ£ö gsd-scan has name, description, allowed-tools (0.3794ms)
  Γ£ö gsd-secure-phase has name, description, allowed-tools (0.4093ms)
  Γ£ö gsd-security-audit has name, description, allowed-tools (0.4661ms)
  Γ£ö gsd-session-report has name, description, allowed-tools (0.4226ms)
  Γ£ö gsd-set-profile has name, description, allowed-tools (0.4081ms)
  Γ£ö gsd-settings has name, description, allowed-tools (0.4169ms)
  Γ£ö gsd-ship has name, description, allowed-tools (0.3694ms)
  Γ£ö gsd-stats has name, description, allowed-tools (0.41ms)
  Γ£ö gsd-thread has name, description, allowed-tools (0.4382ms)
  Γ£ö gsd-threat-scan has name, description, allowed-tools (0.3892ms)
  Γ£ö gsd-ui-phase has name, description, allowed-tools (0.3591ms)
  Γ£ö gsd-ui-review has name, description, allowed-tools (0.3822ms)
  Γ£ö gsd-undo has name, description, allowed-tools (0.4078ms)
  Γ£ö gsd-update has name, description, allowed-tools (0.3889ms)
  Γ£ö gsd-validate-phase has name, description, allowed-tools (0.384ms)
  Γ£ö gsd-verify-work has name, description, allowed-tools (0.3413ms)
  Γ£ö gsd-workstreams has name, description, allowed-tools (0.3392ms)
Γ£ö FRONTMATTER: required keys (69.4229ms)
Γû╢ STRUCTURE: required XML tags
  Γ£ö gsd-add-backlog has <objective> and <process> (1.2985ms)
  Γ£ö gsd-add-phase has <objective> and <process> (0.7584ms)
  Γ£ö gsd-add-tests has <objective> and <process> (0.3813ms)
  Γ£ö gsd-add-todo has <objective> and <process> (0.3884ms)
  Γ£ö gsd-ai-integration-phase has <objective> and <process> (0.3906ms)
  Γ£ö gsd-analyze-dependencies has <objective> and <process> (0.3405ms)
  Γ£ö gsd-audit-fix has <objective> and <process> (0.3476ms)
  Γ£ö gsd-audit-milestone has <objective> and <process> (0.3421ms)
  Γ£ö gsd-audit-uat has <objective> and <process> (0.9049ms)
  Γ£ö gsd-autonomous has <objective> and <process> (0.5632ms)
  Γ£ö gsd-check-todos has <objective> and <process> (0.6234ms)
  Γ£ö gsd-cleanup has <objective> and <process> (0.5523ms)
  Γ£ö gsd-code-review has <objective> and <process> (0.7625ms)
  Γ£ö gsd-code-review-fix has <objective> and <process> (0.6121ms)
  Γ£ö gsd-complete-milestone has <objective> and <process> (0.8234ms)
  Γ£ö gsd-debug has <objective> and <process> (0.6092ms)
  Γ£ö gsd-discuss-phase has <objective> and <process> (0.5065ms)
  Γ£ö gsd-do has <objective> and <process> (0.4669ms)
  Γ£ö gsd-docs-update has <objective> and <process> (0.4179ms)
  Γ£ö gsd-eval-review has <objective> and <process> (0.4208ms)
  Γ£ö gsd-execute-phase has <objective> and <process> (0.4404ms)
  Γ£ö gsd-explore has <objective> and <process> (0.449ms)
  Γ£ö gsd-extract_learnings has <objective> and <process> (1.082ms)
  Γ£ö gsd-fast has <objective> and <process> (0.4629ms)
  Γ£ö gsd-forensics has <objective> and <process> (0.4603ms)
  Γ£ö gsd-from-gsd2 has <objective> and <process> (0.4427ms)
  Γ£ö gsd-graphify has <objective> and <process> (0.9747ms)
  Γ£ö gsd-health has <objective> and <process> (0.4639ms)
  Γ£ö gsd-help has <objective> and <process> (0.5896ms)
  Γ£ö gsd-import has <objective> and <process> (0.4948ms)
  Γ£ö gsd-insert-phase has <objective> and <process> (0.4617ms)
  Γ£ö gsd-intel has <objective> and <process> (1.0741ms)
  Γ£ö gsd-join-discord has <objective> and <process> (1.1668ms)
  Γ£ö gsd-list-phase-assumptions has <objective> and <process> (0.6687ms)
  Γ£ö gsd-list-workspaces has <objective> and <process> (0.6136ms)
  Γ£ö gsd-manager has <objective> and <process> (0.5583ms)
  Γ£ö gsd-map-codebase has <objective> and <process> (0.7802ms)
  Γ£ö gsd-milestone-summary has <objective> and <process> (0.5973ms)
  Γ£ö gsd-new-milestone has <objective> and <process> (0.5029ms)
  Γ£ö gsd-new-project has <objective> and <process> (0.4653ms)
  Γ£ö gsd-new-workspace has <objective> and <process> (0.5552ms)
  Γ£ö gsd-next has <objective> and <process> (0.5012ms)
  Γ£ö gsd-note has <objective> and <process> (0.5365ms)
  Γ£ö gsd-pause-work has <objective> and <process> (0.6072ms)
  Γ£ö gsd-plan-milestone-gaps has <objective> and <process> (0.5139ms)
  Γ£ö gsd-plan-phase has <objective> and <process> (0.7071ms)
  Γ£ö gsd-plant-seed has <objective> and <process> (0.5293ms)
  Γ£ö gsd-pr-branch has <objective> and <process> (0.4518ms)
  Γ£ö gsd-profile-user has <objective> and <process> (0.8724ms)
  Γ£ö gsd-progress has <objective> and <process> (0.4433ms)
  Γ£ö gsd-quick has <objective> and <process> (0.4099ms)
  Γ£ö gsd-reapply-patches has <objective> and <process> (0.7923ms)
  Γ£ö gsd-remove-phase has <objective> and <process> (0.4051ms)
  Γ£ö gsd-remove-workspace has <objective> and <process> (0.4534ms)
  Γ£ö gsd-research-phase has <objective> and <process> (0.4142ms)
  Γ£ö gsd-resume-work has <objective> and <process> (0.3378ms)
  Γ£ö gsd-review has <objective> and <process> (0.3818ms)
  Γ£ö gsd-review-backlog has <objective> and <process> (0.3467ms)
  Γ£ö gsd-scan has <objective> and <process> (0.336ms)
  Γ£ö gsd-secure-phase has <objective> and <process> (0.3308ms)
  Γ£ö gsd-security-audit has <objective> and <process> (0.3772ms)
  Γ£ö gsd-session-report has <objective> and <process> (0.3377ms)
  Γ£ö gsd-set-profile has <objective> and <process> (0.7766ms)
  Γ£ö gsd-settings has <objective> and <process> (0.4015ms)
  Γ£ö gsd-ship has <objective> and <process> (0.5355ms)
  Γ£ö gsd-stats has <objective> and <process> (0.3743ms)
  Γ£ö gsd-thread has <objective> and <process> (0.9532ms)
  Γ£ö gsd-threat-scan has <objective> and <process> (0.4404ms)
  Γ£ö gsd-ui-phase has <objective> and <process> (0.647ms)
  Γ£ö gsd-ui-review has <objective> and <process> (0.594ms)
  Γ£ö gsd-undo has <objective> and <process> (0.4881ms)
  Γ£ö gsd-update has <objective> and <process> (0.7298ms)
  Γ£ö gsd-validate-phase has <objective> and <process> (0.399ms)
  Γ£ö gsd-verify-work has <objective> and <process> (0.3977ms)
  Γ£ö gsd-workstreams has <objective> and <process> (1.0887ms)
Γ£ö STRUCTURE: required XML tags (46.896ms)
Γû╢ STRUCTURE: execution_context
  Γ£ö gsd-add-backlog execution_context valid (if present) (1.6289ms)
  Γ£ö gsd-add-phase execution_context valid (if present) (1.5339ms)
  Γ£ö gsd-add-tests execution_context valid (if present) (0.7544ms)
  Γ£ö gsd-add-todo execution_context valid (if present) (0.6154ms)
  Γ£ö gsd-ai-integration-phase execution_context valid (if present) (0.8823ms)
  Γ£ö gsd-analyze-dependencies execution_context valid (if present) (0.523ms)
  Γ£ö gsd-audit-fix execution_context valid (if present) (0.5639ms)
  Γ£ö gsd-audit-milestone execution_context valid (if present) (0.7325ms)
  Γ£ö gsd-audit-uat execution_context valid (if present) (0.6781ms)
  Γ£ö gsd-autonomous execution_context valid (if present) (0.6909ms)
  Γ£ö gsd-check-todos execution_context valid (if present) (0.5246ms)
  Γ£ö gsd-cleanup execution_context valid (if present) (0.5204ms)
  Γ£ö gsd-code-review execution_context valid (if present) (0.5632ms)
  Γ£ö gsd-code-review-fix execution_context valid (if present) (0.5622ms)
  Γ£ö gsd-complete-milestone execution_context valid (if present) (0.4209ms)
  Γ£ö gsd-debug execution_context valid (if present) (0.4341ms)
  Γ£ö gsd-discuss-phase execution_context valid (if present) (1.4447ms)
  Γ£ö gsd-do execution_context valid (if present) (0.8801ms)
  Γ£ö gsd-docs-update execution_context valid (if present) (1.0468ms)
  Γ£ö gsd-eval-review execution_context valid (if present) (0.7921ms)
  Γ£ö gsd-execute-phase execution_context valid (if present) (1.3416ms)
  Γ£ö gsd-explore execution_context valid (if present) (0.7562ms)
  Γ£ö gsd-extract_learnings execution_context valid (if present) (15.9629ms)
  Γ£ö gsd-fast execution_context valid (if present) (0.8731ms)
  Γ£ö gsd-forensics execution_context valid (if present) (0.7262ms)
  Γ£ö gsd-from-gsd2 execution_context valid (if present) (0.5166ms)
  Γ£ö gsd-graphify execution_context valid (if present) (0.6154ms)
  Γ£ö gsd-health execution_context valid (if present) (0.8464ms)
  Γ£ö gsd-help execution_context valid (if present) (0.6395ms)
  Γ£ö gsd-import execution_context valid (if present) (0.9249ms)
  Γ£ö gsd-insert-phase execution_context valid (if present) (1.5413ms)
  Γ£ö gsd-intel execution_context valid (if present) (3.4105ms)
  Γ£ö gsd-join-discord execution_context valid (if present) (0.6435ms)
  Γ£ö gsd-list-phase-assumptions execution_context valid (if present) (0.7644ms)
  Γ£ö gsd-list-workspaces execution_context valid (if present) (1.0869ms)
  Γ£ö gsd-manager execution_context valid (if present) (0.673ms)
  Γ£ö gsd-map-codebase execution_context valid (if present) (0.5824ms)
  Γ£ö gsd-milestone-summary execution_context valid (if present) (0.5286ms)
  Γ£ö gsd-new-milestone execution_context valid (if present) (0.8844ms)
  Γ£ö gsd-new-project execution_context valid (if present) (0.8063ms)
  Γ£ö gsd-new-workspace execution_context valid (if present) (0.6365ms)
  Γ£ö gsd-next execution_context valid (if present) (0.5802ms)
  Γ£ö gsd-note execution_context valid (if present) (0.6107ms)
  Γ£ö gsd-pause-work execution_context valid (if present) (0.7141ms)
  Γ£ö gsd-plan-milestone-gaps execution_context valid (if present) (0.6792ms)
  Γ£ö gsd-plan-phase execution_context valid (if present) (0.7961ms)
  Γ£ö gsd-plant-seed execution_context valid (if present) (0.6699ms)
  Γ£ö gsd-pr-branch execution_context valid (if present) (0.6013ms)
  Γ£ö gsd-profile-user execution_context valid (if present) (0.6748ms)
  Γ£ö gsd-progress execution_context valid (if present) (0.7861ms)
  Γ£ö gsd-quick execution_context valid (if present) (0.761ms)
  Γ£ö gsd-reapply-patches execution_context valid (if present) (0.5337ms)
  Γ£ö gsd-remove-phase execution_context valid (if present) (0.7127ms)
  Γ£ö gsd-remove-workspace execution_context valid (if present) (0.6761ms)
  Γ£ö gsd-research-phase execution_context valid (if present) (0.4208ms)
  Γ£ö gsd-resume-work execution_context valid (if present) (0.5785ms)
  Γ£ö gsd-review execution_context valid (if present) (0.5383ms)
  Γ£ö gsd-review-backlog execution_context valid (if present) (0.4198ms)
  Γ£ö gsd-scan execution_context valid (if present) (0.5689ms)
  Γ£ö gsd-secure-phase execution_context valid (if present) (0.5872ms)
  Γ£ö gsd-security-audit execution_context valid (if present) (0.7777ms)
  Γ£ö gsd-session-report execution_context valid (if present) (0.823ms)
  Γ£ö gsd-set-profile execution_context valid (if present) (0.3944ms)
  Γ£ö gsd-settings execution_context valid (if present) (0.5719ms)
  Γ£ö gsd-ship execution_context valid (if present) (0.4923ms)
  Γ£ö gsd-stats execution_context valid (if present) (0.5027ms)
  Γ£ö gsd-thread execution_context valid (if present) (0.4014ms)
  Γ£ö gsd-threat-scan execution_context valid (if present) (0.7074ms)
  Γ£ö gsd-ui-phase execution_context valid (if present) (0.6155ms)
  Γ£ö gsd-ui-review execution_context valid (if present) (0.8132ms)
  Γ£ö gsd-undo execution_context valid (if present) (0.8315ms)
  Γ£ö gsd-update execution_context valid (if present) (0.5637ms)
  Γ£ö gsd-validate-phase execution_context valid (if present) (1.2432ms)
  Γ£ö gsd-verify-work execution_context valid (if present) (0.8016ms)
  Γ£ö gsd-workstreams execution_context valid (if present) (0.4078ms)
Γ£ö STRUCTURE: execution_context (76.3886ms)
Γû╢ STRUCTURE: text_mode in runtime_note
  Γ£ö gsd-add-backlog has text_mode handling if <runtime_note> present (1.2851ms)
  Γ£ö gsd-add-phase has text_mode handling if <runtime_note> present (0.4674ms)
  Γ£ö gsd-add-tests has text_mode handling if <runtime_note> present (0.4437ms)
  Γ£ö gsd-add-todo has text_mode handling if <runtime_note> present (0.3816ms)
  Γ£ö gsd-ai-integration-phase has text_mode handling if <runtime_note> present (0.5456ms)
  Γ£ö gsd-analyze-dependencies has text_mode handling if <runtime_note> present (0.5891ms)
  Γ£ö gsd-audit-fix has text_mode handling if <runtime_note> present (0.5181ms)
  Γ£ö gsd-audit-milestone has text_mode handling if <runtime_note> present (0.7728ms)
  Γ£ö gsd-audit-uat has text_mode handling if <runtime_note> present (0.5283ms)
  Γ£ö gsd-autonomous has text_mode handling if <runtime_note> present (0.4885ms)
  Γ£ö gsd-check-todos has text_mode handling if <runtime_note> present (0.6017ms)
  Γ£ö gsd-cleanup has text_mode handling if <runtime_note> present (0.4548ms)
  Γ£ö gsd-code-review has text_mode handling if <runtime_note> present (0.4462ms)
  Γ£ö gsd-code-review-fix has text_mode handling if <runtime_note> present (0.4475ms)
  Γ£ö gsd-complete-milestone has text_mode handling if <runtime_note> present (0.4567ms)
  Γ£ö gsd-debug has text_mode handling if <runtime_note> present (0.4884ms)
  Γ£ö gsd-discuss-phase has text_mode handling if <runtime_note> present (0.9192ms)
  Γ£ö gsd-do has text_mode handling if <runtime_note> present (0.4693ms)
  Γ£ö gsd-docs-update has text_mode handling if <runtime_note> present (0.7832ms)
  Γ£ö gsd-eval-review has text_mode handling if <runtime_note> present (0.6836ms)
  Γ£ö gsd-execute-phase has text_mode handling if <runtime_note> present (0.6669ms)
  Γ£ö gsd-explore has text_mode handling if <runtime_note> present (0.5087ms)
  Γ£ö gsd-extract_learnings has text_mode handling if <runtime_note> present (0.8077ms)
  Γ£ö gsd-fast has text_mode handling if <runtime_note> present (0.3629ms)
  Γ£ö gsd-forensics has text_mode handling if <runtime_note> present (0.3405ms)
  Γ£ö gsd-from-gsd2 has text_mode handling if <runtime_note> present (0.3696ms)
  Γ£ö gsd-graphify has text_mode handling if <runtime_note> present (0.4396ms)
  Γ£ö gsd-health has text_mode handling if <runtime_note> present (0.6876ms)
  Γ£ö gsd-help has text_mode handling if <runtime_note> present (0.7818ms)
  Γ£ö gsd-import has text_mode handling if <runtime_note> present (0.4305ms)
  Γ£ö gsd-insert-phase has text_mode handling if <runtime_note> present (0.4227ms)
  Γ£ö gsd-intel has text_mode handling if <runtime_note> present (0.4724ms)
  Γ£ö gsd-join-discord has text_mode handling if <runtime_note> present (0.4433ms)
  Γ£ö gsd-list-phase-assumptions has text_mode handling if <runtime_note> present (0.3986ms)
  Γ£ö gsd-list-workspaces has text_mode handling if <runtime_note> present (0.4092ms)
  Γ£ö gsd-manager has text_mode handling if <runtime_note> present (0.4261ms)
  Γ£ö gsd-map-codebase has text_mode handling if <runtime_note> present (0.4261ms)
  Γ£ö gsd-milestone-summary has text_mode handling if <runtime_note> present (0.4403ms)
  Γ£ö gsd-new-milestone has text_mode handling if <runtime_note> present (0.3919ms)
  Γ£ö gsd-new-project has text_mode handling if <runtime_note> present (0.9053ms)
  Γ£ö gsd-new-workspace has text_mode handling if <runtime_note> present (0.4343ms)
  Γ£ö gsd-next has text_mode handling if <runtime_note> present (0.4227ms)
  Γ£ö gsd-note has text_mode handling if <runtime_note> present (0.3791ms)
  Γ£ö gsd-pause-work has text_mode handling if <runtime_note> present (0.4118ms)
  Γ£ö gsd-plan-milestone-gaps has text_mode handling if <runtime_note> present (0.5655ms)
  Γ£ö gsd-plan-phase has text_mode handling if <runtime_note> present (0.5968ms)
  Γ£ö gsd-plant-seed has text_mode handling if <runtime_note> present (0.3975ms)
  Γ£ö gsd-pr-branch has text_mode handling if <runtime_note> present (0.5439ms)
  Γ£ö gsd-profile-user has text_mode handling if <runtime_note> present (0.5747ms)
  Γ£ö gsd-progress has text_mode handling if <runtime_note> present (0.5488ms)
  Γ£ö gsd-quick has text_mode handling if <runtime_note> present (0.5553ms)
  Γ£ö gsd-reapply-patches has text_mode handling if <runtime_note> present (0.4908ms)
  Γ£ö gsd-remove-phase has text_mode handling if <runtime_note> present (0.402ms)
  Γ£ö gsd-remove-workspace has text_mode handling if <runtime_note> present (0.3854ms)
  Γ£ö gsd-research-phase has text_mode handling if <runtime_note> present (0.3774ms)
  Γ£ö gsd-resume-work has text_mode handling if <runtime_note> present (0.3757ms)
  Γ£ö gsd-review has text_mode handling if <runtime_note> present (0.3445ms)
  Γ£ö gsd-review-backlog has text_mode handling if <runtime_note> present (0.3791ms)
  Γ£ö gsd-scan has text_mode handling if <runtime_note> present (0.3625ms)
  Γ£ö gsd-secure-phase has text_mode handling if <runtime_note> present (0.3526ms)
  Γ£ö gsd-security-audit has text_mode handling if <runtime_note> present (0.3415ms)
  Γ£ö gsd-session-report has text_mode handling if <runtime_note> present (0.3372ms)
  Γ£ö gsd-set-profile has text_mode handling if <runtime_note> present (0.3607ms)
  Γ£ö gsd-settings has text_mode handling if <runtime_note> present (0.3602ms)
  Γ£ö gsd-ship has text_mode handling if <runtime_note> present (0.3246ms)
  Γ£ö gsd-stats has text_mode handling if <runtime_note> present (0.5598ms)
  Γ£ö gsd-thread has text_mode handling if <runtime_note> present (0.4491ms)
  Γ£ö gsd-threat-scan has text_mode handling if <runtime_note> present (0.4097ms)
  Γ£ö gsd-ui-phase has text_mode handling if <runtime_note> present (0.4083ms)
  Γ£ö gsd-ui-review has text_mode handling if <runtime_note> present (0.3993ms)
  Γ£ö gsd-undo has text_mode handling if <runtime_note> present (0.385ms)
  Γ£ö gsd-update has text_mode handling if <runtime_note> present (0.4151ms)
  Γ£ö gsd-validate-phase has text_mode handling if <runtime_note> present (0.4239ms)
  Γ£ö gsd-verify-work has text_mode handling if <runtime_note> present (0.39ms)
  Γ£ö gsd-workstreams has text_mode handling if <runtime_note> present (0.4595ms)
Γ£ö STRUCTURE: text_mode in runtime_note (40.5734ms)
Γû╢ ANTIPATTERN: no hardcoded ~/.claude/ paths
  Γ£ö gsd-add-backlog has no hardcoded ~/.claude/ paths (1.3734ms)
  Γ£ö gsd-add-phase has no hardcoded ~/.claude/ paths (0.436ms)
  Γ£ö gsd-add-tests has no hardcoded ~/.claude/ paths (0.3737ms)
  Γ£ö gsd-add-todo has no hardcoded ~/.claude/ paths (0.3852ms)
  Γ£ö gsd-ai-integration-phase has no hardcoded ~/.claude/ paths (0.4439ms)
  Γ£ö gsd-analyze-dependencies has no hardcoded ~/.claude/ paths (0.4105ms)
  Γ£ö gsd-audit-fix has no hardcoded ~/.claude/ paths (0.4017ms)
  Γ£ö gsd-audit-milestone has no hardcoded ~/.claude/ paths (0.3979ms)
  Γ£ö gsd-audit-uat has no hardcoded ~/.claude/ paths (0.4485ms)
  Γ£ö gsd-autonomous has no hardcoded ~/.claude/ paths (0.4228ms)
  Γ£ö gsd-check-todos has no hardcoded ~/.claude/ paths (0.8799ms)
  Γ£ö gsd-cleanup has no hardcoded ~/.claude/ paths (0.5816ms)
  Γ£ö gsd-code-review has no hardcoded ~/.claude/ paths (0.5431ms)
  Γ£ö gsd-code-review-fix has no hardcoded ~/.claude/ paths (0.4761ms)
  Γ£ö gsd-complete-milestone has no hardcoded ~/.claude/ paths (0.4682ms)
  Γ£ö gsd-debug has no hardcoded ~/.claude/ paths (0.5312ms)
  Γ£ö gsd-discuss-phase has no hardcoded ~/.claude/ paths (0.4498ms)
  Γ£ö gsd-do has no hardcoded ~/.claude/ paths (10.2292ms)
  Γ£ö gsd-docs-update has no hardcoded ~/.claude/ paths (0.7714ms)
  Γ£ö gsd-eval-review has no hardcoded ~/.claude/ paths (0.5557ms)
  Γ£ö gsd-execute-phase has no hardcoded ~/.claude/ paths (0.9725ms)
  Γ£ö gsd-explore has no hardcoded ~/.claude/ paths (0.4826ms)
  Γ£ö gsd-extract_learnings has no hardcoded ~/.claude/ paths (0.4903ms)
  Γ£ö gsd-fast has no hardcoded ~/.claude/ paths (0.5802ms)
  Γ£ö gsd-forensics has no hardcoded ~/.claude/ paths (0.4328ms)
  Γ£ö gsd-from-gsd2 has no hardcoded ~/.claude/ paths (0.4741ms)
  Γ£ö gsd-graphify has no hardcoded ~/.claude/ paths (0.4602ms)
  Γ£ö gsd-health has no hardcoded ~/.claude/ paths (0.4155ms)
  Γ£ö gsd-help has no hardcoded ~/.claude/ paths (0.4348ms)
  Γ£ö gsd-import has no hardcoded ~/.claude/ paths (0.3949ms)
  Γ£ö gsd-insert-phase has no hardcoded ~/.claude/ paths (0.3676ms)
  Γ£ö gsd-intel has no hardcoded ~/.claude/ paths (0.3928ms)
  Γ£ö gsd-join-discord has no hardcoded ~/.claude/ paths (0.4548ms)
  Γ£ö gsd-list-phase-assumptions has no hardcoded ~/.claude/ paths (0.3861ms)
  Γ£ö gsd-list-workspaces has no hardcoded ~/.claude/ paths (0.3434ms)
  Γ£ö gsd-manager has no hardcoded ~/.claude/ paths (0.354ms)
  Γ£ö gsd-map-codebase has no hardcoded ~/.claude/ paths (0.3821ms)
  Γ£ö gsd-milestone-summary has no hardcoded ~/.claude/ paths (0.4607ms)
  Γ£ö gsd-new-milestone has no hardcoded ~/.claude/ paths (0.3761ms)
  Γ£ö gsd-new-project has no hardcoded ~/.claude/ paths (0.3917ms)
  Γ£ö gsd-new-workspace has no hardcoded ~/.claude/ paths (0.422ms)
  Γ£ö gsd-next has no hardcoded ~/.claude/ paths (0.659ms)
  Γ£ö gsd-note has no hardcoded ~/.claude/ paths (0.4476ms)
  Γ£ö gsd-pause-work has no hardcoded ~/.claude/ paths (0.6578ms)
  Γ£ö gsd-plan-milestone-gaps has no hardcoded ~/.claude/ paths (0.5101ms)
  Γ£ö gsd-plan-phase has no hardcoded ~/.claude/ paths (0.4463ms)
  Γ£ö gsd-plant-seed has no hardcoded ~/.claude/ paths (0.4583ms)
  Γ£ö gsd-pr-branch has no hardcoded ~/.claude/ paths (0.4511ms)
  Γ£ö gsd-profile-user has no hardcoded ~/.claude/ paths (0.4479ms)
  Γ£ö gsd-progress has no hardcoded ~/.claude/ paths (0.4536ms)
  Γ£ö gsd-quick has no hardcoded ~/.claude/ paths (0.6051ms)
  Γ£ö gsd-reapply-patches has no hardcoded ~/.claude/ paths (0.5091ms)
  Γ£ö gsd-remove-phase has no hardcoded ~/.claude/ paths (0.429ms)
  Γ£ö gsd-remove-workspace has no hardcoded ~/.claude/ paths (0.4351ms)
  Γ£ö gsd-research-phase has no hardcoded ~/.claude/ paths (0.4321ms)
  Γ£ö gsd-resume-work has no hardcoded ~/.claude/ paths (0.4484ms)
  Γ£ö gsd-review has no hardcoded ~/.claude/ paths (0.4289ms)
  Γ£ö gsd-review-backlog has no hardcoded ~/.claude/ paths (0.4137ms)
  Γ£ö gsd-scan has no hardcoded ~/.claude/ paths (0.4211ms)
  Γ£ö gsd-secure-phase has no hardcoded ~/.claude/ paths (0.5009ms)
  Γ£ö gsd-security-audit has no hardcoded ~/.claude/ paths (0.4516ms)
  Γ£ö gsd-session-report has no hardcoded ~/.claude/ paths (0.4653ms)
  Γ£ö gsd-set-profile has no hardcoded ~/.claude/ paths (0.4199ms)
  Γ£ö gsd-settings has no hardcoded ~/.claude/ paths (0.418ms)
  Γ£ö gsd-ship has no hardcoded ~/.claude/ paths (0.4633ms)
  Γ£ö gsd-stats has no hardcoded ~/.claude/ paths (0.4361ms)
  Γ£ö gsd-thread has no hardcoded ~/.claude/ paths (0.4861ms)
  Γ£ö gsd-threat-scan has no hardcoded ~/.claude/ paths (0.4666ms)
  Γ£ö gsd-ui-phase has no hardcoded ~/.claude/ paths (0.4972ms)
  Γ£ö gsd-ui-review has no hardcoded ~/.claude/ paths (0.407ms)
  Γ£ö gsd-undo has no hardcoded ~/.claude/ paths (0.4242ms)
  Γ£ö gsd-update has no hardcoded ~/.claude/ paths (0.414ms)
  Γ£ö gsd-validate-phase has no hardcoded ~/.claude/ paths (0.4284ms)
  Γ£ö gsd-verify-work has no hardcoded ~/.claude/ paths (0.3966ms)
  Γ£ö gsd-workstreams has no hardcoded ~/.claude/ paths (0.4205ms)
Γ£ö ANTIPATTERN: no hardcoded ~/.claude/ paths (52.31ms)
Γû╢ ANTIPATTERN: no heredoc patterns
  Γ£ö gsd-add-backlog has no active heredoc patterns (2.1478ms)
  Γ£ö gsd-add-phase has no active heredoc patterns (0.6675ms)
  Γ£ö gsd-add-tests has no active heredoc patterns (0.5311ms)
  Γ£ö gsd-add-todo has no active heredoc patterns (0.5327ms)
  Γ£ö gsd-ai-integration-phase has no active heredoc patterns (0.7545ms)
  Γ£ö gsd-analyze-dependencies has no active heredoc patterns (0.4905ms)
  Γ£ö gsd-audit-fix has no active heredoc patterns (0.6867ms)
  Γ£ö gsd-audit-milestone has no active heredoc patterns (1.1418ms)
  Γ£ö gsd-audit-uat has no active heredoc patterns (1.0437ms)
  Γ£ö gsd-autonomous has no active heredoc patterns (0.6196ms)
  Γ£ö gsd-check-todos has no active heredoc patterns (0.5319ms)
  Γ£ö gsd-cleanup has no active heredoc patterns (0.58ms)
  Γ£ö gsd-code-review has no active heredoc patterns (0.651ms)
  Γ£ö gsd-code-review-fix has no active heredoc patterns (0.54ms)
  Γ£ö gsd-complete-milestone has no active heredoc patterns (0.613ms)
  Γ£ö gsd-debug has no active heredoc patterns (1.3404ms)
  Γ£ö gsd-discuss-phase has no active heredoc patterns (0.6298ms)
  Γ£ö gsd-do has no active heredoc patterns (0.4406ms)
  Γ£ö gsd-docs-update has no active heredoc patterns (0.4586ms)
  Γ£ö gsd-eval-review has no active heredoc patterns (0.5608ms)
  Γ£ö gsd-execute-phase has no active heredoc patterns (0.5414ms)
  Γ£ö gsd-explore has no active heredoc patterns (0.4357ms)
  Γ£ö gsd-extract_learnings has no active heredoc patterns (0.4485ms)
  Γ£ö gsd-fast has no active heredoc patterns (0.4281ms)
  Γ£ö gsd-forensics has no active heredoc patterns (0.4384ms)
  Γ£ö gsd-from-gsd2 has no active heredoc patterns (0.505ms)
  Γ£ö gsd-graphify has no active heredoc patterns (0.649ms)
  Γ£ö gsd-health has no active heredoc patterns (0.643ms)
  Γ£ö gsd-help has no active heredoc patterns (0.5374ms)
  Γ£ö gsd-import has no active heredoc patterns (0.5119ms)
  Γ£ö gsd-insert-phase has no active heredoc patterns (0.5294ms)
  Γ£ö gsd-intel has no active heredoc patterns (0.5618ms)
  Γ£ö gsd-join-discord has no active heredoc patterns (0.5779ms)
  Γ£ö gsd-list-phase-assumptions has no active heredoc patterns (0.5408ms)
  Γ£ö gsd-list-workspaces has no active heredoc patterns (0.517ms)
  Γ£ö gsd-manager has no active heredoc patterns (0.4119ms)
  Γ£ö gsd-map-codebase has no active heredoc patterns (0.4287ms)
  Γ£ö gsd-milestone-summary has no active heredoc patterns (0.371ms)
  Γ£ö gsd-new-milestone has no active heredoc patterns (0.3821ms)
  Γ£ö gsd-new-project has no active heredoc patterns (0.4034ms)
  Γ£ö gsd-new-workspace has no active heredoc patterns (2.0326ms)
  Γ£ö gsd-next has no active heredoc patterns (0.4474ms)
  Γ£ö gsd-note has no active heredoc patterns (0.3852ms)
  Γ£ö gsd-pause-work has no active heredoc patterns (0.3287ms)
  Γ£ö gsd-plan-milestone-gaps has no active heredoc patterns (0.3735ms)
  Γ£ö gsd-plan-phase has no active heredoc patterns (0.3672ms)
  Γ£ö gsd-plant-seed has no active heredoc patterns (0.347ms)
  Γ£ö gsd-pr-branch has no active heredoc patterns (0.3689ms)
  Γ£ö gsd-profile-user has no active heredoc patterns (0.3534ms)
  Γ£ö gsd-progress has no active heredoc patterns (0.403ms)
  Γ£ö gsd-quick has no active heredoc patterns (0.4776ms)
  Γ£ö gsd-reapply-patches has no active heredoc patterns (0.6472ms)
  Γ£ö gsd-remove-phase has no active heredoc patterns (0.369ms)
  Γ£ö gsd-remove-workspace has no active heredoc patterns (0.3844ms)
  Γ£ö gsd-research-phase has no active heredoc patterns (0.4889ms)
  Γ£ö gsd-resume-work has no active heredoc patterns (0.3767ms)
  Γ£ö gsd-review has no active heredoc patterns (0.3693ms)
  Γ£ö gsd-review-backlog has no active heredoc patterns (0.3935ms)
  Γ£ö gsd-scan has no active heredoc patterns (0.3372ms)
  Γ£ö gsd-secure-phase has no active heredoc patterns (0.3172ms)
  Γ£ö gsd-security-audit has no active heredoc patterns (0.3308ms)
  Γ£ö gsd-session-report has no active heredoc patterns (0.292ms)
  Γ£ö gsd-set-profile has no active heredoc patterns (0.2782ms)
  Γ£ö gsd-settings has no active heredoc patterns (0.5868ms)
  Γ£ö gsd-ship has no active heredoc patterns (0.6085ms)
  Γ£ö gsd-stats has no active heredoc patterns (0.521ms)
  Γ£ö gsd-thread has no active heredoc patterns (0.5729ms)
  Γ£ö gsd-threat-scan has no active heredoc patterns (0.4612ms)
  Γ£ö gsd-ui-phase has no active heredoc patterns (0.5599ms)
  Γ£ö gsd-ui-review has no active heredoc patterns (0.4709ms)
  Γ£ö gsd-undo has no active heredoc patterns (0.4545ms)
  Γ£ö gsd-update has no active heredoc patterns (0.476ms)
  Γ£ö gsd-validate-phase has no active heredoc patterns (0.5568ms)
  Γ£ö gsd-verify-work has no active heredoc patterns (0.4649ms)
  Γ£ö gsd-workstreams has no active heredoc patterns (0.4984ms)
Γ£ö ANTIPATTERN: no heredoc patterns (44.6517ms)
Γû╢ skill-manifest
  Γ£û returns normalized inventory across canonical roots (709.1492ms)
  Γ£ö writes manifest to .planning/skill-manifest.json when --write flag is used (761.9422ms)
Γ£û skill-manifest (1474.7794ms)
Γû╢ No stale /gsd: colon references (#1748)
  Γ£ö all /gsd: references should be hyphenated except test inputs (351.0215ms)
Γ£ö No stale /gsd: colon references (#1748) (353.0853ms)
Γû╢ state prune (#1970)
  Γ£ö prunes decisions older than cutoff (457.4263ms)
  Γ£ö --dry-run reports what would be pruned without modifying STATE.md (274.2112ms)
  Γ£ö prunes resolved blockers older than cutoff (340.1408ms)
  Γ£ö returns pruned:false when nothing to prune (304.6724ms)
  Γû╢ Performance Metrics table pruning (#2087)
    Γ£ö prunes old metric table rows by phase number (441.4282ms)
    Γ£ö --dry-run reports metrics rows that would be pruned (359.7264ms)
    Γ£ö does not touch prose lines outside the metrics table (356.4194ms)
    Γ£ö preserves table when no rows are old enough to prune (273.8667ms)
  Γ£ö Performance Metrics table pruning (#2087) (1432.97ms)
Γ£ö state prune (#1970) (2812.724ms)
[gsd-tools] WARNING: STATE.md field "Status" (fallback: "state") not found ΓÇö update skipped. This may indicate STATE.md was externally modified or uses an unexpected format.
Γû╢ state-snapshot command
  Γ£ö missing STATE.md returns error (344.0424ms)
  Γ£ö extracts basic fields from STATE.md (324.4543ms)
  Γ£ö extracts decisions table (313.5353ms)
  Γ£ö extracts blockers list (270.3487ms)
  Γ£ö extracts session continuity info (423.7339ms)
  Γ£ö handles paused_at field (378.1366ms)
  Γû╢ --cwd override
    Γ£ö supports --cwd override when command runs outside project root (303.1945ms)
  Γ£ö --cwd override (303.809ms)
  Γ£ö returns error for invalid --cwd path (342.6559ms)
Γ£ö state-snapshot command (2704.6726ms)
Γû╢ state mutation commands
  Γ£ö add-decision preserves dollar amounts without corrupting Decisions section (410.86ms)
  Γ£ö add-blocker preserves dollar strings without corrupting Blockers section (510.099ms)
  Γ£ö add-decision supports file inputs to preserve shell-sensitive dollar text (527.5706ms)
  Γ£ö add-blocker supports --text-file for shell-sensitive text (481.5738ms)
Γ£ö state mutation commands (1930.8136ms)
Γû╢ state json command
  Γ£ö missing STATE.md returns error (311.0913ms)
  Γ£ö builds frontmatter on-the-fly from body when no frontmatter exists (301.2023ms)
  Γ£ö reads existing frontmatter when present (263.3852ms)
  Γ£ö normalizes various status values (1775.3675ms)
Γ£ö state json command (2651.5951ms)
Γû╢ STATE.md frontmatter sync
  Γ£ö state update adds frontmatter to STATE.md (379.9604ms)
  Γ£ö state patch adds frontmatter (354.1174ms)
  Γ£ö frontmatter is idempotent on multiple writes (656.6129ms)
  Γ£ö preserves frontmatter status when body Status field is missing (377.4511ms)
  Γ£ö round-trip: write then read via state json (929.4745ms)
Γ£ö STATE.md frontmatter sync (2698.3279ms)
Γû╢ stateExtractField and stateReplaceField helpers
  Γ£ö extracts simple field value (0.6876ms)
  Γ£ö extracts field with colon in value (0.2953ms)
  Γ£ö returns null for missing field (0.3194ms)
  Γ£ö is case-insensitive on field name (0.171ms)
  Γ£ö replaces field value (0.4559ms)
  Γ£ö returns null when field not found (0.2288ms)
  Γ£ö preserves surrounding content (0.2086ms)
  Γ£ö round-trip: extract then replace then extract (0.3757ms)
Γ£ö stateExtractField and stateReplaceField helpers (3.2168ms)
Γû╢ stateReplaceFieldWithFallback
  Γ£ö replaces primary field when present (0.3329ms)
  Γ£ö falls back to secondary field when primary not found (0.3807ms)
  Γ£ö returns content unchanged when neither field matches (1.1053ms)
  Γ£ö prefers primary over fallback when both exist (0.2058ms)
  Γ£ö works with plain format fields (0.5016ms)
Γ£ö stateReplaceFieldWithFallback (2.8523ms)
Γû╢ cmdStateLoad (state load)
  Γ£ö returns config and state when STATE.md exists (505.3331ms)
  Γ£ö returns state_exists false when STATE.md missing (260.1334ms)
  Γ£ö returns raw key=value format with --raw flag (428.2971ms)
Γ£ö cmdStateLoad (state load) (1194.1913ms)
Γû╢ cmdStateGet (state get)
  Γ£ö returns full content when no section specified (248.9723ms)
  Γ£ö extracts bold field value (302.5918ms)
  Γ£ö extracts markdown section content (468.6737ms)
  Γ£ö returns error for nonexistent field (402.5672ms)
  Γ£ö returns error when STATE.md missing (363.8391ms)
Γ£ö cmdStateGet (state get) (1787.3869ms)
Γû╢ cmdStatePatch and cmdStateUpdate (state patch, state update)
  Γ£ö state patch updates multiple fields at once (352.2435ms)
  Γ£ö state patch reports failed fields that do not exist (275.9631ms)
  Γ£ö state update changes a single field (292.4308ms)
  Γ£ö state update reports field not found (274.6999ms)
  Γ£ö state update returns error when STATE.md missing (373.0279ms)
Γ£ö cmdStatePatch and cmdStateUpdate (state patch, state update) (1569.0552ms)
Γû╢ cmdStateAdvancePlan (state advance-plan)
  Γ£ö advances plan counter when not on last plan (477.0271ms)
  Γ£ö marks phase complete on last plan (414.7308ms)
  Γ£ö returns error when STATE.md missing (271.7486ms)
  Γ£ö returns error when plan fields not parseable (287.1611ms)
  Γ£ö advances plan in compound "Plan: X of Y" format (318.3807ms)
  Γ£ö marks phase complete on last plan in compound format (332.5511ms)
Γ£ö cmdStateAdvancePlan (state advance-plan) (2102.2735ms)
Γû╢ cmdStateRecordMetric (state record-metric)
  Γ£ö appends metric row to existing table (409.2513ms)
  Γ£ö replaces None yet placeholder with first metric (460.4793ms)
  Γ£ö returns error when required fields missing (358.6374ms)
  Γ£ö returns error when STATE.md missing (253.6366ms)
Γ£ö cmdStateRecordMetric (state record-metric) (1482.5633ms)
Γû╢ cmdStateUpdateProgress (state update-progress)
  Γ£ö calculates progress from plan/summary counts (363.6983ms)
  Γ£ö handles zero plans gracefully (401.2353ms)
  Γ£ö returns error when Progress field missing (412.5923ms)
  Γ£ö returns error when STATE.md missing (378.9185ms)
Γ£ö cmdStateUpdateProgress (state update-progress) (1557.0065ms)
Γû╢ cmdStateResolveBlocker (state resolve-blocker)
  Γ£ö removes matching blocker line (case-insensitive substring match) (405.8749ms)
  Γ£ö adds None placeholder when last blocker resolved (360.8395ms)
  Γ£ö returns error when text not provided (322.9484ms)
  Γ£ö returns error when STATE.md missing (674.5466ms)
  Γ£ö returns resolved true even if no line matches (472.3541ms)
Γ£ö cmdStateResolveBlocker (state resolve-blocker) (2237.2171ms)
Γû╢ cmdStateRecordSession (state record-session)
  Γ£ö updates session fields with stopped-at and resume-file (524.6635ms)
  Γ£ö updates Last session timestamp even with no other options (383.8001ms)
  Γ£ö sets Resume file to None when not specified (347.1572ms)
  Γ£ö returns error when STATE.md missing (350.4765ms)
  Γ£ö returns recorded false when no session fields found (450.2429ms)
Γ£ö cmdStateRecordSession (state record-session) (2056.9793ms)
Γû╢ milestone-scoped phase counting in frontmatter
  Γ£ö total_phases counts only current milestone phases (1372.5972ms)
  Γ£ö total_phases includes ROADMAP phases without directories (1075.3956ms)
  Γ£ö without ROADMAP counts all phases (pass-all filter) (852.1601ms)
Γ£ö milestone-scoped phase counting in frontmatter (3300.6357ms)
Γû╢ state begin-phase preserves Current Position fields (#1365)
  Γ£ö begin-phase preserves Status, Last activity, and Progress in Current Position (540.1927ms)
  Γ£ö advance-plan can update Status after begin-phase (1127.5139ms)
Γ£ö state begin-phase preserves Current Position fields (#1365) (1668.0718ms)
Γû╢ progress counters correct after plan execution (#1589)
  Γ£ö percent in frontmatter is derived from disk counts, not stale Progress body field (610.6971ms)
  Γ£ö percent is 0 when no summaries exist even if Progress body says 100% (784.9837ms)
  Γ£ö state json rebuilds stale frontmatter progress from disk after all plans complete (483.5071ms)
Γ£ö progress counters correct after plan execution (#1589) (1879.6576ms)
Γû╢ updatePerformanceMetricsSection
  Γ£ö empty Performance Metrics section rebuilds with zeros (429.8052ms)
  Γ£ö existing Plan Execution Times rows aggregated into Velocity/By Phase (481.2196ms)
  Γ£ö idempotent ΓÇö running twice produces same result (777.7964ms)
Γ£ö updatePerformanceMetricsSection (1689.2643ms)
Γû╢ state planned-phase command
  Γ£ö after call: Status is "Ready to execute" (463.4541ms)
  Γ£ö after call: Total Plans matches argument (323.6972ms)
  Γ£ö after call: Last Activity is today's date (403.4948ms)
  Γ£ö missing STATE.md returns graceful error (416.686ms)
Γ£ö state planned-phase command (1607.8484ms)
Γû╢ state validate command
  Γ£ö STATE says executing + VERIFICATION.md shows passed emits warning (342.8618ms)
  Γ£ö STATE plan count 3 but 12 SUMMARY.md on disk emits mismatch warning (677.0285ms)
  Γ£ö perfect state returns valid: true, no warnings (448.9866ms)
  Γ£ö missing STATE.md returns graceful error (398.8117ms)
Γ£ö state validate command (1868.192ms)
Γû╢ state sync command
  Γ£ö drifted STATE.md + correct filesystem: after sync, fields match disk (574.6137ms)
  Γ£ö run sync twice is idempotent (663.1949ms)
  Γ£ö --verify flag reports changes without writing (462.3626ms)
Γ£ö state sync command (1700.5835ms)
Γû╢ workflow.subagent_timeout config key (#1472)
  Γ£ö subagent_timeout has correct default value (300000ms) (418.6229ms)
  Γ£ö config-set rejects invalid config keys but accepts subagent_timeout (865.3744ms)
  Γ£ö subagent_timeout appears in map-codebase init context (610.6623ms)
  Γ£ö subagent_timeout defaults to 300000 when not configured (535.5571ms)
Γ£ö workflow.subagent_timeout config key (#1472) (2433.7272ms)
Γû╢ map-codebase workflow references configurable timeout (#1472)
  Γ£ö workflow file references subagent_timeout from init context (0.9726ms)
  Γ£ö workflow file no longer has hardcoded 300000 timeout (1.1552ms)
Γ£ö map-codebase workflow references configurable timeout (#1472) (2.5675ms)
Γû╢ planning-config.md documents subagent_timeout (#1472)
  Γ£ö reference doc includes subagent_timeout entry (0.7773ms)
Γ£ö planning-config.md documents subagent_timeout (#1472) (1.0289ms)
Γû╢ init execute-phase context_window (#1472)
  Γ£ö init execute-phase output includes context_window from config (399.879ms)
  Γ£ö init execute-phase uses default context_window when not configured (492.0953ms)
Γ£ö init execute-phase context_window (#1472) (892.5272ms)
Γû╢ config-get context_window (#1472)
  Γ£ö config-get context_window returns the configured value (325.955ms)
  Γ£ö config-get context_window errors when key is absent (356.526ms)
Γ£ö config-get context_window (#1472) (682.7603ms)
Γû╢ config-set workflow.subagent_timeout numeric values (#1472)
  Γ£ö config-set workflow.subagent_timeout coerces string to number (350.4601ms)
  Γ£ö config-set workflow.subagent_timeout round-trips through config-get (929.9693ms)
Γ£ö config-set workflow.subagent_timeout numeric values (#1472) (1280.7582ms)
Γû╢ workflow.tdd_mode in VALID_CONFIG_KEYS
  Γ£ö workflow.tdd_mode is a recognized config key (21.5017ms)
Γ£ö workflow.tdd_mode in VALID_CONFIG_KEYS (23.4677ms)
Γû╢ workflow.tdd_mode default value
  Γ£ö defaults to false in new project config (477.6889ms)
Γ£ö workflow.tdd_mode default value (478.0217ms)
Γû╢ workflow.tdd_mode config round-trip
  Γ£ö config-set workflow.tdd_mode true round-trips via config-get (1295.7296ms)
  Γ£ö config-set workflow.tdd_mode false round-trips via config-get (1246.8125ms)
  Γ£ö persists in config.json as boolean (618.8171ms)
Γ£ö workflow.tdd_mode config round-trip (3161.9749ms)
Γû╢ tdd_mode in init plan-phase JSON output
  Γ£ö init plan-phase includes tdd_mode: false by default (645.5521ms)
  Γ£ö init plan-phase --tdd overrides to tdd_mode: true (828.9393ms)
  Γ£ö config workflow.tdd_mode: true surfaces in init plan-phase without flag (983.9738ms)
  Γ£ö --tdd flag overrides config value of false (1135.9323ms)
Γ£ö tdd_mode in init plan-phase JSON output (3596.438ms)
Γû╢ tdd_mode in init execute-phase JSON output
  Γ£ö init execute-phase includes tdd_mode: false by default (617.6296ms)
  Γ£ö init execute-phase --tdd overrides to tdd_mode: true (569.8262ms)
  Γ£ö config workflow.tdd_mode: true surfaces in init execute-phase without flag (1110.6179ms)
  Γ£ö --tdd flag overrides config value of false (1047.2984ms)
Γ£ö tdd_mode in init execute-phase JSON output (3346.0036ms)
Γû╢ dedicated gsd temp subdirectory
  Γû╢ output() temp file placement
    Γ£ö gsd temp subdirectory path is os.tmpdir()/gsd (1.8946ms)
  Γ£ö output() temp file placement (3.7018ms)
  Γû╢ reapStaleTempFiles with subdirectory
    Γ£ö removes stale files from gsd subdirectory (7.8755ms)
    Γ£ö preserves fresh files in gsd subdirectory (3.8358ms)
    Γ£ö removes stale directories from gsd subdirectory (3.9241ms)
    Γ£ö creates gsd subdirectory if it does not exist (2.1841ms)
    Γ£ö does not scan system tmpdir root for gsd- files (7.5548ms)
    Γ£ö backward compat: reapStaleTempFilesLegacy cleans old location (2.9918ms)
  Γ£ö reapStaleTempFiles with subdirectory (29.5531ms)
Γ£ö dedicated gsd temp subdirectory (34.3073ms)
Γû╢ template select command
  Γ£ö selects minimal template for simple plan (428.8314ms)
  Γ£ö selects standard template for moderate plan (458.8921ms)
  Γ£ö selects complex template for plan with decisions and many files (386.9296ms)
  Γ£ö returns standard as fallback for nonexistent file (282.9248ms)
Γ£ö template select command (1560.4707ms)
Γû╢ template fill command
  Γ£ö fills summary template (242.2868ms)
  Γ£ö fills plan template (301.3272ms)
  Γ£ö fills verification template (238.9948ms)
  Γ£ö rejects existing file (365.5213ms)
  Γ£ö errors on unknown template type (339.9322ms)
  Γ£ö errors when phase not found (497.1289ms)
  Γ£ö respects --plan option for plan number (543.8004ms)
Γ£ö template fill command (2530.5241ms)
Γû╢ thinking model reference files exist
  Γ£ö thinking-models-debug.md exists (5.6201ms)
  Γ£ö thinking-models-execution.md exists (0.9154ms)
  Γ£ö thinking-models-planning.md exists (0.6689ms)
  Γ£ö thinking-models-research.md exists (0.4659ms)
  Γ£ö thinking-models-verification.md exists (0.4917ms)
Γ£ö thinking model reference files exist (11.5158ms)
Γû╢ thinking model reference files have required sections
  Γû╢ thinking-models-debug.md
    Γ£ö contains "## When NOT to Think" (0.4678ms)
    Γ£ö contains Conflict Resolution sequencing rules (0.2781ms)
  Γ£ö thinking-models-debug.md (1.1404ms)
  Γû╢ thinking-models-execution.md
    Γ£ö contains "## When NOT to Think" (0.2409ms)
    Γ£ö contains Conflict Resolution sequencing rules (0.4903ms)
  Γ£ö thinking-models-execution.md (1.0791ms)
  Γû╢ thinking-models-planning.md
    Γ£ö contains "## When NOT to Think" (0.3699ms)
    Γ£ö contains Conflict Resolution sequencing rules (0.1512ms)
  Γ£ö thinking-models-planning.md (0.8391ms)
  Γû╢ thinking-models-research.md
    Γ£ö contains "## When NOT to Think" (0.2983ms)
    Γ£ö contains Conflict Resolution sequencing rules (0.1879ms)
  Γ£ö thinking-models-research.md (0.9558ms)
  Γû╢ thinking-models-verification.md
    Γ£ö contains "## When NOT to Think" (0.2878ms)
    Γ£ö contains Conflict Resolution sequencing rules (0.3141ms)
  Γ£ö thinking-models-verification.md (0.974ms)
Γ£ö thinking model reference files have required sections (5.7083ms)
Γû╢ thinking model reference files contain named reasoning models
  Γû╢ thinking-models-debug.md
    Γ£ö contains named model "Fault Tree Analysis" (0.3349ms)
    Γ£ö contains named model "Hypothesis-Driven Investigation" (0.1074ms)
    Γ£ö contains named model "Occam's Razor" (0.1552ms)
    Γ£ö contains named model "Counterfactual Thinking" (0.2367ms)
    Γ£ö each named model documents what failure mode it counters (0.2925ms)
  Γ£ö thinking-models-debug.md (1.5708ms)
  Γû╢ thinking-models-execution.md
    Γ£ö contains named model "Circle of Concern vs Circle of Control" (0.3962ms)
    Γ£ö contains named model "Forcing Function" (0.1928ms)
    Γ£ö contains named model "First Principles Thinking" (0.132ms)
    Γ£ö contains named model "Occam's Razor" (0.2496ms)
    Γ£ö contains named model "Chesterton's Fence" (0.3284ms)
    Γ£ö each named model documents what failure mode it counters (0.1052ms)
  Γ£ö thinking-models-execution.md (1.9692ms)
  Γû╢ thinking-models-planning.md
    Γ£ö contains named model "Pre-Mortem Analysis" (0.2636ms)
    Γ£ö contains named model "MECE Decomposition" (0.1039ms)
    Γ£ö contains named model "Constraint Analysis" (0.2456ms)
    Γ£ö contains named model "Reversibility Test" (0.1529ms)
    Γ£ö each named model documents what failure mode it counters (0.1179ms)
  Γ£ö thinking-models-planning.md (1.2482ms)
  Γû╢ thinking-models-research.md
    Γ£ö contains named model "First Principles Thinking" (0.4ms)
    Γ£ö contains named model "Simpson's Paradox Awareness" (0.1621ms)
    Γ£ö contains named model "Survivorship Bias" (0.103ms)
    Γ£ö contains named model "Confirmation Bias Counter" (0.3377ms)
    Γ£ö contains named model "Steel Man" (0.2463ms)
    Γ£ö each named model documents what failure mode it counters (0.2387ms)
  Γ£ö thinking-models-research.md (1.9857ms)
  Γû╢ thinking-models-verification.md
    Γ£ö contains named model "Inversion" (0.1952ms)
    Γ£ö contains named model "Chesterton's Fence" (0.0959ms)
    Γ£ö contains named model "Confirmation Bias Counter" (0.0758ms)
    Γ£ö contains named model "Planning Fallacy Calibration" (0.0699ms)
    Γ£ö contains named model "Counterfactual Thinking" (0.1895ms)
    Γ£ö each named model documents what failure mode it counters (0.1187ms)
  Γ£ö thinking-models-verification.md (2.4755ms)
Γ£ö thinking model reference files contain named reasoning models (10.09ms)
Γû╢ thinking-models-planning.md contains Gap Closure Mode section
  Γ£ö contains Gap Closure Mode section (0.2897ms)
  Γ£ö Gap Closure Mode section references gap closure trigger condition (0.2988ms)
Γ£ö thinking-models-planning.md contains Gap Closure Mode section (0.7613ms)
Γû╢ agent files use inline @-reference wiring at decision points
  Γû╢ gsd-debugger.md
    Γ£ö references thinking-models-debug.md via inline @-reference (0.2631ms)
    Γ£ö wiring is placed inside the correct block (step name="investigation_loop") (0.214ms)
    Γ£ö does NOT put thinking-models reference inside <required_reading> (inline wiring only) (0.5065ms)
  Γ£ö gsd-debugger.md (1.1867ms)
  Γû╢ gsd-executor.md
    Γ£ö references thinking-models-execution.md via inline @-reference (0.1782ms)
    Γ£ö wiring is placed inside the correct block (step name="execute_tasks") (0.0951ms)
    Γ£ö does NOT put thinking-models reference inside <required_reading> (inline wiring only) (0.1528ms)
  Γ£ö gsd-executor.md (0.6103ms)
  Γû╢ gsd-planner.md
    Γ£ö references thinking-models-planning.md via inline @-reference (0.1992ms)
    Γ£ö wiring is placed inside the correct block (step name="break_into_tasks") (0.1072ms)
    Γ£ö does NOT put thinking-models reference inside <required_reading> (inline wiring only) (0.1566ms)
  Γ£ö gsd-planner.md (0.6157ms)
  Γû╢ gsd-phase-researcher.md
    Γ£ö references thinking-models-research.md via inline @-reference (0.1319ms)
    Γ£ö wiring is placed inside the correct block (execution_flow) (0.0971ms)
    Γ£ö does NOT put thinking-models reference inside <required_reading> (inline wiring only) (0.1689ms)
  Γ£ö gsd-phase-researcher.md (0.5633ms)
  Γû╢ gsd-plan-checker.md
    Γ£ö references thinking-models-planning.md via inline @-reference (0.1894ms)
    Γ£ö wiring is placed inside the correct block (verification_dimensions) (0.0985ms)
    Γ£ö does NOT put thinking-models reference inside <required_reading> (inline wiring only) (0.1271ms)
  Γ£ö gsd-plan-checker.md (0.5951ms)
  Γû╢ gsd-verifier.md
    Γ£ö references thinking-models-verification.md via inline @-reference (0.1501ms)
    Γ£ö wiring is placed inside the correct block (verification_process) (0.0886ms)
    Γ£ö does NOT put thinking-models reference inside <required_reading> (inline wiring only) (0.12ms)
  Γ£ö gsd-verifier.md (0.5389ms)
Γ£ö agent files use inline @-reference wiring at decision points (4.6889ms)
Γû╢ Thinking Partner Integration (#1726)
  Γû╢ Reference document
    Γ£ö thinking-partner.md exists (3.4231ms)
    Γ£ö documents all 3 integration points (1.026ms)
    Γ£ö documents keyword tradeoff signals (0.8841ms)
    Γ£ö documents structural tradeoff signals (1.057ms)
    Γ£ö documents when NOT to activate (1.1978ms)
    Γ£ö feature is opt-in with default false (1.6924ms)
    Γ£ö documents design principles (1.0802ms)
    Γ£ö explore integration deferred to #1729 (1.1802ms)
  Γ£ö Reference document (15.9669ms)
  Γû╢ Config integration
    Γ£ö features.thinking_partner is in VALID_CONFIG_KEYS (2.0245ms)
    Γ£ö features is in KNOWN_TOP_LEVEL section containers (2.5578ms)
  Γ£ö Config integration (5.3494ms)
  Γû╢ Discuss-phase integration
    Γ£ö discuss-phase.md contains thinking partner conditional block (1.5263ms)
    Γ£ö discuss-phase references features.thinking_partner config (1.0855ms)
    Γ£ö discuss-phase references thinking-partner.md for signal list (1.1153ms)
    Γ£ö discuss-phase offers skip option (0.9224ms)
  Γ£ö Discuss-phase integration (5.0783ms)
  Γû╢ Plan-phase integration
    Γ£ö plan-phase.md contains thinking partner conditional block (1.7909ms)
    Γ£ö plan-phase references features.thinking_partner config (1.0639ms)
    Γ£ö plan-phase scans for architectural tradeoff keywords (1.0741ms)
    Γ£ö plan-phase offers skip option (1.6682ms)
    Γ£ö plan-phase block is between step 11 and step 12 (2.4537ms)
  Γ£ö Plan-phase integration (8.6376ms)
Γ£ö Thinking Partner Integration (#1726) (39.7472ms)
Γû╢ thread session management (#2156)
  Γ£ö thread command has list subcommand with status filter (2.1247ms)
  Γ£ö thread command has close subcommand (0.3464ms)
  Γ£ö thread command has status subcommand (0.2954ms)
  Γ£ö thread command does not use heredoc (2.1469ms)
  Γ£ö thread template includes frontmatter status field (0.4669ms)
  Γ£ö thread command has security_notes section (0.6799ms)
  Γ£ö thread command has slug sanitization (0.3161ms)
  Γ£ö thread command uses Write tool for file creation (0.3128ms)
  Γ£ö thread command list reads frontmatter status (0.4004ms)
  Γ£ö thread command close updates status to resolved (0.8731ms)
  Γ£ö thread command list shows resolved filter option (0.4238ms)
  Γ£ö thread command rejects slugs with path traversal (0.3733ms)
  Γ£ö thread create uses frontmatter with slug title status created updated fields (0.2756ms)
Γ£ö thread session management (#2156) (12.5131ms)

[36m   ΓûêΓûêΓûêΓûêΓûêΓûêΓòù ΓûêΓûêΓûêΓûêΓûêΓûêΓûêΓòùΓûêΓûêΓûêΓûêΓûêΓûêΓòù
  ΓûêΓûêΓòöΓòÉΓòÉΓòÉΓòÉΓò¥ ΓûêΓûêΓòöΓòÉΓòÉΓòÉΓòÉΓò¥ΓûêΓûêΓòöΓòÉΓòÉΓûêΓûêΓòù
  ΓûêΓûêΓòæ  ΓûêΓûêΓûêΓòùΓûêΓûêΓûêΓûêΓûêΓûêΓûêΓòùΓûêΓûêΓòæ  ΓûêΓûêΓòæ
  ΓûêΓûêΓòæ   ΓûêΓûêΓòæΓòÜΓòÉΓòÉΓòÉΓòÉΓûêΓûêΓòæΓûêΓûêΓòæ  ΓûêΓûêΓòæ
  ΓòÜΓûêΓûêΓûêΓûêΓûêΓûêΓòöΓò¥ΓûêΓûêΓûêΓûêΓûêΓûêΓûêΓòæΓûêΓûêΓûêΓûêΓûêΓûêΓòöΓò¥
   ΓòÜΓòÉΓòÉΓòÉΓòÉΓòÉΓò¥ ΓòÜΓòÉΓòÉΓòÉΓòÉΓòÉΓòÉΓò¥ΓòÜΓòÉΓòÉΓòÉΓòÉΓòÉΓò¥[0m

  Get Shit Done [2mv1.36.0[0m
  A meta-prompting, context engineering and spec-driven
  development system for Claude Code, OpenCode, Gemini, Kilo, Codex, Copilot, Antigravity, Cursor, Windsurf, Augment, Trae, Qwen Code, Cline and CodeBuddy by T├éCHES.

  Installing for [36mTrae[0m to [36m.\.trae[0m

  [32mΓ£ô[0m Installed 78 skills to skills/
  [32mΓ£ô[0m Installed get-shit-done
  [32mΓ£ô[0m Installed agents
  [32mΓ£ô[0m Installed CHANGELOG.md
  [32mΓ£ô[0m Wrote VERSION (1.36.0)
  [32mΓ£ô[0m Wrote file manifest (gsd-file-manifest.json)

  [33mΓÜá[0m  Found 1 unreplaced .claude path reference(s) in 1 file(s):
     [2mC:\Users\akriz\AppData\Local\Temp\gsd-trae-install-X22n7k\.trae\get-shit-done\workflows\update.md[0m (1)
  [2mThese paths may not resolve correctly for Trae.[0m
  Uninstalling GSD from [36mTrae[0m at [36m.\.trae[0m

  [32mΓ£ô[0m Removed 78 Trae skills
  [32mΓ£ô[0m Removed get-shit-done/
  [32mΓ£ô[0m Removed 36 GSD agents
  [32mΓ£ô[0m Removed gsd-file-manifest.json

  [32mDone![0m GSD has been uninstalled from Trae.
  Your other files and settings have been preserved.

  Installing for [36mTrae[0m to [36m.\.trae[0m

  [32mΓ£ô[0m Installed 78 skills to skills/
  [32mΓ£ô[0m Installed get-shit-done
  [32mΓ£ô[0m Installed agents
  [32mΓ£ô[0m Installed CHANGELOG.md
  [32mΓ£ô[0m Wrote VERSION (1.36.0)
  [32mΓ£ô[0m Wrote file manifest (gsd-file-manifest.json)

  [33mΓÜá[0m  Found 1 unreplaced .claude path reference(s) in 1 file(s):
     [2mC:\Users\akriz\AppData\Local\Temp\gsd-trae-uninstall-xmB9CI\.trae\get-shit-done\workflows\update.md[0m (1)
  [2mThese paths may not resolve correctly for Trae.[0m
  Uninstalling GSD from [36mTrae[0m at [36m.\.trae[0m

  [32mΓ£ô[0m Removed 78 Trae skills
  [32mΓ£ô[0m Removed get-shit-done/
  [32mΓ£ô[0m Removed 36 GSD agents
  [32mΓ£ô[0m Removed gsd-file-manifest.json

  [32mDone![0m GSD has been uninstalled from Trae.
  Your other files and settings have been preserved.

  Installing for [36mTrae[0m to [36m.\.trae[0m

  [32mΓ£ô[0m Installed 78 skills to skills/
  [32mΓ£ô[0m Installed get-shit-done
  [32mΓ£ô[0m Installed agents
  [32mΓ£ô[0m Installed CHANGELOG.md
  [32mΓ£ô[0m Wrote VERSION (1.36.0)
  [32mΓ£ô[0m Wrote file manifest (gsd-file-manifest.json)

  [33mΓÜá[0m  Found 1 unreplaced .claude path reference(s) in 1 file(s):
     [2mC:\Users\akriz\AppData\Local\Temp\gsd-trae-uninstall-9kA007\.trae\get-shit-done\workflows\update.md[0m (1)
  [2mThese paths may not resolve correctly for Trae.[0m
  Uninstalling GSD from [36mTrae[0m at [36m.\.trae[0m

  [32mΓ£ô[0m Removed 78 Trae skills
  [32mΓ£ô[0m Removed get-shit-done/
  [32mΓ£ô[0m Removed 36 GSD agents
  [32mΓ£ô[0m Removed gsd-file-manifest.json

  [32mDone![0m GSD has been uninstalled from Trae.
  Your other files and settings have been preserved.

  Installing for [36mTrae[0m to [36m.\.trae[0m

  [32mΓ£ô[0m Installed 78 skills to skills/
  [32mΓ£ô[0m Installed get-shit-done
  [32mΓ£ô[0m Installed agents
  [32mΓ£ô[0m Installed CHANGELOG.md
  [32mΓ£ô[0m Wrote VERSION (1.36.0)
  [32mΓ£ô[0m Wrote file manifest (gsd-file-manifest.json)

  [33mΓÜá[0m  Found 1 unreplaced .claude path reference(s) in 1 file(s):
     [2mC:\Users\akriz\AppData\Local\Temp\gsd-trae-uninstall-Qw2cQ5\.trae\get-shit-done\workflows\update.md[0m (1)
  [2mThese paths may not resolve correctly for Trae.[0m
  Uninstalling GSD from [36mTrae[0m at [36m.\.trae[0m

  [32mΓ£ô[0m Removed 78 Trae skills
  [32mΓ£ô[0m Removed get-shit-done/
  [32mΓ£ô[0m Removed 36 GSD agents
  [32mΓ£ô[0m Removed gsd-file-manifest.json

  [32mDone![0m GSD has been uninstalled from Trae.
  Your other files and settings have been preserved.

Γû╢ Trae runtime directory mapping
  Γ£ö maps Trae to .trae for local installs (1.9472ms)
  Γ£ö maps Trae to ~/.trae for global installs (0.6501ms)
  Γ£ö returns .trae config fragments for local and global installs (0.4231ms)
Γ£ö Trae runtime directory mapping (5.6133ms)
Γû╢ getGlobalDir (Trae)
  Γ£ö returns ~/.trae with no env var or explicit dir (3.7059ms)
  Γ£ö returns explicit dir when provided (1.2051ms)
  Γ£ö respects TRAE_CONFIG_DIR env var (1.1882ms)
  Γ£ö explicit dir takes priority over TRAE_CONFIG_DIR (0.6504ms)
  Γ£ö does not break other runtimes (0.7506ms)
Γ£ö getGlobalDir (Trae) (8.3875ms)
Γû╢ Trae markdown conversion
  Γ£ö converts Claude-specific references to Trae equivalents (1.0923ms)
  Γ£ö converts commands and agents to Trae frontmatter (1.781ms)
Γ£ö Trae markdown conversion (3.1526ms)
Γû╢ copyCommandsAsTraeSkills
  Γ£ö creates one skill directory per GSD command (515.394ms)
Γ£ö copyCommandsAsTraeSkills (515.5901ms)
Γû╢ Trae local install/uninstall
  Γ£ö installs GSD into ./.trae and removes it cleanly (3300.7096ms)
Γ£ö Trae local install/uninstall (3300.9057ms)
Γû╢ E2E: Trae uninstall skills cleanup
  Γ£ö removes all gsd-* skill directories on --trae --uninstall (2568.075ms)
  Γ£ö preserves non-GSD skill directories during --trae --uninstall (2848.9078ms)
  Γ£ö removes engine directory on --trae --uninstall (2806.5611ms)
Γ£ö E2E: Trae uninstall skills cleanup (8224.0127ms)
Γû╢ TUNE: Tune-Skill Artifacts Exist
  Γ£ö tune-skill agent (gsd-skill-tuner.md) exists (1.6641ms)
  Γ£ö tune-skill command (tune-skill.md) exists (0.803ms)
  Γ£ö tune-skill workflow exists (0.728ms)
Γ£ö TUNE: Tune-Skill Artifacts Exist (6.5677ms)
Γû╢ TUNE-01: Single-Skill Tuning Workflow
  Γ£ö workflow includes symptom intake step (1.7141ms)
  Γ£ö workflow invokes audit (gsd-audit-skill) (1.6825ms)
  Γ£ö workflow loads and prioritizes findings (0.6395ms)
  Γ£ö workflow generates diffs (0.5767ms)
  Γ£ö workflow presents diffs with review gate (1.0114ms)
  Γ£ö workflow supports refinement loop (max 3 iterations) (0.8352ms)
  Γ£ö workflow applies approved diffs and commits (0.9347ms)
  Γ£ö workflow verifies no regressions after commit (0.6107ms)
Γ£ö TUNE-01: Single-Skill Tuning Workflow (10.7768ms)
Γû╢ TUNE-10: Batch Mode (--batch FILE)
  Γ£ö workflow handles --batch flag (0.6525ms)
  Γ£ö batch mode loads JSON array from file (0.512ms)
  Γ£ö batch mode validates each issue has skill and symptom (0.5192ms)
  Γ£ö batch mode invokes audits in parallel (0.5841ms)
  Γ£ö batch mode generates all diffs upfront (0.5855ms)
  Γ£ö batch mode supports unified review (not per-skill) (0.5055ms)
  Γ£ö batch mode supports bulk approval (all/partial/none) (0.5156ms)
  Γ£ö batch mode commits atomically with correct format (0.4818ms)
Γ£ö TUNE-10: Batch Mode (--batch FILE) (4.8437ms)
Γû╢ TUNE-04: Transcript Extraction (--transcript PATH)
  Γ£ö workflow handles --transcript flag (0.649ms)
  Γ£û transcript extraction loads file (1.345ms)
  Γ£ö transcript extraction identifies error keywords (0.4996ms)
  Γ£ö transcript extraction identifies performance keywords (0.4353ms)
  Γ£ö transcript extraction identifies clarity keywords (0.4368ms)
  Γ£ö transcript extraction augments symptom with friction signals (0.4209ms)
  Γ£ö transcript extraction enforces safety caps (size limits) (0.4227ms)
Γ£û TUNE-04: Transcript Extraction (--transcript PATH) (4.7174ms)
Γû╢ TUNE-09: --dry-run Flag Support
  Γ£ö command documents --dry-run flag (0.479ms)
  Γ£ö workflow handles --dry-run flag (0.4256ms)
  Γ£ö --dry-run skips applying changes (0.3925ms)
  Γ£ö --dry-run skips commit step (0.8239ms)
Γ£ö TUNE-09: --dry-run Flag Support (2.4276ms)
Γû╢ TUNE-08: Regression Verification (--structural-only audit)
  Γ£ö tuner agent validates diffs against SMART criteria (0.5947ms)
  Γ£ö tuner agent returns TUNE COMPLETE or TUNE BLOCKED (1.0337ms)
  Γ£ö workflow runs --structural-only audit after commit (0.5682ms)
  Γ£ö regression_verification step exists in workflow (0.5215ms)
  Γ£ö workflow reverts on structural failure (0.5015ms)
Γ£ö TUNE-08: Regression Verification (--structural-only audit) (3.618ms)
Γû╢ TUNE-07: Commit Message Format
  Γ£ö single-skill commit format is fix(skill): tune {name} ΓÇö {symptom} (0.5603ms)
  Γ£ö batch commit format is fix(batch): tune {count} skills ΓÇö {themes} (0.4615ms)
  Γ£ö commit message includes symptom summary (0.6514ms)
Γ£ö TUNE-07: Commit Message Format (1.9297ms)
Γû╢ TUNE-02,03,05,06: Tuner Agent Behavior
  Γ£ö tuner agent reads SKILL-AUDIT.md (not raw skill files) (0.8326ms)
  Γ£ö tuner agent documents input contract (2.6527ms)
  Γ£ö tuner agent has semantic prioritization step (0.8443ms)
  Γ£ö tuner agent generates minimal targeted diffs (0.4703ms)
  Γ£ö tuner agent supports syntax-highlighted inline format (0.469ms)
  Γ£ö tuner agent supports refinement regeneration (without re-invoking auditor) (0.4412ms)
Γ£ö TUNE-02,03,05,06: Tuner Agent Behavior (6.3074ms)
Γû╢ TUNE: Cross-Integration with Auditor
  Γ£ö tune-skill command delegates to tune-skill workflow (0.5343ms)
  Γ£ö tune-skill workflow invokes gsd-audit-skill (0.449ms)
  Γ£ö tune-skill workflow invokes gsd-skill-tuner agent (0.4834ms)
  Γ£ö tuner agent output format supports workflow consumption (0.504ms)
Γ£ö TUNE: Cross-Integration with Auditor (2.3788ms)
Γû╢ TUNE: Documentation
  Γ£ö command has objective explaining what /gsd-tune-skill does (0.7978ms)
  Γ£ö command documents all flags (--transcript, --dry-run, --batch) (0.6102ms)
  Γ£ö workflow has clear step names (1.2249ms)
  Γ£ö tuner agent has role section (0.5556ms)
Γ£ö TUNE: Documentation (3.5488ms)
Γû╢ audit-uat command
  Γ£ö returns empty results when no UAT files exist (350.0426ms)
  Γ£ö detects UAT with pending items (366.0742ms)
  Γ£ö detects UAT with blocked items and categorizes blocked_by (322.1085ms)
  Γ£ö detects false completion (complete status with pending items) (401.4511ms)
  Γ£ö extracts human_needed items from VERIFICATION files (370.0728ms)
  Γ£ö scans and aggregates across multiple phases (314.1582ms)
  Γ£ö milestone scoping filters phases to current milestone (302.0143ms)
  Γ£ö summary by_category counts are correct (454.5597ms)
  Γ£ö ignores VERIFICATION files without human_needed or gaps_found status (380.9721ms)
Γ£ö audit-uat command (3265.9637ms)
Γû╢ uat render-checkpoint
  Γ£ö renders the current checkpoint as raw output (433.4ms)
  Γ£ö strips protocol leak lines from current test copy (289.7952ms)
  Γ£ö does not truncate expected text containing the letter Z (241.9187ms)
  Γ£ö parses expected block when it is the last field in the section (332.0477ms)
  Γ£ö fails when testing is already complete (419.1766ms)
Γ£ö uat render-checkpoint (1717.1693ms)
Γû╢ detect-custom-files ΓÇö update workflow backup detection (#1997)
  Γ£ö detects a custom file added inside get-shit-done/workflows/ (680.7237ms)
  Γ£ö detects custom files added inside agents/ (1011.7381ms)
  Γ£ö reports zero custom files when all files are in manifest (804.9244ms)
  Γ£ö returns custom_count equal to custom_files length (776.8174ms)
  Γ£ö does not flag manifest files as custom even if content was modified (878.109ms)
  Γ£ö handles missing manifest gracefully ΓÇö treats all GSD-dir files as custom (1172.049ms)
  Γ£ö detects custom files inside get-shit-done/references/ (853.3653ms)
Γ£ö detect-custom-files ΓÇö update workflow backup detection (#1997) (6180.6311ms)
Γû╢ verification overrides reference (#1747)
  Γû╢ get-shit-done/references/verification-overrides.md
    Γ£ö file exists (4.3347ms)
    Γ£ö contains Override Format section (0.3446ms)
    Γ£ö contains Matching Rules section (0.3445ms)
    Γ£ö contains Verifier Behavior section (0.2658ms)
    Γ£ö documents YAML frontmatter overrides block with must_have field (0.2305ms)
    Γ£ö does not use criterion field (must use must_have) (0.7117ms)
    Γ£ö documents required accepted_by field (0.3947ms)
    Γ£ö documents required accepted_at field (0.2665ms)
    Γ£ö marks accepted_by as required (not optional) (0.323ms)
    Γ£ö marks accepted_at as required (not optional) (0.5836ms)
    Γ£ö describes fuzzy matching behavior (0.238ms)
    Γ£ö describes case-insensitive matching (0.3994ms)
    Γ£ö describes 80% word overlap matching threshold (0.2364ms)
    Γ£ö does not use a threshold lower than 80% (0.2566ms)
    Γ£ö documents PASSED (override) status (1.6327ms)
    Γ£ö includes example VERIFICATION.md (0.2206ms)
    Γ£ö documents When to Use guidance (0.1437ms)
    Γ£ö documents When NOT to Use guardrails (0.1585ms)
    Γ£ö documents overrides_applied counter field (0.1478ms)
    Γ£ö documents re-verification carryforward behavior (0.164ms)
    Γ£ö documents milestone audit surfacing (0.1566ms)
  Γ£ö get-shit-done/references/verification-overrides.md (14.727ms)
  Γû╢ agents/gsd-verifier.md references overrides
    Γ£ö gsd-verifier.md exists (0.996ms)
    Γ£ö references verification-overrides.md in required_reading (0.198ms)
    Γ£ö required_reading block is between </role> and <project_context> (0.3401ms)
    Γ£ö verifier includes Step 3b for override check before FAIL (0.175ms)
    Γ£ö verifier Step 3b uses must_have field (not criterion) (0.1765ms)
    Γ£ö verifier frontmatter template includes overrides_applied (0.1852ms)
  Γ£ö agents/gsd-verifier.md references overrides (2.4375ms)
Γ£ö verification overrides reference (#1747) (18.2966ms)
Γû╢ verifier deferred-items filtering (#1624)
  Γû╢ agents/gsd-verifier.md
    Γ£ö file exists (4.5438ms)
    Γ£ö contains Step 9b for filtering deferred items (0.3192ms)
    Γ£ö Step 9b references roadmap analyze for cross-referencing (0.2947ms)
    Γ£ö VERIFICATION.md frontmatter template includes deferred section (0.3479ms)
    Γ£ö deferred section includes addressed_in field (0.2836ms)
    Γ£ö deferred section includes evidence field (0.2965ms)
    Γ£ö deferred section is conditional (only if deferred items exist) (0.4147ms)
    Γ£ö deferred items do not affect status determination (0.4286ms)
    Γ£ö includes conservative matching guidance (0.3759ms)
    Γ£ö report body template includes Deferred Items table (0.5602ms)
    Γ£ö success criteria mentions deferred filtering (0.3504ms)
  Γ£ö agents/gsd-verifier.md (10.6229ms)
  Γû╢ get-shit-done/workflows/verify-phase.md
    Γ£ö file exists (0.9069ms)
    Γ£ö loads roadmap analyze in context step (1.5048ms)
    Γ£ö contains filter_deferred_items step (0.3024ms)
    Γ£ö success criteria mentions deferred filtering (0.2385ms)
  Γ£ö get-shit-done/workflows/verify-phase.md (3.3234ms)
  Γû╢ sdk/prompts/workflows/verify-phase.md
    Γ£ö file exists (0.7097ms)
    Γ£ö loads roadmap analyze in context step (0.1643ms)
    Γ£ö contains deferred-item filtering step (0.1623ms)
  Γ£ö sdk/prompts/workflows/verify-phase.md (1.2894ms)
  Γû╢ get-shit-done/references/planner-gap-closure.md
    Γ£ö file exists (0.7404ms)
    Γ£ö mentions skipping deferred items (0.1754ms)
    Γ£ö distinguishes gaps from deferred sections (0.1172ms)
    Γ£ö explains that deferred items are not actionable (0.2106ms)
  Γ£ö get-shit-done/references/planner-gap-closure.md (1.5045ms)
Γ£ö verifier deferred-items filtering (#1624) (18.2051ms)
Γû╢ validate health command
  Γ£ö returns 'broken' when .planning directory is missing (587.8979ms)
  Γ£ö warns when PROJECT.md is missing (527.7662ms)
  Γ£ö warns when PROJECT.md missing required sections (516.5141ms)
  Γ£ö passes when PROJECT.md has all required sections (505.6148ms)
  Γ£ö errors when ROADMAP.md is missing (446.3588ms)
  Γ£ö errors when STATE.md is missing with repairable true (450.3904ms)
  Γ£ö warns when STATE.md references nonexistent phase (693.2575ms)
  Γ£ö warns when config.json is missing with repairable true (574.8483ms)
  Γ£ö errors when config.json has invalid JSON (582.6012ms)
  Γ£ö warns when config.json has invalid model_profile (626.5128ms)
  Γ£ö accepts inherit model_profile as valid (558.7128ms)
  Γ£ö warns about incorrectly named phase directories (611.7333ms)
  Γ£ö reports orphaned plans (PLAN without SUMMARY) as info (624.4408ms)
  Γ£ö warns about phase in ROADMAP but not on disk (572.1656ms)
  Γ£ö warns about phase on disk but not in ROADMAP (770.3463ms)
  Γ£ö detects W008 when workflow.nyquist_validation absent from config (623.1925ms)
  Γ£ö does not emit W008 when nyquist_validation is explicitly set (459.3343ms)
  Γ£ö does not emit W006 for phases listed in ROADMAP summary as unchecked (not started) (494.3528ms)
  Γ£ö still emits W006 for a phase that was started (checked) but has no directory (799.4533ms)
  Γ£ö detects W009 when RESEARCH.md has Validation Architecture but no VALIDATION.md (740.259ms)
  Γ£ö does not emit W009 when VALIDATION.md exists alongside RESEARCH.md (471.3349ms)
  Γ£ö returns 'healthy' when all checks pass (629.4321ms)
  Γ£ö returns 'degraded' when only warnings exist (1216.6165ms)
Γ£ö validate health command (14088.2198ms)
Γû╢ validate health --repair command
  Γ£ö creates config.json with defaults when missing (493.6815ms)
  Γ£ö resets config.json when JSON is invalid (481.7042ms)
  Γ£ö regenerates STATE.md when missing (428.6783ms)
  Γ£ö does not rewrite existing STATE.md for invalid phase references (368.0997ms)
  Γ£ö adds nyquist_validation key to config.json via addNyquistKey repair (329.3147ms)
  Γ£ö reports repairable_count correctly (333.6868ms)
  Γ£ö phase mismatch warnings do not count as repairable issues (370.8843ms)
Γ£ö validate health --repair command (2807.0272ms)
Γû╢ validate health ΓÇö missing phasesDir
  Γ£ö completes without throwing and emits zero phase-directory warnings when phasesDir does not exist (351.7074ms)
Γ£ö validate health ΓÇö missing phasesDir (351.9809ms)
Γû╢ audit_test_quality step
  Γû╢ disabled test detection
    Γ£ö detects it.skip in test files (13.0736ms)
    Γ£ö detects multiple skip patterns across frameworks (8.5361ms)
    Γ£ö does not flag active tests as skipped (26.3237ms)
  Γ£ö disabled test detection (49.8372ms)
  Γû╢ circular test detection
    Γ£ö detects script that imports system-under-test and writes fixtures (11.4746ms)
    Γ£ö does not flag test helpers that only read fixtures (11.0544ms)
  Γ£ö circular test detection (23.2017ms)
  Γû╢ assertion strength classification
    Γ£ö classifies existence-only assertions as INSUFFICIENT for value requirements (6.5097ms)
    Γ£ö classifies value assertions as sufficient (8.1703ms)
  Γ£ö assertion strength classification (15.216ms)
  Γû╢ provenance classification
    Γ£ö fixture with legacy system comment classified as VALID (4.6569ms)
    Γ£ö fixture with synthetic/baseline comment classified as SUSPECT (5.5016ms)
    Γ£ö fixture with no comment classified as UNKNOWN (4.7958ms)
  Γ£ö provenance classification (15.5101ms)
Γ£ö audit_test_quality step (105.221ms)
Γû╢ verify-work.md ΓÇö auto-transition after UAT passes with 0 issues
  Γ£ö workflow reads transition.md when issues == 0 and security gate cleared (4.2295ms)
  Γ£ö transition call appears after complete_session section (1.1028ms)
  Γ£ö security gate check gates the transition (no auto-transition when security pending) (1.9204ms)
  Γ£ö transition is only invoked when security gate is cleared or disabled (0.7902ms)
  Γ£ö transition is NOT suggested when security enforcement is enabled and no SECURITY.md exists (0.7316ms)
Γ£ö verify-work.md ΓÇö auto-transition after UAT passes with 0 issues (12.0429ms)
Γû╢ validate consistency command
  Γ£ö passes for consistent project (316.0619ms)
  Γ£ö warns about phase on disk but not in roadmap (211.4993ms)
  Γ£ö warns about gaps in phase numbering (350.5255ms)
Γ£ö validate consistency command (880.346ms)
Γû╢ verify plan-structure command
  Γ£ö reports missing required frontmatter fields (277.7083ms)
  Γ£ö validates complete plan with all required fields and tasks (276.9751ms)
  Γ£ö reports task missing name element (206.9237ms)
  Γ£ö reports task missing action element (311.8072ms)
  Γ£ö warns about wave > 1 with empty depends_on (342.2809ms)
  Γ£ö errors when checkpoint task but autonomous is true (313.8696ms)
  Γ£ö returns error for nonexistent file (355.3007ms)
Γ£ö verify plan-structure command (2086.9494ms)
Γû╢ verify phase-completeness command
  Γ£ö reports complete phase with matching plans and summaries (446.0833ms)
  Γ£ö reports incomplete phase with plan missing summary (332.7117ms)
  Γ£ö warns about orphan summaries (427.5181ms)
  Γ£ö returns error for nonexistent phase (411.4854ms)
Γ£ö verify phase-completeness command (1627.9753ms)
Γû╢ verify summary command
  Γ£ö returns not found for nonexistent summary (2893.9693ms)
  Γ£ö passes for valid summary with real files and commits (5429.3592ms)
  Γ£ö reports missing files mentioned in summary (7592.7075ms)
  Γ£ö detects self-check section with pass indicators (3391.8573ms)
  Γ£ö detects self-check section with fail indicators (3695.6248ms)
  Γ£ö REG-03: returns self_check "not_found" when no self-check section exists (3956.2423ms)
  Γ£ö search(-1) regression: self-check guard prevents entry when no heading (3894.6722ms)
  Γ£ö respects checkFileCount parameter (4120.9599ms)
Γ£ö verify summary command (34976.5684ms)
Γû╢ verify references command
  Γ£ö reports valid when all referenced files exist (352.69ms)
  Γ£ö reports missing for nonexistent referenced files (463.6792ms)
  Γ£ö detects backtick file paths (443.3761ms)
  Γ£ö skips backtick template expressions (463.2114ms)
  Γ£ö returns error for nonexistent file (542.948ms)
Γ£ö verify references command (2267.6931ms)
Γû╢ verify commits command
  Γ£ö validates real commit hashes (4255.444ms)
  Γ£ö reports invalid for fake hashes (3702.2091ms)
  Γ£ö handles mixed valid and invalid hashes (3597.1649ms)
Γ£ö verify commits command (11555.3561ms)
Γû╢ verify artifacts command
  Γ£ö passes when all artifacts exist and match criteria (379.5935ms)
  Γ£ö reports missing artifact file (402.8979ms)
  Γ£ö reports insufficient line count (428.1809ms)
  Γ£ö reports missing pattern (411.1867ms)
  Γ£ö reports missing export (263.8084ms)
  Γ£ö returns error when no artifacts in frontmatter (246.9974ms)
Γ£ö verify artifacts command (2133.5353ms)
Γû╢ verify key-links command
  Γ£ö verifies link when pattern found in source (638.1334ms)
  Γ£ö verifies link when pattern found in target (442.8644ms)
  Γ£ö fails when pattern not found in source or target (555.2387ms)
  Γ£ö verifies link without pattern using string inclusion (486.7558ms)
  Γ£ö reports source file not found (445.9365ms)
  Γ£ö returns error when no key_links in frontmatter (559.6924ms)
Γ£ö verify key-links command (3129.469ms)
Γû╢ workflow shell robustness
  Γ£ö resume-project.md: informational commands are guarded with || true (4.8511ms)
  Γ£ö progress.md: informational commands are guarded with || true (1.4477ms)
  Γ£ö transition.md: informational commands are guarded with || true (1.4739ms)
  Γ£ö verify-phase.md: informational commands are guarded with || true (1.3909ms)
  Γ£ö verify-work.md: informational commands are guarded with || true (1.7434ms)
  Γ£ö discuss-phase.md: informational commands are guarded with || true (2.6108ms)
  Γ£ö plan-phase.md: informational commands are guarded with || true (1.1832ms)
  Γ£ö execute-plan.md: informational commands are guarded with || true (1.0097ms)
  Γ£ö cleanup.md: informational commands are guarded with || true (0.7509ms)
  Γ£ö glob loops in resume-project.md have existence guard (1.4554ms)
Γ£ö workflow shell robustness (22.0046ms)
Γû╢ hook stdin timeout patterns
  Γ£ö all JS hooks have stdin timeout guard (2.8186ms)
  Γ£ö no JS hooks use synchronous readFileSync on /dev/stdin (2.6482ms)
Γ£ö hook stdin timeout patterns (5.796ms)
Γû╢ @file: handoff in workflows
  Γ£ö all workflows calling gsd-tools init have @file: handler (33.9288ms)
Γ£ö @file: handoff in workflows (34.1419ms)

[36m   ΓûêΓûêΓûêΓûêΓûêΓûêΓòù ΓûêΓûêΓûêΓûêΓûêΓûêΓûêΓòùΓûêΓûêΓûêΓûêΓûêΓûêΓòù
  ΓûêΓûêΓòöΓòÉΓòÉΓòÉΓòÉΓò¥ ΓûêΓûêΓòöΓòÉΓòÉΓòÉΓòÉΓò¥ΓûêΓûêΓòöΓòÉΓòÉΓûêΓûêΓòù
  ΓûêΓûêΓòæ  ΓûêΓûêΓûêΓòùΓûêΓûêΓûêΓûêΓûêΓûêΓûêΓòùΓûêΓûêΓòæ  ΓûêΓûêΓòæ
  ΓûêΓûêΓòæ   ΓûêΓûêΓòæΓòÜΓòÉΓòÉΓòÉΓòÉΓûêΓûêΓòæΓûêΓûêΓòæ  ΓûêΓûêΓòæ
  ΓòÜΓûêΓûêΓûêΓûêΓûêΓûêΓòöΓò¥ΓûêΓûêΓûêΓûêΓûêΓûêΓûêΓòæΓûêΓûêΓûêΓûêΓûêΓûêΓòöΓò¥
   ΓòÜΓòÉΓòÉΓòÉΓòÉΓòÉΓò¥ ΓòÜΓòÉΓòÉΓòÉΓòÉΓòÉΓòÉΓò¥ΓòÜΓòÉΓòÉΓòÉΓòÉΓòÉΓò¥[0m

  Get Shit Done [2mv1.36.0[0m
  A meta-prompting, context engineering and spec-driven
  development system for Claude Code, OpenCode, Gemini, Kilo, Codex, Copilot, Antigravity, Cursor, Windsurf, Augment, Trae, Qwen Code, Cline and CodeBuddy by T├éCHES.

Γû╢ convertClaudeCommandToWindsurfSkill
  Γ£ö writes unquoted Windsurf skill name in frontmatter (2.8596ms)
  Γ£ö preserves slash for slash commands in markdown body (0.5681ms)
  Γ£ö includes windsurf_skill_adapter block (0.4736ms)
Γ£ö convertClaudeCommandToWindsurfSkill (5.9881ms)
Γû╢ convertClaudeAgentToWindsurfAgent
  Γ£ö converts agent frontmatter with unquoted name (0.5929ms)
Γ£ö convertClaudeAgentToWindsurfAgent (0.9567ms)
Γû╢ convertClaudeToWindsurfMarkdown
  Γ£ö replaces Claude Code brand with Windsurf (0.6381ms)
  Γ£ö replaces CLAUDE.md with .windsurf/rules (no trailing slash) (0.5628ms)
  Γ£ö replaces .claude/skills/ with .windsurf/skills/ (0.4901ms)
  Γ£ö replaces Bash( with Shell( and Edit( with StrReplace( (0.2784ms)
  Γ£ö replaces $ARGUMENTS with {{GSD_ARGS}} (0.8163ms)
  Γ£ö removes classifyHandoffIfNeeded workarounds (1.9753ms)
Γ£ö convertClaudeToWindsurfMarkdown (9.494ms)

[36m   ΓûêΓûêΓûêΓûêΓûêΓûêΓòù ΓûêΓûêΓûêΓûêΓûêΓûêΓûêΓòùΓûêΓûêΓûêΓûêΓûêΓûêΓòù
  ΓûêΓûêΓòöΓòÉΓòÉΓòÉΓòÉΓò¥ ΓûêΓûêΓòöΓòÉΓòÉΓòÉΓòÉΓò¥ΓûêΓûêΓòöΓòÉΓòÉΓûêΓûêΓòù
  ΓûêΓûêΓòæ  ΓûêΓûêΓûêΓòùΓûêΓûêΓûêΓûêΓûêΓûêΓûêΓòùΓûêΓûêΓòæ  ΓûêΓûêΓòæ
  ΓûêΓûêΓòæ   ΓûêΓûêΓòæΓòÜΓòÉΓòÉΓòÉΓòÉΓûêΓûêΓòæΓûêΓûêΓòæ  ΓûêΓûêΓòæ
  ΓòÜΓûêΓûêΓûêΓûêΓûêΓûêΓòöΓò¥ΓûêΓûêΓûêΓûêΓûêΓûêΓûêΓòæΓûêΓûêΓûêΓûêΓûêΓûêΓòöΓò¥
   ΓòÜΓòÉΓòÉΓòÉΓòÉΓòÉΓò¥ ΓòÜΓòÉΓòÉΓòÉΓòÉΓòÉΓòÉΓò¥ΓòÜΓòÉΓòÉΓòÉΓòÉΓòÉΓò¥[0m

  Get Shit Done [2mv1.36.0[0m
  A meta-prompting, context engineering and spec-driven
  development system for Claude Code, OpenCode, Gemini, Kilo, Codex, Copilot, Antigravity, Cursor, Windsurf, Augment, Trae, Qwen Code, Cline and CodeBuddy by T├éCHES.

Γû╢ getGlobalDir (Windsurf)
  Γ£ö returns ~/.codeium/windsurf with no env var or explicit dir (19.5092ms)
  Γ£ö returns explicit dir when provided (0.9311ms)
  Γ£ö respects WINDSURF_CONFIG_DIR env var (1.7435ms)
  Γ£ö explicit dir takes priority over WINDSURF_CONFIG_DIR (15.1238ms)
  Γ£ö does not break other runtimes (0.9271ms)
Γ£ö getGlobalDir (Windsurf) (41.3679ms)
Γû╢ workflow CLI compatibility (#1759)
  Γ£ö no workflow/command/agent file uses the deprecated --no-input flag (84.1081ms)
Γ£ö workflow CLI compatibility (#1759) (85.7838ms)
Γû╢ workflow-guard hook registration (#1767)
  Γ£ö install.js constructs a command path variable for gsd-workflow-guard.js (11.8633ms)
  Γ£ö install.js has a hasWorkflowGuardHook dedup check (2.6976ms)
  Γ£ö install.js pushes workflow-guard entry with correct matcher (3.0354ms)
Γ£ö workflow-guard hook registration (#1767) (20.506ms)
Γû╢ hook registration completeness anti-pattern guard
  Γ£ö every JS hook in gsdHooks has a command construction in install.js (14.935ms)
Γ£ö hook registration completeness anti-pattern guard (15.2366ms)
Γû╢ detectChildRepos
  Γ£ö detects child git repos (6178.3382ms)
  Γ£ö skips non-git directories (980.2382ms)
  Γ£ö skips hidden directories (581.6729ms)
  Γ£ö skips files (6.1416ms)
  Γ£ö returns empty array for non-existent directory (3.4125ms)
Γ£ö detectChildRepos (7752.654ms)
Γû╢ init new-workspace
  Γ£ö returns expected JSON fields (1395.7794ms)
  Γ£ö detects child git repos in cwd (2751.0935ms)
  Γ£ö reports no git repo when cwd is not a git repo (1177.5359ms)
Γ£ö init new-workspace (5325.1261ms)
Γû╢ init list-workspaces
  Γ£ö returns empty list when no workspaces exist (893.8182ms)
  Γ£ö finds workspaces with WORKSPACE.md (765.0639ms)
Γ£ö init list-workspaces (1659.3817ms)
Γû╢ init remove-workspace
  Γ£ö errors when no name provided (645.5009ms)
  Γ£ö errors when workspace not found (602.1405ms)
  Γ£ö returns workspace info for existing workspace (1008.1354ms)
Γ£ö init remove-workspace (2256.2651ms)
Γû╢ workspace worktree integration
  Γ£ö creates workspace with git worktree (4891.4345ms)
  Γ£ö creates workspace with git clone (50912.6266ms)
  Γ£ö worktree removal cleans up properly (5015.997ms)
Γ£ö workspace worktree integration (60820.6131ms)
Γû╢ workspace command files
  Γ£ö new-workspace command exists with correct frontmatter (0.9422ms)
  Γ£ö list-workspaces command exists with correct frontmatter (0.642ms)
  Γ£ö remove-workspace command exists with correct frontmatter (0.7301ms)
  Γ£ö new-workspace workflow exists (0.6207ms)
  Γ£ö list-workspaces workflow exists (0.5534ms)
  Γ£ö remove-workspace workflow exists (0.6178ms)
Γ£ö workspace command files (4.6647ms)
Γû╢ workspace routing in gsd-tools
  Γ£ö init new-workspace is routed correctly (1.0744ms)
  Γ£ö init list-workspaces is routed correctly (0.9327ms)
  Γ£ö init remove-workspace is routed correctly (0.7665ms)
Γ£ö workspace routing in gsd-tools (3.0255ms)
Γû╢ planningDir workstream awareness via env var
  Γ£ö state json returns workstream-scoped state when GSD_WORKSTREAM is set (202.4373ms)
  Γ£ö state json reads from flat .planning when no workstream set (180.2044ms)
  Γ£ö --ws flag overrides GSD_WORKSTREAM env var (193.0779ms)
Γ£ö planningDir workstream awareness via env var (591.4987ms)
Γû╢ session-scoped active workstream routing
  Γ£ö stores active workstream per session instead of mutating shared pointer (425.7352ms)
  Γ£ö different sessions resolve different active workstreams without --ws (395.745ms)
  Γ£ö session-scoped pointer ignores legacy shared active-workstream file (421.1545ms)
  Γ£ö state commands route to the session-scoped workstream automatically (427.3976ms)
  Γ£ö clearing one session does not clear another session pointer (664.555ms)
Γ£ö session-scoped active workstream routing (2349.3443ms)
Γû╢ session resolution hardening
  Γ£ö headless runs skip tty probing and use the shared active-workstream fallback (624.4979ms)
  Γ£ö explicit runtime session ids outrank tty-derived identities (1021.9754ms)
  Γ£ö TTY environment variables provide a session-scoped pointer without spawning tty (872.1831ms)
Γ£ö session resolution hardening (2519.2688ms)
Γû╢ pointer lifecycle hardening
  Γ£ö clearing one session pointer leaves sibling session pointers intact (2375.5357ms)
  Γ£ö stale pointers self-clean without deleting sibling session pointers (1791.1233ms)
  Γ£ö clearing the last session pointer removes the empty session tmp directory (821.9789ms)
Γ£ö pointer lifecycle hardening (4989.1247ms)
Γû╢ workstream create
  Γ£ö creates a new workstream in clean project (411.3132ms)
  Γ£ö sets created workstream as active (0.786ms)
  Γ£ö rejects duplicate workstream (555.2945ms)
  Γ£ö creates second workstream (523.3439ms)
Γ£ö workstream create (1648.2415ms)
Γû╢ workstream create with migration
  Γ£ö migrates existing flat work to named workstream (354.2204ms)
Γ£ö workstream create with migration (372.6326ms)
Γû╢ workstream list
  Γ£ö lists all workstreams (404.5683ms)
  Γû╢ flat mode
    Γ£ö reports flat mode when no workstreams exist (265.3415ms)
  Γ£ö flat mode (265.6289ms)
Γ£ö workstream list (686.9669ms)
Γû╢ workstream status
  Γ£ö returns detailed status for workstream (642.0033ms)
  Γ£ö returns not found for missing workstream (470.8801ms)
Γ£ö workstream status (1130.4614ms)
Γû╢ workstream complete
  Γ£ö archives workstream to milestones/ (590.1417ms)
  Γ£ö clears active-workstream when completing active one (0.5637ms)
Γ£ö workstream complete (614.9117ms)
Γû╢ workstream set/get
  Γ£ö sets active workstream (523.8075ms)
  Γ£ö gets active workstream (452.0424ms)
  Γ£ö errors when set called with no name (#1527) (338.0207ms)
  Γ£ö --clear explicitly unsets active workstream (949.7748ms)
Γ£ö workstream set/get (2284.0437ms)
Γû╢ getOtherActiveWorkstreams
  Γ£ö workstream list excludes completed workstreams from active count (373.9825ms)
Γ£ö getOtherActiveWorkstreams (906.7441ms)
Γû╢ workstream progress
  Γ£ö returns progress summary (542.8018ms)
Γ£ö workstream progress (625.3467ms)
Γû╢ gsd-tools --ws flag integration
  Γ£ö find-phase resolves to workstream-scoped phases via --ws (536.5968ms)
  Γ£ö find-phase returns JSON with workstream path when not raw (328.0008ms)
Γ£ö gsd-tools --ws flag integration (883.5229ms)
Γû╢ path traversal rejection
  Γû╢ --ws flag rejects traversal attempts
    Γ£ö rejects --ws=../../etc (334.4594ms)
    Γ£ö rejects --ws=../foo (306.2003ms)
    Γ£ö rejects --ws=ws/../../../passwd (486.7166ms)
    Γ£ö rejects --ws=a/b (260.3777ms)
    Γ£ö rejects --ws=ws name with spaces (312.874ms)
    Γ£ö rejects --ws=.. (239.7866ms)
    Γ£ö rejects --ws=. (252.2212ms)
    Γ£ö rejects --ws=ws..traversal (386.9654ms)
  Γ£ö --ws flag rejects traversal attempts (2580.5788ms)
  Γû╢ GSD_WORKSTREAM env var rejects traversal attempts
    Γ£ö rejects GSD_WORKSTREAM=../../etc (292.463ms)
    Γ£ö rejects GSD_WORKSTREAM=../foo (467.9754ms)
    Γ£ö rejects GSD_WORKSTREAM=ws/../../../passwd (375.1836ms)
    Γ£ö rejects GSD_WORKSTREAM=a/b (420.9215ms)
    Γ£ö rejects GSD_WORKSTREAM=ws name with spaces (289.4036ms)
    Γ£ö rejects GSD_WORKSTREAM=.. (392.4931ms)
    Γ£ö rejects GSD_WORKSTREAM=. (355.1949ms)
    Γ£ö rejects GSD_WORKSTREAM=ws..traversal (420.43ms)
  Γ£ö GSD_WORKSTREAM env var rejects traversal attempts (3014.9422ms)
  Γû╢ cmdWorkstreamSet rejects traversal attempts
    Γ£ö rejects set ../../etc (532.1806ms)
    Γ£ö rejects set ../foo (523.5464ms)
    Γ£ö rejects set ws/../../../passwd (291.0977ms)
    Γ£ö rejects set a/b (309.8618ms)
    Γ£ö rejects set ws name with spaces (279.3441ms)
    Γ£ö rejects set .. (206.9835ms)
    Γ£ö rejects set . (258.6429ms)
    Γ£ö rejects set ws..traversal (374.0177ms)
  Γ£ö cmdWorkstreamSet rejects traversal attempts (2776.6733ms)
  Γû╢ getActiveWorkstream rejects poisoned active-workstream file
    Γ£ö rejects poisoned file containing ../../etc (475.7528ms)
    Γ£ö rejects poisoned file containing ../foo (488.7391ms)
    Γ£ö rejects poisoned file containing ws/../../../passwd (598.2763ms)
    Γ£ö rejects poisoned file containing a/b (456.2164ms)
    Γ£ö rejects poisoned file containing ws name with spaces (432.4121ms)
    Γ£ö rejects poisoned file containing .. (394.1145ms)
    Γ£ö rejects poisoned file containing . (555.8061ms)
    Γ£ö rejects poisoned file containing ws..traversal (379.8216ms)
    Γ£ö cleanup: remove active-workstream file (0.8007ms)
  Γ£ö getActiveWorkstream rejects poisoned active-workstream file (3783.0116ms)
  Γû╢ setActiveWorkstream rejects invalid names directly
    Γ£ö throws for ../../etc (2.5649ms)
    Γ£ö throws for ../foo (0.4653ms)
    Γ£ö throws for ws/../../../passwd (0.2898ms)
    Γ£ö throws for a/b (0.5063ms)
    Γ£ö throws for ws name with spaces (0.2299ms)
    Γ£ö throws for .. (0.3146ms)
    Γ£ö throws for . (0.2319ms)
    Γ£ö throws for ws..traversal (0.183ms)
  Γ£ö setActiveWorkstream rejects invalid names directly (5.336ms)
Γ£ö path traversal rejection (12176.427ms)
Γû╢ worktree cleanup after executor completes (#1496)
  Γ£ö execute-phase.md includes worktree cleanup step (3.1161ms)
  Γ£ö execute-phase.md merges worktree branch before removing (1.2308ms)
  Γ£ö execute-phase.md handles merge conflicts gracefully (0.8913ms)
  Γ£ö execute-phase.md skips cleanup when use_worktrees is false (0.8931ms)
  Γ£ö quick.md includes worktree cleanup after executor returns (2.0406ms)
  Γ£ö quick.md merges worktree branch before removing (0.8388ms)
  Γ£ö cleanup uses git worktree list to discover orphans (0.9928ms)
Γ£ö worktree cleanup after executor completes (#1496) (12.5239ms)
Γû╢ worktree merge: orchestrator file protection (#1756)
  Γ£ö execute-phase.md backs up STATE.md before worktree merge (4.4029ms)
  Γ£ö execute-phase.md backs up ROADMAP.md before worktree merge (1.2508ms)
  Γ£ö execute-phase.md restores orchestrator files after worktree merge (1.0693ms)
  Γ£ö execute-phase.md detects files deleted on main but re-added by worktree (1.0504ms)
  Γ£ö quick.md has the same orchestrator file protection (2.2284ms)
Γ£ö worktree merge: orchestrator file protection (#1756) (15.644ms)
Γû╢ worktree commit safety hardening (#1977)
  Γ£ö execute-plan worktree_branch_check has no Windows-only platform qualifier (2.1539ms)
  Γ£ö gsd-executor.md task_commit_protocol includes post-commit deletion verification (0.7887ms)
  Γ£ö execute-phase.md worktree merge section includes pre-merge deletion check (2.0249ms)
Γ£ö worktree commit safety hardening (#1977) (7.0432ms)
Γû╢ worktree sequential dispatch
  Γ£ö execute-phase.md exists (2.2479ms)
  Γ£ö execute-phase explains git config.lock contention (0.9818ms)
  Γ£ö execute-phase requires sequential dispatch with run_in_background (0.2915ms)
  Γ£ö execute-phase warns against multiple Task calls in single message (0.3309ms)
Γ£ö worktree sequential dispatch (5.7565ms)
Γä╣ tests 4403
Γä╣ suites 768
Γä╣ pass 4372
Γä╣ fail 25
Γä╣ cancelled 0
Γä╣ skipped 6
Γä╣ todo 0
Γä╣ duration_ms 280258.7455

Γ£û failing tests:

test at tests\agent-frontmatter.test.cjs:36:5
Γ£û gsd-skill-scaffolder has anti-heredoc instruction (1.67ms)
  AssertionError [ERR_ASSERTION]: gsd-skill-scaffolder missing anti-heredoc instruction
      at TestContext.<anonymous> (C:\Users\akriz\code\get-shit-done\tests\agent-frontmatter.test.cjs:38:14)
      at Test.runInAsyncScope (node:async_hooks:214:14)
      at Test.run (node:internal/test_runner/test:1106:25)
      at Suite.processPendingSubtests (node:internal/test_runner/test:788:18)
      at Test.postRun (node:internal/test_runner/test:1235:19)
      at Test.run (node:internal/test_runner/test:1163:12)
      at async Suite.processPendingSubtests (node:internal/test_runner/test:788:7) {
    generatedMessage: false,
    code: 'ERR_ASSERTION',
    actual: false,
    expected: true,
    operator: '==',
    diff: 'simple'
  }

test at tests\agent-frontmatter.test.cjs:36:5
Γ£û gsd-skill-tuner has anti-heredoc instruction (0.7864ms)
  AssertionError [ERR_ASSERTION]: gsd-skill-tuner missing anti-heredoc instruction
      at TestContext.<anonymous> (C:\Users\akriz\code\get-shit-done\tests\agent-frontmatter.test.cjs:38:14)
      at Test.runInAsyncScope (node:async_hooks:214:14)
      at Test.run (node:internal/test_runner/test:1106:25)
      at Suite.processPendingSubtests (node:internal/test_runner/test:788:18)
      at Test.postRun (node:internal/test_runner/test:1235:19)
      at Test.run (node:internal/test_runner/test:1163:12)
      at async Suite.processPendingSubtests (node:internal/test_runner/test:788:7) {
    generatedMessage: false,
    code: 'ERR_ASSERTION',
    actual: false,
    expected: true,
    operator: '==',
    diff: 'simple'
  }

test at tests\agent-frontmatter.test.cjs:82:5
Γ£û gsd-skill-scaffolder has commented hooks pattern (0.548ms)
  AssertionError [ERR_ASSERTION]: gsd-skill-scaffolder missing commented hooks: pattern in frontmatter
      at TestContext.<anonymous> (C:\Users\akriz\code\get-shit-done\tests\agent-frontmatter.test.cjs:85:14)
      at Test.runInAsyncScope (node:async_hooks:214:14)
      at Test.run (node:internal/test_runner/test:1106:25)
      at Suite.processPendingSubtests (node:internal/test_runner/test:788:18)
      at Test.postRun (node:internal/test_runner/test:1235:19)
      at Test.run (node:internal/test_runner/test:1163:12)
      at async Suite.processPendingSubtests (node:internal/test_runner/test:788:7) {
    generatedMessage: false,
    code: 'ERR_ASSERTION',
    actual: false,
    expected: true,
    operator: '==',
    diff: 'simple'
  }

test at tests\agent-frontmatter.test.cjs:82:5
Γ£û gsd-skill-tuner has commented hooks pattern (0.4883ms)
  AssertionError [ERR_ASSERTION]: gsd-skill-tuner missing commented hooks: pattern in frontmatter
      at TestContext.<anonymous> (C:\Users\akriz\code\get-shit-done\tests\agent-frontmatter.test.cjs:85:14)
      at Test.runInAsyncScope (node:async_hooks:214:14)
      at Test.run (node:internal/test_runner/test:1106:25)
      at Suite.processPendingSubtests (node:internal/test_runner/test:788:18)
      at Test.postRun (node:internal/test_runner/test:1235:19)
      at Test.run (node:internal/test_runner/test:1163:12)
      at async Suite.processPendingSubtests (node:internal/test_runner/test:788:7) {
    generatedMessage: false,
    code: 'ERR_ASSERTION',
    actual: false,
    expected: true,
    operator: '==',
    diff: 'simple'
  }

test at tests\architecture-counts.test.cjs:49:5
Γ£û Total commands matches commands/gsd/*.md file count (4.8809ms)
  AssertionError [ERR_ASSERTION]: docs/ARCHITECTURE.md says "Total commands: 76" but commands/gsd/ has 78 .md files ΓÇö update ARCHITECTURE.md
  
  76 !== 78
  
      at TestContext.<anonymous> (C:\Users\akriz\code\get-shit-done\tests\architecture-counts.test.cjs:52:14)
      at Test.runInAsyncScope (node:async_hooks:214:14)
      at Test.run (node:internal/test_runner/test:1106:25)
      at Test.start (node:internal/test_runner/test:1003:17)
      at node:internal/test_runner/test:1516:71
      at node:internal/per_context/primordials:466:82
      at new Promise (<anonymous>)
      at new SafePromise (node:internal/per_context/primordials:435:3)
      at node:internal/per_context/primordials:466:9
      at Array.map (<anonymous>) {
    generatedMessage: false,
    code: 'ERR_ASSERTION',
    actual: 76,
    expected: 78,
    operator: 'strictEqual',
    diff: 'simple'
  }

test at tests\architecture-counts.test.cjs:49:5
Γ£û Total workflows matches get-shit-done/workflows/*.md file count (1.0847ms)
  AssertionError [ERR_ASSERTION]: docs/ARCHITECTURE.md says "Total workflows: 74" but get-shit-done/workflows/ has 76 .md files ΓÇö update ARCHITECTURE.md
  
  74 !== 76
  
      at TestContext.<anonymous> (C:\Users\akriz\code\get-shit-done\tests\architecture-counts.test.cjs:52:14)
      at Test.runInAsyncScope (node:async_hooks:214:14)
      at Test.run (node:internal/test_runner/test:1106:25)
      at Suite.processPendingSubtests (node:internal/test_runner/test:788:18)
      at Test.postRun (node:internal/test_runner/test:1235:19)
      at Test.run (node:internal/test_runner/test:1163:12)
      at async Promise.all (index 0)
      at async Suite.run (node:internal/test_runner/test:1518:7)
      at async startSubtestAfterBootstrap (node:internal/test_runner/harness:358:3) {
    generatedMessage: false,
    code: 'ERR_ASSERTION',
    actual: 74,
    expected: 76,
    operator: 'strictEqual',
    diff: 'simple'
  }

test at tests\architecture-counts.test.cjs:49:5
Γ£û Total agents matches agents/*.md file count (0.8084ms)
  AssertionError [ERR_ASSERTION]: docs/ARCHITECTURE.md says "Total agents: 34" but agents/ has 36 .md files ΓÇö update ARCHITECTURE.md
  
  34 !== 36
  
      at TestContext.<anonymous> (C:\Users\akriz\code\get-shit-done\tests\architecture-counts.test.cjs:52:14)
      at Test.runInAsyncScope (node:async_hooks:214:14)
      at Test.run (node:internal/test_runner/test:1106:25)
      at Suite.processPendingSubtests (node:internal/test_runner/test:788:18)
      at Test.postRun (node:internal/test_runner/test:1235:19)
      at Test.run (node:internal/test_runner/test:1163:12)
      at async Suite.processPendingSubtests (node:internal/test_runner/test:788:7) {
    generatedMessage: false,
    code: 'ERR_ASSERTION',
    actual: 34,
    expected: 36,
    operator: 'strictEqual',
    diff: 'simple'
  }

test at tests\ask-user-questions-fallback.test.cjs:47:3
Γ£û every workflow that uses AskUserQuestion includes a TEXT_MODE plain-text fallback (33.3352ms)
  AssertionError [ERR_ASSERTION]: AskUserQuestion is Claude Code-only (issue #2012).
  Every workflow that uses AskUserQuestion must include a TEXT_MODE fallback
  so non-Claude runtimes (OpenAI Codex, Gemini, etc.) can present questions
  as plain-text numbered lists instead of stalling on an unexecuted tool call.
  
  Add this near the argument-parsing section of each workflow:
    Set TEXT_MODE=true if --text is present in $ARGUMENTS OR text_mode from
    init JSON is true. When TEXT_MODE is active, replace every AskUserQuestion
    call with a plain-text numbered list and ask the user to type their choice
    number.
  
  Workflows missing the fallback:
    get-shit-done/workflows/build-skill.md
    get-shit-done/workflows/tune-skill.md
  
  2 !== 0
  
      at TestContext.<anonymous> (C:\Users\akriz\code\get-shit-done\tests\ask-user-questions-fallback.test.cjs:63:12)
      at Test.runInAsyncScope (node:async_hooks:214:14)
      at Test.run (node:internal/test_runner/test:1106:25)
      at Test.start (node:internal/test_runner/test:1003:17)
      at node:internal/test_runner/test:1516:71
      at node:internal/per_context/primordials:466:82
      at new Promise (<anonymous>)
      at new SafePromise (node:internal/per_context/primordials:435:3)
      at node:internal/per_context/primordials:466:9
      at Array.map (<anonymous>) {
    generatedMessage: false,
    code: 'ERR_ASSERTION',
    actual: 2,
    expected: 0,
    operator: 'strictEqual',
    diff: 'simple'
  }

test at tests\autonomous-allowed-tools.test.cjs:16:3
Γ£û includes Agent in allowed-tools list (3.3038ms)
  AssertionError [ERR_ASSERTION]: autonomous.md must have YAML frontmatter
      at TestContext.<anonymous> (C:\Users\akriz\code\get-shit-done\tests\autonomous-allowed-tools.test.cjs:22:12)
      at Test.runInAsyncScope (node:async_hooks:214:14)
      at Test.run (node:internal/test_runner/test:1106:25)
      at Test.start (node:internal/test_runner/test:1003:17)
      at node:internal/test_runner/test:1516:71
      at node:internal/per_context/primordials:466:82
      at new Promise (<anonymous>)
      at new SafePromise (node:internal/per_context/primordials:435:3)
      at node:internal/per_context/primordials:466:9
      at Array.map (<anonymous>) {
    generatedMessage: false,
    code: 'ERR_ASSERTION',
    actual: null,
    expected: true,
    operator: '==',
    diff: 'simple'
  }

test at tests\bug-1736-local-install-commands.test.cjs:52:3
Γ£û local install creates .claude/commands/gsd/ directory (1312.9025ms)
  Error: EPERM, Permission denied: \\?\C:\Users\akriz\AppData\Local\Temp\gsd-local-install-1736-06XQNg '\\?\C:\Users\akriz\AppData\Local\Temp\gsd-local-install-1736-06XQNg'
      at Object.rmSync (node:fs:1235:18)
      at TestContext.<anonymous> (C:\Users\akriz\code\get-shit-done\tests\bug-1736-local-install-commands.test.cjs:49:8)
      at TestHook.runInAsyncScope (node:async_hooks:214:14)
      at TestHook.run (node:internal/test_runner/test:1106:25)
      at TestHook.run (node:internal/test_runner/test:1427:18)
      at Suite.runHook (node:internal/test_runner/test:1024:20)
      at node:internal/test_runner/test:1069:27
      at node:internal/util:585:20
      at Test.run (node:internal/test_runner/test:1131:13)
      at process.processTicksAndRejections (node:internal/process/task_queues:103:5) {
    errno: 1,
    code: 'EPERM',
    path: '\\\\?\\C:\\Users\\akriz\\AppData\\Local\\Temp\\gsd-local-install-1736-06XQNg',
    syscall: 'rm'
  }

test at tests\bug-1736-local-install-commands.test.cjs:65:3
Γ£û local install deploys at least one .md command file to .claude/commands/gsd/ (1240.1035ms)
  Error: EPERM, Permission denied: \\?\C:\Users\akriz\AppData\Local\Temp\gsd-local-install-1736-tJXJ5E '\\?\C:\Users\akriz\AppData\Local\Temp\gsd-local-install-1736-tJXJ5E'
      at Object.rmSync (node:fs:1235:18)
      at TestContext.<anonymous> (C:\Users\akriz\code\get-shit-done\tests\bug-1736-local-install-commands.test.cjs:49:8)
      at TestHook.runInAsyncScope (node:async_hooks:214:14)
      at TestHook.run (node:internal/test_runner/test:1106:25)
      at TestHook.run (node:internal/test_runner/test:1427:18)
      at Suite.runHook (node:internal/test_runner/test:1024:20)
      at node:internal/test_runner/test:1069:27
      at node:internal/util:585:20
      at Test.run (node:internal/test_runner/test:1131:13)
      at process.processTicksAndRejections (node:internal/process/task_queues:103:5) {
    errno: 1,
    code: 'EPERM',
    path: '\\\\?\\C:\\Users\\akriz\\AppData\\Local\\Temp\\gsd-local-install-1736-tJXJ5E',
    syscall: 'rm'
  }

test at tests\bug-1736-local-install-commands.test.cjs:84:3
Γ£û local install deploys quick.md to .claude/commands/gsd/ (3474.2107ms)
  Error: EPERM, Permission denied: \\?\C:\Users\akriz\AppData\Local\Temp\gsd-local-install-1736-3yi8mE '\\?\C:\Users\akriz\AppData\Local\Temp\gsd-local-install-1736-3yi8mE'
      at Object.rmSync (node:fs:1235:18)
      at TestContext.<anonymous> (C:\Users\akriz\code\get-shit-done\tests\bug-1736-local-install-commands.test.cjs:49:8)
      at TestHook.runInAsyncScope (node:async_hooks:214:14)
      at TestHook.run (node:internal/test_runner/test:1106:25)
      at TestHook.run (node:internal/test_runner/test:1427:18)
      at Suite.runHook (node:internal/test_runner/test:1024:20)
      at node:internal/test_runner/test:1069:27
      at node:internal/util:585:20
      at Test.run (node:internal/test_runner/test:1131:13)
      at process.processTicksAndRejections (node:internal/process/task_queues:103:5) {
    errno: 1,
    code: 'EPERM',
    path: '\\\\?\\C:\\Users\\akriz\\AppData\\Local\\Temp\\gsd-local-install-1736-3yi8mE',
    syscall: 'rm'
  }

test at tests\bug-2136-sh-hook-version.test.cjs:95:3
Γ£û version header is on line 2 (immediately after shebang) (2.9048ms)
  AssertionError [ERR_ASSERTION]: gsd-phase-boundary.sh line 1 must be #!/bin/bash
  + actual - expected
  
  + '#!/bin/bash\r'
  - '#!/bin/bash'
                ^
  
      at TestContext.<anonymous> (C:\Users\akriz\code\get-shit-done\tests\bug-2136-sh-hook-version.test.cjs:100:14)
      at Test.runInAsyncScope (node:async_hooks:214:14)
      at Test.run (node:internal/test_runner/test:1106:25)
      at Suite.processPendingSubtests (node:internal/test_runner/test:788:18)
      at Test.postRun (node:internal/test_runner/test:1235:19)
      at Test.run (node:internal/test_runner/test:1163:12)
      at async Suite.processPendingSubtests (node:internal/test_runner/test:788:7) {
    generatedMessage: false,
    code: 'ERR_ASSERTION',
    actual: '#!/bin/bash\r',
    expected: '#!/bin/bash',
    operator: 'strictEqual',
    diff: 'simple'
  }

test at tests\codex-config.test.cjs:328:3
Γ£û has all 13 agents mapped (2.9942ms)
  AssertionError [ERR_ASSERTION]: has 13 agents
  
  14 !== 13
  
      at TestContext.<anonymous> (C:\Users\akriz\code\get-shit-done\tests\codex-config.test.cjs:330:12)
      at Test.runInAsyncScope (node:async_hooks:214:14)
      at Test.run (node:internal/test_runner/test:1106:25)
      at Test.start (node:internal/test_runner/test:1003:17)
      at node:internal/test_runner/test:1516:71
      at node:internal/per_context/primordials:466:82
      at new Promise (<anonymous>)
      at new SafePromise (node:internal/per_context/primordials:435:3)
      at node:internal/per_context/primordials:466:9
      at Array.map (<anonymous>) {
    generatedMessage: false,
    code: 'ERR_ASSERTION',
    actual: 14,
    expected: 13,
    operator: 'strictEqual',
    diff: 'simple'
  }

test at tests\command-count-sync.test.cjs:66:3
Γ£û "Total commands:" prose count matches actual commands/gsd/ file count (1.61ms)
  AssertionError [ERR_ASSERTION]: ARCHITECTURE.md "Total commands:" says 76 but commands/gsd/ has 78 .md files ΓÇö update the doc
  
  76 !== 78
  
      at TestContext.<anonymous> (C:\Users\akriz\code\get-shit-done\tests\command-count-sync.test.cjs:68:12)
      at Test.runInAsyncScope (node:async_hooks:214:14)
      at Test.run (node:internal/test_runner/test:1106:25)
      at Suite.processPendingSubtests (node:internal/test_runner/test:788:18)
      at Test.postRun (node:internal/test_runner/test:1235:19)
      at Test.run (node:internal/test_runner/test:1163:12)
      at async Suite.processPendingSubtests (node:internal/test_runner/test:788:7) {
    generatedMessage: false,
    code: 'ERR_ASSERTION',
    actual: 76,
    expected: 78,
    operator: 'strictEqual',
    diff: 'simple'
  }

test at tests\command-count-sync.test.cjs:75:3
Γ£û directory-tree slash-command count matches actual commands/gsd/ file count (0.4595ms)
  AssertionError [ERR_ASSERTION]: ARCHITECTURE.md directory tree says 76 slash commands but commands/gsd/ has 78 .md files ΓÇö update the doc
  
  76 !== 78
  
      at TestContext.<anonymous> (C:\Users\akriz\code\get-shit-done\tests\command-count-sync.test.cjs:77:12)
      at Test.runInAsyncScope (node:async_hooks:214:14)
      at Test.run (node:internal/test_runner/test:1106:25)
      at Suite.processPendingSubtests (node:internal/test_runner/test:788:18)
      at Test.postRun (node:internal/test_runner/test:1235:19)
      at Test.run (node:internal/test_runner/test:1163:12)
      at async Suite.processPendingSubtests (node:internal/test_runner/test:788:7) {
    generatedMessage: false,
    code: 'ERR_ASSERTION',
    actual: 76,
    expected: 78,
    operator: 'strictEqual',
    diff: 'simple'
  }

test at tests\copilot-install.test.cjs:1177:3
Γ£û installs all expected agent files (3155.9135ms)
  AssertionError [ERR_ASSERTION]: Expected values to be strictly deep-equal:
  + actual - expected
  ... Skipped lines
  
    [
      'gsd-advisor-researcher.agent.md',
      'gsd-ai-researcher.agent.md',
      'gsd-assumptions-analyzer.agent.md',
      'gsd-code-fixer.agent.md',
  ...
      'gsd-security-scanner.agent.md',
  +   'gsd-skill-auditor.agent.md',
  +   'gsd-skill-scaffolder.agent.md',
  +   'gsd-skill-tuner.agent.md',
      'gsd-threat-scanner.agent.md',
      'gsd-ui-auditor.agent.md',
      'gsd-ui-checker.agent.md',
      'gsd-ui-researcher.agent.md',
      'gsd-user-profiler.agent.md',
  
      at TestContext.<anonymous> (C:\Users\akriz\code\get-shit-done\tests\copilot-install.test.cjs:1216:12)
      at Test.runInAsyncScope (node:async_hooks:214:14)
      at Test.run (node:internal/test_runner/test:1106:25)
      at process.processTicksAndRejections (node:internal/process/task_queues:103:5)
      at async Suite.processPendingSubtests (node:internal/test_runner/test:788:7) {
    generatedMessage: true,
    code: 'ERR_ASSERTION',
    actual: [
      'gsd-advisor-researcher.agent.md',    'gsd-ai-researcher.agent.md',
      'gsd-assumptions-analyzer.agent.md',  'gsd-code-fixer.agent.md',
      'gsd-code-reviewer.agent.md',         'gsd-codebase-mapper.agent.md',
      'gsd-debug-session-manager.agent.md', 'gsd-debugger.agent.md',
      'gsd-doc-verifier.agent.md',          'gsd-doc-writer.agent.md',
      'gsd-domain-researcher.agent.md',     'gsd-eval-auditor.agent.md',
      'gsd-eval-planner.agent.md',          'gsd-executor.agent.md',
      'gsd-framework-selector.agent.md',    'gsd-integration-checker.agent.md',
      'gsd-intel-updater.agent.md',         'gsd-nyquist-auditor.agent.md',
      'gsd-pattern-mapper.agent.md',        'gsd-phase-researcher.agent.md',
      'gsd-plan-checker.agent.md',          'gsd-planner.agent.md',
      'gsd-project-researcher.agent.md',    'gsd-research-synthesizer.agent.md',
      'gsd-roadmapper.agent.md',            'gsd-security-auditor.agent.md',
      'gsd-security-scanner.agent.md',      'gsd-skill-auditor.agent.md',
      'gsd-skill-scaffolder.agent.md',      'gsd-skill-tuner.agent.md',
      'gsd-threat-scanner.agent.md',        'gsd-ui-auditor.agent.md',
      'gsd-ui-checker.agent.md',            'gsd-ui-researcher.agent.md',
      'gsd-user-profiler.agent.md',         'gsd-verifier.agent.md'
    ],
    expected: [
      'gsd-advisor-researcher.agent.md',    'gsd-ai-researcher.agent.md',
      'gsd-assumptions-analyzer.agent.md',  'gsd-code-fixer.agent.md',
      'gsd-code-reviewer.agent.md',         'gsd-codebase-mapper.agent.md',
      'gsd-debug-session-manager.agent.md', 'gsd-debugger.agent.md',
      'gsd-doc-verifier.agent.md',          'gsd-doc-writer.agent.md',
      'gsd-domain-researcher.agent.md',     'gsd-eval-auditor.agent.md',
      'gsd-eval-planner.agent.md',          'gsd-executor.agent.md',
      'gsd-framework-selector.agent.md',    'gsd-integration-checker.agent.md',
      'gsd-intel-updater.agent.md',         'gsd-nyquist-auditor.agent.md',
      'gsd-pattern-mapper.agent.md',        'gsd-phase-researcher.agent.md',
      'gsd-plan-checker.agent.md',          'gsd-planner.agent.md',
      'gsd-project-researcher.agent.md',    'gsd-research-synthesizer.agent.md',
      'gsd-roadmapper.agent.md',            'gsd-security-auditor.agent.md',
      'gsd-security-scanner.agent.md',      'gsd-threat-scanner.agent.md',
      'gsd-ui-auditor.agent.md',            'gsd-ui-checker.agent.md',
      'gsd-ui-researcher.agent.md',         'gsd-user-profiler.agent.md',
      'gsd-verifier.agent.md'
    ],
    operator: 'deepStrictEqual',
    diff: 'simple'
  }

test at tests\few-shot-calibration.test.cjs:33:5
Γ£û plan-checker.md has version and component in frontmatter (2.396ms)
  AssertionError [ERR_ASSERTION]: The input did not match the regular expression /^---\n/. Input:
  
  '---\r\n' +
    'component: plan-checker\r\n' +
    'version: 1\r\n' +
    'last_calibrated: 2026-03-24\r\n' +
    '---\r\n' +
    '\r\n' +
    '# Plan-Checker Few-Shot Examples\r\n' +
    '\r\n' +
    '## Positive Examples\r\n' +
    '\r\n' +
    '### Example 1: BLOCKER flagged for vague task action missing file and function names\r\n' +
    '\r\n' +
    '**Input:** Plan task with action: "Implement the authentication feature for the API routes."\r\n' +
    '\r\n' +
    '**Output:**\r\n' +
    '\r\n' +
    '> ```yaml\r\n' +
    '> issues:\r\n' +
    '>   - dimension: task_completeness\r\n' +
    '>     severity: BLOCKER\r\n' +
    `>     finding: "Task T1 action says 'implement the authentication feature' without naming target files, functions to create, or middleware to apply. Executor cannot determine what to build."\r\n` +
    '>     affected_field: "<action>"\r\n' +
    '>     suggested_fix: "Specify: create authMiddleware in src/middleware/auth.js, apply to routes in src/routes/api.js lines 12-45, verify with integration test"\r\n' +
    '> ```\r\n' +
    '\r\n' +
    '**Why this is good:** The checker cited the specific dimension (task_completeness), quoted the problematic text, explained why it is a blocker (executor cannot determine what to build), and gave a concrete fix with file paths and function names. The finding is actionable -- the planner knows exactly what to add.\r\n' +
    '\r\n' +
    '### Example 2: BLOCKER for same-wave file conflict between two plans\r\n' +
    '\r\n' +
    '**Input:** Two plans in wave 1 -- Plan 01 modifies `get-shit-done/workflows/execute-phase.md`, Plan 02 also modifies `get-shit-done/workflows/execute-phase.md`. No `depends_on` declared.\r\n' +
    '\r\n' +
    '**Output:**\r\n' +
    '\r\n' +
    '> ```yaml\r\n' +
    '> issues:\r\n' +
    '>   - dimension: dependency_correctness\r\n' +
    '>     severity: BLOCKER\r\n' +
    '>     finding: "Plans 01 and 02 both modify get-shit-done/workflows/execute-phase.md in wave 1 with no depends_on relationship. Concurrent execution will cause merge conflicts or lost changes."\r\n' +
    '>     affected_field: "files_modified"\r\n' +
    `>     suggested_fix: "Either move Plan 02 to wave 2 with depends_on: ['01'] or consolidate the file changes into a single plan"\r\n` +
    '> ```\r\n' +
    '\r\n' +
    '**Why this is good:** The checker identified a real structural problem -- two plans modifying the same file in the same wave without a dependency relationship. It cited dependency_correctness, named both plans, the conflicting file, and provided two alternative fixes.\r\n' +
    '\r\n' +
    '## Negative Examples\r\n' +
    '\r\n' +
    '### Example 1: All dimensions pass when verify commands are missing\r\n' +
    '\r\n' +
    '**Input:** Plan with 3 tasks. Task T2 has `<verify></verify>` (empty). Task T3 has `<verify>echo "done"</verify>` (trivial, cannot distinguish pass from fail).\r\n' +
    '\r\n' +
    '**Output:**\r\n' +
    '\r\n' +
    '> ## CHECK PASSED\r\n' +
    '> Plans: 1 | Tasks: 3 | Dimensions: 10 | Issues: 0\r\n' +
    '\r\n' +
    '**Why this is bad:** The checker missed two violations. verification_derivation requires verify commands to be runnable and test actual output -- an empty verify block is a BLOCKER. Verify commands must distinguish pass from fail -- `echo "done"` always returns 0 regardless of implementation state. Both should have been flagged.\r\n' +
    '\r\n' +
    '### Example 2: False positive INFO for a correctly-sized plan\r\n' +
    '\r\n' +
    '**Input:** Plan with 3 tasks, 6 unique files, 1 dependency. All within limits.\r\n' +
    '\r\n' +
    '**Output:**\r\n' +
    '\r\n' +
    '> ```yaml\r\n' +
    '> issues:\r\n' +
    '>   - dimension: scope_sanity\r\n' +
    '>     severity: INFO\r\n' +
    '>     finding: "Plan has 3 tasks -- consider splitting into smaller plans for faster iteration"\r\n' +
    '>     affected_field: "task count"\r\n' +
    '>     suggested_fix: "Split tasks into separate plans"\r\n' +
    '> ```\r\n' +
    '\r\n' +
    `**Why this is bad:** The checker flagged a non-issue. scope_sanity allows 2-3 tasks per plan -- 3 tasks is within limits. The checker applied a personal preference ("smaller is better") rather than the documented threshold. This wastes planner time on false positives and erodes trust in the checker's judgment. A correct check would produce no issue for this plan.\r\n`
  
      at TestContext.<anonymous> (C:\Users\akriz\code\get-shit-done\tests\few-shot-calibration.test.cjs:35:14)
      at Test.runInAsyncScope (node:async_hooks:214:14)
      at Test.run (node:internal/test_runner/test:1106:25)
      at Test.start (node:internal/test_runner/test:1003:17)
      at node:internal/test_runner/test:1516:71
      at node:internal/per_context/primordials:466:82
      at new Promise (<anonymous>)
      at new SafePromise (node:internal/per_context/primordials:435:3)
      at node:internal/per_context/primordials:466:9
      at Array.map (<anonymous>) {
    generatedMessage: true,
    code: 'ERR_ASSERTION',
    actual: '---\r\ncomponent: plan-checker\r\nversion: 1\r\nlast_calibrated: 2026-03-24\r\n---\r\n\r\n# Plan-Checker Few-Shot Examples\r\n\r\n## Positive Examples\r\n\r\n### Example 1: BLOCKER flagged for vague task action missing file and function names\r\n\r\n**Input:** Plan task with action: "Implement the authentication feature for the API routes."\r\n\r\n**Output:**\r\n\r\n> ```yaml\r\n> issues:\r\n>   - dimension: task_completeness\r\n>     severity: BLOCKER\r\n>     finding: "Task T1 action says \'implement the authentication feature\' without naming target files, functions to create, or middleware to apply. Executor cannot determine what to build."\r\n>     affected_field: "<action>"\r\n>     suggested_fix: "Specify: create authMiddleware in src/middleware/auth.js, apply to routes in src/routes/api.js lines 12-45, verify with integration test"\r\n> ```\r\n\r\n**Why this is good:** The checker cited the specific dimension (task_completeness), quoted the problematic text, explained why it is a blocker (executor cannot determine what to build), and gave a concrete fix with file paths and function names. The finding is actionable -- the planner knows exactly what to add.\r\n\r\n### Example 2: BLOCKER for same-wave file conflict between two plans\r\n\r\n**Input:** Two plans in wave 1 -- Plan 01 modifies `get-shit-done/workflows/execute-phase.md`, Plan 02 also modifies `get-shit-done/workflows/execute-phase.md`. No `depends_on` declared.\r\n\r\n**Output:**\r\n\r\n> ```yaml\r\n> issues:\r\n>   - dimension: dependency_correctness\r\n>     severity: BLOCKER\r\n>     finding: "Plans 01 and 02 both modify get-shit-done/workflows/execute-phase.md in wave 1 with no depends_on relationship. Concurrent execution will cause merge conflicts or lost changes."\r\n>     affected_field: "files_modified"\r\n>     suggested_fix: "Either move Plan 02 to wave 2 with depends_on: [\'01\'] or consolidate the file changes into a single plan"\r\n> ```\r\n\r\n**Why this is good:** The checker identified a real structural problem -- two plans modifying the same file in the same wave without a dependency relationship. It cited dependency_correctness, named both plans, the conflicting file, and provided two alternative fixes.\r\n\r\n## Negative Examples\r\n\r\n### Example 1: All dimensions pass when verify commands are missing\r\n\r\n**Input:** Plan with 3 tasks. Task T2 has `<verify></verify>` (empty). Task T3 has `<verify>echo "done"</verify>` (trivial, cannot distinguish pass from fail).\r\n\r\n**Output:**\r\n\r\n> ## CHECK PASSED\r\n> Plans: 1 | Tasks: 3 | Dimensions: 10 | Issues: 0\r\n\r\n**Why this is bad:** The checker missed two violations. verification_derivation requires verify commands to be runnable and test actual output -- an empty verify block is a BLOCKER. Verify commands must distinguish pass from fail -- `echo "done"` always returns 0 regardless of implementation state. Both should have been flagged.\r\n\r\n### Example 2: False positive INFO for a correctly-sized plan\r\n\r\n**Input:** Plan with 3 tasks, 6 unique files, 1 dependency. All within limits.\r\n\r\n**Output:**\r\n\r\n> ```yaml\r\n> issues:\r\n>   - dimension: scope_sanity\r\n>     severity: INFO\r\n>     finding: "Plan has 3 tasks -- consider splitting into smaller plans for faster iteration"\r\n>     affected_field: "task count"\r\n>     suggested_fix: "Split tasks into separate plans"\r\n> ```\r\n\r\n**Why this is bad:** The checker flagged a non-issue. scope_sanity allows 2-3 tasks per plan -- 3 tasks is within limits. The checker applied a personal preference ("smaller is better") rather than the documented threshold. This wastes planner time on false positives and erodes trust in the checker\'s judgment. A correct check would produce no issue for this plan.\r\n',
    expected: /^---\n/,
    operator: 'match',
    diff: 'simple'
  }

test at tests\few-shot-calibration.test.cjs:41:5
Γ£û verifier.md has version and component in frontmatter (0.9113ms)
  AssertionError [ERR_ASSERTION]: The input did not match the regular expression /^---\n/. Input:
  
  '---\r\n' +
    'component: verifier\r\n' +
    'version: 2\r\n' +
    'last_calibrated: 2026-03-25\r\n' +
    'calibration_source: "Adapted from thinking-partner verification corpus"\r\n' +
    '---\r\n' +
    '\r\n' +
    '# Verifier Few-Shot Examples\r\n' +
    '\r\n' +
    '## Positive Examples\r\n' +
    '\r\n' +
    '### Example 1: Thorough multi-level artifact verification with real gap discovery\r\n' +
    '\r\n' +
    '**Input:** Must-have artifact: `get-shit-done/workflows/context-bridge.md: >50 lines`\r\n' +
    '\r\n' +
    '**Output:**\r\n' +
    '\r\n' +
    '> **L1 (Existence):** EXISTS -- `get-shit-done/workflows/context-bridge.md` found, 187 lines.\r\n' +
    '> **L2 (Substantive):** SUBSTANTIVE -- No TODO/FIXME markers, 4 defined sections (`updateContextTier`, `getContextBudget`, `injectContextWarning`, `resetTierState`), non-trivial logic with config reads and threshold calculations.\r\n' +
    '> **L3 (Wired):** WIRED -- Referenced by `get-shit-done/workflows/execute-phase.md` at step 3. Called by `agents/gsd-executor.md` via @-reference include. Arguments verified: receives planning directory path matching the expected parameter.\r\n' +
    '> **Status: PASSED**\r\n' +
    '\r\n' +
    '**Why this is good:** The verifier checked all three levels independently with specific evidence at each level -- file path, line count, exported symbols, import location, and argument verification. It did not stop at "file exists" but traced wiring through to actual usage with correct arguments.\r\n' +
    '\r\n' +
    '### Example 2: Correct FAILED classification with grep evidence\r\n' +
    '\r\n' +
    '**Input:** Must-have truth: `validate-commit.js rejects commits missing scope parentheses`\r\n' +
    '\r\n' +
    '**Output:**\r\n' +
    '\r\n' +
    '> **Method:** Ran `grep -n "scope" get-shit-done/bin/validate-commit.js` to locate scope validation logic.\r\n' +
    '> **Evidence:** Lines 34-41 show regex `/^(feat|fix|refactor|test|docs|chore|wip)\\(/` which requires opening paren after type. However, no test for MISSING closing paren exists -- the regex accepts `feat(: description` (missing scope content and closing paren).\r\n' +
    '> **Ran:** `echo "feat(: test" | node get-shit-done/bin/validate-commit.js` -- exit code 0 (accepted).\r\n' +
    '> **Status: FAILED** -- Commit messages with empty scope `feat(: desc)` are accepted. The truth "rejects commits missing scope parentheses" does not hold for empty-scope edge case.\r\n' +
    '\r\n' +
    "**Why this is good:** The verifier did not trust the code's intent -- it ran an actual test with an edge case input and reported the specific failure. Evidence includes the regex, the test command, the exit code, and why the truth does not hold.\r\n" +
    '\r\n' +
    '### Example 3: Catching missing wiring (calibration-derived gap pattern)\r\n' +
    '\r\n' +
    '**Input:** Must-have key_link: `check-subagent-output.js imports and calls feedback-loop.js extractFeedback()`\r\n' +
    '\r\n' +
    '**Output:**\r\n' +
    '\r\n' +
    '> **Method:** Ran `grep -n "feedback-loop\\|extractFeedback" get-shit-done/bin/check-subagent-output.js`.\r\n' +
    '> **Evidence:** Zero matches. The file `feedback-loop.js` exists (172 lines, substantive), and `tests/feedback-loop.test.js` passes (229 lines). But `check-subagent-output.js` never imports or calls it.\r\n' +
    '> **Cross-check:** `grep -rn "require.*feedback-loop" get-shit-done/bin/` returns zero results across all scripts.\r\n' +
    '> **Status: FAILED** -- The artifact exists and is tested, but is completely orphaned. The key_link "imports and calls" does not hold. This is a **missing wiring** gap.\r\n' +
    '\r\n' +
    '**Why this is good:** The verifier caught a common calibration pattern: code that exists, is tested, but is never actually wired into the system. L1 and L2 pass, but L3 (wiring) fails. This pattern accounts for 37% of all gaps found in calibration corpus.\r\n' +
    '\r\n' +
    '### Example 4: Catching missing config schema entries (calibration-derived gap pattern)\r\n' +
    '\r\n' +
    '**Input:** Must-have truth: `Config toggles features.architecture_graph and features.architecture_guard exist with defaults`\r\n' +
    '\r\n' +
    '**Output:**\r\n' +
    '\r\n' +
    '> **Method:** Ran `grep "architecture_graph\\|architecture_guard" get-shit-done/bin/lib/config-schema.json`.\r\n' +
    '> **Evidence:** Zero matches in schema. However, `grep "architecture" get-shit-done/bin/lib/config.cjs` shows both flags in CONFIG_DEFAULTS (lines 426, 428).\r\n' +
    "> **Gap:** Defaults exist in code but schema validation doesn't know about them. `configValidate()` would strip these fields on load, making the defaults unreachable.\r\n" +
    '> **Status: FAILED** -- Config flags work in code but are invisible to schema validation. This is a **missing wiring** gap between config layers.\r\n' +
    '\r\n' +
    '**Why this is good:** The verifier checked multiple config layers (schema vs defaults vs code) rather than just one. Config wiring requires schema + defaults + code to agree -- checking only one layer misses layer-mismatch bugs.\r\n' +
    '\r\n' +
    '### Example 5: Distinguishing planning gaps from execution failures\r\n' +
    '\r\n' +
    '**Input:** Must-have truth: `All MSYS regex patterns consolidated into shared module`\r\n' +
    '\r\n' +
    '**Output:**\r\n' +
    '\r\n' +
    '> **Method:** Ran `grep -rn "\\/\\[a-zA-Z\\]\\/" get-shit-done/bin/` to find inline MSYS regex.\r\n' +
    "> **Evidence:** 2 matches in `commands/gsd/misc.md` (lines 26, 487). These were NOT in the original plan scope -- Phase 148 extracted code into misc.md AFTER Phase 149's plan was written.\r\n" +
    '> **Assessment:** The executor correctly completed all planned tasks. The gap is a **planning ordering issue**, not an execution failure.\r\n' +
    '> **Status: PASS_WITH_NOTES** -- Executor did what was planned. Unconsolidated regex noted as follow-up, not as a failure of this phase.\r\n' +
    '\r\n' +
    '**Why this is good:** The verifier distinguished between what was planned vs what exists now. Code that changed AFTER plan creation is a planning gap, not an executor failure. This prevents false FAIL verdicts on correctly-executed work.\r\n' +
    '\r\n' +
    '## Calibration-Derived Gap Patterns\r\n' +
    '\r\n' +
    'Based on analysis of verification corpus (80% pass rate, 8 gaps):\r\n' +
    '\r\n' +
    '| Pattern | Count | % of Gaps | What to Check |\r\n' +
    '|---------|-------|-----------|---------------|\r\n' +
    '| Missing wiring | 3 | 37% | File exists + tested but never imported/called by consumer |\r\n' +
    '| Missing tests | 2 | 25% | Feature works but test file excluded from CI or never runs |\r\n' +
    '| Other | 3 | 38% | Config layer mismatches, planning ordering issues, schema gaps |\r\n' +
    '\r\n' +
    '## Negative Examples\r\n' +
    '\r\n' +
    '### Example 1: Blanket pass with no per-criterion evidence\r\n' +
    '\r\n' +
    '**Input:** Must-haves: 5 truths, 3 artifacts, 2 key_links from plan frontmatter.\r\n' +
    '\r\n' +
    '**Output:**\r\n' +
    '\r\n' +
    '> All must-haves have been verified. The implementation matches the plan requirements. Files exist and are properly connected. Status: PASSED.\r\n' +
    '> must_haves_checked: 10, must_haves_passed: 10\r\n' +
    '\r\n' +
    '**Why this is bad:** No individual must-have is listed or checked. No file paths, no line numbers, no grep output, no level-by-level breakdown. The verifier restated the must-haves as passing without showing any evidence. This would miss stubs, orphaned exports, and broken wiring.\r\n' +
    '\r\n' +
    '### Example 2: File existence check without substance or wiring verification\r\n' +
    '\r\n' +
    '**Input:** Must-have artifact: `get-shit-done/bin/lib/audit-checks/index.cjs: >100 lines`\r\n' +
    '\r\n' +
    '**Output:**\r\n' +
    '\r\n' +
    '> **L1 (Existence):** EXISTS -- File found at `get-shit-done/bin/lib/audit-checks/index.cjs`, 142 lines.\r\n' +
    '> **Status: PASSED**\r\n' +
    '\r\n' +
    '**Why this is bad:** The verifier stopped at Level 1. The file has 142 lines but could contain `// TODO: implement all checks` with stub functions returning empty objects. Level 2 (substantive) and Level 3 (wired) were skipped entirely. A file that exists but is never imported or contains only placeholder code should not pass.\r\n'
  
      at TestContext.<anonymous> (C:\Users\akriz\code\get-shit-done\tests\few-shot-calibration.test.cjs:43:14)
      at Test.runInAsyncScope (node:async_hooks:214:14)
      at Test.run (node:internal/test_runner/test:1106:25)
      at Suite.processPendingSubtests (node:internal/test_runner/test:788:18)
      at Test.postRun (node:internal/test_runner/test:1235:19)
      at Test.run (node:internal/test_runner/test:1163:12)
      at async Promise.all (index 0)
      at async Suite.run (node:internal/test_runner/test:1518:7)
      at async Suite.processPendingSubtests (node:internal/test_runner/test:788:7) {
    generatedMessage: true,
    code: 'ERR_ASSERTION',
    actual: '---\r\ncomponent: verifier\r\nversion: 2\r\nlast_calibrated: 2026-03-25\r\ncalibration_source: "Adapted from thinking-partner verification corpus"\r\n---\r\n\r\n# Verifier Few-Shot Examples\r\n\r\n## Positive Examples\r\n\r\n### Example 1: Thorough multi-level artifact verification with real gap discovery\r\n\r\n**Input:** Must-have artifact: `get-shit-done/workflows/context-bridge.md: >50 lines`\r\n\r\n**Output:**\r\n\r\n> **L1 (Existence):** EXISTS -- `get-shit-done/workflows/context-bridge.md` found, 187 lines.\r\n> **L2 (Substantive):** SUBSTANTIVE -- No TODO/FIXME markers, 4 defined sections (`updateContextTier`, `getContextBudget`, `injectContextWarning`, `resetTierState`), non-trivial logic with config reads and threshold calculations.\r\n> **L3 (Wired):** WIRED -- Referenced by `get-shit-done/workflows/execute-phase.md` at step 3. Called by `agents/gsd-executor.md` via @-reference include. Arguments verified: receives planning directory path matching the expected parameter.\r\n> **Status: PASSED**\r\n\r\n**Why this is good:** The verifier checked all three levels independently with specific evidence at each level -- file path, line count, exported symbols, import location, and argument verification. It did not stop at "file exists" but traced wiring through to actual usage with correct arguments.\r\n\r\n### Example 2: Correct FAILED classification with grep evidence\r\n\r\n**Input:** Must-have truth: `validate-commit.js rejects commits missing scope parentheses`\r\n\r\n**Output:**\r\n\r\n> **Method:** Ran `grep -n "scope" get-shit-done/bin/validate-commit.js` to locate scope validation logic.\r\n> **Evidence:** Lines 34-41 show regex `/^(feat|fix|refactor|test|docs|chore|wip)\\(/` which requires opening paren after type. However, no test for MISSING closing paren exists -- the regex accepts `feat(: description` (missing scope content and closing paren).\r\n> **Ran:** `echo "feat(: test" | node get-shit-done/bin/validate-commit.js` -- exit code 0 (accepted).\r\n> **Status: FAILED** -- Commit messages with empty scope `feat(: desc)` are accepted. The truth "rejects commits missing scope parentheses" does not hold for empty-scope edge case.\r\n\r\n**Why this is good:** The verifier did not trust the code\'s intent -- it ran an actual test with an edge case input and reported the specific failure. Evidence includes the regex, the test command, the exit code, and why the truth does not hold.\r\n\r\n### Example 3: Catching missing wiring (calibration-derived gap pattern)\r\n\r\n**Input:** Must-have key_link: `check-subagent-output.js imports and calls feedback-loop.js extractFeedback()`\r\n\r\n**Output:**\r\n\r\n> **Method:** Ran `grep -n "feedback-loop\\|extractFeedback" get-shit-done/bin/check-subagent-output.js`.\r\n> **Evidence:** Zero matches. The file `feedback-loop.js` exists (172 lines, substantive), and `tests/feedback-loop.test.js` passes (229 lines). But `check-subagent-output.js` never imports or calls it.\r\n> **Cross-check:** `grep -rn "require.*feedback-loop" get-shit-done/bin/` returns zero results across all scripts.\r\n> **Status: FAILED** -- The artifact exists and is tested, but is completely orphaned. The key_link "imports and calls" does not hold. This is a **missing wiring** gap.\r\n\r\n**Why this is good:** The verifier caught a common calibration pattern: code that exists, is tested, but is never actually wired into the system. L1 and L2 pass, but L3 (wiring) fails. This pattern accounts for 37% of all gaps found in calibration corpus.\r\n\r\n### Example 4: Catching missing config schema entries (calibration-derived gap pattern)\r\n\r\n**Input:** Must-have truth: `Config toggles features.architecture_graph and features.architecture_guard exist with defaults`\r\n\r\n**Output:**\r\n\r\n> **Method:** Ran `grep "architecture_graph\\|architecture_guard" get-shit-done/bin/lib/config-schema.json`.\r\n> **Evidence:** Zero matches in schema. However, `grep "architecture" get-shit-done/bin/lib/config.cjs` shows both flags in CONFIG_DEFAULTS (lines 426, 428).\r\n> **Gap:** Defaults exist in code but schema validation doesn\'t know about them. `configValidate()` would strip these fields on load, making the defaults unreachable.\r\n> **Status: FAILED** -- Config flags work in code but are invisible to schema validation. This is a **missing wiring** gap between config layers.\r\n\r\n**Why this is good:** The verifier checked multiple config layers (schema vs defaults vs code) rather than just one. Config wiring requires schema + defaults + code to agree -- checking only one layer misses layer-mismatch bugs.\r\n\r\n### Example 5: Distinguishing planning gaps from execution failures\r\n\r\n**Input:** Must-have truth: `All MSYS regex patterns consolidated into shared module`\r\n\r\n**Output:**\r\n\r\n> **Method:** Ran `grep -rn "\\/\\[a-zA-Z\\]\\/" get-shit-done/bin/` to find inline MSYS regex.\r\n> **Evidence:** 2 matches in `commands/gsd/misc.md` (lines 26, 487). These were NOT in the original plan scope -- Phase 148 extracted code into misc.md AFTER Phase 149\'s plan was written.\r\n> **Assessment:** The executor correctly completed all planned tasks. The gap is a **planning ordering issue**, not an execution failure.\r\n> **Status: PASS_WITH_NOTES** -- Executor did what was planned. Unconsolidated regex noted as follow-up, not as a failure of this phase.\r\n\r\n**Why this is good:** The verifier distinguished between what was planned vs what exists now. Code that changed AFTER plan creation is a planning gap, not an executor failure. This prevents false FAIL verdicts on correctly-executed work.\r\n\r\n## Calibration-Derived Gap Patterns\r\n\r\nBased on analysis of verification corpus (80% pass rate, 8 gaps):\r\n\r\n| Pattern | Count | % of Gaps | What to Check |\r\n|---------|-------|-----------|---------------|\r\n| Missing wiring | 3 | 37% | File exists + tested but never imported/called by consumer |\r\n| Missing tests | 2 | 25% | Feature works but test file excluded from CI or never runs |\r\n| Other | 3 | 38% | Config layer mismatches, planning ordering issues, schema gaps |\r\n\r\n## Negative Examples\r\n\r\n### Example 1: Blanket pass with no per-criterion evidence\r\n\r\n**Input:** Must-haves: 5 truths, 3 artifacts, 2 key_links from plan frontmatter.\r\n\r\n**Output:**\r\n\r\n> All must-haves have been verified. The implementation matches the plan requirements. Files exist and are properly connected. Status: PASSED.\r\n> must_haves_checked: 10, must_haves_passed: 10\r\n\r\n**Why this is bad:** No individual must-have is listed or checked. No file paths, no line numbers, no grep output, no level-by-level breakdown. The verifier restated the must-haves as passing without showing any evidence. This would miss stubs, orphaned exports, and broken wiring.\r\n\r\n### Example 2: File existence check without substance or wiring verification\r\n\r\n**Input:** Must-have artifact: `get-shit-done/bin/lib/audit-checks/index.cjs: >100 lines`\r\n\r\n**Output:**\r\n\r\n> **L1 (Existence):** EXISTS -- File found at `get-shit-done/bin/lib/audit-checks/index.cjs`, 142 lines.\r\n> **Status: PASSED**\r\n\r\n**Why this is bad:** The verifier stopped at Level 1. The file has 142 lines but could contain `// TODO: implement all checks` with stub functions returning empty objects. Level 2 (substantive) and Level 3 (wired) were skipped entirely. A file that exists but is never imported or contains only placeholder code should not pass.\r\n',
    expected: /^---\n/,
    operator: 'match',
    diff: 'simple'
  }

test at tests\gates-taxonomy.test.cjs:89:3
Γ£û gsd-plan-checker.md references gates.md in required_reading block (1.6972ms)
  AssertionError [ERR_ASSERTION]: gsd-plan-checker.md must have a <required_reading> block
      at TestContext.<anonymous> (C:\Users\akriz\code\get-shit-done\tests\gates-taxonomy.test.cjs:93:12)
      at Test.runInAsyncScope (node:async_hooks:214:14)
      at Test.run (node:internal/test_runner/test:1106:25)
      at Suite.processPendingSubtests (node:internal/test_runner/test:788:18)
      at Test.postRun (node:internal/test_runner/test:1235:19)
      at Test.run (node:internal/test_runner/test:1163:12)
      at async Suite.processPendingSubtests (node:internal/test_runner/test:788:7) {
    generatedMessage: false,
    code: 'ERR_ASSERTION',
    actual: null,
    expected: true,
    operator: '==',
    diff: 'simple'
  }

test at tests\gates-taxonomy.test.cjs:103:3
Γ£û gsd-verifier.md references gates.md in required_reading block (0.9346ms)
  AssertionError [ERR_ASSERTION]: gsd-verifier.md must have a <required_reading> block
      at TestContext.<anonymous> (C:\Users\akriz\code\get-shit-done\tests\gates-taxonomy.test.cjs:107:12)
      at Test.runInAsyncScope (node:async_hooks:214:14)
      at Test.run (node:internal/test_runner/test:1106:25)
      at Suite.processPendingSubtests (node:internal/test_runner/test:788:18)
      at Test.postRun (node:internal/test_runner/test:1235:19)
      at Test.run (node:internal/test_runner/test:1163:12)
      at async Suite.processPendingSubtests (node:internal/test_runner/test:788:7) {
    generatedMessage: false,
    code: 'ERR_ASSERTION',
    actual: null,
    expected: true,
    operator: '==',
    diff: 'simple'
  }

test at tests\prompt-injection-scan.test.cjs:240:3
Γ£û no invisible Unicode characters in non-allowlisted files (56.8602ms)
  AssertionError [ERR_ASSERTION]: Invisible Unicode characters found:
    get-shit-done\workflows\tune-skill.md: lines 233
  
  1 !== 0
  
      at TestContext.<anonymous> (C:\Users\akriz\code\get-shit-done\tests\prompt-injection-scan.test.cjs:262:12)
      at Test.runInAsyncScope (node:async_hooks:214:14)
      at Test.run (node:internal/test_runner/test:1106:25)
      at Suite.processPendingSubtests (node:internal/test_runner/test:788:18)
      at Test.postRun (node:internal/test_runner/test:1235:19)
      at Test.run (node:internal/test_runner/test:1163:12)
      at async Suite.processPendingSubtests (node:internal/test_runner/test:788:7) {
    generatedMessage: false,
    code: 'ERR_ASSERTION',
    actual: 1,
    expected: 0,
    operator: 'strictEqual',
    diff: 'simple'
  }

test at tests\prompt-injection-scan.test.cjs:269:3
Γ£û no fake system boundary tags in non-allowlisted files (14.5614ms)
  AssertionError [ERR_ASSERTION]: Fake system boundary tags found in source files:
    get-shit-done\bin\lib\security.cjs
  
  1 !== 0
  
      at TestContext.<anonymous> (C:\Users\akriz\code\get-shit-done\tests\prompt-injection-scan.test.cjs:286:12)
      at Test.runInAsyncScope (node:async_hooks:214:14)
      at Test.run (node:internal/test_runner/test:1106:25)
      at Suite.processPendingSubtests (node:internal/test_runner/test:788:18)
      at Test.postRun (node:internal/test_runner/test:1235:19)
      at Test.run (node:internal/test_runner/test:1163:12)
      at async Suite.processPendingSubtests (node:internal/test_runner/test:788:7) {
    generatedMessage: false,
    code: 'ERR_ASSERTION',
    actual: 1,
    expected: 0,
    operator: 'strictEqual',
    diff: 'simple'
  }

test at tests\skill-manifest.test.cjs:54:3
Γ£û returns normalized inventory across canonical roots (709.1492ms)
  AssertionError [ERR_ASSERTION]: Expected values to be strictly deep-equal:
  + actual - expected
  
    [
  +   'gsd-add-backlog',
  +   'gsd-add-backlog',
  +   'gsd-add-phase',
  +   'gsd-add-phase',
  +   'gsd-add-tests',
  +   'gsd-add-tests',
  +   'gsd-add-todo',
  +   'gsd-add-todo',
  +   'gsd-ai-integration-phase',
  +   'gsd-ai-integration-phase',
  +   'gsd-analyze-dependencies',
  +   'gsd-analyze-dependencies',
  +   'gsd-audit-fix',
  +   'gsd-audit-fix',
  +   'gsd-audit-milestone',
  +   'gsd-audit-milestone',
  +   'gsd-audit-skill',
  +   'gsd-audit-uat',
  +   'gsd-audit-uat',
  +   'gsd-autonomous',
  +   'gsd-autonomous',
  +   'gsd-build-skill',
  +   'gsd-check-todos',
  +   'gsd-check-todos',
  +   'gsd-cleanup',
  +   'gsd-cleanup',
  +   'gsd-code-review',
  +   'gsd-code-review',
  +   'gsd-code-review-fix',
  +   'gsd-code-review-fix',
  +   'gsd-complete-milestone',
  +   'gsd-complete-milestone',
  +   'gsd-debug',
  +   'gsd-debug',
  +   'gsd-discuss-phase',
  +   'gsd-discuss-phase',
  +   'gsd-do',
  +   'gsd-do',
  +   'gsd-docs-update',
  +   'gsd-docs-update',
  +   'gsd-eval-review',
  +   'gsd-eval-review',
  +   'gsd-execute-phase',
  +   'gsd-execute-phase',
  +   'gsd-explore',
  +   'gsd-explore',
  +   'gsd-extract_learnings',
  +   'gsd-extract_learnings',
  +   'gsd-fast',
  +   'gsd-fast',
  +   'gsd-forensics',
  +   'gsd-forensics',
  +   'gsd-from-gsd2',
  +   'gsd-from-gsd2',
  +   'gsd-graphify',
  +   'gsd-graphify',
  +   'gsd-health',
  +   'gsd-health',
  -   'global-claude',
  -   'global-codex',
      'gsd-help',
  +   'gsd-help',
  +   'gsd-help',
  +   'gsd-import',
  +   'gsd-import',
  +   'gsd-insert-phase',
  +   'gsd-insert-phase',
  +   'gsd-intel',
  +   'gsd-intel',
  +   'gsd-join-discord',
  +   'gsd-join-discord',
  +   'gsd-list-phase-assumptions',
  +   'gsd-list-phase-assumptions',
  +   'gsd-list-workspaces',
  +   'gsd-list-workspaces',
  +   'gsd-manager',
  +   'gsd-manager',
  +   'gsd-map-codebase',
  +   'gsd-map-codebase',
  +   'gsd-milestone-summary',
  +   'gsd-milestone-summary',
  +   'gsd-new-milestone',
  +   'gsd-new-milestone',
  +   'gsd-new-project',
  +   'gsd-new-project',
  +   'gsd-new-workspace',
  +   'gsd-new-workspace',
  +   'gsd-next',
  +   'gsd-next',
  +   'gsd-note',
  +   'gsd-note',
  +   'gsd-pause-work',
  +   'gsd-pause-work',
  +   'gsd-plan-milestone-gaps',
  +   'gsd-plan-milestone-gaps',
  +   'gsd-plan-phase',
  +   'gsd-plan-phase',
  +   'gsd-plant-seed',
  +   'gsd-plant-seed',
  +   'gsd-pr-branch',
  +   'gsd-pr-branch',
  +   'gsd-profile-user',
  +   'gsd-profile-user',
  +   'gsd-progress',
  +   'gsd-progress',
  +   'gsd-quick',
  +   'gsd-quick',
  +   'gsd-reapply-patches',
  +   'gsd-reapply-patches',
  +   'gsd-remove-phase',
  +   'gsd-remove-phase',
  +   'gsd-remove-workspace',
  +   'gsd-remove-workspace',
  +   'gsd-research-phase',
  +   'gsd-research-phase',
  +   'gsd-resume-work',
  +   'gsd-resume-work',
  +   'gsd-review',
  +   'gsd-review',
  +   'gsd-review-backlog',
  +   'gsd-review-backlog',
  +   'gsd-scan',
  +   'gsd-scan',
  +   'gsd-secure-phase',
  +   'gsd-secure-phase',
  +   'gsd-security-audit',
  +   'gsd-session-report',
  +   'gsd-session-report',
  +   'gsd-set-profile',
  +   'gsd-set-profile',
  +   'gsd-settings',
  +   'gsd-settings',
  +   'gsd-ship',
  +   'gsd-ship',
  +   'gsd-stats',
  +   'gsd-stats',
  +   'gsd-thread',
  +   'gsd-thread',
  +   'gsd-threat-scan',
  +   'gsd-ui-phase',
  +   'gsd-ui-phase',
  +   'gsd-ui-review',
  +   'gsd-ui-review',
  +   'gsd-undo',
  +   'gsd-undo',
  +   'gsd-update',
  +   'gsd-update',
  +   'gsd-validate-phase',
  +   'gsd-validate-phase',
  +   'gsd-verify-work',
  +   'gsd-verify-work',
  +   'gsd-workstreams',
  +   'gsd-workstreams',
  -   'legacy-import',
      'project-agents',
      'project-claude',
      'project-codex'
    ]
  
      at TestContext.<anonymous> (C:\Users\akriz\code\get-shit-done\tests\skill-manifest.test.cjs:65:12)
      at Test.runInAsyncScope (node:async_hooks:214:14)
      at Test.run (node:internal/test_runner/test:1106:25)
      at async Promise.all (index 0)
      at async Suite.run (node:internal/test_runner/test:1518:7)
      at async startSubtestAfterBootstrap (node:internal/test_runner/harness:358:3) {
    generatedMessage: true,
    code: 'ERR_ASSERTION',
    actual: [
      'gsd-add-backlog',            'gsd-add-backlog',            'gsd-add-phase',
      'gsd-add-phase',              'gsd-add-tests',              'gsd-add-tests',
      'gsd-add-todo',               'gsd-add-todo',               'gsd-ai-integration-phase',
      'gsd-ai-integration-phase',   'gsd-analyze-dependencies',   'gsd-analyze-dependencies',
      'gsd-audit-fix',              'gsd-audit-fix',              'gsd-audit-milestone',
      'gsd-audit-milestone',        'gsd-audit-skill',            'gsd-audit-uat',
      'gsd-audit-uat',              'gsd-autonomous',             'gsd-autonomous',
      'gsd-build-skill',            'gsd-check-todos',            'gsd-check-todos',
      'gsd-cleanup',                'gsd-cleanup',                'gsd-code-review',
      'gsd-code-review',            'gsd-code-review-fix',        'gsd-code-review-fix',
      'gsd-complete-milestone',     'gsd-complete-milestone',     'gsd-debug',
      'gsd-debug',                  'gsd-discuss-phase',          'gsd-discuss-phase',
      'gsd-do',                     'gsd-do',                     'gsd-docs-update',
      'gsd-docs-update',            'gsd-eval-review',            'gsd-eval-review',
      'gsd-execute-phase',          'gsd-execute-phase',          'gsd-explore',
      'gsd-explore',                'gsd-extract_learnings',      'gsd-extract_learnings',
      'gsd-fast',                   'gsd-fast',                   'gsd-forensics',
      'gsd-forensics',              'gsd-from-gsd2',              'gsd-from-gsd2',
      'gsd-graphify',               'gsd-graphify',               'gsd-health',
      'gsd-health',                 'gsd-help',                   'gsd-help',
      'gsd-help',                   'gsd-import',                 'gsd-import',
      'gsd-insert-phase',           'gsd-insert-phase',           'gsd-intel',
      'gsd-intel',                  'gsd-join-discord',           'gsd-join-discord',
      'gsd-list-phase-assumptions', 'gsd-list-phase-assumptions', 'gsd-list-workspaces',
      'gsd-list-workspaces',        'gsd-manager',                'gsd-manager',
      'gsd-map-codebase',           'gsd-map-codebase',           'gsd-milestone-summary',
      'gsd-milestone-summary',      'gsd-new-milestone',          'gsd-new-milestone',
      'gsd-new-project',            'gsd-new-project',            'gsd-new-workspace',
      'gsd-new-workspace',          'gsd-next',                   'gsd-next',
      'gsd-note',                   'gsd-note',                   'gsd-pause-work',
      'gsd-pause-work',             'gsd-plan-milestone-gaps',    'gsd-plan-milestone-gaps',
      'gsd-plan-phase',             'gsd-plan-phase',             'gsd-plant-seed',
      'gsd-plant-seed',             'gsd-pr-branch',              'gsd-pr-branch',
      'gsd-profile-user',
      ... 54 more items
    ],
    expected: [ 'global-claude', 'global-codex', 'gsd-help', 'legacy-import', 'project-agents', 'project-claude', 'project-codex' ],
    operator: 'deepStrictEqual',
    diff: 'simple'
  }

test at tests\tune-skill-integration.test.cjs:203:3
Γ£û transcript extraction loads file (1.345ms)
  AssertionError [ERR_ASSERTION]: Transcript loading not documented
      at TestContext.<anonymous> (C:\Users\akriz\code\get-shit-done\tests\tune-skill-integration.test.cjs:205:12)
      at Test.runInAsyncScope (node:async_hooks:214:14)
      at Test.run (node:internal/test_runner/test:1106:25)
      at Suite.processPendingSubtests (node:internal/test_runner/test:788:18)
      at Test.postRun (node:internal/test_runner/test:1235:19)
      at Test.run (node:internal/test_runner/test:1163:12)
      at async Promise.all (index 0)
      at async Suite.run (node:internal/test_runner/test:1518:7)
      at async Test.processPendingSubtests (node:internal/test_runner/test:788:7) {
    generatedMessage: false,
    code: 'ERR_ASSERTION',
    actual: false,
    expected: true,
    operator: '==',
    diff: 'simple'
  }
